running egg_info
creating ../../build/Week2_lab/Week2_lab.egg-info
writing ../../build/Week2_lab/Week2_lab.egg-info/PKG-INFO
writing dependency_links to ../../build/Week2_lab/Week2_lab.egg-info/dependency_links.txt
writing entry points to ../../build/Week2_lab/Week2_lab.egg-info/entry_points.txt
writing requirements to ../../build/Week2_lab/Week2_lab.egg-info/requires.txt
writing top-level names to ../../build/Week2_lab/Week2_lab.egg-info/top_level.txt
writing manifest file '../../build/Week2_lab/Week2_lab.egg-info/SOURCES.txt'
reading manifest file '../../build/Week2_lab/Week2_lab.egg-info/SOURCES.txt'
writing manifest file '../../build/Week2_lab/Week2_lab.egg-info/SOURCES.txt'
running build
running build_py
creating /home/ben/KV6022_limo_ros2/build/Week2_lab/build
creating /home/ben/KV6022_limo_ros2/build/Week2_lab/build/lib
creating /home/ben/KV6022_limo_ros2/build/Week2_lab/build/lib/Week2_lab
copying Week2_lab/__init__.py -> /home/ben/KV6022_limo_ros2/build/Week2_lab/build/lib/Week2_lab
copying Week2_lab/command_publisher.py -> /home/ben/KV6022_limo_ros2/build/Week2_lab/build/lib/Week2_lab
running install
running install_lib
creating /home/ben/KV6022_limo_ros2/install/Week2_lab/lib/python3.10/site-packages/Week2_lab
copying /home/ben/KV6022_limo_ros2/build/Week2_lab/build/lib/Week2_lab/__init__.py -> /home/ben/KV6022_limo_ros2/install/Week2_lab/lib/python3.10/site-packages/Week2_lab
copying /home/ben/KV6022_limo_ros2/build/Week2_lab/build/lib/Week2_lab/command_publisher.py -> /home/ben/KV6022_limo_ros2/install/Week2_lab/lib/python3.10/site-packages/Week2_lab
byte-compiling /home/ben/KV6022_limo_ros2/install/Week2_lab/lib/python3.10/site-packages/Week2_lab/__init__.py to __init__.cpython-310.pyc
byte-compiling /home/ben/KV6022_limo_ros2/install/Week2_lab/lib/python3.10/site-packages/Week2_lab/command_publisher.py to command_publisher.cpython-310.pyc
running install_data
creating /home/ben/KV6022_limo_ros2/install/Week2_lab/share/ament_index
creating /home/ben/KV6022_limo_ros2/install/Week2_lab/share/ament_index/resource_index
creating /home/ben/KV6022_limo_ros2/install/Week2_lab/share/ament_index/resource_index/packages
copying resource/Week2_lab -> /home/ben/KV6022_limo_ros2/install/Week2_lab/share/ament_index/resource_index/packages
copying package.xml -> /home/ben/KV6022_limo_ros2/install/Week2_lab/share/Week2_lab
running install_egg_info
Copying ../../build/Week2_lab/Week2_lab.egg-info to /home/ben/KV6022_limo_ros2/install/Week2_lab/lib/python3.10/site-packages/Week2_lab-0.0.0-py3.10.egg-info
running install_scripts
writing list of installed files to '/home/ben/KV6022_limo_ros2/build/Week2_lab/install.log'
