[4.199s] Invoking command in '/home/ben/KV6022_limo_ros2/src/Week2_lab': CONDA_PROMPT_MODIFIER=(ros2) PYTHONPATH=/home/ben/KV6022_limo_ros2/build/Week2_lab/prefix_override:/usr/lib/python3/dist-packages/colcon_core/task/python/colcon_distutils_commands:/home/ben/KV6022_limo_ros2/install/Week2_lab/lib/python3.10/site-packages:${PYTHONPATH} /usr/bin/python3 -W ignore:setup.py install is deprecated -W ignore:easy_install command is deprecated setup.py egg_info --egg-base ../../build/Week2_lab build --build-base /home/ben/KV6022_limo_ros2/build/Week2_lab/build install --record /home/ben/KV6022_limo_ros2/build/Week2_lab/install.log --install-scripts $base/lib/Week2_lab --single-version-externally-managed install_data
[5.080s] running egg_info
[5.084s] creating ../../build/Week2_lab/Week2_lab.egg-info
[5.084s] writing ../../build/Week2_lab/Week2_lab.egg-info/PKG-INFO
[5.084s] writing dependency_links to ../../build/Week2_lab/Week2_lab.egg-info/dependency_links.txt
[5.085s] writing entry points to ../../build/Week2_lab/Week2_lab.egg-info/entry_points.txt
[5.085s] writing requirements to ../../build/Week2_lab/Week2_lab.egg-info/requires.txt
[5.085s] writing top-level names to ../../build/Week2_lab/Week2_lab.egg-info/top_level.txt
[5.085s] writing manifest file '../../build/Week2_lab/Week2_lab.egg-info/SOURCES.txt'
[5.088s] reading manifest file '../../build/Week2_lab/Week2_lab.egg-info/SOURCES.txt'
[5.093s] writing manifest file '../../build/Week2_lab/Week2_lab.egg-info/SOURCES.txt'
[5.095s] running build
[5.095s] running build_py
[5.095s] creating /home/ben/KV6022_limo_ros2/build/Week2_lab/build
[5.095s] creating /home/ben/KV6022_limo_ros2/build/Week2_lab/build/lib
[5.096s] creating /home/ben/KV6022_limo_ros2/build/Week2_lab/build/lib/Week2_lab
[5.096s] copying Week2_lab/__init__.py -> /home/ben/KV6022_limo_ros2/build/Week2_lab/build/lib/Week2_lab
[5.096s] copying Week2_lab/command_publisher.py -> /home/ben/KV6022_limo_ros2/build/Week2_lab/build/lib/Week2_lab
[5.096s] running install
[5.097s] running install_lib
[5.097s] creating /home/ben/KV6022_limo_ros2/install/Week2_lab/lib/python3.10/site-packages/Week2_lab
[5.097s] copying /home/ben/KV6022_limo_ros2/build/Week2_lab/build/lib/Week2_lab/__init__.py -> /home/ben/KV6022_limo_ros2/install/Week2_lab/lib/python3.10/site-packages/Week2_lab
[5.098s] copying /home/ben/KV6022_limo_ros2/build/Week2_lab/build/lib/Week2_lab/command_publisher.py -> /home/ben/KV6022_limo_ros2/install/Week2_lab/lib/python3.10/site-packages/Week2_lab
[5.099s] byte-compiling /home/ben/KV6022_limo_ros2/install/Week2_lab/lib/python3.10/site-packages/Week2_lab/__init__.py to __init__.cpython-310.pyc
[5.100s] byte-compiling /home/ben/KV6022_limo_ros2/install/Week2_lab/lib/python3.10/site-packages/Week2_lab/command_publisher.py to command_publisher.cpython-310.pyc
[5.101s] running install_data
[5.101s] creating /home/ben/KV6022_limo_ros2/install/Week2_lab/share/ament_index
[5.101s] creating /home/ben/KV6022_limo_ros2/install/Week2_lab/share/ament_index/resource_index
[5.101s] creating /home/ben/KV6022_limo_ros2/install/Week2_lab/share/ament_index/resource_index/packages
[5.102s] copying resource/Week2_lab -> /home/ben/KV6022_limo_ros2/install/Week2_lab/share/ament_index/resource_index/packages
[5.102s] copying package.xml -> /home/ben/KV6022_limo_ros2/install/Week2_lab/share/Week2_lab
[5.102s] running install_egg_info
[5.110s] Copying ../../build/Week2_lab/Week2_lab.egg-info to /home/ben/KV6022_limo_ros2/install/Week2_lab/lib/python3.10/site-packages/Week2_lab-0.0.0-py3.10.egg-info
[5.114s] running install_scripts
[5.202s] writing list of installed files to '/home/ben/KV6022_limo_ros2/build/Week2_lab/install.log'
[5.273s] Invoked command in '/home/ben/KV6022_limo_ros2/src/Week2_lab' returned '0': CONDA_PROMPT_MODIFIER=(ros2) PYTHONPATH=/home/ben/KV6022_limo_ros2/build/Week2_lab/prefix_override:/usr/lib/python3/dist-packages/colcon_core/task/python/colcon_distutils_commands:/home/ben/KV6022_limo_ros2/install/Week2_lab/lib/python3.10/site-packages:${PYTHONPATH} /usr/bin/python3 -W ignore:setup.py install is deprecated -W ignore:easy_install command is deprecated setup.py egg_info --egg-base ../../build/Week2_lab build --build-base /home/ben/KV6022_limo_ros2/build/Week2_lab/build install --record /home/ben/KV6022_limo_ros2/build/Week2_lab/install.log --install-scripts $base/lib/Week2_lab --single-version-externally-managed install_data
