running egg_info
writing ../../build/Week2_lab/Week2_lab.egg-info/PKG-INFO
writing dependency_links to ../../build/Week2_lab/Week2_lab.egg-info/dependency_links.txt
writing entry points to ../../build/Week2_lab/Week2_lab.egg-info/entry_points.txt
writing requirements to ../../build/Week2_lab/Week2_lab.egg-info/requires.txt
writing top-level names to ../../build/Week2_lab/Week2_lab.egg-info/top_level.txt
reading manifest file '../../build/Week2_lab/Week2_lab.egg-info/SOURCES.txt'
writing manifest file '../../build/Week2_lab/Week2_lab.egg-info/SOURCES.txt'
running build
running build_py
copying Week2_lab/command_publisher.py -> /home/ben/KV6022_limo_ros2/build/Week2_lab/build/lib/Week2_lab
running install
running install_lib
copying /home/ben/KV6022_limo_ros2/build/Week2_lab/build/lib/Week2_lab/command_publisher.py -> /home/ben/KV6022_limo_ros2/install/Week2_lab/lib/python3.10/site-packages/Week2_lab
byte-compiling /home/ben/KV6022_limo_ros2/install/Week2_lab/lib/python3.10/site-packages/Week2_lab/command_publisher.py to command_publisher.cpython-310.pyc
running install_data
running install_egg_info
removing '/home/ben/KV6022_limo_ros2/install/Week2_lab/lib/python3.10/site-packages/Week2_lab-0.0.0-py3.10.egg-info' (and everything under it)
Copying ../../build/Week2_lab/Week2_lab.egg-info to /home/ben/KV6022_limo_ros2/install/Week2_lab/lib/python3.10/site-packages/Week2_lab-0.0.0-py3.10.egg-info
running install_scripts
Installing command_publisher script to /home/ben/KV6022_limo_ros2/install/Week2_lab/lib/Week2_lab
writing list of installed files to '/home/ben/KV6022_limo_ros2/build/Week2_lab/install.log'
