[4.076s] Invoking command in '/home/ben/KV6022_limo_ros2/src/Week2_lab': CONDA_PROMPT_MODIFIER=(ros2) PYTHONPATH=/home/ben/KV6022_limo_ros2/build/Week2_lab/prefix_override:/usr/lib/python3/dist-packages/colcon_core/task/python/colcon_distutils_commands:/home/ben/KV6022_limo_ros2/install/Week2_lab/lib/python3.10/site-packages:${PYTHONPATH} /usr/bin/python3 -W ignore:setup.py install is deprecated -W ignore:easy_install command is deprecated setup.py egg_info --egg-base ../../build/Week2_lab build --build-base /home/ben/KV6022_limo_ros2/build/Week2_lab/build install --record /home/ben/KV6022_limo_ros2/build/Week2_lab/install.log --install-scripts $base/lib/Week2_lab --single-version-externally-managed install_data
[4.709s] running egg_info
[4.711s] writing ../../build/Week2_lab/Week2_lab.egg-info/PKG-INFO
[4.712s] writing dependency_links to ../../build/Week2_lab/Week2_lab.egg-info/dependency_links.txt
[4.712s] writing entry points to ../../build/Week2_lab/Week2_lab.egg-info/entry_points.txt
[4.712s] writing requirements to ../../build/Week2_lab/Week2_lab.egg-info/requires.txt
[4.712s] writing top-level names to ../../build/Week2_lab/Week2_lab.egg-info/top_level.txt
[4.713s] reading manifest file '../../build/Week2_lab/Week2_lab.egg-info/SOURCES.txt'
[4.713s] writing manifest file '../../build/Week2_lab/Week2_lab.egg-info/SOURCES.txt'
[4.714s] running build
[4.715s] running build_py
[4.717s] copying Week2_lab/command_publisher.py -> /home/ben/KV6022_limo_ros2/build/Week2_lab/build/lib/Week2_lab
[4.717s] running install
[4.717s] running install_lib
[4.719s] copying /home/ben/KV6022_limo_ros2/build/Week2_lab/build/lib/Week2_lab/command_publisher.py -> /home/ben/KV6022_limo_ros2/install/Week2_lab/lib/python3.10/site-packages/Week2_lab
[4.719s] byte-compiling /home/ben/KV6022_limo_ros2/install/Week2_lab/lib/python3.10/site-packages/Week2_lab/command_publisher.py to command_publisher.cpython-310.pyc
[4.719s] running install_data
[4.719s] running install_egg_info
[4.724s] removing '/home/ben/KV6022_limo_ros2/install/Week2_lab/lib/python3.10/site-packages/Week2_lab-0.0.0-py3.10.egg-info' (and everything under it)
[4.731s] Copying ../../build/Week2_lab/Week2_lab.egg-info to /home/ben/KV6022_limo_ros2/install/Week2_lab/lib/python3.10/site-packages/Week2_lab-0.0.0-py3.10.egg-info
[4.731s] running install_scripts
[4.767s] Installing command_publisher script to /home/ben/KV6022_limo_ros2/install/Week2_lab/lib/Week2_lab
[4.767s] writing list of installed files to '/home/ben/KV6022_limo_ros2/build/Week2_lab/install.log'
[4.830s] Invoked command in '/home/ben/KV6022_limo_ros2/src/Week2_lab' returned '0': CONDA_PROMPT_MODIFIER=(ros2) PYTHONPATH=/home/ben/KV6022_limo_ros2/build/Week2_lab/prefix_override:/usr/lib/python3/dist-packages/colcon_core/task/python/colcon_distutils_commands:/home/ben/KV6022_limo_ros2/install/Week2_lab/lib/python3.10/site-packages:${PYTHONPATH} /usr/bin/python3 -W ignore:setup.py install is deprecated -W ignore:easy_install command is deprecated setup.py egg_info --egg-base ../../build/Week2_lab build --build-base /home/ben/KV6022_limo_ros2/build/Week2_lab/build install --record /home/ben/KV6022_limo_ros2/build/Week2_lab/install.log --install-scripts $base/lib/Week2_lab --single-version-externally-managed install_data
