[4.416s] Invoking command in '/home/ben/KV6022_limo_ros2/src/Week2_lab': CONDA_PROMPT_MODIFIER=(ros2) PYTHONPATH=/home/ben/KV6022_limo_ros2/build/Week2_lab/prefix_override:/usr/lib/python3/dist-packages/colcon_core/task/python/colcon_distutils_commands:/home/ben/KV6022_limo_ros2/install/Week2_lab/lib/python3.10/site-packages:${PYTHONPATH} /usr/bin/python3 -W ignore:setup.py install is deprecated -W ignore:easy_install command is deprecated setup.py egg_info --egg-base ../../build/Week2_lab build --build-base /home/ben/KV6022_limo_ros2/build/Week2_lab/build install --record /home/ben/KV6022_limo_ros2/build/Week2_lab/install.log --install-scripts $base/lib/Week2_lab --single-version-externally-managed install_data
[5.226s] running egg_info
[5.231s] writing ../../build/Week2_lab/Week2_lab.egg-info/PKG-INFO
[5.231s] writing dependency_links to ../../build/Week2_lab/Week2_lab.egg-info/dependency_links.txt
[5.231s] writing entry points to ../../build/Week2_lab/Week2_lab.egg-info/entry_points.txt
[5.231s] writing requirements to ../../build/Week2_lab/Week2_lab.egg-info/requires.txt
[5.232s] writing top-level names to ../../build/Week2_lab/Week2_lab.egg-info/top_level.txt
[5.234s] reading manifest file '../../build/Week2_lab/Week2_lab.egg-info/SOURCES.txt'
[5.235s] writing manifest file '../../build/Week2_lab/Week2_lab.egg-info/SOURCES.txt'
[5.235s] running build
[5.235s] running build_py
[5.236s] running install
[5.236s] running install_lib
[5.238s] running install_data
[5.239s] running install_egg_info
[5.243s] removing '/home/ben/KV6022_limo_ros2/install/Week2_lab/lib/python3.10/site-packages/Week2_lab-0.0.0-py3.10.egg-info' (and everything under it)
[5.249s] Copying ../../build/Week2_lab/Week2_lab.egg-info to /home/ben/KV6022_limo_ros2/install/Week2_lab/lib/python3.10/site-packages/Week2_lab-0.0.0-py3.10.egg-info
[5.250s] running install_scripts
[5.343s] Installing command_publisher script to /home/ben/KV6022_limo_ros2/install/Week2_lab/lib/Week2_lab
[5.343s] writing list of installed files to '/home/ben/KV6022_limo_ros2/build/Week2_lab/install.log'
[5.396s] Invoked command in '/home/ben/KV6022_limo_ros2/src/Week2_lab' returned '0': CONDA_PROMPT_MODIFIER=(ros2) PYTHONPATH=/home/ben/KV6022_limo_ros2/build/Week2_lab/prefix_override:/usr/lib/python3/dist-packages/colcon_core/task/python/colcon_distutils_commands:/home/ben/KV6022_limo_ros2/install/Week2_lab/lib/python3.10/site-packages:${PYTHONPATH} /usr/bin/python3 -W ignore:setup.py install is deprecated -W ignore:easy_install command is deprecated setup.py egg_info --egg-base ../../build/Week2_lab build --build-base /home/ben/KV6022_limo_ros2/build/Week2_lab/build install --record /home/ben/KV6022_limo_ros2/build/Week2_lab/install.log --install-scripts $base/lib/Week2_lab --single-version-externally-managed install_data
