running develop
running egg_info
creating KV6022_assessment.egg-info
writing KV6022_assessment.egg-info/PKG-INFO
writing dependency_links to KV6022_assessment.egg-info/dependency_links.txt
writing entry points to KV6022_assessment.egg-info/entry_points.txt
writing requirements to KV6022_assessment.egg-info/requires.txt
writing top-level names to KV6022_assessment.egg-info/top_level.txt
writing manifest file 'KV6022_assessment.egg-info/SOURCES.txt'
reading manifest file 'KV6022_assessment.egg-info/SOURCES.txt'
writing manifest file 'KV6022_assessment.egg-info/SOURCES.txt'
running build_ext
Creating /home/ben/KV6022_limo_ros2/install/KV6022_assessment/lib/python3.10/site-packages/KV6022-assessment.egg-link (link to .)
Installing example_nav_through_poses script to /home/ben/KV6022_limo_ros2/install/KV6022_assessment/lib/KV6022_assessment
Installing example_nav_to_pose script to /home/ben/KV6022_limo_ros2/install/KV6022_assessment/lib/KV6022_assessment
Installing example_opencv_detector script to /home/ben/KV6022_limo_ros2/install/KV6022_assessment/lib/KV6022_assessment
Installing example_waypoint_follower script to /home/ben/KV6022_limo_ros2/install/KV6022_assessment/lib/KV6022_assessment

Installed /home/ben/KV6022_limo_ros2/build/KV6022_assessment
running symlink_data
creating /home/ben/KV6022_limo_ros2/install/KV6022_assessment/share/ament_index
creating /home/ben/KV6022_limo_ros2/install/KV6022_assessment/share/ament_index/resource_index
creating /home/ben/KV6022_limo_ros2/install/KV6022_assessment/share/ament_index/resource_index/packages
symbolically linking /home/ben/KV6022_limo_ros2/build/KV6022_assessment/resource/KV6022_assessment -> /home/ben/KV6022_limo_ros2/install/KV6022_assessment/share/ament_index/resource_index/packages
symbolically linking /home/ben/KV6022_limo_ros2/build/KV6022_assessment/package.xml -> /home/ben/KV6022_limo_ros2/install/KV6022_assessment/share/KV6022_assessment
creating /home/ben/KV6022_limo_ros2/install/KV6022_assessment/share/KV6022_assessment/launch
symbolically linking /home/ben/KV6022_limo_ros2/build/KV6022_assessment/launch/limo_navigation.launch.py -> /home/ben/KV6022_limo_ros2/install/KV6022_assessment/share/KV6022_assessment/launch
creating /home/ben/KV6022_limo_ros2/install/KV6022_assessment/share/KV6022_assessment/params
symbolically linking /home/ben/KV6022_limo_ros2/build/KV6022_assessment/params/nav2_params.yaml -> /home/ben/KV6022_limo_ros2/install/KV6022_assessment/share/KV6022_assessment/params
creating /home/ben/KV6022_limo_ros2/install/KV6022_assessment/share/KV6022_assessment/maps
symbolically linking /home/ben/KV6022_limo_ros2/build/KV6022_assessment/maps/potholes_20mm.yaml -> /home/ben/KV6022_limo_ros2/install/KV6022_assessment/share/KV6022_assessment/maps
symbolically linking /home/ben/KV6022_limo_ros2/build/KV6022_assessment/maps/potholes_20mm.pgm -> /home/ben/KV6022_limo_ros2/install/KV6022_assessment/share/KV6022_assessment/maps
creating /home/ben/KV6022_limo_ros2/install/KV6022_assessment/share/KV6022_assessment/rviz
symbolically linking /home/ben/KV6022_limo_ros2/build/KV6022_assessment/rviz/limo_navigation.rviz -> /home/ben/KV6022_limo_ros2/install/KV6022_assessment/share/KV6022_assessment/rviz
symbolically linking /home/ben/KV6022_limo_ros2/build/KV6022_assessment/rviz/slam_toolbox_default.rviz -> /home/ben/KV6022_limo_ros2/install/KV6022_assessment/share/KV6022_assessment/rviz
