[4.360s] Invoking command in '/home/ben/KV6022_limo_ros2/src/example_codes': CONDA_PROMPT_MODIFIER=(ros2) PYTHONPATH=/home/ben/KV6022_limo_ros2/build/example_codes/prefix_override:/usr/lib/python3/dist-packages/colcon_core/task/python/colcon_distutils_commands:/home/ben/KV6022_limo_ros2/install/example_codes/lib/python3.10/site-packages:${PYTHONPATH} /usr/bin/python3 -W ignore:setup.py install is deprecated -W ignore:easy_install command is deprecated setup.py egg_info --egg-base ../../build/example_codes build --build-base /home/ben/KV6022_limo_ros2/build/example_codes/build install --record /home/ben/KV6022_limo_ros2/build/example_codes/install.log --install-scripts $base/lib/example_codes --single-version-externally-managed install_data
[5.157s] running egg_info
[5.157s] writing ../../build/example_codes/example_codes.egg-info/PKG-INFO
[5.157s] writing dependency_links to ../../build/example_codes/example_codes.egg-info/dependency_links.txt
[5.159s] writing entry points to ../../build/example_codes/example_codes.egg-info/entry_points.txt
[5.159s] writing requirements to ../../build/example_codes/example_codes.egg-info/requires.txt
[5.159s] writing top-level names to ../../build/example_codes/example_codes.egg-info/top_level.txt
[5.161s] reading manifest file '../../build/example_codes/example_codes.egg-info/SOURCES.txt'
[5.168s] writing manifest file '../../build/example_codes/example_codes.egg-info/SOURCES.txt'
[5.168s] running build
[5.169s] running build_py
[5.176s] running install
[5.178s] running install_lib
[5.202s] running install_data
[5.202s] running install_egg_info
[5.210s] removing '/home/ben/KV6022_limo_ros2/install/example_codes/lib/python3.10/site-packages/example_codes-0.0.0-py3.10.egg-info' (and everything under it)
[5.210s] Copying ../../build/example_codes/example_codes.egg-info to /home/ben/KV6022_limo_ros2/install/example_codes/lib/python3.10/site-packages/example_codes-0.0.0-py3.10.egg-info
[5.212s] running install_scripts
[5.269s] writing list of installed files to '/home/ben/KV6022_limo_ros2/build/example_codes/install.log'
[5.322s] Invoked command in '/home/ben/KV6022_limo_ros2/src/example_codes' returned '0': CONDA_PROMPT_MODIFIER=(ros2) PYTHONPATH=/home/ben/KV6022_limo_ros2/build/example_codes/prefix_override:/usr/lib/python3/dist-packages/colcon_core/task/python/colcon_distutils_commands:/home/ben/KV6022_limo_ros2/install/example_codes/lib/python3.10/site-packages:${PYTHONPATH} /usr/bin/python3 -W ignore:setup.py install is deprecated -W ignore:easy_install command is deprecated setup.py egg_info --egg-base ../../build/example_codes build --build-base /home/ben/KV6022_limo_ros2/build/example_codes/build install --record /home/ben/KV6022_limo_ros2/build/example_codes/install.log --install-scripts $base/lib/example_codes --single-version-externally-managed install_data
