[0.350s] DEBUG:colcon:Command line arguments: ['/usr/bin/colcon', 'build']
[0.351s] DEBUG:colcon:Parsed command line arguments: Namespace(log_base=None, log_level=None, verb_name='build', build_base='build', install_base='install', merge_install=False, symlink_install=False, test_result_base=None, continue_on_error=False, executor='parallel', parallel_workers=8, event_handlers=None, ignore_user_meta=False, metas=['./colcon.meta'], base_paths=['.'], packages_ignore=None, packages_ignore_regex=None, paths=None, packages_up_to=None, packages_up_to_regex=None, packages_above=None, packages_above_and_dependencies=None, packages_above_depth=None, packages_select_by_dep=None, packages_skip_by_dep=None, packages_skip_up_to=None, packages_select_build_failed=False, packages_skip_build_finished=False, packages_select_test_failures=False, packages_skip_test_passed=False, packages_select=None, packages_skip=None, packages_select_regex=None, packages_skip_regex=None, packages_start=None, packages_end=None, allow_overriding=[], cmake_args=None, cmake_target=None, cmake_target_skip_unavailable=False, cmake_clean_cache=False, cmake_clean_first=False, cmake_force_configure=False, ament_cmake_args=None, catkin_cmake_args=None, catkin_skip_building_tests=False, mixin_files=None, mixin=None, verb_parser=<colcon_mixin.mixin.mixin_argument.MixinArgumentDecorator object at 0x7c397bb94490>, verb_extension=<colcon_core.verb.build.BuildVerb object at 0x7c397bb67d60>, main=<bound method BuildVerb.main of <colcon_core.verb.build.BuildVerb object at 0x7c397bb67d60>>, mixin_verb=('build',))
[1.044s] Level 1:colcon.colcon_core.package_discovery:discover_packages(colcon_meta) check parameters
[1.045s] Level 1:colcon.colcon_core.package_discovery:discover_packages(recursive) check parameters
[1.045s] Level 1:colcon.colcon_core.package_discovery:discover_packages(ignore) check parameters
[1.045s] Level 1:colcon.colcon_core.package_discovery:discover_packages(path) check parameters
[1.045s] Level 1:colcon.colcon_core.package_discovery:discover_packages(colcon_meta) discover
[1.045s] Level 1:colcon.colcon_core.package_discovery:discover_packages(recursive) discover
[1.045s] INFO:colcon.colcon_core.package_discovery:Crawling recursively for packages in '/home/ben/KV6022_limo_ros2'
[1.046s] Level 1:colcon.colcon_core.package_identification:_identify(.) by extensions ['ignore', 'ignore_ament_install']
[1.046s] Level 1:colcon.colcon_core.package_identification:_identify(.) by extension 'ignore'
[1.046s] Level 1:colcon.colcon_core.package_identification:_identify(.) by extension 'ignore_ament_install'
[1.046s] Level 1:colcon.colcon_core.package_identification:_identify(.) by extensions ['colcon_pkg']
[1.046s] Level 1:colcon.colcon_core.package_identification:_identify(.) by extension 'colcon_pkg'
[1.046s] Level 1:colcon.colcon_core.package_identification:_identify(.) by extensions ['colcon_meta']
[1.046s] Level 1:colcon.colcon_core.package_identification:_identify(.) by extension 'colcon_meta'
[1.046s] Level 1:colcon.colcon_core.package_identification:_identify(.) by extensions ['ros']
[1.046s] Level 1:colcon.colcon_core.package_identification:_identify(.) by extension 'ros'
[1.068s] Level 1:colcon.colcon_core.package_identification:_identify(.) by extensions ['cmake', 'python']
[1.068s] Level 1:colcon.colcon_core.package_identification:_identify(.) by extension 'cmake'
[1.068s] Level 1:colcon.colcon_core.package_identification:_identify(.) by extension 'python'
[1.068s] Level 1:colcon.colcon_core.package_identification:_identify(.) by extensions ['python_setup_py']
[1.068s] Level 1:colcon.colcon_core.package_identification:_identify(.) by extension 'python_setup_py'
[1.068s] Level 1:colcon.colcon_core.package_identification:_identify(build) by extensions ['ignore', 'ignore_ament_install']
[1.068s] Level 1:colcon.colcon_core.package_identification:_identify(build) by extension 'ignore'
[1.069s] Level 1:colcon.colcon_core.package_identification:_identify(build) ignored
[1.069s] Level 1:colcon.colcon_core.package_identification:_identify(install) by extensions ['ignore', 'ignore_ament_install']
[1.069s] Level 1:colcon.colcon_core.package_identification:_identify(install) by extension 'ignore'
[1.069s] Level 1:colcon.colcon_core.package_identification:_identify(install) ignored
[1.069s] Level 1:colcon.colcon_core.package_identification:_identify(log) by extensions ['ignore', 'ignore_ament_install']
[1.070s] Level 1:colcon.colcon_core.package_identification:_identify(log) by extension 'ignore'
[1.070s] Level 1:colcon.colcon_core.package_identification:_identify(log) ignored
[1.070s] Level 1:colcon.colcon_core.package_identification:_identify(src) by extensions ['ignore', 'ignore_ament_install']
[1.070s] Level 1:colcon.colcon_core.package_identification:_identify(src) by extension 'ignore'
[1.070s] Level 1:colcon.colcon_core.package_identification:_identify(src) by extension 'ignore_ament_install'
[1.070s] Level 1:colcon.colcon_core.package_identification:_identify(src) by extensions ['colcon_pkg']
[1.070s] Level 1:colcon.colcon_core.package_identification:_identify(src) by extension 'colcon_pkg'
[1.070s] Level 1:colcon.colcon_core.package_identification:_identify(src) by extensions ['colcon_meta']
[1.071s] Level 1:colcon.colcon_core.package_identification:_identify(src) by extension 'colcon_meta'
[1.071s] Level 1:colcon.colcon_core.package_identification:_identify(src) by extensions ['ros']
[1.071s] Level 1:colcon.colcon_core.package_identification:_identify(src) by extension 'ros'
[1.071s] Level 1:colcon.colcon_core.package_identification:_identify(src) by extensions ['cmake', 'python']
[1.071s] Level 1:colcon.colcon_core.package_identification:_identify(src) by extension 'cmake'
[1.071s] Level 1:colcon.colcon_core.package_identification:_identify(src) by extension 'python'
[1.071s] Level 1:colcon.colcon_core.package_identification:_identify(src) by extensions ['python_setup_py']
[1.071s] Level 1:colcon.colcon_core.package_identification:_identify(src) by extension 'python_setup_py'
[1.072s] Level 1:colcon.colcon_core.package_identification:_identify(src/KV6022_assessment) by extensions ['ignore', 'ignore_ament_install']
[1.072s] Level 1:colcon.colcon_core.package_identification:_identify(src/KV6022_assessment) by extension 'ignore'
[1.072s] Level 1:colcon.colcon_core.package_identification:_identify(src/KV6022_assessment) by extension 'ignore_ament_install'
[1.072s] Level 1:colcon.colcon_core.package_identification:_identify(src/KV6022_assessment) by extensions ['colcon_pkg']
[1.072s] Level 1:colcon.colcon_core.package_identification:_identify(src/KV6022_assessment) by extension 'colcon_pkg'
[1.072s] Level 1:colcon.colcon_core.package_identification:_identify(src/KV6022_assessment) by extensions ['colcon_meta']
[1.072s] Level 1:colcon.colcon_core.package_identification:_identify(src/KV6022_assessment) by extension 'colcon_meta'
[1.073s] Level 1:colcon.colcon_core.package_identification:_identify(src/KV6022_assessment) by extensions ['ros']
[1.073s] Level 1:colcon.colcon_core.package_identification:_identify(src/KV6022_assessment) by extension 'ros'
[1.077s] DEBUG:colcon.colcon_core.package_identification:Package 'src/KV6022_assessment' with type 'ros.ament_python' and name 'KV6022_assessment'
[1.078s] Level 1:colcon.colcon_core.package_identification:_identify(src/Week2_lab) by extensions ['ignore', 'ignore_ament_install']
[1.078s] Level 1:colcon.colcon_core.package_identification:_identify(src/Week2_lab) by extension 'ignore'
[1.078s] Level 1:colcon.colcon_core.package_identification:_identify(src/Week2_lab) by extension 'ignore_ament_install'
[1.078s] Level 1:colcon.colcon_core.package_identification:_identify(src/Week2_lab) by extensions ['colcon_pkg']
[1.078s] Level 1:colcon.colcon_core.package_identification:_identify(src/Week2_lab) by extension 'colcon_pkg'
[1.078s] Level 1:colcon.colcon_core.package_identification:_identify(src/Week2_lab) by extensions ['colcon_meta']
[1.078s] Level 1:colcon.colcon_core.package_identification:_identify(src/Week2_lab) by extension 'colcon_meta'
[1.078s] Level 1:colcon.colcon_core.package_identification:_identify(src/Week2_lab) by extensions ['ros']
[1.079s] Level 1:colcon.colcon_core.package_identification:_identify(src/Week2_lab) by extension 'ros'
[1.079s] DEBUG:colcon.colcon_core.package_identification:Package 'src/Week2_lab' with type 'ros.ament_python' and name 'Week2_lab'
[1.080s] Level 1:colcon.colcon_core.package_identification:_identify(src/build) by extensions ['ignore', 'ignore_ament_install']
[1.080s] Level 1:colcon.colcon_core.package_identification:_identify(src/build) by extension 'ignore'
[1.080s] Level 1:colcon.colcon_core.package_identification:_identify(src/build) ignored
[1.080s] Level 1:colcon.colcon_core.package_identification:_identify(src/example_codes) by extensions ['ignore', 'ignore_ament_install']
[1.080s] Level 1:colcon.colcon_core.package_identification:_identify(src/example_codes) by extension 'ignore'
[1.080s] Level 1:colcon.colcon_core.package_identification:_identify(src/example_codes) by extension 'ignore_ament_install'
[1.080s] Level 1:colcon.colcon_core.package_identification:_identify(src/example_codes) by extensions ['colcon_pkg']
[1.081s] Level 1:colcon.colcon_core.package_identification:_identify(src/example_codes) by extension 'colcon_pkg'
[1.081s] Level 1:colcon.colcon_core.package_identification:_identify(src/example_codes) by extensions ['colcon_meta']
[1.081s] Level 1:colcon.colcon_core.package_identification:_identify(src/example_codes) by extension 'colcon_meta'
[1.081s] Level 1:colcon.colcon_core.package_identification:_identify(src/example_codes) by extensions ['ros']
[1.081s] Level 1:colcon.colcon_core.package_identification:_identify(src/example_codes) by extension 'ros'
[1.094s] DEBUG:colcon.colcon_core.package_identification:Package 'src/example_codes' with type 'ros.ament_python' and name 'example_codes'
[1.094s] Level 1:colcon.colcon_core.package_identification:_identify(src/install) by extensions ['ignore', 'ignore_ament_install']
[1.094s] Level 1:colcon.colcon_core.package_identification:_identify(src/install) by extension 'ignore'
[1.094s] Level 1:colcon.colcon_core.package_identification:_identify(src/install) ignored
[1.094s] Level 1:colcon.colcon_core.package_identification:_identify(src/limo_description) by extensions ['ignore', 'ignore_ament_install']
[1.095s] Level 1:colcon.colcon_core.package_identification:_identify(src/limo_description) by extension 'ignore'
[1.095s] Level 1:colcon.colcon_core.package_identification:_identify(src/limo_description) by extension 'ignore_ament_install'
[1.095s] Level 1:colcon.colcon_core.package_identification:_identify(src/limo_description) by extensions ['colcon_pkg']
[1.095s] Level 1:colcon.colcon_core.package_identification:_identify(src/limo_description) by extension 'colcon_pkg'
[1.095s] Level 1:colcon.colcon_core.package_identification:_identify(src/limo_description) by extensions ['colcon_meta']
[1.095s] Level 1:colcon.colcon_core.package_identification:_identify(src/limo_description) by extension 'colcon_meta'
[1.095s] Level 1:colcon.colcon_core.package_identification:_identify(src/limo_description) by extensions ['ros']
[1.095s] Level 1:colcon.colcon_core.package_identification:_identify(src/limo_description) by extension 'ros'
[1.096s] DEBUG:colcon.colcon_core.package_identification:Package 'src/limo_description' with type 'ros.ament_cmake' and name 'limo_description'
[1.096s] Level 1:colcon.colcon_core.package_identification:_identify(src/limo_gazebosim) by extensions ['ignore', 'ignore_ament_install']
[1.097s] Level 1:colcon.colcon_core.package_identification:_identify(src/limo_gazebosim) by extension 'ignore'
[1.097s] Level 1:colcon.colcon_core.package_identification:_identify(src/limo_gazebosim) by extension 'ignore_ament_install'
[1.097s] Level 1:colcon.colcon_core.package_identification:_identify(src/limo_gazebosim) by extensions ['colcon_pkg']
[1.097s] Level 1:colcon.colcon_core.package_identification:_identify(src/limo_gazebosim) by extension 'colcon_pkg'
[1.097s] Level 1:colcon.colcon_core.package_identification:_identify(src/limo_gazebosim) by extensions ['colcon_meta']
[1.097s] Level 1:colcon.colcon_core.package_identification:_identify(src/limo_gazebosim) by extension 'colcon_meta'
[1.097s] Level 1:colcon.colcon_core.package_identification:_identify(src/limo_gazebosim) by extensions ['ros']
[1.097s] Level 1:colcon.colcon_core.package_identification:_identify(src/limo_gazebosim) by extension 'ros'
[1.098s] DEBUG:colcon.colcon_core.package_identification:Package 'src/limo_gazebosim' with type 'ros.ament_cmake' and name 'limo_gazebosim'
[1.099s] Level 1:colcon.colcon_core.package_identification:_identify(src/limo_msgs) by extensions ['ignore', 'ignore_ament_install']
[1.099s] Level 1:colcon.colcon_core.package_identification:_identify(src/limo_msgs) by extension 'ignore'
[1.099s] Level 1:colcon.colcon_core.package_identification:_identify(src/limo_msgs) by extension 'ignore_ament_install'
[1.099s] Level 1:colcon.colcon_core.package_identification:_identify(src/limo_msgs) by extensions ['colcon_pkg']
[1.099s] Level 1:colcon.colcon_core.package_identification:_identify(src/limo_msgs) by extension 'colcon_pkg'
[1.099s] Level 1:colcon.colcon_core.package_identification:_identify(src/limo_msgs) by extensions ['colcon_meta']
[1.099s] Level 1:colcon.colcon_core.package_identification:_identify(src/limo_msgs) by extension 'colcon_meta'
[1.099s] Level 1:colcon.colcon_core.package_identification:_identify(src/limo_msgs) by extensions ['ros']
[1.099s] Level 1:colcon.colcon_core.package_identification:_identify(src/limo_msgs) by extension 'ros'
[1.100s] DEBUG:colcon.colcon_core.package_identification:Package 'src/limo_msgs' with type 'ros.ament_cmake' and name 'limo_msgs'
[1.101s] Level 1:colcon.colcon_core.package_identification:_identify(src/log) by extensions ['ignore', 'ignore_ament_install']
[1.101s] Level 1:colcon.colcon_core.package_identification:_identify(src/log) by extension 'ignore'
[1.101s] Level 1:colcon.colcon_core.package_identification:_identify(src/log) ignored
[1.101s] Level 1:colcon.colcon_core.package_identification:_identify(src/trajectory_referee) by extensions ['ignore', 'ignore_ament_install']
[1.101s] Level 1:colcon.colcon_core.package_identification:_identify(src/trajectory_referee) by extension 'ignore'
[1.101s] Level 1:colcon.colcon_core.package_identification:_identify(src/trajectory_referee) by extension 'ignore_ament_install'
[1.101s] Level 1:colcon.colcon_core.package_identification:_identify(src/trajectory_referee) by extensions ['colcon_pkg']
[1.101s] Level 1:colcon.colcon_core.package_identification:_identify(src/trajectory_referee) by extension 'colcon_pkg'
[1.102s] Level 1:colcon.colcon_core.package_identification:_identify(src/trajectory_referee) by extensions ['colcon_meta']
[1.102s] Level 1:colcon.colcon_core.package_identification:_identify(src/trajectory_referee) by extension 'colcon_meta'
[1.102s] Level 1:colcon.colcon_core.package_identification:_identify(src/trajectory_referee) by extensions ['ros']
[1.102s] Level 1:colcon.colcon_core.package_identification:_identify(src/trajectory_referee) by extension 'ros'
[1.103s] DEBUG:colcon.colcon_core.package_identification:Package 'src/trajectory_referee' with type 'ros.ament_python' and name 'trajectory_referee'
[1.104s] Level 1:colcon.colcon_core.package_identification:_identify(src/trajectory_skeleton) by extensions ['ignore', 'ignore_ament_install']
[1.104s] Level 1:colcon.colcon_core.package_identification:_identify(src/trajectory_skeleton) by extension 'ignore'
[1.104s] Level 1:colcon.colcon_core.package_identification:_identify(src/trajectory_skeleton) by extension 'ignore_ament_install'
[1.104s] Level 1:colcon.colcon_core.package_identification:_identify(src/trajectory_skeleton) by extensions ['colcon_pkg']
[1.104s] Level 1:colcon.colcon_core.package_identification:_identify(src/trajectory_skeleton) by extension 'colcon_pkg'
[1.104s] Level 1:colcon.colcon_core.package_identification:_identify(src/trajectory_skeleton) by extensions ['colcon_meta']
[1.104s] Level 1:colcon.colcon_core.package_identification:_identify(src/trajectory_skeleton) by extension 'colcon_meta'
[1.105s] Level 1:colcon.colcon_core.package_identification:_identify(src/trajectory_skeleton) by extensions ['ros']
[1.105s] Level 1:colcon.colcon_core.package_identification:_identify(src/trajectory_skeleton) by extension 'ros'
[1.105s] DEBUG:colcon.colcon_core.package_identification:Package 'src/trajectory_skeleton' with type 'ros.ament_python' and name 'trajectory_skeleton'
[1.106s] Level 1:colcon.colcon_core.package_identification:_identify(wiki_images) by extensions ['ignore', 'ignore_ament_install']
[1.106s] Level 1:colcon.colcon_core.package_identification:_identify(wiki_images) by extension 'ignore'
[1.106s] Level 1:colcon.colcon_core.package_identification:_identify(wiki_images) by extension 'ignore_ament_install'
[1.106s] Level 1:colcon.colcon_core.package_identification:_identify(wiki_images) by extensions ['colcon_pkg']
[1.106s] Level 1:colcon.colcon_core.package_identification:_identify(wiki_images) by extension 'colcon_pkg'
[1.106s] Level 1:colcon.colcon_core.package_identification:_identify(wiki_images) by extensions ['colcon_meta']
[1.106s] Level 1:colcon.colcon_core.package_identification:_identify(wiki_images) by extension 'colcon_meta'
[1.106s] Level 1:colcon.colcon_core.package_identification:_identify(wiki_images) by extensions ['ros']
[1.106s] Level 1:colcon.colcon_core.package_identification:_identify(wiki_images) by extension 'ros'
[1.107s] Level 1:colcon.colcon_core.package_identification:_identify(wiki_images) by extensions ['cmake', 'python']
[1.107s] Level 1:colcon.colcon_core.package_identification:_identify(wiki_images) by extension 'cmake'
[1.107s] Level 1:colcon.colcon_core.package_identification:_identify(wiki_images) by extension 'python'
[1.107s] Level 1:colcon.colcon_core.package_identification:_identify(wiki_images) by extensions ['python_setup_py']
[1.107s] Level 1:colcon.colcon_core.package_identification:_identify(wiki_images) by extension 'python_setup_py'
[1.107s] Level 1:colcon.colcon_core.package_discovery:discover_packages(recursive) using defaults
[1.107s] Level 1:colcon.colcon_core.package_discovery:discover_packages(ignore) discover
[1.107s] Level 1:colcon.colcon_core.package_discovery:discover_packages(ignore) using defaults
[1.107s] Level 1:colcon.colcon_core.package_discovery:discover_packages(path) discover
[1.107s] Level 1:colcon.colcon_core.package_discovery:discover_packages(path) using defaults
[1.151s] Level 1:colcon.colcon_core.package_discovery:discover_packages(prefix_path) check parameters
[1.152s] Level 1:colcon.colcon_core.package_discovery:discover_packages(prefix_path) discover
[1.160s] DEBUG:colcon.colcon_installed_package_information.package_discovery:Found 8 installed packages in /home/ben/KV6022_limo_ros2/install
[1.168s] DEBUG:colcon.colcon_installed_package_information.package_discovery:Found 408 installed packages in /opt/ros/humble
[1.171s] Level 1:colcon.colcon_core.package_discovery:discover_packages(prefix_path) using defaults
[1.359s] Level 5:colcon.colcon_core.verb:set package 'KV6022_assessment' build argument 'cmake_args' from command line to 'None'
[1.359s] Level 5:colcon.colcon_core.verb:set package 'KV6022_assessment' build argument 'cmake_target' from command line to 'None'
[1.359s] Level 5:colcon.colcon_core.verb:set package 'KV6022_assessment' build argument 'cmake_target_skip_unavailable' from command line to 'False'
[1.359s] Level 5:colcon.colcon_core.verb:set package 'KV6022_assessment' build argument 'cmake_clean_cache' from command line to 'False'
[1.359s] Level 5:colcon.colcon_core.verb:set package 'KV6022_assessment' build argument 'cmake_clean_first' from command line to 'False'
[1.359s] Level 5:colcon.colcon_core.verb:set package 'KV6022_assessment' build argument 'cmake_force_configure' from command line to 'False'
[1.359s] Level 5:colcon.colcon_core.verb:set package 'KV6022_assessment' build argument 'ament_cmake_args' from command line to 'None'
[1.359s] Level 5:colcon.colcon_core.verb:set package 'KV6022_assessment' build argument 'catkin_cmake_args' from command line to 'None'
[1.359s] Level 5:colcon.colcon_core.verb:set package 'KV6022_assessment' build argument 'catkin_skip_building_tests' from command line to 'False'
[1.359s] DEBUG:colcon.colcon_core.verb:Building package 'KV6022_assessment' with the following arguments: {'ament_cmake_args': None, 'build_base': '/home/ben/KV6022_limo_ros2/build/KV6022_assessment', 'catkin_cmake_args': None, 'catkin_skip_building_tests': False, 'cmake_args': None, 'cmake_clean_cache': False, 'cmake_clean_first': False, 'cmake_force_configure': False, 'cmake_target': None, 'cmake_target_skip_unavailable': False, 'install_base': '/home/ben/KV6022_limo_ros2/install/KV6022_assessment', 'merge_install': False, 'path': '/home/ben/KV6022_limo_ros2/src/KV6022_assessment', 'symlink_install': False, 'test_result_base': None}
[1.360s] Level 5:colcon.colcon_core.verb:set package 'Week2_lab' build argument 'cmake_args' from command line to 'None'
[1.360s] Level 5:colcon.colcon_core.verb:set package 'Week2_lab' build argument 'cmake_target' from command line to 'None'
[1.360s] Level 5:colcon.colcon_core.verb:set package 'Week2_lab' build argument 'cmake_target_skip_unavailable' from command line to 'False'
[1.360s] Level 5:colcon.colcon_core.verb:set package 'Week2_lab' build argument 'cmake_clean_cache' from command line to 'False'
[1.360s] Level 5:colcon.colcon_core.verb:set package 'Week2_lab' build argument 'cmake_clean_first' from command line to 'False'
[1.360s] Level 5:colcon.colcon_core.verb:set package 'Week2_lab' build argument 'cmake_force_configure' from command line to 'False'
[1.360s] Level 5:colcon.colcon_core.verb:set package 'Week2_lab' build argument 'ament_cmake_args' from command line to 'None'
[1.360s] Level 5:colcon.colcon_core.verb:set package 'Week2_lab' build argument 'catkin_cmake_args' from command line to 'None'
[1.360s] Level 5:colcon.colcon_core.verb:set package 'Week2_lab' build argument 'catkin_skip_building_tests' from command line to 'False'
[1.360s] DEBUG:colcon.colcon_core.verb:Building package 'Week2_lab' with the following arguments: {'ament_cmake_args': None, 'build_base': '/home/ben/KV6022_limo_ros2/build/Week2_lab', 'catkin_cmake_args': None, 'catkin_skip_building_tests': False, 'cmake_args': None, 'cmake_clean_cache': False, 'cmake_clean_first': False, 'cmake_force_configure': False, 'cmake_target': None, 'cmake_target_skip_unavailable': False, 'install_base': '/home/ben/KV6022_limo_ros2/install/Week2_lab', 'merge_install': False, 'path': '/home/ben/KV6022_limo_ros2/src/Week2_lab', 'symlink_install': False, 'test_result_base': None}
[1.361s] Level 5:colcon.colcon_core.verb:set package 'example_codes' build argument 'cmake_args' from command line to 'None'
[1.361s] Level 5:colcon.colcon_core.verb:set package 'example_codes' build argument 'cmake_target' from command line to 'None'
[1.361s] Level 5:colcon.colcon_core.verb:set package 'example_codes' build argument 'cmake_target_skip_unavailable' from command line to 'False'
[1.361s] Level 5:colcon.colcon_core.verb:set package 'example_codes' build argument 'cmake_clean_cache' from command line to 'False'
[1.361s] Level 5:colcon.colcon_core.verb:set package 'example_codes' build argument 'cmake_clean_first' from command line to 'False'
[1.361s] Level 5:colcon.colcon_core.verb:set package 'example_codes' build argument 'cmake_force_configure' from command line to 'False'
[1.361s] Level 5:colcon.colcon_core.verb:set package 'example_codes' build argument 'ament_cmake_args' from command line to 'None'
[1.361s] Level 5:colcon.colcon_core.verb:set package 'example_codes' build argument 'catkin_cmake_args' from command line to 'None'
[1.361s] Level 5:colcon.colcon_core.verb:set package 'example_codes' build argument 'catkin_skip_building_tests' from command line to 'False'
[1.361s] DEBUG:colcon.colcon_core.verb:Building package 'example_codes' with the following arguments: {'ament_cmake_args': None, 'build_base': '/home/ben/KV6022_limo_ros2/build/example_codes', 'catkin_cmake_args': None, 'catkin_skip_building_tests': False, 'cmake_args': None, 'cmake_clean_cache': False, 'cmake_clean_first': False, 'cmake_force_configure': False, 'cmake_target': None, 'cmake_target_skip_unavailable': False, 'install_base': '/home/ben/KV6022_limo_ros2/install/example_codes', 'merge_install': False, 'path': '/home/ben/KV6022_limo_ros2/src/example_codes', 'symlink_install': False, 'test_result_base': None}
[1.361s] Level 5:colcon.colcon_core.verb:set package 'limo_description' build argument 'cmake_args' from command line to 'None'
[1.362s] Level 5:colcon.colcon_core.verb:set package 'limo_description' build argument 'cmake_target' from command line to 'None'
[1.362s] Level 5:colcon.colcon_core.verb:set package 'limo_description' build argument 'cmake_target_skip_unavailable' from command line to 'False'
[1.362s] Level 5:colcon.colcon_core.verb:set package 'limo_description' build argument 'cmake_clean_cache' from command line to 'False'
[1.362s] Level 5:colcon.colcon_core.verb:set package 'limo_description' build argument 'cmake_clean_first' from command line to 'False'
[1.362s] Level 5:colcon.colcon_core.verb:set package 'limo_description' build argument 'cmake_force_configure' from command line to 'False'
[1.362s] Level 5:colcon.colcon_core.verb:set package 'limo_description' build argument 'ament_cmake_args' from command line to 'None'
[1.362s] Level 5:colcon.colcon_core.verb:set package 'limo_description' build argument 'catkin_cmake_args' from command line to 'None'
[1.362s] Level 5:colcon.colcon_core.verb:set package 'limo_description' build argument 'catkin_skip_building_tests' from command line to 'False'
[1.362s] DEBUG:colcon.colcon_core.verb:Building package 'limo_description' with the following arguments: {'ament_cmake_args': None, 'build_base': '/home/ben/KV6022_limo_ros2/build/limo_description', 'catkin_cmake_args': None, 'catkin_skip_building_tests': False, 'cmake_args': None, 'cmake_clean_cache': False, 'cmake_clean_first': False, 'cmake_force_configure': False, 'cmake_target': None, 'cmake_target_skip_unavailable': False, 'install_base': '/home/ben/KV6022_limo_ros2/install/limo_description', 'merge_install': False, 'path': '/home/ben/KV6022_limo_ros2/src/limo_description', 'symlink_install': False, 'test_result_base': None}
[1.362s] Level 5:colcon.colcon_core.verb:set package 'limo_msgs' build argument 'cmake_args' from command line to 'None'
[1.362s] Level 5:colcon.colcon_core.verb:set package 'limo_msgs' build argument 'cmake_target' from command line to 'None'
[1.362s] Level 5:colcon.colcon_core.verb:set package 'limo_msgs' build argument 'cmake_target_skip_unavailable' from command line to 'False'
[1.362s] Level 5:colcon.colcon_core.verb:set package 'limo_msgs' build argument 'cmake_clean_cache' from command line to 'False'
[1.362s] Level 5:colcon.colcon_core.verb:set package 'limo_msgs' build argument 'cmake_clean_first' from command line to 'False'
[1.363s] Level 5:colcon.colcon_core.verb:set package 'limo_msgs' build argument 'cmake_force_configure' from command line to 'False'
[1.363s] Level 5:colcon.colcon_core.verb:set package 'limo_msgs' build argument 'ament_cmake_args' from command line to 'None'
[1.363s] Level 5:colcon.colcon_core.verb:set package 'limo_msgs' build argument 'catkin_cmake_args' from command line to 'None'
[1.363s] Level 5:colcon.colcon_core.verb:set package 'limo_msgs' build argument 'catkin_skip_building_tests' from command line to 'False'
[1.363s] DEBUG:colcon.colcon_core.verb:Building package 'limo_msgs' with the following arguments: {'ament_cmake_args': None, 'build_base': '/home/ben/KV6022_limo_ros2/build/limo_msgs', 'catkin_cmake_args': None, 'catkin_skip_building_tests': False, 'cmake_args': None, 'cmake_clean_cache': False, 'cmake_clean_first': False, 'cmake_force_configure': False, 'cmake_target': None, 'cmake_target_skip_unavailable': False, 'install_base': '/home/ben/KV6022_limo_ros2/install/limo_msgs', 'merge_install': False, 'path': '/home/ben/KV6022_limo_ros2/src/limo_msgs', 'symlink_install': False, 'test_result_base': None}
[1.363s] Level 5:colcon.colcon_core.verb:set package 'trajectory_referee' build argument 'cmake_args' from command line to 'None'
[1.363s] Level 5:colcon.colcon_core.verb:set package 'trajectory_referee' build argument 'cmake_target' from command line to 'None'
[1.363s] Level 5:colcon.colcon_core.verb:set package 'trajectory_referee' build argument 'cmake_target_skip_unavailable' from command line to 'False'
[1.363s] Level 5:colcon.colcon_core.verb:set package 'trajectory_referee' build argument 'cmake_clean_cache' from command line to 'False'
[1.363s] Level 5:colcon.colcon_core.verb:set package 'trajectory_referee' build argument 'cmake_clean_first' from command line to 'False'
[1.363s] Level 5:colcon.colcon_core.verb:set package 'trajectory_referee' build argument 'cmake_force_configure' from command line to 'False'
[1.364s] Level 5:colcon.colcon_core.verb:set package 'trajectory_referee' build argument 'ament_cmake_args' from command line to 'None'
[1.364s] Level 5:colcon.colcon_core.verb:set package 'trajectory_referee' build argument 'catkin_cmake_args' from command line to 'None'
[1.364s] Level 5:colcon.colcon_core.verb:set package 'trajectory_referee' build argument 'catkin_skip_building_tests' from command line to 'False'
[1.364s] DEBUG:colcon.colcon_core.verb:Building package 'trajectory_referee' with the following arguments: {'ament_cmake_args': None, 'build_base': '/home/ben/KV6022_limo_ros2/build/trajectory_referee', 'catkin_cmake_args': None, 'catkin_skip_building_tests': False, 'cmake_args': None, 'cmake_clean_cache': False, 'cmake_clean_first': False, 'cmake_force_configure': False, 'cmake_target': None, 'cmake_target_skip_unavailable': False, 'install_base': '/home/ben/KV6022_limo_ros2/install/trajectory_referee', 'merge_install': False, 'path': '/home/ben/KV6022_limo_ros2/src/trajectory_referee', 'symlink_install': False, 'test_result_base': None}
[1.364s] Level 5:colcon.colcon_core.verb:set package 'trajectory_skeleton' build argument 'cmake_args' from command line to 'None'
[1.364s] Level 5:colcon.colcon_core.verb:set package 'trajectory_skeleton' build argument 'cmake_target' from command line to 'None'
[1.364s] Level 5:colcon.colcon_core.verb:set package 'trajectory_skeleton' build argument 'cmake_target_skip_unavailable' from command line to 'False'
[1.364s] Level 5:colcon.colcon_core.verb:set package 'trajectory_skeleton' build argument 'cmake_clean_cache' from command line to 'False'
[1.364s] Level 5:colcon.colcon_core.verb:set package 'trajectory_skeleton' build argument 'cmake_clean_first' from command line to 'False'
[1.364s] Level 5:colcon.colcon_core.verb:set package 'trajectory_skeleton' build argument 'cmake_force_configure' from command line to 'False'
[1.364s] Level 5:colcon.colcon_core.verb:set package 'trajectory_skeleton' build argument 'ament_cmake_args' from command line to 'None'
[1.364s] Level 5:colcon.colcon_core.verb:set package 'trajectory_skeleton' build argument 'catkin_cmake_args' from command line to 'None'
[1.364s] Level 5:colcon.colcon_core.verb:set package 'trajectory_skeleton' build argument 'catkin_skip_building_tests' from command line to 'False'
[1.364s] DEBUG:colcon.colcon_core.verb:Building package 'trajectory_skeleton' with the following arguments: {'ament_cmake_args': None, 'build_base': '/home/ben/KV6022_limo_ros2/build/trajectory_skeleton', 'catkin_cmake_args': None, 'catkin_skip_building_tests': False, 'cmake_args': None, 'cmake_clean_cache': False, 'cmake_clean_first': False, 'cmake_force_configure': False, 'cmake_target': None, 'cmake_target_skip_unavailable': False, 'install_base': '/home/ben/KV6022_limo_ros2/install/trajectory_skeleton', 'merge_install': False, 'path': '/home/ben/KV6022_limo_ros2/src/trajectory_skeleton', 'symlink_install': False, 'test_result_base': None}
[1.365s] Level 5:colcon.colcon_core.verb:set package 'limo_gazebosim' build argument 'cmake_args' from command line to 'None'
[1.365s] Level 5:colcon.colcon_core.verb:set package 'limo_gazebosim' build argument 'cmake_target' from command line to 'None'
[1.365s] Level 5:colcon.colcon_core.verb:set package 'limo_gazebosim' build argument 'cmake_target_skip_unavailable' from command line to 'False'
[1.365s] Level 5:colcon.colcon_core.verb:set package 'limo_gazebosim' build argument 'cmake_clean_cache' from command line to 'False'
[1.365s] Level 5:colcon.colcon_core.verb:set package 'limo_gazebosim' build argument 'cmake_clean_first' from command line to 'False'
[1.365s] Level 5:colcon.colcon_core.verb:set package 'limo_gazebosim' build argument 'cmake_force_configure' from command line to 'False'
[1.365s] Level 5:colcon.colcon_core.verb:set package 'limo_gazebosim' build argument 'ament_cmake_args' from command line to 'None'
[1.365s] Level 5:colcon.colcon_core.verb:set package 'limo_gazebosim' build argument 'catkin_cmake_args' from command line to 'None'
[1.365s] Level 5:colcon.colcon_core.verb:set package 'limo_gazebosim' build argument 'catkin_skip_building_tests' from command line to 'False'
[1.365s] DEBUG:colcon.colcon_core.verb:Building package 'limo_gazebosim' with the following arguments: {'ament_cmake_args': None, 'build_base': '/home/ben/KV6022_limo_ros2/build/limo_gazebosim', 'catkin_cmake_args': None, 'catkin_skip_building_tests': False, 'cmake_args': None, 'cmake_clean_cache': False, 'cmake_clean_first': False, 'cmake_force_configure': False, 'cmake_target': None, 'cmake_target_skip_unavailable': False, 'install_base': '/home/ben/KV6022_limo_ros2/install/limo_gazebosim', 'merge_install': False, 'path': '/home/ben/KV6022_limo_ros2/src/limo_gazebosim', 'symlink_install': False, 'test_result_base': None}
[1.365s] INFO:colcon.colcon_core.executor:Executing jobs using 'parallel' executor
[1.367s] DEBUG:colcon.colcon_parallel_executor.executor.parallel:run_until_complete
[1.368s] INFO:colcon.colcon_ros.task.ament_cmake.build:Building ROS package in '/home/ben/KV6022_limo_ros2/src/limo_description' with build type 'ament_cmake'
[1.368s] INFO:colcon.colcon_cmake.task.cmake.build:Building CMake package in '/home/ben/KV6022_limo_ros2/src/limo_description'
[1.379s] INFO:colcon.colcon_core.plugin_system:Skipping extension 'colcon_core.shell.bat': Not used on non-Windows systems
[1.379s] INFO:colcon.colcon_core.shell:Skip shell extension 'powershell' for command environment: Not usable outside of PowerShell
[1.379s] DEBUG:colcon.colcon_core.shell:Skip shell extension 'dsv' for command environment
[1.393s] INFO:colcon.colcon_ros.task.ament_cmake.build:Building ROS package in '/home/ben/KV6022_limo_ros2/src/limo_msgs' with build type 'ament_cmake'
[1.394s] INFO:colcon.colcon_cmake.task.cmake.build:Building CMake package in '/home/ben/KV6022_limo_ros2/src/limo_msgs'
[1.395s] INFO:colcon.colcon_core.shell:Skip shell extension 'powershell' for command environment: Not usable outside of PowerShell
[1.395s] DEBUG:colcon.colcon_core.shell:Skip shell extension 'dsv' for command environment
[1.412s] INFO:colcon.colcon_ros.task.ament_python.build:Building ROS package in '/home/ben/KV6022_limo_ros2/src/KV6022_assessment' with build type 'ament_python'
[1.412s] Level 1:colcon.colcon_core.shell:create_environment_hook('KV6022_assessment', 'ament_prefix_path')
[1.412s] INFO:colcon.colcon_core.shell:Creating environment hook '/home/ben/KV6022_limo_ros2/install/KV6022_assessment/share/KV6022_assessment/hook/ament_prefix_path.ps1'
[1.414s] INFO:colcon.colcon_core.shell:Creating environment descriptor '/home/ben/KV6022_limo_ros2/install/KV6022_assessment/share/KV6022_assessment/hook/ament_prefix_path.dsv'
[1.416s] INFO:colcon.colcon_core.shell:Creating environment hook '/home/ben/KV6022_limo_ros2/install/KV6022_assessment/share/KV6022_assessment/hook/ament_prefix_path.sh'
[1.417s] INFO:colcon.colcon_core.shell:Skip shell extension 'powershell' for command environment: Not usable outside of PowerShell
[1.417s] DEBUG:colcon.colcon_core.shell:Skip shell extension 'dsv' for command environment
[1.431s] INFO:colcon.colcon_ros.task.ament_python.build:Building ROS package in '/home/ben/KV6022_limo_ros2/src/Week2_lab' with build type 'ament_python'
[1.431s] Level 1:colcon.colcon_core.shell:create_environment_hook('Week2_lab', 'ament_prefix_path')
[1.431s] INFO:colcon.colcon_core.shell:Creating environment hook '/home/ben/KV6022_limo_ros2/install/Week2_lab/share/Week2_lab/hook/ament_prefix_path.ps1'
[1.433s] INFO:colcon.colcon_core.shell:Creating environment descriptor '/home/ben/KV6022_limo_ros2/install/Week2_lab/share/Week2_lab/hook/ament_prefix_path.dsv'
[1.434s] INFO:colcon.colcon_core.shell:Creating environment hook '/home/ben/KV6022_limo_ros2/install/Week2_lab/share/Week2_lab/hook/ament_prefix_path.sh'
[1.436s] INFO:colcon.colcon_core.shell:Skip shell extension 'powershell' for command environment: Not usable outside of PowerShell
[1.436s] DEBUG:colcon.colcon_core.shell:Skip shell extension 'dsv' for command environment
[1.451s] INFO:colcon.colcon_ros.task.ament_python.build:Building ROS package in '/home/ben/KV6022_limo_ros2/src/example_codes' with build type 'ament_python'
[1.451s] Level 1:colcon.colcon_core.shell:create_environment_hook('example_codes', 'ament_prefix_path')
[1.451s] INFO:colcon.colcon_core.shell:Creating environment hook '/home/ben/KV6022_limo_ros2/install/example_codes/share/example_codes/hook/ament_prefix_path.ps1'
[1.453s] INFO:colcon.colcon_core.shell:Creating environment descriptor '/home/ben/KV6022_limo_ros2/install/example_codes/share/example_codes/hook/ament_prefix_path.dsv'
[1.455s] INFO:colcon.colcon_core.shell:Creating environment hook '/home/ben/KV6022_limo_ros2/install/example_codes/share/example_codes/hook/ament_prefix_path.sh'
[1.456s] INFO:colcon.colcon_core.shell:Skip shell extension 'powershell' for command environment: Not usable outside of PowerShell
[1.456s] DEBUG:colcon.colcon_core.shell:Skip shell extension 'dsv' for command environment
[1.470s] INFO:colcon.colcon_ros.task.ament_python.build:Building ROS package in '/home/ben/KV6022_limo_ros2/src/trajectory_referee' with build type 'ament_python'
[1.470s] Level 1:colcon.colcon_core.shell:create_environment_hook('trajectory_referee', 'ament_prefix_path')
[1.471s] INFO:colcon.colcon_core.shell:Creating environment hook '/home/ben/KV6022_limo_ros2/install/trajectory_referee/share/trajectory_referee/hook/ament_prefix_path.ps1'
[1.472s] INFO:colcon.colcon_core.shell:Creating environment descriptor '/home/ben/KV6022_limo_ros2/install/trajectory_referee/share/trajectory_referee/hook/ament_prefix_path.dsv'
[1.473s] INFO:colcon.colcon_core.shell:Creating environment hook '/home/ben/KV6022_limo_ros2/install/trajectory_referee/share/trajectory_referee/hook/ament_prefix_path.sh'
[1.474s] INFO:colcon.colcon_core.shell:Skip shell extension 'powershell' for command environment: Not usable outside of PowerShell
[1.474s] DEBUG:colcon.colcon_core.shell:Skip shell extension 'dsv' for command environment
[1.488s] INFO:colcon.colcon_ros.task.ament_python.build:Building ROS package in '/home/ben/KV6022_limo_ros2/src/trajectory_skeleton' with build type 'ament_python'
[1.489s] Level 1:colcon.colcon_core.shell:create_environment_hook('trajectory_skeleton', 'ament_prefix_path')
[1.489s] INFO:colcon.colcon_core.shell:Creating environment hook '/home/ben/KV6022_limo_ros2/install/trajectory_skeleton/share/trajectory_skeleton/hook/ament_prefix_path.ps1'
[1.491s] INFO:colcon.colcon_core.shell:Creating environment descriptor '/home/ben/KV6022_limo_ros2/install/trajectory_skeleton/share/trajectory_skeleton/hook/ament_prefix_path.dsv'
[1.492s] INFO:colcon.colcon_core.shell:Creating environment hook '/home/ben/KV6022_limo_ros2/install/trajectory_skeleton/share/trajectory_skeleton/hook/ament_prefix_path.sh'
[1.493s] INFO:colcon.colcon_core.shell:Skip shell extension 'powershell' for command environment: Not usable outside of PowerShell
[1.493s] DEBUG:colcon.colcon_core.shell:Skip shell extension 'dsv' for command environment
[1.523s] DEBUG:colcon.colcon_core.event_handler.log_command:Invoking command in '/home/ben/KV6022_limo_ros2/build/limo_description': CMAKE_PREFIX_PATH=${CMAKE_PREFIX_PATH}:/home/ben/KV6022_limo_ros2/install/trajectory_skeleton:/home/ben/KV6022_limo_ros2/install/trajectory_referee:/home/ben/KV6022_limo_ros2/install/example_codes:/home/ben/KV6022_limo_ros2/install/Week2_lab:/home/ben/KV6022_limo_ros2/install/KV6022_assessment:/opt/ros/humble CONDA_PROMPT_MODIFIER=(ros2) /usr/bin/cmake --build /home/ben/KV6022_limo_ros2/build/limo_description -- -j8 -l8
[1.546s] DEBUG:colcon.colcon_core.event_handler.log_command:Invoking command in '/home/ben/KV6022_limo_ros2/build/limo_msgs': CMAKE_PREFIX_PATH=${CMAKE_PREFIX_PATH}:/home/ben/KV6022_limo_ros2/install/trajectory_skeleton:/home/ben/KV6022_limo_ros2/install/trajectory_referee:/home/ben/KV6022_limo_ros2/install/example_codes:/home/ben/KV6022_limo_ros2/install/Week2_lab:/home/ben/KV6022_limo_ros2/install/KV6022_assessment:/opt/ros/humble CONDA_PROMPT_MODIFIER=(ros2) /usr/bin/cmake --build /home/ben/KV6022_limo_ros2/build/limo_msgs -- -j8 -l8
[2.132s] INFO:colcon.colcon_core.task.python.build:Building Python package in '/home/ben/KV6022_limo_ros2/src/KV6022_assessment'
[2.132s] INFO:colcon.colcon_core.shell:Skip shell extension 'powershell' for command environment: Not usable outside of PowerShell
[2.132s] DEBUG:colcon.colcon_core.shell:Skip shell extension 'dsv' for command environment
[2.686s] INFO:colcon.colcon_core.task.python.build:Building Python package in '/home/ben/KV6022_limo_ros2/src/Week2_lab'
[2.687s] INFO:colcon.colcon_core.shell:Skip shell extension 'powershell' for command environment: Not usable outside of PowerShell
[2.687s] DEBUG:colcon.colcon_core.shell:Skip shell extension 'dsv' for command environment
[3.237s] INFO:colcon.colcon_core.task.python.build:Building Python package in '/home/ben/KV6022_limo_ros2/src/example_codes'
[3.238s] INFO:colcon.colcon_core.shell:Skip shell extension 'powershell' for command environment: Not usable outside of PowerShell
[3.238s] DEBUG:colcon.colcon_core.shell:Skip shell extension 'dsv' for command environment
[3.791s] INFO:colcon.colcon_core.task.python.build:Building Python package in '/home/ben/KV6022_limo_ros2/src/trajectory_referee'
[3.792s] INFO:colcon.colcon_core.shell:Skip shell extension 'powershell' for command environment: Not usable outside of PowerShell
[3.792s] DEBUG:colcon.colcon_core.shell:Skip shell extension 'dsv' for command environment
[3.831s] DEBUG:colcon.colcon_core.event_handler.log_command:Invoked command in '/home/ben/KV6022_limo_ros2/build/limo_description' returned '0': CMAKE_PREFIX_PATH=${CMAKE_PREFIX_PATH}:/home/ben/KV6022_limo_ros2/install/trajectory_skeleton:/home/ben/KV6022_limo_ros2/install/trajectory_referee:/home/ben/KV6022_limo_ros2/install/example_codes:/home/ben/KV6022_limo_ros2/install/Week2_lab:/home/ben/KV6022_limo_ros2/install/KV6022_assessment:/opt/ros/humble CONDA_PROMPT_MODIFIER=(ros2) /usr/bin/cmake --build /home/ben/KV6022_limo_ros2/build/limo_description -- -j8 -l8
[3.865s] DEBUG:colcon.colcon_core.event_handler.log_command:Invoking command in '/home/ben/KV6022_limo_ros2/build/limo_description': CMAKE_PREFIX_PATH=${CMAKE_PREFIX_PATH}:/home/ben/KV6022_limo_ros2/install/trajectory_skeleton:/home/ben/KV6022_limo_ros2/install/trajectory_referee:/home/ben/KV6022_limo_ros2/install/example_codes:/home/ben/KV6022_limo_ros2/install/Week2_lab:/home/ben/KV6022_limo_ros2/install/KV6022_assessment:/opt/ros/humble CONDA_PROMPT_MODIFIER=(ros2) /usr/bin/cmake --install /home/ben/KV6022_limo_ros2/build/limo_description
[4.388s] INFO:colcon.colcon_core.task.python.build:Building Python package in '/home/ben/KV6022_limo_ros2/src/trajectory_skeleton'
[4.388s] INFO:colcon.colcon_core.shell:Skip shell extension 'powershell' for command environment: Not usable outside of PowerShell
[4.389s] DEBUG:colcon.colcon_core.shell:Skip shell extension 'dsv' for command environment
[4.447s] Level 1:colcon.colcon_core.environment:create_environment_scripts_only(limo_description)
[4.450s] DEBUG:colcon.colcon_core.event_handler.log_command:Invoked command in '/home/ben/KV6022_limo_ros2/build/limo_description' returned '0': CMAKE_PREFIX_PATH=${CMAKE_PREFIX_PATH}:/home/ben/KV6022_limo_ros2/install/trajectory_skeleton:/home/ben/KV6022_limo_ros2/install/trajectory_referee:/home/ben/KV6022_limo_ros2/install/example_codes:/home/ben/KV6022_limo_ros2/install/Week2_lab:/home/ben/KV6022_limo_ros2/install/KV6022_assessment:/opt/ros/humble CONDA_PROMPT_MODIFIER=(ros2) /usr/bin/cmake --install /home/ben/KV6022_limo_ros2/build/limo_description
[4.465s] Level 1:colcon.colcon_core.environment:checking '/home/ben/KV6022_limo_ros2/install/limo_description' for CMake module files
[4.467s] Level 1:colcon.colcon_core.environment:checking '/home/ben/KV6022_limo_ros2/install/limo_description' for CMake config files
[4.468s] Level 1:colcon.colcon_core.shell:create_environment_hook('limo_description', 'cmake_prefix_path')
[4.469s] INFO:colcon.colcon_core.shell:Creating environment hook '/home/ben/KV6022_limo_ros2/install/limo_description/share/limo_description/hook/cmake_prefix_path.ps1'
[4.470s] INFO:colcon.colcon_core.shell:Creating environment descriptor '/home/ben/KV6022_limo_ros2/install/limo_description/share/limo_description/hook/cmake_prefix_path.dsv'
[4.476s] INFO:colcon.colcon_core.shell:Creating environment hook '/home/ben/KV6022_limo_ros2/install/limo_description/share/limo_description/hook/cmake_prefix_path.sh'
[4.477s] Level 1:colcon.colcon_core.environment:checking '/home/ben/KV6022_limo_ros2/install/limo_description/bin'
[4.477s] Level 1:colcon.colcon_core.environment:checking '/home/ben/KV6022_limo_ros2/install/limo_description/lib/pkgconfig/limo_description.pc'
[4.478s] Level 1:colcon.colcon_core.environment:checking '/home/ben/KV6022_limo_ros2/install/limo_description/lib/python3.10/site-packages'
[4.478s] Level 1:colcon.colcon_core.environment:checking '/home/ben/KV6022_limo_ros2/install/limo_description/bin'
[4.478s] INFO:colcon.colcon_core.shell:Creating package script '/home/ben/KV6022_limo_ros2/install/limo_description/share/limo_description/package.ps1'
[4.480s] INFO:colcon.colcon_core.shell:Creating package descriptor '/home/ben/KV6022_limo_ros2/install/limo_description/share/limo_description/package.dsv'
[4.482s] INFO:colcon.colcon_core.shell:Creating package script '/home/ben/KV6022_limo_ros2/install/limo_description/share/limo_description/package.sh'
[4.484s] INFO:colcon.colcon_core.shell:Creating package script '/home/ben/KV6022_limo_ros2/install/limo_description/share/limo_description/package.bash'
[4.486s] INFO:colcon.colcon_core.shell:Creating package script '/home/ben/KV6022_limo_ros2/install/limo_description/share/limo_description/package.zsh'
[4.488s] Level 1:colcon.colcon_core.environment:create_file_with_runtime_dependencies(/home/ben/KV6022_limo_ros2/install/limo_description/share/colcon-core/packages/limo_description)
[4.489s] Level 1:colcon.colcon_core.environment:create_environment_scripts_only(limo_description)
[4.489s] Level 1:colcon.colcon_core.environment:checking '/home/ben/KV6022_limo_ros2/install/limo_description' for CMake module files
[4.490s] Level 1:colcon.colcon_core.environment:checking '/home/ben/KV6022_limo_ros2/install/limo_description' for CMake config files
[4.492s] Level 1:colcon.colcon_core.shell:create_environment_hook('limo_description', 'cmake_prefix_path')
[4.492s] INFO:colcon.colcon_core.shell:Creating environment hook '/home/ben/KV6022_limo_ros2/install/limo_description/share/limo_description/hook/cmake_prefix_path.ps1'
[4.493s] INFO:colcon.colcon_core.shell:Creating environment descriptor '/home/ben/KV6022_limo_ros2/install/limo_description/share/limo_description/hook/cmake_prefix_path.dsv'
[4.494s] INFO:colcon.colcon_core.shell:Creating environment hook '/home/ben/KV6022_limo_ros2/install/limo_description/share/limo_description/hook/cmake_prefix_path.sh'
[4.495s] Level 1:colcon.colcon_core.environment:checking '/home/ben/KV6022_limo_ros2/install/limo_description/bin'
[4.495s] Level 1:colcon.colcon_core.environment:checking '/home/ben/KV6022_limo_ros2/install/limo_description/lib/pkgconfig/limo_description.pc'
[4.495s] Level 1:colcon.colcon_core.environment:checking '/home/ben/KV6022_limo_ros2/install/limo_description/lib/python3.10/site-packages'
[4.496s] Level 1:colcon.colcon_core.environment:checking '/home/ben/KV6022_limo_ros2/install/limo_description/bin'
[4.496s] INFO:colcon.colcon_core.shell:Creating package script '/home/ben/KV6022_limo_ros2/install/limo_description/share/limo_description/package.ps1'
[4.497s] INFO:colcon.colcon_core.shell:Creating package descriptor '/home/ben/KV6022_limo_ros2/install/limo_description/share/limo_description/package.dsv'
[4.498s] INFO:colcon.colcon_core.shell:Creating package script '/home/ben/KV6022_limo_ros2/install/limo_description/share/limo_description/package.sh'
[4.498s] INFO:colcon.colcon_core.shell:Creating package script '/home/ben/KV6022_limo_ros2/install/limo_description/share/limo_description/package.bash'
[4.499s] INFO:colcon.colcon_core.shell:Creating package script '/home/ben/KV6022_limo_ros2/install/limo_description/share/limo_description/package.zsh'
[4.500s] Level 1:colcon.colcon_core.environment:create_file_with_runtime_dependencies(/home/ben/KV6022_limo_ros2/install/limo_description/share/colcon-core/packages/limo_description)
[4.504s] DEBUG:colcon.colcon_core.event_handler.log_command:Invoked command in '/home/ben/KV6022_limo_ros2/build/limo_msgs' returned '0': CMAKE_PREFIX_PATH=${CMAKE_PREFIX_PATH}:/home/ben/KV6022_limo_ros2/install/trajectory_skeleton:/home/ben/KV6022_limo_ros2/install/trajectory_referee:/home/ben/KV6022_limo_ros2/install/example_codes:/home/ben/KV6022_limo_ros2/install/Week2_lab:/home/ben/KV6022_limo_ros2/install/KV6022_assessment:/opt/ros/humble CONDA_PROMPT_MODIFIER=(ros2) /usr/bin/cmake --build /home/ben/KV6022_limo_ros2/build/limo_msgs -- -j8 -l8
[4.526s] DEBUG:colcon.colcon_core.event_handler.log_command:Invoking command in '/home/ben/KV6022_limo_ros2/build/limo_msgs': CMAKE_PREFIX_PATH=${CMAKE_PREFIX_PATH}:/home/ben/KV6022_limo_ros2/install/trajectory_skeleton:/home/ben/KV6022_limo_ros2/install/trajectory_referee:/home/ben/KV6022_limo_ros2/install/example_codes:/home/ben/KV6022_limo_ros2/install/Week2_lab:/home/ben/KV6022_limo_ros2/install/KV6022_assessment:/opt/ros/humble CONDA_PROMPT_MODIFIER=(ros2) /usr/bin/cmake --install /home/ben/KV6022_limo_ros2/build/limo_msgs
[4.986s] Level 1:colcon.colcon_core.environment:create_environment_scripts_only(limo_msgs)
[4.987s] Level 1:colcon.colcon_core.environment:checking '/home/ben/KV6022_limo_ros2/install/limo_msgs' for CMake module files
[4.991s] Level 1:colcon.colcon_core.environment:checking '/home/ben/KV6022_limo_ros2/install/limo_msgs' for CMake config files
[4.996s] DEBUG:colcon.colcon_core.event_handler.log_command:Invoked command in '/home/ben/KV6022_limo_ros2/build/limo_msgs' returned '0': CMAKE_PREFIX_PATH=${CMAKE_PREFIX_PATH}:/home/ben/KV6022_limo_ros2/install/trajectory_skeleton:/home/ben/KV6022_limo_ros2/install/trajectory_referee:/home/ben/KV6022_limo_ros2/install/example_codes:/home/ben/KV6022_limo_ros2/install/Week2_lab:/home/ben/KV6022_limo_ros2/install/KV6022_assessment:/opt/ros/humble CONDA_PROMPT_MODIFIER=(ros2) /usr/bin/cmake --install /home/ben/KV6022_limo_ros2/build/limo_msgs
[4.997s] Level 1:colcon.colcon_core.shell:create_environment_hook('limo_msgs', 'cmake_prefix_path')
[4.999s] INFO:colcon.colcon_core.shell:Creating environment hook '/home/ben/KV6022_limo_ros2/install/limo_msgs/share/limo_msgs/hook/cmake_prefix_path.ps1'
[5.000s] INFO:colcon.colcon_core.shell:Creating environment descriptor '/home/ben/KV6022_limo_ros2/install/limo_msgs/share/limo_msgs/hook/cmake_prefix_path.dsv'
[5.001s] INFO:colcon.colcon_core.shell:Creating environment hook '/home/ben/KV6022_limo_ros2/install/limo_msgs/share/limo_msgs/hook/cmake_prefix_path.sh'
[5.003s] Level 1:colcon.colcon_core.environment:checking '/home/ben/KV6022_limo_ros2/install/limo_msgs/lib'
[5.003s] Level 1:colcon.colcon_core.shell:create_environment_hook('limo_msgs', 'ld_library_path_lib')
[5.003s] INFO:colcon.colcon_core.shell:Creating environment hook '/home/ben/KV6022_limo_ros2/install/limo_msgs/share/limo_msgs/hook/ld_library_path_lib.ps1'
[5.004s] INFO:colcon.colcon_core.shell:Creating environment descriptor '/home/ben/KV6022_limo_ros2/install/limo_msgs/share/limo_msgs/hook/ld_library_path_lib.dsv'
[5.005s] INFO:colcon.colcon_core.shell:Creating environment hook '/home/ben/KV6022_limo_ros2/install/limo_msgs/share/limo_msgs/hook/ld_library_path_lib.sh'
[5.006s] Level 1:colcon.colcon_core.environment:checking '/home/ben/KV6022_limo_ros2/install/limo_msgs/bin'
[5.006s] Level 1:colcon.colcon_core.environment:checking '/home/ben/KV6022_limo_ros2/install/limo_msgs/lib/pkgconfig/limo_msgs.pc'
[5.006s] Level 1:colcon.colcon_core.environment:checking '/home/ben/KV6022_limo_ros2/install/limo_msgs/lib/python3.10/site-packages'
[5.007s] Level 1:colcon.colcon_core.shell:create_environment_hook('limo_msgs', 'pythonpath')
[5.007s] INFO:colcon.colcon_core.shell:Creating environment hook '/home/ben/KV6022_limo_ros2/install/limo_msgs/share/limo_msgs/hook/pythonpath.ps1'
[5.007s] INFO:colcon.colcon_core.shell:Creating environment descriptor '/home/ben/KV6022_limo_ros2/install/limo_msgs/share/limo_msgs/hook/pythonpath.dsv'
[5.008s] INFO:colcon.colcon_core.shell:Creating environment hook '/home/ben/KV6022_limo_ros2/install/limo_msgs/share/limo_msgs/hook/pythonpath.sh'
[5.010s] Level 1:colcon.colcon_core.environment:checking '/home/ben/KV6022_limo_ros2/install/limo_msgs/bin'
[5.010s] INFO:colcon.colcon_core.shell:Creating package script '/home/ben/KV6022_limo_ros2/install/limo_msgs/share/limo_msgs/package.ps1'
[5.013s] INFO:colcon.colcon_core.shell:Creating package descriptor '/home/ben/KV6022_limo_ros2/install/limo_msgs/share/limo_msgs/package.dsv'
[5.013s] INFO:colcon.colcon_core.shell:Creating package script '/home/ben/KV6022_limo_ros2/install/limo_msgs/share/limo_msgs/package.sh'
[5.014s] INFO:colcon.colcon_core.shell:Creating package script '/home/ben/KV6022_limo_ros2/install/limo_msgs/share/limo_msgs/package.bash'
[5.015s] INFO:colcon.colcon_core.shell:Creating package script '/home/ben/KV6022_limo_ros2/install/limo_msgs/share/limo_msgs/package.zsh'
[5.015s] Level 1:colcon.colcon_core.environment:create_file_with_runtime_dependencies(/home/ben/KV6022_limo_ros2/install/limo_msgs/share/colcon-core/packages/limo_msgs)
[5.017s] Level 1:colcon.colcon_core.environment:create_environment_scripts_only(limo_msgs)
[5.017s] Level 1:colcon.colcon_core.environment:checking '/home/ben/KV6022_limo_ros2/install/limo_msgs' for CMake module files
[5.019s] Level 1:colcon.colcon_core.environment:checking '/home/ben/KV6022_limo_ros2/install/limo_msgs' for CMake config files
[5.024s] Level 1:colcon.colcon_core.shell:create_environment_hook('limo_msgs', 'cmake_prefix_path')
[5.025s] INFO:colcon.colcon_core.shell:Creating environment hook '/home/ben/KV6022_limo_ros2/install/limo_msgs/share/limo_msgs/hook/cmake_prefix_path.ps1'
[5.031s] INFO:colcon.colcon_core.shell:Creating environment descriptor '/home/ben/KV6022_limo_ros2/install/limo_msgs/share/limo_msgs/hook/cmake_prefix_path.dsv'
[5.031s] INFO:colcon.colcon_core.shell:Creating environment hook '/home/ben/KV6022_limo_ros2/install/limo_msgs/share/limo_msgs/hook/cmake_prefix_path.sh'
[5.035s] Level 1:colcon.colcon_core.environment:checking '/home/ben/KV6022_limo_ros2/install/limo_msgs/lib'
[5.035s] Level 1:colcon.colcon_core.shell:create_environment_hook('limo_msgs', 'ld_library_path_lib')
[5.035s] INFO:colcon.colcon_core.shell:Creating environment hook '/home/ben/KV6022_limo_ros2/install/limo_msgs/share/limo_msgs/hook/ld_library_path_lib.ps1'
[5.036s] INFO:colcon.colcon_core.shell:Creating environment descriptor '/home/ben/KV6022_limo_ros2/install/limo_msgs/share/limo_msgs/hook/ld_library_path_lib.dsv'
[5.037s] INFO:colcon.colcon_core.shell:Creating environment hook '/home/ben/KV6022_limo_ros2/install/limo_msgs/share/limo_msgs/hook/ld_library_path_lib.sh'
[5.043s] Level 1:colcon.colcon_core.environment:checking '/home/ben/KV6022_limo_ros2/install/limo_msgs/bin'
[5.043s] Level 1:colcon.colcon_core.environment:checking '/home/ben/KV6022_limo_ros2/install/limo_msgs/lib/pkgconfig/limo_msgs.pc'
[5.043s] Level 1:colcon.colcon_core.environment:checking '/home/ben/KV6022_limo_ros2/install/limo_msgs/lib/python3.10/site-packages'
[5.044s] Level 1:colcon.colcon_core.shell:create_environment_hook('limo_msgs', 'pythonpath')
[5.044s] INFO:colcon.colcon_core.shell:Creating environment hook '/home/ben/KV6022_limo_ros2/install/limo_msgs/share/limo_msgs/hook/pythonpath.ps1'
[5.045s] INFO:colcon.colcon_core.shell:Creating environment descriptor '/home/ben/KV6022_limo_ros2/install/limo_msgs/share/limo_msgs/hook/pythonpath.dsv'
[5.047s] INFO:colcon.colcon_core.shell:Creating environment hook '/home/ben/KV6022_limo_ros2/install/limo_msgs/share/limo_msgs/hook/pythonpath.sh'
[5.051s] Level 1:colcon.colcon_core.environment:checking '/home/ben/KV6022_limo_ros2/install/limo_msgs/bin'
[5.052s] INFO:colcon.colcon_core.shell:Creating package script '/home/ben/KV6022_limo_ros2/install/limo_msgs/share/limo_msgs/package.ps1'
[5.053s] INFO:colcon.colcon_core.shell:Creating package descriptor '/home/ben/KV6022_limo_ros2/install/limo_msgs/share/limo_msgs/package.dsv'
[5.053s] INFO:colcon.colcon_core.shell:Creating package script '/home/ben/KV6022_limo_ros2/install/limo_msgs/share/limo_msgs/package.sh'
[5.056s] INFO:colcon.colcon_core.shell:Creating package script '/home/ben/KV6022_limo_ros2/install/limo_msgs/share/limo_msgs/package.bash'
[5.057s] INFO:colcon.colcon_core.shell:Creating package script '/home/ben/KV6022_limo_ros2/install/limo_msgs/share/limo_msgs/package.zsh'
[5.058s] Level 1:colcon.colcon_core.environment:create_file_with_runtime_dependencies(/home/ben/KV6022_limo_ros2/install/limo_msgs/share/colcon-core/packages/limo_msgs)
[5.064s] INFO:colcon.colcon_ros.task.ament_cmake.build:Building ROS package in '/home/ben/KV6022_limo_ros2/src/limo_gazebosim' with build type 'ament_cmake'
[5.065s] INFO:colcon.colcon_cmake.task.cmake.build:Building CMake package in '/home/ben/KV6022_limo_ros2/src/limo_gazebosim'
[5.065s] INFO:colcon.colcon_core.shell:Skip shell extension 'powershell' for command environment: Not usable outside of PowerShell
[5.065s] DEBUG:colcon.colcon_core.shell:Skip shell extension 'dsv' for command environment
[5.145s] DEBUG:colcon.colcon_core.event_handler.log_command:Invoking command in '/home/ben/KV6022_limo_ros2/build/limo_gazebosim': CMAKE_PREFIX_PATH=/home/ben/KV6022_limo_ros2/install/limo_msgs:/home/ben/KV6022_limo_ros2/install/limo_description:/home/ben/KV6022_limo_ros2/install/limo_gazebosim:/home/ben/KV6022_limo_ros2/install/trajectory_skeleton:/home/ben/KV6022_limo_ros2/install/trajectory_referee:/home/ben/KV6022_limo_ros2/install/example_codes:/home/ben/KV6022_limo_ros2/install/Week2_lab:/home/ben/KV6022_limo_ros2/install/KV6022_assessment:/opt/ros/humble CONDA_PROMPT_MODIFIER=(ros2) PYTHONPATH=/home/ben/KV6022_limo_ros2/install/limo_msgs/lib/python3.10/site-packages:/home/ben/KV6022_limo_ros2/install/trajectory_skeleton/lib/python3.10/site-packages:/home/ben/KV6022_limo_ros2/install/trajectory_referee/lib/python3.10/site-packages:/home/ben/KV6022_limo_ros2/install/limo_gazebosim/lib/python3.10/site-packages:/home/ben/KV6022_limo_ros2/install/example_codes/lib/python3.10/site-packages:/home/ben/KV6022_limo_ros2/install/Week2_lab/lib/python3.10/site-packages:/home/ben/KV6022_limo_ros2/install/KV6022_assessment/lib/python3.10/site-packages:/opt/ros/humble/lib/python3.10/site-packages:/opt/ros/humble/local/lib/python3.10/dist-packages /usr/bin/cmake --build /home/ben/KV6022_limo_ros2/build/limo_gazebosim -- -j8 -l8
[5.801s] DEBUG:colcon.colcon_core.task.python.build:Available setuptools commands: check, install_lib, build, register, bdist, install_headers, update_catalog, symlink_data, build_clib, build_ext, compile_catalog, clean, upload_docs, bdist_egg, extract_messages, sdist, rotate, bdist_rpm, bdist_dumb, egg_info, saveopts, build_py, alias, setopt, dist_info, test, easy_install, develop, install_egg_info, init_catalog, install, install_scripts, upload, install_data, build_scripts
[5.812s] DEBUG:colcon.colcon_core.event_handler.log_command:Invoking command in '/home/ben/KV6022_limo_ros2/src/example_codes': CONDA_PROMPT_MODIFIER=(ros2) PYTHONPATH=/home/ben/KV6022_limo_ros2/build/example_codes/prefix_override:/usr/lib/python3/dist-packages/colcon_core/task/python/colcon_distutils_commands:/home/ben/KV6022_limo_ros2/install/example_codes/lib/python3.10/site-packages:${PYTHONPATH} /usr/bin/python3 -W ignore:setup.py install is deprecated -W ignore:easy_install command is deprecated setup.py egg_info --egg-base ../../build/example_codes build --build-base /home/ben/KV6022_limo_ros2/build/example_codes/build install --record /home/ben/KV6022_limo_ros2/build/example_codes/install.log --install-scripts $base/lib/example_codes --single-version-externally-managed install_data
[5.819s] DEBUG:colcon.colcon_core.task.python.build:Available setuptools commands: check, install_lib, build, register, bdist, install_headers, update_catalog, symlink_data, build_clib, build_ext, compile_catalog, clean, upload_docs, bdist_egg, extract_messages, sdist, rotate, bdist_rpm, bdist_dumb, egg_info, saveopts, build_py, alias, setopt, dist_info, test, easy_install, develop, install_egg_info, init_catalog, install, install_scripts, upload, install_data, build_scripts
[5.831s] DEBUG:colcon.colcon_core.event_handler.log_command:Invoking command in '/home/ben/KV6022_limo_ros2/src/KV6022_assessment': CONDA_PROMPT_MODIFIER=(ros2) PYTHONPATH=/home/ben/KV6022_limo_ros2/build/KV6022_assessment/prefix_override:/usr/lib/python3/dist-packages/colcon_core/task/python/colcon_distutils_commands:/home/ben/KV6022_limo_ros2/install/KV6022_assessment/lib/python3.10/site-packages:${PYTHONPATH} /usr/bin/python3 -W ignore:setup.py install is deprecated -W ignore:easy_install command is deprecated setup.py egg_info --egg-base ../../build/KV6022_assessment build --build-base /home/ben/KV6022_limo_ros2/build/KV6022_assessment/build install --record /home/ben/KV6022_limo_ros2/build/KV6022_assessment/install.log --install-scripts $base/lib/KV6022_assessment --single-version-externally-managed install_data
[5.835s] DEBUG:colcon.colcon_core.task.python.build:Available setuptools commands: check, install_lib, build, register, bdist, install_headers, update_catalog, symlink_data, build_clib, build_ext, compile_catalog, clean, upload_docs, bdist_egg, extract_messages, sdist, rotate, bdist_rpm, bdist_dumb, egg_info, saveopts, build_py, alias, setopt, dist_info, test, easy_install, develop, install_egg_info, init_catalog, install, install_scripts, upload, install_data, build_scripts
[5.840s] DEBUG:colcon.colcon_core.event_handler.log_command:Invoking command in '/home/ben/KV6022_limo_ros2/src/trajectory_referee': CONDA_PROMPT_MODIFIER=(ros2) PYTHONPATH=/home/ben/KV6022_limo_ros2/build/trajectory_referee/prefix_override:/usr/lib/python3/dist-packages/colcon_core/task/python/colcon_distutils_commands:/home/ben/KV6022_limo_ros2/install/trajectory_referee/lib/python3.10/site-packages:${PYTHONPATH} /usr/bin/python3 -W ignore:setup.py install is deprecated -W ignore:easy_install command is deprecated setup.py egg_info --egg-base ../../build/trajectory_referee build --build-base /home/ben/KV6022_limo_ros2/build/trajectory_referee/build install --record /home/ben/KV6022_limo_ros2/build/trajectory_referee/install.log --install-scripts $base/lib/trajectory_referee --single-version-externally-managed install_data
[5.841s] DEBUG:colcon.colcon_core.task.python.build:Available setuptools commands: check, install_lib, build, register, bdist, install_headers, update_catalog, symlink_data, build_clib, build_ext, compile_catalog, clean, upload_docs, bdist_egg, extract_messages, sdist, rotate, bdist_rpm, bdist_dumb, egg_info, saveopts, build_py, alias, setopt, dist_info, test, easy_install, develop, install_egg_info, init_catalog, install, install_scripts, upload, install_data, build_scripts
[5.848s] DEBUG:colcon.colcon_core.event_handler.log_command:Invoking command in '/home/ben/KV6022_limo_ros2/src/Week2_lab': CONDA_PROMPT_MODIFIER=(ros2) PYTHONPATH=/home/ben/KV6022_limo_ros2/build/Week2_lab/prefix_override:/usr/lib/python3/dist-packages/colcon_core/task/python/colcon_distutils_commands:/home/ben/KV6022_limo_ros2/install/Week2_lab/lib/python3.10/site-packages:${PYTHONPATH} /usr/bin/python3 -W ignore:setup.py install is deprecated -W ignore:easy_install command is deprecated setup.py egg_info --egg-base ../../build/Week2_lab build --build-base /home/ben/KV6022_limo_ros2/build/Week2_lab/build install --record /home/ben/KV6022_limo_ros2/build/Week2_lab/install.log --install-scripts $base/lib/Week2_lab --single-version-externally-managed install_data
[5.854s] DEBUG:colcon.colcon_core.task.python.build:Available setuptools commands: check, install_lib, build, register, bdist, install_headers, update_catalog, symlink_data, build_clib, build_ext, compile_catalog, clean, upload_docs, bdist_egg, extract_messages, sdist, rotate, bdist_rpm, bdist_dumb, egg_info, saveopts, build_py, alias, setopt, dist_info, test, easy_install, develop, install_egg_info, init_catalog, install, install_scripts, upload, install_data, build_scripts
[5.858s] DEBUG:colcon.colcon_core.event_handler.log_command:Invoking command in '/home/ben/KV6022_limo_ros2/src/trajectory_skeleton': CONDA_PROMPT_MODIFIER=(ros2) PYTHONPATH=/home/ben/KV6022_limo_ros2/build/trajectory_skeleton/prefix_override:/usr/lib/python3/dist-packages/colcon_core/task/python/colcon_distutils_commands:/home/ben/KV6022_limo_ros2/install/trajectory_skeleton/lib/python3.10/site-packages:${PYTHONPATH} /usr/bin/python3 -W ignore:setup.py install is deprecated -W ignore:easy_install command is deprecated setup.py egg_info --egg-base ../../build/trajectory_skeleton build --build-base /home/ben/KV6022_limo_ros2/build/trajectory_skeleton/build install --record /home/ben/KV6022_limo_ros2/build/trajectory_skeleton/install.log --install-scripts $base/lib/trajectory_skeleton --single-version-externally-managed install_data
[6.549s] DEBUG:colcon.colcon_core.event_handler.log_command:Invoked command in '/home/ben/KV6022_limo_ros2/build/limo_gazebosim' returned '0': CMAKE_PREFIX_PATH=/home/ben/KV6022_limo_ros2/install/limo_msgs:/home/ben/KV6022_limo_ros2/install/limo_description:/home/ben/KV6022_limo_ros2/install/limo_gazebosim:/home/ben/KV6022_limo_ros2/install/trajectory_skeleton:/home/ben/KV6022_limo_ros2/install/trajectory_referee:/home/ben/KV6022_limo_ros2/install/example_codes:/home/ben/KV6022_limo_ros2/install/Week2_lab:/home/ben/KV6022_limo_ros2/install/KV6022_assessment:/opt/ros/humble CONDA_PROMPT_MODIFIER=(ros2) PYTHONPATH=/home/ben/KV6022_limo_ros2/install/limo_msgs/lib/python3.10/site-packages:/home/ben/KV6022_limo_ros2/install/trajectory_skeleton/lib/python3.10/site-packages:/home/ben/KV6022_limo_ros2/install/trajectory_referee/lib/python3.10/site-packages:/home/ben/KV6022_limo_ros2/install/limo_gazebosim/lib/python3.10/site-packages:/home/ben/KV6022_limo_ros2/install/example_codes/lib/python3.10/site-packages:/home/ben/KV6022_limo_ros2/install/Week2_lab/lib/python3.10/site-packages:/home/ben/KV6022_limo_ros2/install/KV6022_assessment/lib/python3.10/site-packages:/opt/ros/humble/lib/python3.10/site-packages:/opt/ros/humble/local/lib/python3.10/dist-packages /usr/bin/cmake --build /home/ben/KV6022_limo_ros2/build/limo_gazebosim -- -j8 -l8
[6.551s] DEBUG:colcon.colcon_core.event_handler.log_command:Invoking command in '/home/ben/KV6022_limo_ros2/build/limo_gazebosim': CMAKE_PREFIX_PATH=/home/ben/KV6022_limo_ros2/install/limo_msgs:/home/ben/KV6022_limo_ros2/install/limo_description:/home/ben/KV6022_limo_ros2/install/limo_gazebosim:/home/ben/KV6022_limo_ros2/install/trajectory_skeleton:/home/ben/KV6022_limo_ros2/install/trajectory_referee:/home/ben/KV6022_limo_ros2/install/example_codes:/home/ben/KV6022_limo_ros2/install/Week2_lab:/home/ben/KV6022_limo_ros2/install/KV6022_assessment:/opt/ros/humble CONDA_PROMPT_MODIFIER=(ros2) PYTHONPATH=/home/ben/KV6022_limo_ros2/install/limo_msgs/lib/python3.10/site-packages:/home/ben/KV6022_limo_ros2/install/trajectory_skeleton/lib/python3.10/site-packages:/home/ben/KV6022_limo_ros2/install/trajectory_referee/lib/python3.10/site-packages:/home/ben/KV6022_limo_ros2/install/limo_gazebosim/lib/python3.10/site-packages:/home/ben/KV6022_limo_ros2/install/example_codes/lib/python3.10/site-packages:/home/ben/KV6022_limo_ros2/install/Week2_lab/lib/python3.10/site-packages:/home/ben/KV6022_limo_ros2/install/KV6022_assessment/lib/python3.10/site-packages:/opt/ros/humble/lib/python3.10/site-packages:/opt/ros/humble/local/lib/python3.10/dist-packages /usr/bin/cmake --install /home/ben/KV6022_limo_ros2/build/limo_gazebosim
[6.643s] Level 1:colcon.colcon_core.environment:checking '/home/ben/KV6022_limo_ros2/install/trajectory_referee' for CMake module files
[6.656s] Level 1:colcon.colcon_core.environment:checking '/home/ben/KV6022_limo_ros2/install/trajectory_referee' for CMake config files
[6.658s] DEBUG:colcon.colcon_core.event_handler.log_command:Invoked command in '/home/ben/KV6022_limo_ros2/src/trajectory_referee' returned '0': CONDA_PROMPT_MODIFIER=(ros2) PYTHONPATH=/home/ben/KV6022_limo_ros2/build/trajectory_referee/prefix_override:/usr/lib/python3/dist-packages/colcon_core/task/python/colcon_distutils_commands:/home/ben/KV6022_limo_ros2/install/trajectory_referee/lib/python3.10/site-packages:${PYTHONPATH} /usr/bin/python3 -W ignore:setup.py install is deprecated -W ignore:easy_install command is deprecated setup.py egg_info --egg-base ../../build/trajectory_referee build --build-base /home/ben/KV6022_limo_ros2/build/trajectory_referee/build install --record /home/ben/KV6022_limo_ros2/build/trajectory_referee/install.log --install-scripts $base/lib/trajectory_referee --single-version-externally-managed install_data
[6.679s] Level 1:colcon.colcon_core.environment:checking '/home/ben/KV6022_limo_ros2/install/trajectory_referee/lib'
[6.680s] Level 1:colcon.colcon_core.environment:checking '/home/ben/KV6022_limo_ros2/install/trajectory_referee/bin'
[6.680s] Level 1:colcon.colcon_core.environment:checking '/home/ben/KV6022_limo_ros2/install/trajectory_referee/lib/pkgconfig/trajectory_referee.pc'
[6.680s] Level 1:colcon.colcon_core.environment:checking '/home/ben/KV6022_limo_ros2/install/trajectory_referee/lib/python3.10/site-packages'
[6.682s] Level 1:colcon.colcon_core.shell:create_environment_hook('trajectory_referee', 'pythonpath')
[6.682s] INFO:colcon.colcon_core.shell:Creating environment hook '/home/ben/KV6022_limo_ros2/install/trajectory_referee/share/trajectory_referee/hook/pythonpath.ps1'
[6.685s] INFO:colcon.colcon_core.shell:Creating environment descriptor '/home/ben/KV6022_limo_ros2/install/trajectory_referee/share/trajectory_referee/hook/pythonpath.dsv'
[6.686s] INFO:colcon.colcon_core.shell:Creating environment hook '/home/ben/KV6022_limo_ros2/install/trajectory_referee/share/trajectory_referee/hook/pythonpath.sh'
[6.687s] Level 1:colcon.colcon_core.environment:checking '/home/ben/KV6022_limo_ros2/install/trajectory_referee/bin'
[6.696s] Level 1:colcon.colcon_core.environment:create_environment_scripts_only(trajectory_referee)
[6.697s] INFO:colcon.colcon_core.shell:Creating package script '/home/ben/KV6022_limo_ros2/install/trajectory_referee/share/trajectory_referee/package.ps1'
[6.717s] INFO:colcon.colcon_core.shell:Creating package descriptor '/home/ben/KV6022_limo_ros2/install/trajectory_referee/share/trajectory_referee/package.dsv'
[6.730s] INFO:colcon.colcon_core.shell:Creating package script '/home/ben/KV6022_limo_ros2/install/trajectory_referee/share/trajectory_referee/package.sh'
[6.732s] INFO:colcon.colcon_core.shell:Creating package script '/home/ben/KV6022_limo_ros2/install/trajectory_referee/share/trajectory_referee/package.bash'
[6.738s] INFO:colcon.colcon_core.shell:Creating package script '/home/ben/KV6022_limo_ros2/install/trajectory_referee/share/trajectory_referee/package.zsh'
[6.746s] Level 1:colcon.colcon_core.environment:create_file_with_runtime_dependencies(/home/ben/KV6022_limo_ros2/install/trajectory_referee/share/colcon-core/packages/trajectory_referee)
[6.764s] Level 1:colcon.colcon_core.environment:checking '/home/ben/KV6022_limo_ros2/install/example_codes' for CMake module files
[6.772s] Level 1:colcon.colcon_core.environment:checking '/home/ben/KV6022_limo_ros2/install/example_codes' for CMake config files
[6.774s] DEBUG:colcon.colcon_core.event_handler.log_command:Invoked command in '/home/ben/KV6022_limo_ros2/src/example_codes' returned '0': CONDA_PROMPT_MODIFIER=(ros2) PYTHONPATH=/home/ben/KV6022_limo_ros2/build/example_codes/prefix_override:/usr/lib/python3/dist-packages/colcon_core/task/python/colcon_distutils_commands:/home/ben/KV6022_limo_ros2/install/example_codes/lib/python3.10/site-packages:${PYTHONPATH} /usr/bin/python3 -W ignore:setup.py install is deprecated -W ignore:easy_install command is deprecated setup.py egg_info --egg-base ../../build/example_codes build --build-base /home/ben/KV6022_limo_ros2/build/example_codes/build install --record /home/ben/KV6022_limo_ros2/build/example_codes/install.log --install-scripts $base/lib/example_codes --single-version-externally-managed install_data
[6.776s] Level 1:colcon.colcon_core.environment:checking '/home/ben/KV6022_limo_ros2/install/example_codes/lib'
[6.777s] Level 1:colcon.colcon_core.environment:checking '/home/ben/KV6022_limo_ros2/install/example_codes/bin'
[6.777s] Level 1:colcon.colcon_core.environment:checking '/home/ben/KV6022_limo_ros2/install/example_codes/lib/pkgconfig/example_codes.pc'
[6.777s] Level 1:colcon.colcon_core.environment:checking '/home/ben/KV6022_limo_ros2/install/example_codes/lib/python3.10/site-packages'
[6.777s] Level 1:colcon.colcon_core.shell:create_environment_hook('example_codes', 'pythonpath')
[6.778s] INFO:colcon.colcon_core.shell:Creating environment hook '/home/ben/KV6022_limo_ros2/install/example_codes/share/example_codes/hook/pythonpath.ps1'
[6.780s] INFO:colcon.colcon_core.shell:Creating environment descriptor '/home/ben/KV6022_limo_ros2/install/example_codes/share/example_codes/hook/pythonpath.dsv'
[6.780s] INFO:colcon.colcon_core.shell:Creating environment hook '/home/ben/KV6022_limo_ros2/install/example_codes/share/example_codes/hook/pythonpath.sh'
[6.782s] Level 1:colcon.colcon_core.environment:checking '/home/ben/KV6022_limo_ros2/install/example_codes/bin'
[6.782s] Level 1:colcon.colcon_core.environment:create_environment_scripts_only(example_codes)
[6.782s] INFO:colcon.colcon_core.shell:Creating package script '/home/ben/KV6022_limo_ros2/install/example_codes/share/example_codes/package.ps1'
[6.783s] INFO:colcon.colcon_core.shell:Creating package descriptor '/home/ben/KV6022_limo_ros2/install/example_codes/share/example_codes/package.dsv'
[6.786s] INFO:colcon.colcon_core.shell:Creating package script '/home/ben/KV6022_limo_ros2/install/example_codes/share/example_codes/package.sh'
[6.787s] INFO:colcon.colcon_core.shell:Creating package script '/home/ben/KV6022_limo_ros2/install/example_codes/share/example_codes/package.bash'
[6.788s] INFO:colcon.colcon_core.shell:Creating package script '/home/ben/KV6022_limo_ros2/install/example_codes/share/example_codes/package.zsh'
[6.789s] Level 1:colcon.colcon_core.environment:create_file_with_runtime_dependencies(/home/ben/KV6022_limo_ros2/install/example_codes/share/colcon-core/packages/example_codes)
[6.793s] Level 1:colcon.colcon_core.environment:checking '/home/ben/KV6022_limo_ros2/install/KV6022_assessment' for CMake module files
[6.794s] DEBUG:colcon.colcon_core.event_handler.log_command:Invoked command in '/home/ben/KV6022_limo_ros2/src/KV6022_assessment' returned '0': CONDA_PROMPT_MODIFIER=(ros2) PYTHONPATH=/home/ben/KV6022_limo_ros2/build/KV6022_assessment/prefix_override:/usr/lib/python3/dist-packages/colcon_core/task/python/colcon_distutils_commands:/home/ben/KV6022_limo_ros2/install/KV6022_assessment/lib/python3.10/site-packages:${PYTHONPATH} /usr/bin/python3 -W ignore:setup.py install is deprecated -W ignore:easy_install command is deprecated setup.py egg_info --egg-base ../../build/KV6022_assessment build --build-base /home/ben/KV6022_limo_ros2/build/KV6022_assessment/build install --record /home/ben/KV6022_limo_ros2/build/KV6022_assessment/install.log --install-scripts $base/lib/KV6022_assessment --single-version-externally-managed install_data
[6.795s] Level 1:colcon.colcon_core.environment:checking '/home/ben/KV6022_limo_ros2/install/KV6022_assessment' for CMake config files
[6.797s] Level 1:colcon.colcon_core.environment:checking '/home/ben/KV6022_limo_ros2/install/KV6022_assessment/lib'
[6.798s] Level 1:colcon.colcon_core.environment:checking '/home/ben/KV6022_limo_ros2/install/KV6022_assessment/bin'
[6.798s] Level 1:colcon.colcon_core.environment:checking '/home/ben/KV6022_limo_ros2/install/KV6022_assessment/lib/pkgconfig/KV6022_assessment.pc'
[6.798s] Level 1:colcon.colcon_core.environment:checking '/home/ben/KV6022_limo_ros2/install/KV6022_assessment/lib/python3.10/site-packages'
[6.798s] Level 1:colcon.colcon_core.shell:create_environment_hook('KV6022_assessment', 'pythonpath')
[6.798s] INFO:colcon.colcon_core.shell:Creating environment hook '/home/ben/KV6022_limo_ros2/install/KV6022_assessment/share/KV6022_assessment/hook/pythonpath.ps1'
[6.799s] INFO:colcon.colcon_core.shell:Creating environment descriptor '/home/ben/KV6022_limo_ros2/install/KV6022_assessment/share/KV6022_assessment/hook/pythonpath.dsv'
[6.801s] INFO:colcon.colcon_core.shell:Creating environment hook '/home/ben/KV6022_limo_ros2/install/KV6022_assessment/share/KV6022_assessment/hook/pythonpath.sh'
[6.804s] Level 1:colcon.colcon_core.environment:checking '/home/ben/KV6022_limo_ros2/install/KV6022_assessment/bin'
[6.804s] Level 1:colcon.colcon_core.environment:create_environment_scripts_only(KV6022_assessment)
[6.805s] INFO:colcon.colcon_core.shell:Creating package script '/home/ben/KV6022_limo_ros2/install/KV6022_assessment/share/KV6022_assessment/package.ps1'
[6.806s] INFO:colcon.colcon_core.shell:Creating package descriptor '/home/ben/KV6022_limo_ros2/install/KV6022_assessment/share/KV6022_assessment/package.dsv'
[6.807s] INFO:colcon.colcon_core.shell:Creating package script '/home/ben/KV6022_limo_ros2/install/KV6022_assessment/share/KV6022_assessment/package.sh'
[6.808s] INFO:colcon.colcon_core.shell:Creating package script '/home/ben/KV6022_limo_ros2/install/KV6022_assessment/share/KV6022_assessment/package.bash'
[6.811s] INFO:colcon.colcon_core.shell:Creating package script '/home/ben/KV6022_limo_ros2/install/KV6022_assessment/share/KV6022_assessment/package.zsh'
[6.812s] Level 1:colcon.colcon_core.environment:create_file_with_runtime_dependencies(/home/ben/KV6022_limo_ros2/install/KV6022_assessment/share/colcon-core/packages/KV6022_assessment)
[6.824s] Level 1:colcon.colcon_core.environment:checking '/home/ben/KV6022_limo_ros2/install/Week2_lab' for CMake module files
[6.828s] DEBUG:colcon.colcon_core.event_handler.log_command:Invoked command in '/home/ben/KV6022_limo_ros2/src/Week2_lab' returned '0': CONDA_PROMPT_MODIFIER=(ros2) PYTHONPATH=/home/ben/KV6022_limo_ros2/build/Week2_lab/prefix_override:/usr/lib/python3/dist-packages/colcon_core/task/python/colcon_distutils_commands:/home/ben/KV6022_limo_ros2/install/Week2_lab/lib/python3.10/site-packages:${PYTHONPATH} /usr/bin/python3 -W ignore:setup.py install is deprecated -W ignore:easy_install command is deprecated setup.py egg_info --egg-base ../../build/Week2_lab build --build-base /home/ben/KV6022_limo_ros2/build/Week2_lab/build install --record /home/ben/KV6022_limo_ros2/build/Week2_lab/install.log --install-scripts $base/lib/Week2_lab --single-version-externally-managed install_data
[6.828s] Level 1:colcon.colcon_core.environment:checking '/home/ben/KV6022_limo_ros2/install/Week2_lab' for CMake config files
[6.830s] Level 1:colcon.colcon_core.environment:checking '/home/ben/KV6022_limo_ros2/install/Week2_lab/lib'
[6.830s] Level 1:colcon.colcon_core.environment:checking '/home/ben/KV6022_limo_ros2/install/Week2_lab/bin'
[6.830s] Level 1:colcon.colcon_core.environment:checking '/home/ben/KV6022_limo_ros2/install/Week2_lab/lib/pkgconfig/Week2_lab.pc'
[6.831s] Level 1:colcon.colcon_core.environment:checking '/home/ben/KV6022_limo_ros2/install/Week2_lab/lib/python3.10/site-packages'
[6.831s] Level 1:colcon.colcon_core.shell:create_environment_hook('Week2_lab', 'pythonpath')
[6.831s] INFO:colcon.colcon_core.shell:Creating environment hook '/home/ben/KV6022_limo_ros2/install/Week2_lab/share/Week2_lab/hook/pythonpath.ps1'
[6.833s] INFO:colcon.colcon_core.shell:Creating environment descriptor '/home/ben/KV6022_limo_ros2/install/Week2_lab/share/Week2_lab/hook/pythonpath.dsv'
[6.834s] INFO:colcon.colcon_core.shell:Creating environment hook '/home/ben/KV6022_limo_ros2/install/Week2_lab/share/Week2_lab/hook/pythonpath.sh'
[6.836s] Level 1:colcon.colcon_core.environment:checking '/home/ben/KV6022_limo_ros2/install/Week2_lab/bin'
[6.836s] Level 1:colcon.colcon_core.environment:create_environment_scripts_only(Week2_lab)
[6.836s] INFO:colcon.colcon_core.shell:Creating package script '/home/ben/KV6022_limo_ros2/install/Week2_lab/share/Week2_lab/package.ps1'
[6.837s] INFO:colcon.colcon_core.shell:Creating package descriptor '/home/ben/KV6022_limo_ros2/install/Week2_lab/share/Week2_lab/package.dsv'
[6.838s] INFO:colcon.colcon_core.shell:Creating package script '/home/ben/KV6022_limo_ros2/install/Week2_lab/share/Week2_lab/package.sh'
[6.839s] INFO:colcon.colcon_core.shell:Creating package script '/home/ben/KV6022_limo_ros2/install/Week2_lab/share/Week2_lab/package.bash'
[6.840s] INFO:colcon.colcon_core.shell:Creating package script '/home/ben/KV6022_limo_ros2/install/Week2_lab/share/Week2_lab/package.zsh'
[6.841s] Level 1:colcon.colcon_core.environment:create_file_with_runtime_dependencies(/home/ben/KV6022_limo_ros2/install/Week2_lab/share/colcon-core/packages/Week2_lab)
[6.842s] Level 1:colcon.colcon_core.environment:checking '/home/ben/KV6022_limo_ros2/install/trajectory_skeleton' for CMake module files
[6.844s] Level 1:colcon.colcon_core.environment:checking '/home/ben/KV6022_limo_ros2/install/trajectory_skeleton' for CMake config files
[6.845s] DEBUG:colcon.colcon_core.event_handler.log_command:Invoked command in '/home/ben/KV6022_limo_ros2/src/trajectory_skeleton' returned '0': CONDA_PROMPT_MODIFIER=(ros2) PYTHONPATH=/home/ben/KV6022_limo_ros2/build/trajectory_skeleton/prefix_override:/usr/lib/python3/dist-packages/colcon_core/task/python/colcon_distutils_commands:/home/ben/KV6022_limo_ros2/install/trajectory_skeleton/lib/python3.10/site-packages:${PYTHONPATH} /usr/bin/python3 -W ignore:setup.py install is deprecated -W ignore:easy_install command is deprecated setup.py egg_info --egg-base ../../build/trajectory_skeleton build --build-base /home/ben/KV6022_limo_ros2/build/trajectory_skeleton/build install --record /home/ben/KV6022_limo_ros2/build/trajectory_skeleton/install.log --install-scripts $base/lib/trajectory_skeleton --single-version-externally-managed install_data
[6.849s] Level 1:colcon.colcon_core.environment:checking '/home/ben/KV6022_limo_ros2/install/trajectory_skeleton/lib'
[6.849s] Level 1:colcon.colcon_core.environment:checking '/home/ben/KV6022_limo_ros2/install/trajectory_skeleton/bin'
[6.849s] Level 1:colcon.colcon_core.environment:checking '/home/ben/KV6022_limo_ros2/install/trajectory_skeleton/lib/pkgconfig/trajectory_skeleton.pc'
[6.849s] Level 1:colcon.colcon_core.environment:checking '/home/ben/KV6022_limo_ros2/install/trajectory_skeleton/lib/python3.10/site-packages'
[6.849s] Level 1:colcon.colcon_core.shell:create_environment_hook('trajectory_skeleton', 'pythonpath')
[6.850s] INFO:colcon.colcon_core.shell:Creating environment hook '/home/ben/KV6022_limo_ros2/install/trajectory_skeleton/share/trajectory_skeleton/hook/pythonpath.ps1'
[6.852s] INFO:colcon.colcon_core.shell:Creating environment descriptor '/home/ben/KV6022_limo_ros2/install/trajectory_skeleton/share/trajectory_skeleton/hook/pythonpath.dsv'
[6.853s] INFO:colcon.colcon_core.shell:Creating environment hook '/home/ben/KV6022_limo_ros2/install/trajectory_skeleton/share/trajectory_skeleton/hook/pythonpath.sh'
[6.855s] Level 1:colcon.colcon_core.environment:checking '/home/ben/KV6022_limo_ros2/install/trajectory_skeleton/bin'
[6.855s] Level 1:colcon.colcon_core.environment:create_environment_scripts_only(trajectory_skeleton)
[6.855s] INFO:colcon.colcon_core.shell:Creating package script '/home/ben/KV6022_limo_ros2/install/trajectory_skeleton/share/trajectory_skeleton/package.ps1'
[6.856s] INFO:colcon.colcon_core.shell:Creating package descriptor '/home/ben/KV6022_limo_ros2/install/trajectory_skeleton/share/trajectory_skeleton/package.dsv'
[6.857s] INFO:colcon.colcon_core.shell:Creating package script '/home/ben/KV6022_limo_ros2/install/trajectory_skeleton/share/trajectory_skeleton/package.sh'
[6.858s] INFO:colcon.colcon_core.shell:Creating package script '/home/ben/KV6022_limo_ros2/install/trajectory_skeleton/share/trajectory_skeleton/package.bash'
[6.859s] INFO:colcon.colcon_core.shell:Creating package script '/home/ben/KV6022_limo_ros2/install/trajectory_skeleton/share/trajectory_skeleton/package.zsh'
[6.859s] Level 1:colcon.colcon_core.environment:create_file_with_runtime_dependencies(/home/ben/KV6022_limo_ros2/install/trajectory_skeleton/share/colcon-core/packages/trajectory_skeleton)
[6.916s] Level 1:colcon.colcon_core.environment:create_environment_scripts_only(limo_gazebosim)
[6.916s] Level 1:colcon.colcon_core.environment:checking '/home/ben/KV6022_limo_ros2/install/limo_gazebosim' for CMake module files
[6.918s] DEBUG:colcon.colcon_core.event_handler.log_command:Invoked command in '/home/ben/KV6022_limo_ros2/build/limo_gazebosim' returned '0': CMAKE_PREFIX_PATH=/home/ben/KV6022_limo_ros2/install/limo_msgs:/home/ben/KV6022_limo_ros2/install/limo_description:/home/ben/KV6022_limo_ros2/install/limo_gazebosim:/home/ben/KV6022_limo_ros2/install/trajectory_skeleton:/home/ben/KV6022_limo_ros2/install/trajectory_referee:/home/ben/KV6022_limo_ros2/install/example_codes:/home/ben/KV6022_limo_ros2/install/Week2_lab:/home/ben/KV6022_limo_ros2/install/KV6022_assessment:/opt/ros/humble CONDA_PROMPT_MODIFIER=(ros2) PYTHONPATH=/home/ben/KV6022_limo_ros2/install/limo_msgs/lib/python3.10/site-packages:/home/ben/KV6022_limo_ros2/install/trajectory_skeleton/lib/python3.10/site-packages:/home/ben/KV6022_limo_ros2/install/trajectory_referee/lib/python3.10/site-packages:/home/ben/KV6022_limo_ros2/install/limo_gazebosim/lib/python3.10/site-packages:/home/ben/KV6022_limo_ros2/install/example_codes/lib/python3.10/site-packages:/home/ben/KV6022_limo_ros2/install/Week2_lab/lib/python3.10/site-packages:/home/ben/KV6022_limo_ros2/install/KV6022_assessment/lib/python3.10/site-packages:/opt/ros/humble/lib/python3.10/site-packages:/opt/ros/humble/local/lib/python3.10/dist-packages /usr/bin/cmake --install /home/ben/KV6022_limo_ros2/build/limo_gazebosim
[6.919s] Level 1:colcon.colcon_core.environment:checking '/home/ben/KV6022_limo_ros2/install/limo_gazebosim' for CMake config files
[6.925s] Level 1:colcon.colcon_core.shell:create_environment_hook('limo_gazebosim', 'cmake_prefix_path')
[6.926s] INFO:colcon.colcon_core.shell:Creating environment hook '/home/ben/KV6022_limo_ros2/install/limo_gazebosim/share/limo_gazebosim/hook/cmake_prefix_path.ps1'
[6.927s] INFO:colcon.colcon_core.shell:Creating environment descriptor '/home/ben/KV6022_limo_ros2/install/limo_gazebosim/share/limo_gazebosim/hook/cmake_prefix_path.dsv'
[6.928s] INFO:colcon.colcon_core.shell:Creating environment hook '/home/ben/KV6022_limo_ros2/install/limo_gazebosim/share/limo_gazebosim/hook/cmake_prefix_path.sh'
[6.929s] Level 1:colcon.colcon_core.environment:checking '/home/ben/KV6022_limo_ros2/install/limo_gazebosim/lib'
[6.929s] Level 1:colcon.colcon_core.environment:checking '/home/ben/KV6022_limo_ros2/install/limo_gazebosim/bin'
[6.930s] Level 1:colcon.colcon_core.environment:checking '/home/ben/KV6022_limo_ros2/install/limo_gazebosim/lib/pkgconfig/limo_gazebosim.pc'
[6.930s] Level 1:colcon.colcon_core.environment:checking '/home/ben/KV6022_limo_ros2/install/limo_gazebosim/lib/python3.10/site-packages'
[6.930s] Level 1:colcon.colcon_core.shell:create_environment_hook('limo_gazebosim', 'pythonpath')
[6.930s] INFO:colcon.colcon_core.shell:Creating environment hook '/home/ben/KV6022_limo_ros2/install/limo_gazebosim/share/limo_gazebosim/hook/pythonpath.ps1'
[6.931s] INFO:colcon.colcon_core.shell:Creating environment descriptor '/home/ben/KV6022_limo_ros2/install/limo_gazebosim/share/limo_gazebosim/hook/pythonpath.dsv'
[6.932s] INFO:colcon.colcon_core.shell:Creating environment hook '/home/ben/KV6022_limo_ros2/install/limo_gazebosim/share/limo_gazebosim/hook/pythonpath.sh'
[6.933s] Level 1:colcon.colcon_core.environment:checking '/home/ben/KV6022_limo_ros2/install/limo_gazebosim/bin'
[6.933s] INFO:colcon.colcon_core.shell:Creating package script '/home/ben/KV6022_limo_ros2/install/limo_gazebosim/share/limo_gazebosim/package.ps1'
[6.934s] INFO:colcon.colcon_core.shell:Creating package descriptor '/home/ben/KV6022_limo_ros2/install/limo_gazebosim/share/limo_gazebosim/package.dsv'
[6.935s] INFO:colcon.colcon_core.shell:Creating package script '/home/ben/KV6022_limo_ros2/install/limo_gazebosim/share/limo_gazebosim/package.sh'
[6.936s] INFO:colcon.colcon_core.shell:Creating package script '/home/ben/KV6022_limo_ros2/install/limo_gazebosim/share/limo_gazebosim/package.bash'
[6.937s] INFO:colcon.colcon_core.shell:Creating package script '/home/ben/KV6022_limo_ros2/install/limo_gazebosim/share/limo_gazebosim/package.zsh'
[6.938s] Level 1:colcon.colcon_core.environment:create_file_with_runtime_dependencies(/home/ben/KV6022_limo_ros2/install/limo_gazebosim/share/colcon-core/packages/limo_gazebosim)
[6.939s] Level 1:colcon.colcon_core.environment:create_environment_scripts_only(limo_gazebosim)
[6.939s] Level 1:colcon.colcon_core.environment:checking '/home/ben/KV6022_limo_ros2/install/limo_gazebosim' for CMake module files
[6.941s] Level 1:colcon.colcon_core.environment:checking '/home/ben/KV6022_limo_ros2/install/limo_gazebosim' for CMake config files
[6.947s] Level 1:colcon.colcon_core.shell:create_environment_hook('limo_gazebosim', 'cmake_prefix_path')
[6.947s] INFO:colcon.colcon_core.shell:Creating environment hook '/home/ben/KV6022_limo_ros2/install/limo_gazebosim/share/limo_gazebosim/hook/cmake_prefix_path.ps1'
[6.948s] INFO:colcon.colcon_core.shell:Creating environment descriptor '/home/ben/KV6022_limo_ros2/install/limo_gazebosim/share/limo_gazebosim/hook/cmake_prefix_path.dsv'
[6.949s] INFO:colcon.colcon_core.shell:Creating environment hook '/home/ben/KV6022_limo_ros2/install/limo_gazebosim/share/limo_gazebosim/hook/cmake_prefix_path.sh'
[6.950s] Level 1:colcon.colcon_core.environment:checking '/home/ben/KV6022_limo_ros2/install/limo_gazebosim/lib'
[6.950s] Level 1:colcon.colcon_core.environment:checking '/home/ben/KV6022_limo_ros2/install/limo_gazebosim/bin'
[6.950s] Level 1:colcon.colcon_core.environment:checking '/home/ben/KV6022_limo_ros2/install/limo_gazebosim/lib/pkgconfig/limo_gazebosim.pc'
[6.950s] Level 1:colcon.colcon_core.environment:checking '/home/ben/KV6022_limo_ros2/install/limo_gazebosim/lib/python3.10/site-packages'
[6.950s] Level 1:colcon.colcon_core.shell:create_environment_hook('limo_gazebosim', 'pythonpath')
[6.951s] INFO:colcon.colcon_core.shell:Creating environment hook '/home/ben/KV6022_limo_ros2/install/limo_gazebosim/share/limo_gazebosim/hook/pythonpath.ps1'
[6.951s] INFO:colcon.colcon_core.shell:Creating environment descriptor '/home/ben/KV6022_limo_ros2/install/limo_gazebosim/share/limo_gazebosim/hook/pythonpath.dsv'
[6.952s] INFO:colcon.colcon_core.shell:Creating environment hook '/home/ben/KV6022_limo_ros2/install/limo_gazebosim/share/limo_gazebosim/hook/pythonpath.sh'
[6.953s] Level 1:colcon.colcon_core.environment:checking '/home/ben/KV6022_limo_ros2/install/limo_gazebosim/bin'
[6.953s] INFO:colcon.colcon_core.shell:Creating package script '/home/ben/KV6022_limo_ros2/install/limo_gazebosim/share/limo_gazebosim/package.ps1'
[6.954s] INFO:colcon.colcon_core.shell:Creating package descriptor '/home/ben/KV6022_limo_ros2/install/limo_gazebosim/share/limo_gazebosim/package.dsv'
[6.955s] INFO:colcon.colcon_core.shell:Creating package script '/home/ben/KV6022_limo_ros2/install/limo_gazebosim/share/limo_gazebosim/package.sh'
[6.956s] INFO:colcon.colcon_core.shell:Creating package script '/home/ben/KV6022_limo_ros2/install/limo_gazebosim/share/limo_gazebosim/package.bash'
[6.957s] INFO:colcon.colcon_core.shell:Creating package script '/home/ben/KV6022_limo_ros2/install/limo_gazebosim/share/limo_gazebosim/package.zsh'
[6.958s] Level 1:colcon.colcon_core.environment:create_file_with_runtime_dependencies(/home/ben/KV6022_limo_ros2/install/limo_gazebosim/share/colcon-core/packages/limo_gazebosim)
[6.960s] DEBUG:colcon.colcon_parallel_executor.executor.parallel:closing loop
[6.960s] DEBUG:colcon.colcon_parallel_executor.executor.parallel:loop closed
[6.960s] DEBUG:colcon.colcon_parallel_executor.executor.parallel:run_until_complete finished with '0'
[6.960s] DEBUG:colcon.colcon_core.event_reactor:joining thread
[6.983s] INFO:colcon.colcon_core.plugin_system:Skipping extension 'colcon_notification.desktop_notification.terminal_notifier': Not used on non-Darwin systems
[6.984s] INFO:colcon.colcon_core.plugin_system:Skipping extension 'colcon_notification.desktop_notification.win32': Not used on non-Windows systems
[6.984s] INFO:colcon.colcon_notification.desktop_notification:Sending desktop notification using 'notify2'
[7.047s] DEBUG:colcon.colcon_core.event_reactor:joined thread
[7.047s] INFO:colcon.colcon_core.shell:Creating prefix script '/home/ben/KV6022_limo_ros2/install/local_setup.ps1'
[7.050s] INFO:colcon.colcon_core.shell:Creating prefix util module '/home/ben/KV6022_limo_ros2/install/_local_setup_util_ps1.py'
[7.052s] INFO:colcon.colcon_core.shell:Creating prefix chain script '/home/ben/KV6022_limo_ros2/install/setup.ps1'
[7.055s] INFO:colcon.colcon_core.shell:Creating prefix script '/home/ben/KV6022_limo_ros2/install/local_setup.sh'
[7.056s] INFO:colcon.colcon_core.shell:Creating prefix util module '/home/ben/KV6022_limo_ros2/install/_local_setup_util_sh.py'
[7.057s] INFO:colcon.colcon_core.shell:Creating prefix chain script '/home/ben/KV6022_limo_ros2/install/setup.sh'
[7.061s] INFO:colcon.colcon_core.shell:Creating prefix script '/home/ben/KV6022_limo_ros2/install/local_setup.bash'
[7.063s] INFO:colcon.colcon_core.shell:Creating prefix chain script '/home/ben/KV6022_limo_ros2/install/setup.bash'
[7.067s] INFO:colcon.colcon_core.shell:Creating prefix script '/home/ben/KV6022_limo_ros2/install/local_setup.zsh'
[7.068s] INFO:colcon.colcon_core.shell:Creating prefix chain script '/home/ben/KV6022_limo_ros2/install/setup.zsh'
