[0.174s] DEBUG:colcon:Command line arguments: ['/usr/bin/colcon', 'build', '--symlink-install']
[0.174s] DEBUG:colcon:Parsed command line arguments: Namespace(log_base=None, log_level=None, verb_name='build', build_base='build', install_base='install', merge_install=False, symlink_install=True, test_result_base=None, continue_on_error=False, executor='parallel', parallel_workers=8, event_handlers=None, ignore_user_meta=False, metas=['./colcon.meta'], base_paths=['.'], packages_ignore=None, packages_ignore_regex=None, paths=None, packages_up_to=None, packages_up_to_regex=None, packages_above=None, packages_above_and_dependencies=None, packages_above_depth=None, packages_select_by_dep=None, packages_skip_by_dep=None, packages_skip_up_to=None, packages_select_build_failed=False, packages_skip_build_finished=False, packages_select_test_failures=False, packages_skip_test_passed=False, packages_select=None, packages_skip=None, packages_select_regex=None, packages_skip_regex=None, packages_start=None, packages_end=None, allow_overriding=[], cmake_args=None, cmake_target=None, cmake_target_skip_unavailable=False, cmake_clean_cache=False, cmake_clean_first=False, cmake_force_configure=False, ament_cmake_args=None, catkin_cmake_args=None, catkin_skip_building_tests=False, mixin_files=None, mixin=None, verb_parser=<colcon_mixin.mixin.mixin_argument.MixinArgumentDecorator object at 0x7b6f9e55a710>, verb_extension=<colcon_core.verb.build.BuildVerb object at 0x7b6f9e518c40>, main=<bound method BuildVerb.main of <colcon_core.verb.build.BuildVerb object at 0x7b6f9e518c40>>, mixin_verb=('build',))
[0.469s] Level 1:colcon.colcon_core.package_discovery:discover_packages(colcon_meta) check parameters
[0.470s] Level 1:colcon.colcon_core.package_discovery:discover_packages(recursive) check parameters
[0.470s] Level 1:colcon.colcon_core.package_discovery:discover_packages(ignore) check parameters
[0.470s] Level 1:colcon.colcon_core.package_discovery:discover_packages(path) check parameters
[0.470s] Level 1:colcon.colcon_core.package_discovery:discover_packages(colcon_meta) discover
[0.470s] Level 1:colcon.colcon_core.package_discovery:discover_packages(recursive) discover
[0.470s] INFO:colcon.colcon_core.package_discovery:Crawling recursively for packages in '/home/ben/KV6022_limo_ros2'
[0.470s] Level 1:colcon.colcon_core.package_identification:_identify(.) by extensions ['ignore', 'ignore_ament_install']
[0.470s] Level 1:colcon.colcon_core.package_identification:_identify(.) by extension 'ignore'
[0.470s] Level 1:colcon.colcon_core.package_identification:_identify(.) by extension 'ignore_ament_install'
[0.470s] Level 1:colcon.colcon_core.package_identification:_identify(.) by extensions ['colcon_pkg']
[0.470s] Level 1:colcon.colcon_core.package_identification:_identify(.) by extension 'colcon_pkg'
[0.470s] Level 1:colcon.colcon_core.package_identification:_identify(.) by extensions ['colcon_meta']
[0.471s] Level 1:colcon.colcon_core.package_identification:_identify(.) by extension 'colcon_meta'
[0.471s] Level 1:colcon.colcon_core.package_identification:_identify(.) by extensions ['ros']
[0.471s] Level 1:colcon.colcon_core.package_identification:_identify(.) by extension 'ros'
[0.485s] Level 1:colcon.colcon_core.package_identification:_identify(.) by extensions ['cmake', 'python']
[0.485s] Level 1:colcon.colcon_core.package_identification:_identify(.) by extension 'cmake'
[0.485s] Level 1:colcon.colcon_core.package_identification:_identify(.) by extension 'python'
[0.485s] Level 1:colcon.colcon_core.package_identification:_identify(.) by extensions ['python_setup_py']
[0.485s] Level 1:colcon.colcon_core.package_identification:_identify(.) by extension 'python_setup_py'
[0.485s] Level 1:colcon.colcon_core.package_identification:_identify(build) by extensions ['ignore', 'ignore_ament_install']
[0.486s] Level 1:colcon.colcon_core.package_identification:_identify(build) by extension 'ignore'
[0.486s] Level 1:colcon.colcon_core.package_identification:_identify(build) ignored
[0.486s] Level 1:colcon.colcon_core.package_identification:_identify(install) by extensions ['ignore', 'ignore_ament_install']
[0.486s] Level 1:colcon.colcon_core.package_identification:_identify(install) by extension 'ignore'
[0.486s] Level 1:colcon.colcon_core.package_identification:_identify(install) ignored
[0.486s] Level 1:colcon.colcon_core.package_identification:_identify(log) by extensions ['ignore', 'ignore_ament_install']
[0.486s] Level 1:colcon.colcon_core.package_identification:_identify(log) by extension 'ignore'
[0.486s] Level 1:colcon.colcon_core.package_identification:_identify(log) ignored
[0.486s] Level 1:colcon.colcon_core.package_identification:_identify(src) by extensions ['ignore', 'ignore_ament_install']
[0.487s] Level 1:colcon.colcon_core.package_identification:_identify(src) by extension 'ignore'
[0.487s] Level 1:colcon.colcon_core.package_identification:_identify(src) by extension 'ignore_ament_install'
[0.487s] Level 1:colcon.colcon_core.package_identification:_identify(src) by extensions ['colcon_pkg']
[0.487s] Level 1:colcon.colcon_core.package_identification:_identify(src) by extension 'colcon_pkg'
[0.487s] Level 1:colcon.colcon_core.package_identification:_identify(src) by extensions ['colcon_meta']
[0.487s] Level 1:colcon.colcon_core.package_identification:_identify(src) by extension 'colcon_meta'
[0.487s] Level 1:colcon.colcon_core.package_identification:_identify(src) by extensions ['ros']
[0.487s] Level 1:colcon.colcon_core.package_identification:_identify(src) by extension 'ros'
[0.487s] Level 1:colcon.colcon_core.package_identification:_identify(src) by extensions ['cmake', 'python']
[0.487s] Level 1:colcon.colcon_core.package_identification:_identify(src) by extension 'cmake'
[0.487s] Level 1:colcon.colcon_core.package_identification:_identify(src) by extension 'python'
[0.487s] Level 1:colcon.colcon_core.package_identification:_identify(src) by extensions ['python_setup_py']
[0.488s] Level 1:colcon.colcon_core.package_identification:_identify(src) by extension 'python_setup_py'
[0.488s] Level 1:colcon.colcon_core.package_identification:_identify(src/KV6022_assessment) by extensions ['ignore', 'ignore_ament_install']
[0.488s] Level 1:colcon.colcon_core.package_identification:_identify(src/KV6022_assessment) by extension 'ignore'
[0.488s] Level 1:colcon.colcon_core.package_identification:_identify(src/KV6022_assessment) by extension 'ignore_ament_install'
[0.488s] Level 1:colcon.colcon_core.package_identification:_identify(src/KV6022_assessment) by extensions ['colcon_pkg']
[0.488s] Level 1:colcon.colcon_core.package_identification:_identify(src/KV6022_assessment) by extension 'colcon_pkg'
[0.488s] Level 1:colcon.colcon_core.package_identification:_identify(src/KV6022_assessment) by extensions ['colcon_meta']
[0.488s] Level 1:colcon.colcon_core.package_identification:_identify(src/KV6022_assessment) by extension 'colcon_meta'
[0.488s] Level 1:colcon.colcon_core.package_identification:_identify(src/KV6022_assessment) by extensions ['ros']
[0.488s] Level 1:colcon.colcon_core.package_identification:_identify(src/KV6022_assessment) by extension 'ros'
[0.491s] DEBUG:colcon.colcon_core.package_identification:Package 'src/KV6022_assessment' with type 'ros.ament_python' and name 'KV6022_assessment'
[0.491s] Level 1:colcon.colcon_core.package_identification:_identify(src/example_codes) by extensions ['ignore', 'ignore_ament_install']
[0.492s] Level 1:colcon.colcon_core.package_identification:_identify(src/example_codes) by extension 'ignore'
[0.492s] Level 1:colcon.colcon_core.package_identification:_identify(src/example_codes) by extension 'ignore_ament_install'
[0.492s] Level 1:colcon.colcon_core.package_identification:_identify(src/example_codes) by extensions ['colcon_pkg']
[0.492s] Level 1:colcon.colcon_core.package_identification:_identify(src/example_codes) by extension 'colcon_pkg'
[0.492s] Level 1:colcon.colcon_core.package_identification:_identify(src/example_codes) by extensions ['colcon_meta']
[0.492s] Level 1:colcon.colcon_core.package_identification:_identify(src/example_codes) by extension 'colcon_meta'
[0.492s] Level 1:colcon.colcon_core.package_identification:_identify(src/example_codes) by extensions ['ros']
[0.492s] Level 1:colcon.colcon_core.package_identification:_identify(src/example_codes) by extension 'ros'
[0.493s] DEBUG:colcon.colcon_core.package_identification:Package 'src/example_codes' with type 'ros.ament_python' and name 'example_codes'
[0.493s] Level 1:colcon.colcon_core.package_identification:_identify(src/limo_description) by extensions ['ignore', 'ignore_ament_install']
[0.493s] Level 1:colcon.colcon_core.package_identification:_identify(src/limo_description) by extension 'ignore'
[0.493s] Level 1:colcon.colcon_core.package_identification:_identify(src/limo_description) by extension 'ignore_ament_install'
[0.493s] Level 1:colcon.colcon_core.package_identification:_identify(src/limo_description) by extensions ['colcon_pkg']
[0.493s] Level 1:colcon.colcon_core.package_identification:_identify(src/limo_description) by extension 'colcon_pkg'
[0.493s] Level 1:colcon.colcon_core.package_identification:_identify(src/limo_description) by extensions ['colcon_meta']
[0.493s] Level 1:colcon.colcon_core.package_identification:_identify(src/limo_description) by extension 'colcon_meta'
[0.493s] Level 1:colcon.colcon_core.package_identification:_identify(src/limo_description) by extensions ['ros']
[0.493s] Level 1:colcon.colcon_core.package_identification:_identify(src/limo_description) by extension 'ros'
[0.494s] DEBUG:colcon.colcon_core.package_identification:Package 'src/limo_description' with type 'ros.ament_cmake' and name 'limo_description'
[0.494s] Level 1:colcon.colcon_core.package_identification:_identify(src/limo_gazebosim) by extensions ['ignore', 'ignore_ament_install']
[0.494s] Level 1:colcon.colcon_core.package_identification:_identify(src/limo_gazebosim) by extension 'ignore'
[0.494s] Level 1:colcon.colcon_core.package_identification:_identify(src/limo_gazebosim) by extension 'ignore_ament_install'
[0.494s] Level 1:colcon.colcon_core.package_identification:_identify(src/limo_gazebosim) by extensions ['colcon_pkg']
[0.495s] Level 1:colcon.colcon_core.package_identification:_identify(src/limo_gazebosim) by extension 'colcon_pkg'
[0.495s] Level 1:colcon.colcon_core.package_identification:_identify(src/limo_gazebosim) by extensions ['colcon_meta']
[0.495s] Level 1:colcon.colcon_core.package_identification:_identify(src/limo_gazebosim) by extension 'colcon_meta'
[0.495s] Level 1:colcon.colcon_core.package_identification:_identify(src/limo_gazebosim) by extensions ['ros']
[0.495s] Level 1:colcon.colcon_core.package_identification:_identify(src/limo_gazebosim) by extension 'ros'
[0.495s] DEBUG:colcon.colcon_core.package_identification:Package 'src/limo_gazebosim' with type 'ros.ament_cmake' and name 'limo_gazebosim'
[0.496s] Level 1:colcon.colcon_core.package_identification:_identify(src/limo_msgs) by extensions ['ignore', 'ignore_ament_install']
[0.496s] Level 1:colcon.colcon_core.package_identification:_identify(src/limo_msgs) by extension 'ignore'
[0.496s] Level 1:colcon.colcon_core.package_identification:_identify(src/limo_msgs) by extension 'ignore_ament_install'
[0.496s] Level 1:colcon.colcon_core.package_identification:_identify(src/limo_msgs) by extensions ['colcon_pkg']
[0.496s] Level 1:colcon.colcon_core.package_identification:_identify(src/limo_msgs) by extension 'colcon_pkg'
[0.496s] Level 1:colcon.colcon_core.package_identification:_identify(src/limo_msgs) by extensions ['colcon_meta']
[0.496s] Level 1:colcon.colcon_core.package_identification:_identify(src/limo_msgs) by extension 'colcon_meta'
[0.496s] Level 1:colcon.colcon_core.package_identification:_identify(src/limo_msgs) by extensions ['ros']
[0.496s] Level 1:colcon.colcon_core.package_identification:_identify(src/limo_msgs) by extension 'ros'
[0.497s] DEBUG:colcon.colcon_core.package_identification:Package 'src/limo_msgs' with type 'ros.ament_cmake' and name 'limo_msgs'
[0.497s] Level 1:colcon.colcon_core.package_identification:_identify(src/trajectory_referee) by extensions ['ignore', 'ignore_ament_install']
[0.497s] Level 1:colcon.colcon_core.package_identification:_identify(src/trajectory_referee) by extension 'ignore'
[0.497s] Level 1:colcon.colcon_core.package_identification:_identify(src/trajectory_referee) by extension 'ignore_ament_install'
[0.497s] Level 1:colcon.colcon_core.package_identification:_identify(src/trajectory_referee) by extensions ['colcon_pkg']
[0.497s] Level 1:colcon.colcon_core.package_identification:_identify(src/trajectory_referee) by extension 'colcon_pkg'
[0.498s] Level 1:colcon.colcon_core.package_identification:_identify(src/trajectory_referee) by extensions ['colcon_meta']
[0.498s] Level 1:colcon.colcon_core.package_identification:_identify(src/trajectory_referee) by extension 'colcon_meta'
[0.498s] Level 1:colcon.colcon_core.package_identification:_identify(src/trajectory_referee) by extensions ['ros']
[0.498s] Level 1:colcon.colcon_core.package_identification:_identify(src/trajectory_referee) by extension 'ros'
[0.507s] DEBUG:colcon.colcon_core.package_identification:Package 'src/trajectory_referee' with type 'ros.ament_python' and name 'trajectory_referee'
[0.508s] Level 1:colcon.colcon_core.package_identification:_identify(src/trajectory_skeleton) by extensions ['ignore', 'ignore_ament_install']
[0.508s] Level 1:colcon.colcon_core.package_identification:_identify(src/trajectory_skeleton) by extension 'ignore'
[0.508s] Level 1:colcon.colcon_core.package_identification:_identify(src/trajectory_skeleton) by extension 'ignore_ament_install'
[0.508s] Level 1:colcon.colcon_core.package_identification:_identify(src/trajectory_skeleton) by extensions ['colcon_pkg']
[0.508s] Level 1:colcon.colcon_core.package_identification:_identify(src/trajectory_skeleton) by extension 'colcon_pkg'
[0.508s] Level 1:colcon.colcon_core.package_identification:_identify(src/trajectory_skeleton) by extensions ['colcon_meta']
[0.508s] Level 1:colcon.colcon_core.package_identification:_identify(src/trajectory_skeleton) by extension 'colcon_meta'
[0.508s] Level 1:colcon.colcon_core.package_identification:_identify(src/trajectory_skeleton) by extensions ['ros']
[0.508s] Level 1:colcon.colcon_core.package_identification:_identify(src/trajectory_skeleton) by extension 'ros'
[0.509s] DEBUG:colcon.colcon_core.package_identification:Package 'src/trajectory_skeleton' with type 'ros.ament_python' and name 'trajectory_skeleton'
[0.509s] Level 1:colcon.colcon_core.package_identification:_identify(wiki_images) by extensions ['ignore', 'ignore_ament_install']
[0.509s] Level 1:colcon.colcon_core.package_identification:_identify(wiki_images) by extension 'ignore'
[0.509s] Level 1:colcon.colcon_core.package_identification:_identify(wiki_images) by extension 'ignore_ament_install'
[0.510s] Level 1:colcon.colcon_core.package_identification:_identify(wiki_images) by extensions ['colcon_pkg']
[0.510s] Level 1:colcon.colcon_core.package_identification:_identify(wiki_images) by extension 'colcon_pkg'
[0.510s] Level 1:colcon.colcon_core.package_identification:_identify(wiki_images) by extensions ['colcon_meta']
[0.510s] Level 1:colcon.colcon_core.package_identification:_identify(wiki_images) by extension 'colcon_meta'
[0.510s] Level 1:colcon.colcon_core.package_identification:_identify(wiki_images) by extensions ['ros']
[0.510s] Level 1:colcon.colcon_core.package_identification:_identify(wiki_images) by extension 'ros'
[0.510s] Level 1:colcon.colcon_core.package_identification:_identify(wiki_images) by extensions ['cmake', 'python']
[0.510s] Level 1:colcon.colcon_core.package_identification:_identify(wiki_images) by extension 'cmake'
[0.510s] Level 1:colcon.colcon_core.package_identification:_identify(wiki_images) by extension 'python'
[0.510s] Level 1:colcon.colcon_core.package_identification:_identify(wiki_images) by extensions ['python_setup_py']
[0.510s] Level 1:colcon.colcon_core.package_identification:_identify(wiki_images) by extension 'python_setup_py'
[0.510s] Level 1:colcon.colcon_core.package_discovery:discover_packages(recursive) using defaults
[0.510s] Level 1:colcon.colcon_core.package_discovery:discover_packages(ignore) discover
[0.510s] Level 1:colcon.colcon_core.package_discovery:discover_packages(ignore) using defaults
[0.511s] Level 1:colcon.colcon_core.package_discovery:discover_packages(path) discover
[0.511s] Level 1:colcon.colcon_core.package_discovery:discover_packages(path) using defaults
[0.537s] Level 1:colcon.colcon_core.package_discovery:discover_packages(prefix_path) check parameters
[0.537s] Level 1:colcon.colcon_core.package_discovery:discover_packages(prefix_path) discover
[0.545s] DEBUG:colcon.colcon_installed_package_information.package_discovery:Found 408 installed packages in /opt/ros/humble
[0.548s] Level 1:colcon.colcon_core.package_discovery:discover_packages(prefix_path) using defaults
[0.638s] Level 5:colcon.colcon_core.verb:set package 'KV6022_assessment' build argument 'cmake_args' from command line to 'None'
[0.638s] Level 5:colcon.colcon_core.verb:set package 'KV6022_assessment' build argument 'cmake_target' from command line to 'None'
[0.638s] Level 5:colcon.colcon_core.verb:set package 'KV6022_assessment' build argument 'cmake_target_skip_unavailable' from command line to 'False'
[0.638s] Level 5:colcon.colcon_core.verb:set package 'KV6022_assessment' build argument 'cmake_clean_cache' from command line to 'False'
[0.638s] Level 5:colcon.colcon_core.verb:set package 'KV6022_assessment' build argument 'cmake_clean_first' from command line to 'False'
[0.638s] Level 5:colcon.colcon_core.verb:set package 'KV6022_assessment' build argument 'cmake_force_configure' from command line to 'False'
[0.638s] Level 5:colcon.colcon_core.verb:set package 'KV6022_assessment' build argument 'ament_cmake_args' from command line to 'None'
[0.638s] Level 5:colcon.colcon_core.verb:set package 'KV6022_assessment' build argument 'catkin_cmake_args' from command line to 'None'
[0.639s] Level 5:colcon.colcon_core.verb:set package 'KV6022_assessment' build argument 'catkin_skip_building_tests' from command line to 'False'
[0.639s] DEBUG:colcon.colcon_core.verb:Building package 'KV6022_assessment' with the following arguments: {'ament_cmake_args': None, 'build_base': '/home/ben/KV6022_limo_ros2/build/KV6022_assessment', 'catkin_cmake_args': None, 'catkin_skip_building_tests': False, 'cmake_args': None, 'cmake_clean_cache': False, 'cmake_clean_first': False, 'cmake_force_configure': False, 'cmake_target': None, 'cmake_target_skip_unavailable': False, 'install_base': '/home/ben/KV6022_limo_ros2/install/KV6022_assessment', 'merge_install': False, 'path': '/home/ben/KV6022_limo_ros2/src/KV6022_assessment', 'symlink_install': True, 'test_result_base': None}
[0.639s] Level 5:colcon.colcon_core.verb:set package 'example_codes' build argument 'cmake_args' from command line to 'None'
[0.639s] Level 5:colcon.colcon_core.verb:set package 'example_codes' build argument 'cmake_target' from command line to 'None'
[0.639s] Level 5:colcon.colcon_core.verb:set package 'example_codes' build argument 'cmake_target_skip_unavailable' from command line to 'False'
[0.639s] Level 5:colcon.colcon_core.verb:set package 'example_codes' build argument 'cmake_clean_cache' from command line to 'False'
[0.639s] Level 5:colcon.colcon_core.verb:set package 'example_codes' build argument 'cmake_clean_first' from command line to 'False'
[0.639s] Level 5:colcon.colcon_core.verb:set package 'example_codes' build argument 'cmake_force_configure' from command line to 'False'
[0.639s] Level 5:colcon.colcon_core.verb:set package 'example_codes' build argument 'ament_cmake_args' from command line to 'None'
[0.639s] Level 5:colcon.colcon_core.verb:set package 'example_codes' build argument 'catkin_cmake_args' from command line to 'None'
[0.639s] Level 5:colcon.colcon_core.verb:set package 'example_codes' build argument 'catkin_skip_building_tests' from command line to 'False'
[0.639s] DEBUG:colcon.colcon_core.verb:Building package 'example_codes' with the following arguments: {'ament_cmake_args': None, 'build_base': '/home/ben/KV6022_limo_ros2/build/example_codes', 'catkin_cmake_args': None, 'catkin_skip_building_tests': False, 'cmake_args': None, 'cmake_clean_cache': False, 'cmake_clean_first': False, 'cmake_force_configure': False, 'cmake_target': None, 'cmake_target_skip_unavailable': False, 'install_base': '/home/ben/KV6022_limo_ros2/install/example_codes', 'merge_install': False, 'path': '/home/ben/KV6022_limo_ros2/src/example_codes', 'symlink_install': True, 'test_result_base': None}
[0.640s] Level 5:colcon.colcon_core.verb:set package 'limo_description' build argument 'cmake_args' from command line to 'None'
[0.640s] Level 5:colcon.colcon_core.verb:set package 'limo_description' build argument 'cmake_target' from command line to 'None'
[0.640s] Level 5:colcon.colcon_core.verb:set package 'limo_description' build argument 'cmake_target_skip_unavailable' from command line to 'False'
[0.640s] Level 5:colcon.colcon_core.verb:set package 'limo_description' build argument 'cmake_clean_cache' from command line to 'False'
[0.640s] Level 5:colcon.colcon_core.verb:set package 'limo_description' build argument 'cmake_clean_first' from command line to 'False'
[0.640s] Level 5:colcon.colcon_core.verb:set package 'limo_description' build argument 'cmake_force_configure' from command line to 'False'
[0.640s] Level 5:colcon.colcon_core.verb:set package 'limo_description' build argument 'ament_cmake_args' from command line to 'None'
[0.640s] Level 5:colcon.colcon_core.verb:set package 'limo_description' build argument 'catkin_cmake_args' from command line to 'None'
[0.640s] Level 5:colcon.colcon_core.verb:set package 'limo_description' build argument 'catkin_skip_building_tests' from command line to 'False'
[0.640s] DEBUG:colcon.colcon_core.verb:Building package 'limo_description' with the following arguments: {'ament_cmake_args': None, 'build_base': '/home/ben/KV6022_limo_ros2/build/limo_description', 'catkin_cmake_args': None, 'catkin_skip_building_tests': False, 'cmake_args': None, 'cmake_clean_cache': False, 'cmake_clean_first': False, 'cmake_force_configure': False, 'cmake_target': None, 'cmake_target_skip_unavailable': False, 'install_base': '/home/ben/KV6022_limo_ros2/install/limo_description', 'merge_install': False, 'path': '/home/ben/KV6022_limo_ros2/src/limo_description', 'symlink_install': True, 'test_result_base': None}
[0.641s] Level 5:colcon.colcon_core.verb:set package 'limo_msgs' build argument 'cmake_args' from command line to 'None'
[0.641s] Level 5:colcon.colcon_core.verb:set package 'limo_msgs' build argument 'cmake_target' from command line to 'None'
[0.641s] Level 5:colcon.colcon_core.verb:set package 'limo_msgs' build argument 'cmake_target_skip_unavailable' from command line to 'False'
[0.641s] Level 5:colcon.colcon_core.verb:set package 'limo_msgs' build argument 'cmake_clean_cache' from command line to 'False'
[0.641s] Level 5:colcon.colcon_core.verb:set package 'limo_msgs' build argument 'cmake_clean_first' from command line to 'False'
[0.641s] Level 5:colcon.colcon_core.verb:set package 'limo_msgs' build argument 'cmake_force_configure' from command line to 'False'
[0.641s] Level 5:colcon.colcon_core.verb:set package 'limo_msgs' build argument 'ament_cmake_args' from command line to 'None'
[0.641s] Level 5:colcon.colcon_core.verb:set package 'limo_msgs' build argument 'catkin_cmake_args' from command line to 'None'
[0.641s] Level 5:colcon.colcon_core.verb:set package 'limo_msgs' build argument 'catkin_skip_building_tests' from command line to 'False'
[0.641s] DEBUG:colcon.colcon_core.verb:Building package 'limo_msgs' with the following arguments: {'ament_cmake_args': None, 'build_base': '/home/ben/KV6022_limo_ros2/build/limo_msgs', 'catkin_cmake_args': None, 'catkin_skip_building_tests': False, 'cmake_args': None, 'cmake_clean_cache': False, 'cmake_clean_first': False, 'cmake_force_configure': False, 'cmake_target': None, 'cmake_target_skip_unavailable': False, 'install_base': '/home/ben/KV6022_limo_ros2/install/limo_msgs', 'merge_install': False, 'path': '/home/ben/KV6022_limo_ros2/src/limo_msgs', 'symlink_install': True, 'test_result_base': None}
[0.641s] Level 5:colcon.colcon_core.verb:set package 'trajectory_referee' build argument 'cmake_args' from command line to 'None'
[0.641s] Level 5:colcon.colcon_core.verb:set package 'trajectory_referee' build argument 'cmake_target' from command line to 'None'
[0.641s] Level 5:colcon.colcon_core.verb:set package 'trajectory_referee' build argument 'cmake_target_skip_unavailable' from command line to 'False'
[0.641s] Level 5:colcon.colcon_core.verb:set package 'trajectory_referee' build argument 'cmake_clean_cache' from command line to 'False'
[0.641s] Level 5:colcon.colcon_core.verb:set package 'trajectory_referee' build argument 'cmake_clean_first' from command line to 'False'
[0.641s] Level 5:colcon.colcon_core.verb:set package 'trajectory_referee' build argument 'cmake_force_configure' from command line to 'False'
[0.641s] Level 5:colcon.colcon_core.verb:set package 'trajectory_referee' build argument 'ament_cmake_args' from command line to 'None'
[0.642s] Level 5:colcon.colcon_core.verb:set package 'trajectory_referee' build argument 'catkin_cmake_args' from command line to 'None'
[0.642s] Level 5:colcon.colcon_core.verb:set package 'trajectory_referee' build argument 'catkin_skip_building_tests' from command line to 'False'
[0.642s] DEBUG:colcon.colcon_core.verb:Building package 'trajectory_referee' with the following arguments: {'ament_cmake_args': None, 'build_base': '/home/ben/KV6022_limo_ros2/build/trajectory_referee', 'catkin_cmake_args': None, 'catkin_skip_building_tests': False, 'cmake_args': None, 'cmake_clean_cache': False, 'cmake_clean_first': False, 'cmake_force_configure': False, 'cmake_target': None, 'cmake_target_skip_unavailable': False, 'install_base': '/home/ben/KV6022_limo_ros2/install/trajectory_referee', 'merge_install': False, 'path': '/home/ben/KV6022_limo_ros2/src/trajectory_referee', 'symlink_install': True, 'test_result_base': None}
[0.642s] Level 5:colcon.colcon_core.verb:set package 'trajectory_skeleton' build argument 'cmake_args' from command line to 'None'
[0.642s] Level 5:colcon.colcon_core.verb:set package 'trajectory_skeleton' build argument 'cmake_target' from command line to 'None'
[0.642s] Level 5:colcon.colcon_core.verb:set package 'trajectory_skeleton' build argument 'cmake_target_skip_unavailable' from command line to 'False'
[0.642s] Level 5:colcon.colcon_core.verb:set package 'trajectory_skeleton' build argument 'cmake_clean_cache' from command line to 'False'
[0.642s] Level 5:colcon.colcon_core.verb:set package 'trajectory_skeleton' build argument 'cmake_clean_first' from command line to 'False'
[0.642s] Level 5:colcon.colcon_core.verb:set package 'trajectory_skeleton' build argument 'cmake_force_configure' from command line to 'False'
[0.642s] Level 5:colcon.colcon_core.verb:set package 'trajectory_skeleton' build argument 'ament_cmake_args' from command line to 'None'
[0.642s] Level 5:colcon.colcon_core.verb:set package 'trajectory_skeleton' build argument 'catkin_cmake_args' from command line to 'None'
[0.642s] Level 5:colcon.colcon_core.verb:set package 'trajectory_skeleton' build argument 'catkin_skip_building_tests' from command line to 'False'
[0.642s] DEBUG:colcon.colcon_core.verb:Building package 'trajectory_skeleton' with the following arguments: {'ament_cmake_args': None, 'build_base': '/home/ben/KV6022_limo_ros2/build/trajectory_skeleton', 'catkin_cmake_args': None, 'catkin_skip_building_tests': False, 'cmake_args': None, 'cmake_clean_cache': False, 'cmake_clean_first': False, 'cmake_force_configure': False, 'cmake_target': None, 'cmake_target_skip_unavailable': False, 'install_base': '/home/ben/KV6022_limo_ros2/install/trajectory_skeleton', 'merge_install': False, 'path': '/home/ben/KV6022_limo_ros2/src/trajectory_skeleton', 'symlink_install': True, 'test_result_base': None}
[0.643s] Level 5:colcon.colcon_core.verb:set package 'limo_gazebosim' build argument 'cmake_args' from command line to 'None'
[0.643s] Level 5:colcon.colcon_core.verb:set package 'limo_gazebosim' build argument 'cmake_target' from command line to 'None'
[0.643s] Level 5:colcon.colcon_core.verb:set package 'limo_gazebosim' build argument 'cmake_target_skip_unavailable' from command line to 'False'
[0.643s] Level 5:colcon.colcon_core.verb:set package 'limo_gazebosim' build argument 'cmake_clean_cache' from command line to 'False'
[0.643s] Level 5:colcon.colcon_core.verb:set package 'limo_gazebosim' build argument 'cmake_clean_first' from command line to 'False'
[0.643s] Level 5:colcon.colcon_core.verb:set package 'limo_gazebosim' build argument 'cmake_force_configure' from command line to 'False'
[0.643s] Level 5:colcon.colcon_core.verb:set package 'limo_gazebosim' build argument 'ament_cmake_args' from command line to 'None'
[0.643s] Level 5:colcon.colcon_core.verb:set package 'limo_gazebosim' build argument 'catkin_cmake_args' from command line to 'None'
[0.643s] Level 5:colcon.colcon_core.verb:set package 'limo_gazebosim' build argument 'catkin_skip_building_tests' from command line to 'False'
[0.643s] DEBUG:colcon.colcon_core.verb:Building package 'limo_gazebosim' with the following arguments: {'ament_cmake_args': None, 'build_base': '/home/ben/KV6022_limo_ros2/build/limo_gazebosim', 'catkin_cmake_args': None, 'catkin_skip_building_tests': False, 'cmake_args': None, 'cmake_clean_cache': False, 'cmake_clean_first': False, 'cmake_force_configure': False, 'cmake_target': None, 'cmake_target_skip_unavailable': False, 'install_base': '/home/ben/KV6022_limo_ros2/install/limo_gazebosim', 'merge_install': False, 'path': '/home/ben/KV6022_limo_ros2/src/limo_gazebosim', 'symlink_install': True, 'test_result_base': None}
[0.643s] INFO:colcon.colcon_core.executor:Executing jobs using 'parallel' executor
[0.645s] DEBUG:colcon.colcon_parallel_executor.executor.parallel:run_until_complete
[0.645s] INFO:colcon.colcon_ros.task.ament_cmake.build:Building ROS package in '/home/ben/KV6022_limo_ros2/src/limo_description' with build type 'ament_cmake'
[0.646s] INFO:colcon.colcon_cmake.task.cmake.build:Building CMake package in '/home/ben/KV6022_limo_ros2/src/limo_description'
[0.651s] INFO:colcon.colcon_core.plugin_system:Skipping extension 'colcon_core.shell.bat': Not used on non-Windows systems
[0.651s] INFO:colcon.colcon_core.shell:Skip shell extension 'powershell' for command environment: Not usable outside of PowerShell
[0.651s] DEBUG:colcon.colcon_core.shell:Skip shell extension 'dsv' for command environment
[0.661s] INFO:colcon.colcon_ros.task.ament_cmake.build:Building ROS package in '/home/ben/KV6022_limo_ros2/src/limo_msgs' with build type 'ament_cmake'
[0.661s] INFO:colcon.colcon_cmake.task.cmake.build:Building CMake package in '/home/ben/KV6022_limo_ros2/src/limo_msgs'
[0.661s] INFO:colcon.colcon_core.shell:Skip shell extension 'powershell' for command environment: Not usable outside of PowerShell
[0.661s] DEBUG:colcon.colcon_core.shell:Skip shell extension 'dsv' for command environment
[0.671s] INFO:colcon.colcon_ros.task.ament_python.build:Building ROS package in '/home/ben/KV6022_limo_ros2/src/KV6022_assessment' with build type 'ament_python'
[0.671s] Level 1:colcon.colcon_core.shell:create_environment_hook('KV6022_assessment', 'ament_prefix_path')
[0.671s] INFO:colcon.colcon_core.shell:Creating environment hook '/home/ben/KV6022_limo_ros2/install/KV6022_assessment/share/KV6022_assessment/hook/ament_prefix_path.ps1'
[0.672s] INFO:colcon.colcon_core.shell:Creating environment descriptor '/home/ben/KV6022_limo_ros2/install/KV6022_assessment/share/KV6022_assessment/hook/ament_prefix_path.dsv'
[0.673s] INFO:colcon.colcon_core.shell:Creating environment hook '/home/ben/KV6022_limo_ros2/install/KV6022_assessment/share/KV6022_assessment/hook/ament_prefix_path.sh'
[0.674s] INFO:colcon.colcon_core.shell:Skip shell extension 'powershell' for command environment: Not usable outside of PowerShell
[0.674s] DEBUG:colcon.colcon_core.shell:Skip shell extension 'dsv' for command environment
[0.683s] INFO:colcon.colcon_ros.task.ament_python.build:Building ROS package in '/home/ben/KV6022_limo_ros2/src/example_codes' with build type 'ament_python'
[0.684s] Level 1:colcon.colcon_core.shell:create_environment_hook('example_codes', 'ament_prefix_path')
[0.684s] INFO:colcon.colcon_core.shell:Creating environment hook '/home/ben/KV6022_limo_ros2/install/example_codes/share/example_codes/hook/ament_prefix_path.ps1'
[0.685s] INFO:colcon.colcon_core.shell:Creating environment descriptor '/home/ben/KV6022_limo_ros2/install/example_codes/share/example_codes/hook/ament_prefix_path.dsv'
[0.685s] INFO:colcon.colcon_core.shell:Creating environment hook '/home/ben/KV6022_limo_ros2/install/example_codes/share/example_codes/hook/ament_prefix_path.sh'
[0.686s] INFO:colcon.colcon_core.shell:Skip shell extension 'powershell' for command environment: Not usable outside of PowerShell
[0.686s] DEBUG:colcon.colcon_core.shell:Skip shell extension 'dsv' for command environment
[0.695s] INFO:colcon.colcon_ros.task.ament_python.build:Building ROS package in '/home/ben/KV6022_limo_ros2/src/trajectory_referee' with build type 'ament_python'
[0.695s] Level 1:colcon.colcon_core.shell:create_environment_hook('trajectory_referee', 'ament_prefix_path')
[0.696s] INFO:colcon.colcon_core.shell:Creating environment hook '/home/ben/KV6022_limo_ros2/install/trajectory_referee/share/trajectory_referee/hook/ament_prefix_path.ps1'
[0.697s] INFO:colcon.colcon_core.shell:Creating environment descriptor '/home/ben/KV6022_limo_ros2/install/trajectory_referee/share/trajectory_referee/hook/ament_prefix_path.dsv'
[0.697s] INFO:colcon.colcon_core.shell:Creating environment hook '/home/ben/KV6022_limo_ros2/install/trajectory_referee/share/trajectory_referee/hook/ament_prefix_path.sh'
[0.700s] INFO:colcon.colcon_core.shell:Skip shell extension 'powershell' for command environment: Not usable outside of PowerShell
[0.700s] DEBUG:colcon.colcon_core.shell:Skip shell extension 'dsv' for command environment
[0.708s] INFO:colcon.colcon_ros.task.ament_python.build:Building ROS package in '/home/ben/KV6022_limo_ros2/src/trajectory_skeleton' with build type 'ament_python'
[0.708s] Level 1:colcon.colcon_core.shell:create_environment_hook('trajectory_skeleton', 'ament_prefix_path')
[0.709s] INFO:colcon.colcon_core.shell:Creating environment hook '/home/ben/KV6022_limo_ros2/install/trajectory_skeleton/share/trajectory_skeleton/hook/ament_prefix_path.ps1'
[0.710s] INFO:colcon.colcon_core.shell:Creating environment descriptor '/home/ben/KV6022_limo_ros2/install/trajectory_skeleton/share/trajectory_skeleton/hook/ament_prefix_path.dsv'
[0.710s] INFO:colcon.colcon_core.shell:Creating environment hook '/home/ben/KV6022_limo_ros2/install/trajectory_skeleton/share/trajectory_skeleton/hook/ament_prefix_path.sh'
[0.711s] INFO:colcon.colcon_core.shell:Skip shell extension 'powershell' for command environment: Not usable outside of PowerShell
[0.711s] DEBUG:colcon.colcon_core.shell:Skip shell extension 'dsv' for command environment
[0.730s] DEBUG:colcon.colcon_core.event_handler.log_command:Invoking command in '/home/ben/KV6022_limo_ros2/build/limo_description': CMAKE_PREFIX_PATH=/opt/ros/humble CONDA_PROMPT_MODIFIER=(ros2) /usr/bin/cmake /home/ben/KV6022_limo_ros2/src/limo_description -DAMENT_CMAKE_SYMLINK_INSTALL=1 -DCMAKE_INSTALL_PREFIX=/home/ben/KV6022_limo_ros2/install/limo_description
[0.736s] DEBUG:colcon.colcon_core.event_handler.log_command:Invoking command in '/home/ben/KV6022_limo_ros2/build/limo_msgs': CMAKE_PREFIX_PATH=/opt/ros/humble CONDA_PROMPT_MODIFIER=(ros2) /usr/bin/cmake /home/ben/KV6022_limo_ros2/src/limo_msgs -DAMENT_CMAKE_SYMLINK_INSTALL=1 -DCMAKE_INSTALL_PREFIX=/home/ben/KV6022_limo_ros2/install/limo_msgs
[1.193s] INFO:colcon.colcon_core.task.python.build:Building Python package in '/home/ben/KV6022_limo_ros2/src/KV6022_assessment'
[1.193s] INFO:colcon.colcon_core.shell:Skip shell extension 'powershell' for command environment: Not usable outside of PowerShell
[1.193s] DEBUG:colcon.colcon_core.shell:Skip shell extension 'dsv' for command environment
[1.654s] INFO:colcon.colcon_core.task.python.build:Building Python package in '/home/ben/KV6022_limo_ros2/src/example_codes'
[1.654s] INFO:colcon.colcon_core.shell:Skip shell extension 'powershell' for command environment: Not usable outside of PowerShell
[1.654s] DEBUG:colcon.colcon_core.shell:Skip shell extension 'dsv' for command environment
[2.107s] INFO:colcon.colcon_core.task.python.build:Building Python package in '/home/ben/KV6022_limo_ros2/src/trajectory_referee'
[2.108s] INFO:colcon.colcon_core.shell:Skip shell extension 'powershell' for command environment: Not usable outside of PowerShell
[2.108s] DEBUG:colcon.colcon_core.shell:Skip shell extension 'dsv' for command environment
[2.587s] INFO:colcon.colcon_core.task.python.build:Building Python package in '/home/ben/KV6022_limo_ros2/src/trajectory_skeleton'
[2.588s] INFO:colcon.colcon_core.shell:Skip shell extension 'powershell' for command environment: Not usable outside of PowerShell
[2.588s] DEBUG:colcon.colcon_core.shell:Skip shell extension 'dsv' for command environment
[2.800s] DEBUG:colcon.colcon_core.event_handler.log_command:Invoked command in '/home/ben/KV6022_limo_ros2/build/limo_description' returned '0': CMAKE_PREFIX_PATH=/opt/ros/humble CONDA_PROMPT_MODIFIER=(ros2) /usr/bin/cmake /home/ben/KV6022_limo_ros2/src/limo_description -DAMENT_CMAKE_SYMLINK_INSTALL=1 -DCMAKE_INSTALL_PREFIX=/home/ben/KV6022_limo_ros2/install/limo_description
[2.801s] DEBUG:colcon.colcon_core.event_handler.log_command:Invoking command in '/home/ben/KV6022_limo_ros2/build/limo_description': CMAKE_PREFIX_PATH=/opt/ros/humble CONDA_PROMPT_MODIFIER=(ros2) /usr/bin/cmake --build /home/ben/KV6022_limo_ros2/build/limo_description -- -j8 -l8
[2.948s] DEBUG:colcon.colcon_core.event_handler.log_command:Invoked command in '/home/ben/KV6022_limo_ros2/build/limo_description' returned '0': CMAKE_PREFIX_PATH=/opt/ros/humble CONDA_PROMPT_MODIFIER=(ros2) /usr/bin/cmake --build /home/ben/KV6022_limo_ros2/build/limo_description -- -j8 -l8
[2.980s] DEBUG:colcon.colcon_core.event_handler.log_command:Invoking command in '/home/ben/KV6022_limo_ros2/build/limo_description': CMAKE_PREFIX_PATH=/opt/ros/humble CONDA_PROMPT_MODIFIER=(ros2) /usr/bin/cmake --install /home/ben/KV6022_limo_ros2/build/limo_description
[3.546s] DEBUG:colcon.colcon_core.task.python.build:Available setuptools commands: build_scripts, bdist_dumb, setopt, extract_messages, upload_docs, check, install, alias, sdist, register, compile_catalog, update_catalog, install_lib, build_clib, build_ext, clean, egg_info, test, install_data, easy_install, develop, init_catalog, build, upload, symlink_data, saveopts, bdist, install_headers, dist_info, install_scripts, rotate, build_py, install_egg_info, bdist_egg, bdist_rpm
[3.550s] DEBUG:colcon.colcon_core.task.python.build:Available setuptools commands: build_scripts, bdist_dumb, setopt, extract_messages, upload_docs, check, install, alias, sdist, register, compile_catalog, update_catalog, install_lib, build_clib, build_ext, clean, egg_info, test, install_data, easy_install, develop, init_catalog, build, upload, symlink_data, saveopts, bdist, install_headers, dist_info, install_scripts, rotate, build_py, install_egg_info, bdist_egg, bdist_rpm
[3.556s] DEBUG:colcon.colcon_core.task.python.build:Available setuptools commands: build_scripts, bdist_dumb, setopt, extract_messages, upload_docs, check, install, alias, sdist, register, compile_catalog, update_catalog, install_lib, build_clib, build_ext, clean, egg_info, test, install_data, easy_install, develop, init_catalog, build, upload, symlink_data, saveopts, bdist, install_headers, dist_info, install_scripts, rotate, build_py, install_egg_info, bdist_egg, bdist_rpm
[3.558s] DEBUG:colcon.colcon_core.task.python.build:Available setuptools commands: build_scripts, bdist_dumb, setopt, extract_messages, upload_docs, check, install, alias, sdist, register, compile_catalog, update_catalog, install_lib, build_clib, build_ext, clean, egg_info, test, install_data, easy_install, develop, init_catalog, build, upload, symlink_data, saveopts, bdist, install_headers, dist_info, install_scripts, rotate, build_py, install_egg_info, bdist_egg, bdist_rpm
[4.052s] DEBUG:colcon.colcon_core.task.python.build:Available setuptools 'develop' options: --no-user-cfg, --editable, --force-installation-into-system-dir, --always-copy, --zip-ok, --build-directory, --always-unzip, --dry-run, --install-layout, --site-dirs, --uninstall, --verbose, --install-dir, --optimize, --find-links, --exclude-scripts, --upgrade, --allow-hosts, --user, --multi-version, --no-find-links, --no-deps, --index-url, --help, --quiet, --script-dir, --version, --local-snapshots-ok, --egg-path, --prefix, --record
[4.058s] DEBUG:colcon.colcon_core.event_handler.log_command:Invoking command in '/home/ben/KV6022_limo_ros2/build/example_codes': CONDA_PROMPT_MODIFIER=(ros2) PYTHONPATH=/home/ben/KV6022_limo_ros2/build/example_codes/prefix_override:/usr/lib/python3/dist-packages/colcon_core/task/python/colcon_distutils_commands:/home/ben/KV6022_limo_ros2/install/example_codes/lib/python3.10/site-packages:${PYTHONPATH} /usr/bin/python3 -W ignore:setup.py install is deprecated -W ignore:easy_install command is deprecated setup.py develop --editable --build-directory /home/ben/KV6022_limo_ros2/build/example_codes/build --no-deps symlink_data
[4.061s] DEBUG:colcon.colcon_core.task.python.build:Available setuptools 'develop' options: --no-user-cfg, --editable, --force-installation-into-system-dir, --always-copy, --zip-ok, --build-directory, --always-unzip, --dry-run, --install-layout, --site-dirs, --uninstall, --verbose, --install-dir, --optimize, --find-links, --exclude-scripts, --upgrade, --allow-hosts, --user, --multi-version, --no-find-links, --no-deps, --index-url, --help, --quiet, --script-dir, --version, --local-snapshots-ok, --egg-path, --prefix, --record
[4.070s] DEBUG:colcon.colcon_core.task.python.build:Available setuptools 'develop' options: --no-user-cfg, --editable, --force-installation-into-system-dir, --always-copy, --zip-ok, --build-directory, --always-unzip, --dry-run, --install-layout, --site-dirs, --uninstall, --verbose, --install-dir, --optimize, --find-links, --exclude-scripts, --upgrade, --allow-hosts, --user, --multi-version, --no-find-links, --no-deps, --index-url, --help, --quiet, --script-dir, --version, --local-snapshots-ok, --egg-path, --prefix, --record
[4.074s] DEBUG:colcon.colcon_core.event_handler.log_command:Invoking command in '/home/ben/KV6022_limo_ros2/build/trajectory_referee': CONDA_PROMPT_MODIFIER=(ros2) PYTHONPATH=/home/ben/KV6022_limo_ros2/build/trajectory_referee/prefix_override:/usr/lib/python3/dist-packages/colcon_core/task/python/colcon_distutils_commands:/home/ben/KV6022_limo_ros2/install/trajectory_referee/lib/python3.10/site-packages:${PYTHONPATH} /usr/bin/python3 -W ignore:setup.py install is deprecated -W ignore:easy_install command is deprecated setup.py develop --editable --build-directory /home/ben/KV6022_limo_ros2/build/trajectory_referee/build --no-deps symlink_data
[4.075s] DEBUG:colcon.colcon_core.event_handler.log_command:Invoking command in '/home/ben/KV6022_limo_ros2/build/KV6022_assessment': CONDA_PROMPT_MODIFIER=(ros2) PYTHONPATH=/home/ben/KV6022_limo_ros2/build/KV6022_assessment/prefix_override:/usr/lib/python3/dist-packages/colcon_core/task/python/colcon_distutils_commands:/home/ben/KV6022_limo_ros2/install/KV6022_assessment/lib/python3.10/site-packages:${PYTHONPATH} /usr/bin/python3 -W ignore:setup.py install is deprecated -W ignore:easy_install command is deprecated setup.py develop --editable --build-directory /home/ben/KV6022_limo_ros2/build/KV6022_assessment/build --no-deps symlink_data
[4.096s] DEBUG:colcon.colcon_core.task.python.build:Available setuptools 'develop' options: --no-user-cfg, --editable, --force-installation-into-system-dir, --always-copy, --zip-ok, --build-directory, --always-unzip, --dry-run, --install-layout, --site-dirs, --uninstall, --verbose, --install-dir, --optimize, --find-links, --exclude-scripts, --upgrade, --allow-hosts, --user, --multi-version, --no-find-links, --no-deps, --index-url, --help, --quiet, --script-dir, --version, --local-snapshots-ok, --egg-path, --prefix, --record
[4.099s] DEBUG:colcon.colcon_core.event_handler.log_command:Invoking command in '/home/ben/KV6022_limo_ros2/build/trajectory_skeleton': CONDA_PROMPT_MODIFIER=(ros2) PYTHONPATH=/home/ben/KV6022_limo_ros2/build/trajectory_skeleton/prefix_override:/usr/lib/python3/dist-packages/colcon_core/task/python/colcon_distutils_commands:/home/ben/KV6022_limo_ros2/install/trajectory_skeleton/lib/python3.10/site-packages:${PYTHONPATH} /usr/bin/python3 -W ignore:setup.py install is deprecated -W ignore:easy_install command is deprecated setup.py develop --editable --build-directory /home/ben/KV6022_limo_ros2/build/trajectory_skeleton/build --no-deps symlink_data
[4.619s] Level 1:colcon.colcon_core.environment:create_environment_scripts_only(limo_description)
[4.623s] DEBUG:colcon.colcon_core.event_handler.log_command:Invoked command in '/home/ben/KV6022_limo_ros2/build/limo_description' returned '0': CMAKE_PREFIX_PATH=/opt/ros/humble CONDA_PROMPT_MODIFIER=(ros2) /usr/bin/cmake --install /home/ben/KV6022_limo_ros2/build/limo_description
[4.625s] Level 1:colcon.colcon_core.environment:checking '/home/ben/KV6022_limo_ros2/install/limo_description' for CMake module files
[4.626s] Level 1:colcon.colcon_core.environment:checking '/home/ben/KV6022_limo_ros2/install/limo_description' for CMake config files
[4.627s] Level 1:colcon.colcon_core.shell:create_environment_hook('limo_description', 'cmake_prefix_path')
[4.627s] INFO:colcon.colcon_core.shell:Creating environment hook '/home/ben/KV6022_limo_ros2/install/limo_description/share/limo_description/hook/cmake_prefix_path.ps1'
[4.628s] INFO:colcon.colcon_core.shell:Creating environment descriptor '/home/ben/KV6022_limo_ros2/install/limo_description/share/limo_description/hook/cmake_prefix_path.dsv'
[4.629s] INFO:colcon.colcon_core.shell:Creating environment hook '/home/ben/KV6022_limo_ros2/install/limo_description/share/limo_description/hook/cmake_prefix_path.sh'
[4.630s] Level 1:colcon.colcon_core.environment:checking '/home/ben/KV6022_limo_ros2/install/limo_description/bin'
[4.630s] Level 1:colcon.colcon_core.environment:checking '/home/ben/KV6022_limo_ros2/install/limo_description/lib/pkgconfig/limo_description.pc'
[4.630s] Level 1:colcon.colcon_core.environment:checking '/home/ben/KV6022_limo_ros2/install/limo_description/lib/python3.10/site-packages'
[4.630s] Level 1:colcon.colcon_core.environment:checking '/home/ben/KV6022_limo_ros2/install/limo_description/bin'
[4.631s] INFO:colcon.colcon_core.shell:Creating package script '/home/ben/KV6022_limo_ros2/install/limo_description/share/limo_description/package.ps1'
[4.632s] INFO:colcon.colcon_core.shell:Creating package descriptor '/home/ben/KV6022_limo_ros2/install/limo_description/share/limo_description/package.dsv'
[4.634s] INFO:colcon.colcon_core.shell:Creating package script '/home/ben/KV6022_limo_ros2/install/limo_description/share/limo_description/package.sh'
[4.635s] INFO:colcon.colcon_core.shell:Creating package script '/home/ben/KV6022_limo_ros2/install/limo_description/share/limo_description/package.bash'
[4.636s] INFO:colcon.colcon_core.shell:Creating package script '/home/ben/KV6022_limo_ros2/install/limo_description/share/limo_description/package.zsh'
[4.637s] Level 1:colcon.colcon_core.environment:create_file_with_runtime_dependencies(/home/ben/KV6022_limo_ros2/install/limo_description/share/colcon-core/packages/limo_description)
[4.638s] Level 1:colcon.colcon_core.environment:create_environment_scripts_only(limo_description)
[4.638s] Level 1:colcon.colcon_core.environment:checking '/home/ben/KV6022_limo_ros2/install/limo_description' for CMake module files
[4.639s] Level 1:colcon.colcon_core.environment:checking '/home/ben/KV6022_limo_ros2/install/limo_description' for CMake config files
[4.641s] Level 1:colcon.colcon_core.shell:create_environment_hook('limo_description', 'cmake_prefix_path')
[4.641s] INFO:colcon.colcon_core.shell:Creating environment hook '/home/ben/KV6022_limo_ros2/install/limo_description/share/limo_description/hook/cmake_prefix_path.ps1'
[4.641s] INFO:colcon.colcon_core.shell:Creating environment descriptor '/home/ben/KV6022_limo_ros2/install/limo_description/share/limo_description/hook/cmake_prefix_path.dsv'
[4.642s] INFO:colcon.colcon_core.shell:Creating environment hook '/home/ben/KV6022_limo_ros2/install/limo_description/share/limo_description/hook/cmake_prefix_path.sh'
[4.643s] Level 1:colcon.colcon_core.environment:checking '/home/ben/KV6022_limo_ros2/install/limo_description/bin'
[4.643s] Level 1:colcon.colcon_core.environment:checking '/home/ben/KV6022_limo_ros2/install/limo_description/lib/pkgconfig/limo_description.pc'
[4.643s] Level 1:colcon.colcon_core.environment:checking '/home/ben/KV6022_limo_ros2/install/limo_description/lib/python3.10/site-packages'
[4.644s] Level 1:colcon.colcon_core.environment:checking '/home/ben/KV6022_limo_ros2/install/limo_description/bin'
[4.644s] INFO:colcon.colcon_core.shell:Creating package script '/home/ben/KV6022_limo_ros2/install/limo_description/share/limo_description/package.ps1'
[4.645s] INFO:colcon.colcon_core.shell:Creating package descriptor '/home/ben/KV6022_limo_ros2/install/limo_description/share/limo_description/package.dsv'
[4.645s] INFO:colcon.colcon_core.shell:Creating package script '/home/ben/KV6022_limo_ros2/install/limo_description/share/limo_description/package.sh'
[4.646s] INFO:colcon.colcon_core.shell:Creating package script '/home/ben/KV6022_limo_ros2/install/limo_description/share/limo_description/package.bash'
[4.647s] INFO:colcon.colcon_core.shell:Creating package script '/home/ben/KV6022_limo_ros2/install/limo_description/share/limo_description/package.zsh'
[4.648s] Level 1:colcon.colcon_core.environment:create_file_with_runtime_dependencies(/home/ben/KV6022_limo_ros2/install/limo_description/share/colcon-core/packages/limo_description)
[4.984s] Level 1:colcon.colcon_core.shell:create_environment_hook('example_codes', 'pythonpath_develop')
[4.985s] INFO:colcon.colcon_core.shell:Creating environment hook '/home/ben/KV6022_limo_ros2/build/example_codes/share/example_codes/hook/pythonpath_develop.ps1'
[4.985s] DEBUG:colcon.colcon_core.event_handler.log_command:Invoked command in '/home/ben/KV6022_limo_ros2/build/example_codes' returned '0': CONDA_PROMPT_MODIFIER=(ros2) PYTHONPATH=/home/ben/KV6022_limo_ros2/build/example_codes/prefix_override:/usr/lib/python3/dist-packages/colcon_core/task/python/colcon_distutils_commands:/home/ben/KV6022_limo_ros2/install/example_codes/lib/python3.10/site-packages:${PYTHONPATH} /usr/bin/python3 -W ignore:setup.py install is deprecated -W ignore:easy_install command is deprecated setup.py develop --editable --build-directory /home/ben/KV6022_limo_ros2/build/example_codes/build --no-deps symlink_data
[4.987s] INFO:colcon.colcon_core.shell:Creating environment descriptor '/home/ben/KV6022_limo_ros2/build/example_codes/share/example_codes/hook/pythonpath_develop.dsv'
[4.988s] INFO:colcon.colcon_core.shell:Creating environment hook '/home/ben/KV6022_limo_ros2/build/example_codes/share/example_codes/hook/pythonpath_develop.sh'
[4.989s] Level 1:colcon.colcon_core.environment:checking '/home/ben/KV6022_limo_ros2/install/example_codes' for CMake module files
[4.989s] Level 1:colcon.colcon_core.environment:checking '/home/ben/KV6022_limo_ros2/install/example_codes' for CMake config files
[4.991s] Level 1:colcon.colcon_core.environment:checking '/home/ben/KV6022_limo_ros2/install/example_codes/lib'
[4.991s] Level 1:colcon.colcon_core.environment:checking '/home/ben/KV6022_limo_ros2/install/example_codes/bin'
[4.991s] Level 1:colcon.colcon_core.environment:checking '/home/ben/KV6022_limo_ros2/install/example_codes/lib/pkgconfig/example_codes.pc'
[4.991s] Level 1:colcon.colcon_core.environment:checking '/home/ben/KV6022_limo_ros2/install/example_codes/lib/python3.10/site-packages'
[4.991s] Level 1:colcon.colcon_core.shell:create_environment_hook('example_codes', 'pythonpath')
[4.992s] INFO:colcon.colcon_core.shell:Creating environment hook '/home/ben/KV6022_limo_ros2/install/example_codes/share/example_codes/hook/pythonpath.ps1'
[4.992s] INFO:colcon.colcon_core.shell:Creating environment descriptor '/home/ben/KV6022_limo_ros2/install/example_codes/share/example_codes/hook/pythonpath.dsv'
[4.993s] INFO:colcon.colcon_core.shell:Creating environment hook '/home/ben/KV6022_limo_ros2/install/example_codes/share/example_codes/hook/pythonpath.sh'
[4.993s] Level 1:colcon.colcon_core.environment:checking '/home/ben/KV6022_limo_ros2/install/example_codes/bin'
[4.993s] Level 1:colcon.colcon_core.environment:create_environment_scripts_only(example_codes)
[4.994s] INFO:colcon.colcon_core.shell:Creating package script '/home/ben/KV6022_limo_ros2/install/example_codes/share/example_codes/package.ps1'
[4.994s] INFO:colcon.colcon_core.shell:Creating package descriptor '/home/ben/KV6022_limo_ros2/install/example_codes/share/example_codes/package.dsv'
[4.997s] INFO:colcon.colcon_core.shell:Creating package script '/home/ben/KV6022_limo_ros2/install/example_codes/share/example_codes/package.sh'
[4.999s] INFO:colcon.colcon_core.shell:Creating package script '/home/ben/KV6022_limo_ros2/install/example_codes/share/example_codes/package.bash'
[5.001s] INFO:colcon.colcon_core.shell:Creating package script '/home/ben/KV6022_limo_ros2/install/example_codes/share/example_codes/package.zsh'
[5.002s] Level 1:colcon.colcon_core.environment:create_file_with_runtime_dependencies(/home/ben/KV6022_limo_ros2/install/example_codes/share/colcon-core/packages/example_codes)
[5.007s] Level 1:colcon.colcon_core.shell:create_environment_hook('trajectory_referee', 'pythonpath_develop')
[5.007s] INFO:colcon.colcon_core.shell:Creating environment hook '/home/ben/KV6022_limo_ros2/build/trajectory_referee/share/trajectory_referee/hook/pythonpath_develop.ps1'
[5.012s] INFO:colcon.colcon_core.shell:Creating environment descriptor '/home/ben/KV6022_limo_ros2/build/trajectory_referee/share/trajectory_referee/hook/pythonpath_develop.dsv'
[5.013s] DEBUG:colcon.colcon_core.event_handler.log_command:Invoked command in '/home/ben/KV6022_limo_ros2/build/trajectory_referee' returned '0': CONDA_PROMPT_MODIFIER=(ros2) PYTHONPATH=/home/ben/KV6022_limo_ros2/build/trajectory_referee/prefix_override:/usr/lib/python3/dist-packages/colcon_core/task/python/colcon_distutils_commands:/home/ben/KV6022_limo_ros2/install/trajectory_referee/lib/python3.10/site-packages:${PYTHONPATH} /usr/bin/python3 -W ignore:setup.py install is deprecated -W ignore:easy_install command is deprecated setup.py develop --editable --build-directory /home/ben/KV6022_limo_ros2/build/trajectory_referee/build --no-deps symlink_data
[5.014s] INFO:colcon.colcon_core.shell:Creating environment hook '/home/ben/KV6022_limo_ros2/build/trajectory_referee/share/trajectory_referee/hook/pythonpath_develop.sh'
[5.015s] Level 1:colcon.colcon_core.environment:checking '/home/ben/KV6022_limo_ros2/install/trajectory_referee' for CMake module files
[5.016s] Level 1:colcon.colcon_core.environment:checking '/home/ben/KV6022_limo_ros2/install/trajectory_referee' for CMake config files
[5.019s] Level 1:colcon.colcon_core.environment:checking '/home/ben/KV6022_limo_ros2/install/trajectory_referee/lib'
[5.019s] Level 1:colcon.colcon_core.environment:checking '/home/ben/KV6022_limo_ros2/install/trajectory_referee/bin'
[5.019s] Level 1:colcon.colcon_core.environment:checking '/home/ben/KV6022_limo_ros2/install/trajectory_referee/lib/pkgconfig/trajectory_referee.pc'
[5.019s] Level 1:colcon.colcon_core.environment:checking '/home/ben/KV6022_limo_ros2/install/trajectory_referee/lib/python3.10/site-packages'
[5.019s] Level 1:colcon.colcon_core.shell:create_environment_hook('trajectory_referee', 'pythonpath')
[5.020s] INFO:colcon.colcon_core.shell:Creating environment hook '/home/ben/KV6022_limo_ros2/install/trajectory_referee/share/trajectory_referee/hook/pythonpath.ps1'
[5.020s] INFO:colcon.colcon_core.shell:Creating environment descriptor '/home/ben/KV6022_limo_ros2/install/trajectory_referee/share/trajectory_referee/hook/pythonpath.dsv'
[5.021s] INFO:colcon.colcon_core.shell:Creating environment hook '/home/ben/KV6022_limo_ros2/install/trajectory_referee/share/trajectory_referee/hook/pythonpath.sh'
[5.021s] Level 1:colcon.colcon_core.environment:checking '/home/ben/KV6022_limo_ros2/install/trajectory_referee/bin'
[5.022s] Level 1:colcon.colcon_core.environment:create_environment_scripts_only(trajectory_referee)
[5.022s] INFO:colcon.colcon_core.shell:Creating package script '/home/ben/KV6022_limo_ros2/install/trajectory_referee/share/trajectory_referee/package.ps1'
[5.023s] INFO:colcon.colcon_core.shell:Creating package descriptor '/home/ben/KV6022_limo_ros2/install/trajectory_referee/share/trajectory_referee/package.dsv'
[5.023s] INFO:colcon.colcon_core.shell:Creating package script '/home/ben/KV6022_limo_ros2/install/trajectory_referee/share/trajectory_referee/package.sh'
[5.024s] INFO:colcon.colcon_core.shell:Creating package script '/home/ben/KV6022_limo_ros2/install/trajectory_referee/share/trajectory_referee/package.bash'
[5.025s] INFO:colcon.colcon_core.shell:Creating package script '/home/ben/KV6022_limo_ros2/install/trajectory_referee/share/trajectory_referee/package.zsh'
[5.025s] Level 1:colcon.colcon_core.environment:create_file_with_runtime_dependencies(/home/ben/KV6022_limo_ros2/install/trajectory_referee/share/colcon-core/packages/trajectory_referee)
[5.026s] Level 1:colcon.colcon_core.shell:create_environment_hook('KV6022_assessment', 'pythonpath_develop')
[5.026s] INFO:colcon.colcon_core.shell:Creating environment hook '/home/ben/KV6022_limo_ros2/build/KV6022_assessment/share/KV6022_assessment/hook/pythonpath_develop.ps1'
[5.028s] INFO:colcon.colcon_core.shell:Creating environment descriptor '/home/ben/KV6022_limo_ros2/build/KV6022_assessment/share/KV6022_assessment/hook/pythonpath_develop.dsv'
[5.029s] DEBUG:colcon.colcon_core.event_handler.log_command:Invoked command in '/home/ben/KV6022_limo_ros2/build/KV6022_assessment' returned '0': CONDA_PROMPT_MODIFIER=(ros2) PYTHONPATH=/home/ben/KV6022_limo_ros2/build/KV6022_assessment/prefix_override:/usr/lib/python3/dist-packages/colcon_core/task/python/colcon_distutils_commands:/home/ben/KV6022_limo_ros2/install/KV6022_assessment/lib/python3.10/site-packages:${PYTHONPATH} /usr/bin/python3 -W ignore:setup.py install is deprecated -W ignore:easy_install command is deprecated setup.py develop --editable --build-directory /home/ben/KV6022_limo_ros2/build/KV6022_assessment/build --no-deps symlink_data
[5.029s] INFO:colcon.colcon_core.shell:Creating environment hook '/home/ben/KV6022_limo_ros2/build/KV6022_assessment/share/KV6022_assessment/hook/pythonpath_develop.sh'
[5.030s] Level 1:colcon.colcon_core.environment:checking '/home/ben/KV6022_limo_ros2/install/KV6022_assessment' for CMake module files
[5.031s] Level 1:colcon.colcon_core.environment:checking '/home/ben/KV6022_limo_ros2/install/KV6022_assessment' for CMake config files
[5.033s] Level 1:colcon.colcon_core.environment:checking '/home/ben/KV6022_limo_ros2/install/KV6022_assessment/lib'
[5.034s] Level 1:colcon.colcon_core.environment:checking '/home/ben/KV6022_limo_ros2/install/KV6022_assessment/bin'
[5.034s] Level 1:colcon.colcon_core.environment:checking '/home/ben/KV6022_limo_ros2/install/KV6022_assessment/lib/pkgconfig/KV6022_assessment.pc'
[5.034s] Level 1:colcon.colcon_core.environment:checking '/home/ben/KV6022_limo_ros2/install/KV6022_assessment/lib/python3.10/site-packages'
[5.034s] Level 1:colcon.colcon_core.shell:create_environment_hook('KV6022_assessment', 'pythonpath')
[5.034s] INFO:colcon.colcon_core.shell:Creating environment hook '/home/ben/KV6022_limo_ros2/install/KV6022_assessment/share/KV6022_assessment/hook/pythonpath.ps1'
[5.035s] INFO:colcon.colcon_core.shell:Creating environment descriptor '/home/ben/KV6022_limo_ros2/install/KV6022_assessment/share/KV6022_assessment/hook/pythonpath.dsv'
[5.035s] INFO:colcon.colcon_core.shell:Creating environment hook '/home/ben/KV6022_limo_ros2/install/KV6022_assessment/share/KV6022_assessment/hook/pythonpath.sh'
[5.036s] Level 1:colcon.colcon_core.environment:checking '/home/ben/KV6022_limo_ros2/install/KV6022_assessment/bin'
[5.036s] Level 1:colcon.colcon_core.environment:create_environment_scripts_only(KV6022_assessment)
[5.036s] INFO:colcon.colcon_core.shell:Creating package script '/home/ben/KV6022_limo_ros2/install/KV6022_assessment/share/KV6022_assessment/package.ps1'
[5.037s] INFO:colcon.colcon_core.shell:Creating package descriptor '/home/ben/KV6022_limo_ros2/install/KV6022_assessment/share/KV6022_assessment/package.dsv'
[5.037s] INFO:colcon.colcon_core.shell:Creating package script '/home/ben/KV6022_limo_ros2/install/KV6022_assessment/share/KV6022_assessment/package.sh'
[5.038s] INFO:colcon.colcon_core.shell:Creating package script '/home/ben/KV6022_limo_ros2/install/KV6022_assessment/share/KV6022_assessment/package.bash'
[5.038s] INFO:colcon.colcon_core.shell:Creating package script '/home/ben/KV6022_limo_ros2/install/KV6022_assessment/share/KV6022_assessment/package.zsh'
[5.039s] Level 1:colcon.colcon_core.environment:create_file_with_runtime_dependencies(/home/ben/KV6022_limo_ros2/install/KV6022_assessment/share/colcon-core/packages/KV6022_assessment)
[5.044s] Level 1:colcon.colcon_core.shell:create_environment_hook('trajectory_skeleton', 'pythonpath_develop')
[5.045s] INFO:colcon.colcon_core.shell:Creating environment hook '/home/ben/KV6022_limo_ros2/build/trajectory_skeleton/share/trajectory_skeleton/hook/pythonpath_develop.ps1'
[5.045s] DEBUG:colcon.colcon_core.event_handler.log_command:Invoked command in '/home/ben/KV6022_limo_ros2/build/trajectory_skeleton' returned '0': CONDA_PROMPT_MODIFIER=(ros2) PYTHONPATH=/home/ben/KV6022_limo_ros2/build/trajectory_skeleton/prefix_override:/usr/lib/python3/dist-packages/colcon_core/task/python/colcon_distutils_commands:/home/ben/KV6022_limo_ros2/install/trajectory_skeleton/lib/python3.10/site-packages:${PYTHONPATH} /usr/bin/python3 -W ignore:setup.py install is deprecated -W ignore:easy_install command is deprecated setup.py develop --editable --build-directory /home/ben/KV6022_limo_ros2/build/trajectory_skeleton/build --no-deps symlink_data
[5.046s] INFO:colcon.colcon_core.shell:Creating environment descriptor '/home/ben/KV6022_limo_ros2/build/trajectory_skeleton/share/trajectory_skeleton/hook/pythonpath_develop.dsv'
[5.047s] INFO:colcon.colcon_core.shell:Creating environment hook '/home/ben/KV6022_limo_ros2/build/trajectory_skeleton/share/trajectory_skeleton/hook/pythonpath_develop.sh'
[5.047s] Level 1:colcon.colcon_core.environment:checking '/home/ben/KV6022_limo_ros2/install/trajectory_skeleton' for CMake module files
[5.048s] Level 1:colcon.colcon_core.environment:checking '/home/ben/KV6022_limo_ros2/install/trajectory_skeleton' for CMake config files
[5.050s] Level 1:colcon.colcon_core.environment:checking '/home/ben/KV6022_limo_ros2/install/trajectory_skeleton/lib'
[5.050s] Level 1:colcon.colcon_core.environment:checking '/home/ben/KV6022_limo_ros2/install/trajectory_skeleton/bin'
[5.050s] Level 1:colcon.colcon_core.environment:checking '/home/ben/KV6022_limo_ros2/install/trajectory_skeleton/lib/pkgconfig/trajectory_skeleton.pc'
[5.050s] Level 1:colcon.colcon_core.environment:checking '/home/ben/KV6022_limo_ros2/install/trajectory_skeleton/lib/python3.10/site-packages'
[5.050s] Level 1:colcon.colcon_core.shell:create_environment_hook('trajectory_skeleton', 'pythonpath')
[5.051s] INFO:colcon.colcon_core.shell:Creating environment hook '/home/ben/KV6022_limo_ros2/install/trajectory_skeleton/share/trajectory_skeleton/hook/pythonpath.ps1'
[5.051s] INFO:colcon.colcon_core.shell:Creating environment descriptor '/home/ben/KV6022_limo_ros2/install/trajectory_skeleton/share/trajectory_skeleton/hook/pythonpath.dsv'
[5.052s] INFO:colcon.colcon_core.shell:Creating environment hook '/home/ben/KV6022_limo_ros2/install/trajectory_skeleton/share/trajectory_skeleton/hook/pythonpath.sh'
[5.052s] Level 1:colcon.colcon_core.environment:checking '/home/ben/KV6022_limo_ros2/install/trajectory_skeleton/bin'
[5.052s] Level 1:colcon.colcon_core.environment:create_environment_scripts_only(trajectory_skeleton)
[5.053s] INFO:colcon.colcon_core.shell:Creating package script '/home/ben/KV6022_limo_ros2/install/trajectory_skeleton/share/trajectory_skeleton/package.ps1'
[5.053s] INFO:colcon.colcon_core.shell:Creating package descriptor '/home/ben/KV6022_limo_ros2/install/trajectory_skeleton/share/trajectory_skeleton/package.dsv'
[5.054s] INFO:colcon.colcon_core.shell:Creating package script '/home/ben/KV6022_limo_ros2/install/trajectory_skeleton/share/trajectory_skeleton/package.sh'
[5.055s] INFO:colcon.colcon_core.shell:Creating package script '/home/ben/KV6022_limo_ros2/install/trajectory_skeleton/share/trajectory_skeleton/package.bash'
[5.055s] INFO:colcon.colcon_core.shell:Creating package script '/home/ben/KV6022_limo_ros2/install/trajectory_skeleton/share/trajectory_skeleton/package.zsh'
[5.056s] Level 1:colcon.colcon_core.environment:create_file_with_runtime_dependencies(/home/ben/KV6022_limo_ros2/install/trajectory_skeleton/share/colcon-core/packages/trajectory_skeleton)
[5.262s] DEBUG:colcon.colcon_core.event_handler.log_command:Invoked command in '/home/ben/KV6022_limo_ros2/build/limo_msgs' returned '0': CMAKE_PREFIX_PATH=/opt/ros/humble CONDA_PROMPT_MODIFIER=(ros2) /usr/bin/cmake /home/ben/KV6022_limo_ros2/src/limo_msgs -DAMENT_CMAKE_SYMLINK_INSTALL=1 -DCMAKE_INSTALL_PREFIX=/home/ben/KV6022_limo_ros2/install/limo_msgs
[5.266s] DEBUG:colcon.colcon_core.event_handler.log_command:Invoking command in '/home/ben/KV6022_limo_ros2/build/limo_msgs': CMAKE_PREFIX_PATH=/opt/ros/humble CONDA_PROMPT_MODIFIER=(ros2) /usr/bin/cmake --build /home/ben/KV6022_limo_ros2/build/limo_msgs -- -j8 -l8
[8.963s] DEBUG:colcon.colcon_core.event_handler.log_command:Invoked command in '/home/ben/KV6022_limo_ros2/build/limo_msgs' returned '0': CMAKE_PREFIX_PATH=/opt/ros/humble CONDA_PROMPT_MODIFIER=(ros2) /usr/bin/cmake --build /home/ben/KV6022_limo_ros2/build/limo_msgs -- -j8 -l8
[8.967s] DEBUG:colcon.colcon_core.event_handler.log_command:Invoking command in '/home/ben/KV6022_limo_ros2/build/limo_msgs': CMAKE_PREFIX_PATH=/opt/ros/humble CONDA_PROMPT_MODIFIER=(ros2) /usr/bin/cmake --install /home/ben/KV6022_limo_ros2/build/limo_msgs
[10.999s] Level 1:colcon.colcon_core.environment:create_environment_scripts_only(limo_msgs)
[11.000s] Level 1:colcon.colcon_core.environment:checking '/home/ben/KV6022_limo_ros2/install/limo_msgs' for CMake module files
[11.001s] DEBUG:colcon.colcon_core.event_handler.log_command:Invoked command in '/home/ben/KV6022_limo_ros2/build/limo_msgs' returned '0': CMAKE_PREFIX_PATH=/opt/ros/humble CONDA_PROMPT_MODIFIER=(ros2) /usr/bin/cmake --install /home/ben/KV6022_limo_ros2/build/limo_msgs
[11.003s] Level 1:colcon.colcon_core.environment:checking '/home/ben/KV6022_limo_ros2/install/limo_msgs' for CMake config files
[11.005s] Level 1:colcon.colcon_core.shell:create_environment_hook('limo_msgs', 'cmake_prefix_path')
[11.005s] INFO:colcon.colcon_core.shell:Creating environment hook '/home/ben/KV6022_limo_ros2/install/limo_msgs/share/limo_msgs/hook/cmake_prefix_path.ps1'
[11.005s] INFO:colcon.colcon_core.shell:Creating environment descriptor '/home/ben/KV6022_limo_ros2/install/limo_msgs/share/limo_msgs/hook/cmake_prefix_path.dsv'
[11.006s] INFO:colcon.colcon_core.shell:Creating environment hook '/home/ben/KV6022_limo_ros2/install/limo_msgs/share/limo_msgs/hook/cmake_prefix_path.sh'
[11.006s] Level 1:colcon.colcon_core.environment:checking '/home/ben/KV6022_limo_ros2/install/limo_msgs/lib'
[11.007s] Level 1:colcon.colcon_core.shell:create_environment_hook('limo_msgs', 'ld_library_path_lib')
[11.007s] INFO:colcon.colcon_core.shell:Creating environment hook '/home/ben/KV6022_limo_ros2/install/limo_msgs/share/limo_msgs/hook/ld_library_path_lib.ps1'
[11.007s] INFO:colcon.colcon_core.shell:Creating environment descriptor '/home/ben/KV6022_limo_ros2/install/limo_msgs/share/limo_msgs/hook/ld_library_path_lib.dsv'
[11.008s] INFO:colcon.colcon_core.shell:Creating environment hook '/home/ben/KV6022_limo_ros2/install/limo_msgs/share/limo_msgs/hook/ld_library_path_lib.sh'
[11.008s] Level 1:colcon.colcon_core.environment:checking '/home/ben/KV6022_limo_ros2/install/limo_msgs/bin'
[11.008s] Level 1:colcon.colcon_core.environment:checking '/home/ben/KV6022_limo_ros2/install/limo_msgs/lib/pkgconfig/limo_msgs.pc'
[11.008s] Level 1:colcon.colcon_core.environment:checking '/home/ben/KV6022_limo_ros2/install/limo_msgs/lib/python3.10/site-packages'
[11.008s] Level 1:colcon.colcon_core.shell:create_environment_hook('limo_msgs', 'pythonpath')
[11.009s] INFO:colcon.colcon_core.shell:Creating environment hook '/home/ben/KV6022_limo_ros2/install/limo_msgs/share/limo_msgs/hook/pythonpath.ps1'
[11.009s] INFO:colcon.colcon_core.shell:Creating environment descriptor '/home/ben/KV6022_limo_ros2/install/limo_msgs/share/limo_msgs/hook/pythonpath.dsv'
[11.010s] INFO:colcon.colcon_core.shell:Creating environment hook '/home/ben/KV6022_limo_ros2/install/limo_msgs/share/limo_msgs/hook/pythonpath.sh'
[11.010s] Level 1:colcon.colcon_core.environment:checking '/home/ben/KV6022_limo_ros2/install/limo_msgs/bin'
[11.010s] INFO:colcon.colcon_core.shell:Creating package script '/home/ben/KV6022_limo_ros2/install/limo_msgs/share/limo_msgs/package.ps1'
[11.011s] INFO:colcon.colcon_core.shell:Creating package descriptor '/home/ben/KV6022_limo_ros2/install/limo_msgs/share/limo_msgs/package.dsv'
[11.012s] INFO:colcon.colcon_core.shell:Creating package script '/home/ben/KV6022_limo_ros2/install/limo_msgs/share/limo_msgs/package.sh'
[11.012s] INFO:colcon.colcon_core.shell:Creating package script '/home/ben/KV6022_limo_ros2/install/limo_msgs/share/limo_msgs/package.bash'
[11.013s] INFO:colcon.colcon_core.shell:Creating package script '/home/ben/KV6022_limo_ros2/install/limo_msgs/share/limo_msgs/package.zsh'
[11.013s] Level 1:colcon.colcon_core.environment:create_file_with_runtime_dependencies(/home/ben/KV6022_limo_ros2/install/limo_msgs/share/colcon-core/packages/limo_msgs)
[11.014s] Level 1:colcon.colcon_core.environment:create_environment_scripts_only(limo_msgs)
[11.014s] Level 1:colcon.colcon_core.environment:checking '/home/ben/KV6022_limo_ros2/install/limo_msgs' for CMake module files
[11.015s] Level 1:colcon.colcon_core.environment:checking '/home/ben/KV6022_limo_ros2/install/limo_msgs' for CMake config files
[11.017s] Level 1:colcon.colcon_core.shell:create_environment_hook('limo_msgs', 'cmake_prefix_path')
[11.017s] INFO:colcon.colcon_core.shell:Creating environment hook '/home/ben/KV6022_limo_ros2/install/limo_msgs/share/limo_msgs/hook/cmake_prefix_path.ps1'
[11.018s] INFO:colcon.colcon_core.shell:Creating environment descriptor '/home/ben/KV6022_limo_ros2/install/limo_msgs/share/limo_msgs/hook/cmake_prefix_path.dsv'
[11.019s] INFO:colcon.colcon_core.shell:Creating environment hook '/home/ben/KV6022_limo_ros2/install/limo_msgs/share/limo_msgs/hook/cmake_prefix_path.sh'
[11.019s] Level 1:colcon.colcon_core.environment:checking '/home/ben/KV6022_limo_ros2/install/limo_msgs/lib'
[11.020s] Level 1:colcon.colcon_core.shell:create_environment_hook('limo_msgs', 'ld_library_path_lib')
[11.020s] INFO:colcon.colcon_core.shell:Creating environment hook '/home/ben/KV6022_limo_ros2/install/limo_msgs/share/limo_msgs/hook/ld_library_path_lib.ps1'
[11.020s] INFO:colcon.colcon_core.shell:Creating environment descriptor '/home/ben/KV6022_limo_ros2/install/limo_msgs/share/limo_msgs/hook/ld_library_path_lib.dsv'
[11.021s] INFO:colcon.colcon_core.shell:Creating environment hook '/home/ben/KV6022_limo_ros2/install/limo_msgs/share/limo_msgs/hook/ld_library_path_lib.sh'
[11.021s] Level 1:colcon.colcon_core.environment:checking '/home/ben/KV6022_limo_ros2/install/limo_msgs/bin'
[11.021s] Level 1:colcon.colcon_core.environment:checking '/home/ben/KV6022_limo_ros2/install/limo_msgs/lib/pkgconfig/limo_msgs.pc'
[11.022s] Level 1:colcon.colcon_core.environment:checking '/home/ben/KV6022_limo_ros2/install/limo_msgs/lib/python3.10/site-packages'
[11.022s] Level 1:colcon.colcon_core.shell:create_environment_hook('limo_msgs', 'pythonpath')
[11.022s] INFO:colcon.colcon_core.shell:Creating environment hook '/home/ben/KV6022_limo_ros2/install/limo_msgs/share/limo_msgs/hook/pythonpath.ps1'
[11.022s] INFO:colcon.colcon_core.shell:Creating environment descriptor '/home/ben/KV6022_limo_ros2/install/limo_msgs/share/limo_msgs/hook/pythonpath.dsv'
[11.023s] INFO:colcon.colcon_core.shell:Creating environment hook '/home/ben/KV6022_limo_ros2/install/limo_msgs/share/limo_msgs/hook/pythonpath.sh'
[11.024s] Level 1:colcon.colcon_core.environment:checking '/home/ben/KV6022_limo_ros2/install/limo_msgs/bin'
[11.024s] INFO:colcon.colcon_core.shell:Creating package script '/home/ben/KV6022_limo_ros2/install/limo_msgs/share/limo_msgs/package.ps1'
[11.025s] INFO:colcon.colcon_core.shell:Creating package descriptor '/home/ben/KV6022_limo_ros2/install/limo_msgs/share/limo_msgs/package.dsv'
[11.025s] INFO:colcon.colcon_core.shell:Creating package script '/home/ben/KV6022_limo_ros2/install/limo_msgs/share/limo_msgs/package.sh'
[11.026s] INFO:colcon.colcon_core.shell:Creating package script '/home/ben/KV6022_limo_ros2/install/limo_msgs/share/limo_msgs/package.bash'
[11.027s] INFO:colcon.colcon_core.shell:Creating package script '/home/ben/KV6022_limo_ros2/install/limo_msgs/share/limo_msgs/package.zsh'
[11.027s] Level 1:colcon.colcon_core.environment:create_file_with_runtime_dependencies(/home/ben/KV6022_limo_ros2/install/limo_msgs/share/colcon-core/packages/limo_msgs)
[11.029s] INFO:colcon.colcon_ros.task.ament_cmake.build:Building ROS package in '/home/ben/KV6022_limo_ros2/src/limo_gazebosim' with build type 'ament_cmake'
[11.029s] INFO:colcon.colcon_cmake.task.cmake.build:Building CMake package in '/home/ben/KV6022_limo_ros2/src/limo_gazebosim'
[11.029s] INFO:colcon.colcon_core.shell:Skip shell extension 'powershell' for command environment: Not usable outside of PowerShell
[11.029s] DEBUG:colcon.colcon_core.shell:Skip shell extension 'dsv' for command environment
[11.063s] DEBUG:colcon.colcon_core.event_handler.log_command:Invoking command in '/home/ben/KV6022_limo_ros2/build/limo_gazebosim': AMENT_PREFIX_PATH=/home/ben/KV6022_limo_ros2/install/limo_msgs:/home/ben/KV6022_limo_ros2/install/limo_description:${AMENT_PREFIX_PATH} CMAKE_PREFIX_PATH=/home/ben/KV6022_limo_ros2/install/limo_msgs:/home/ben/KV6022_limo_ros2/install/limo_description:/opt/ros/humble CONDA_PROMPT_MODIFIER=(ros2) LD_LIBRARY_PATH=/home/ben/KV6022_limo_ros2/install/limo_msgs/lib:${LD_LIBRARY_PATH} PYTHONPATH=/home/ben/KV6022_limo_ros2/install/limo_msgs/lib/python3.10/site-packages:${PYTHONPATH} /usr/bin/cmake /home/ben/KV6022_limo_ros2/src/limo_gazebosim -DAMENT_CMAKE_SYMLINK_INSTALL=1 -DCMAKE_INSTALL_PREFIX=/home/ben/KV6022_limo_ros2/install/limo_gazebosim
[14.367s] DEBUG:colcon.colcon_core.event_handler.log_command:Invoked command in '/home/ben/KV6022_limo_ros2/build/limo_gazebosim' returned '0': AMENT_PREFIX_PATH=/home/ben/KV6022_limo_ros2/install/limo_msgs:/home/ben/KV6022_limo_ros2/install/limo_description:${AMENT_PREFIX_PATH} CMAKE_PREFIX_PATH=/home/ben/KV6022_limo_ros2/install/limo_msgs:/home/ben/KV6022_limo_ros2/install/limo_description:/opt/ros/humble CONDA_PROMPT_MODIFIER=(ros2) LD_LIBRARY_PATH=/home/ben/KV6022_limo_ros2/install/limo_msgs/lib:${LD_LIBRARY_PATH} PYTHONPATH=/home/ben/KV6022_limo_ros2/install/limo_msgs/lib/python3.10/site-packages:${PYTHONPATH} /usr/bin/cmake /home/ben/KV6022_limo_ros2/src/limo_gazebosim -DAMENT_CMAKE_SYMLINK_INSTALL=1 -DCMAKE_INSTALL_PREFIX=/home/ben/KV6022_limo_ros2/install/limo_gazebosim
[14.370s] DEBUG:colcon.colcon_core.event_handler.log_command:Invoking command in '/home/ben/KV6022_limo_ros2/build/limo_gazebosim': AMENT_PREFIX_PATH=/home/ben/KV6022_limo_ros2/install/limo_msgs:/home/ben/KV6022_limo_ros2/install/limo_description:${AMENT_PREFIX_PATH} CMAKE_PREFIX_PATH=/home/ben/KV6022_limo_ros2/install/limo_msgs:/home/ben/KV6022_limo_ros2/install/limo_description:/opt/ros/humble CONDA_PROMPT_MODIFIER=(ros2) LD_LIBRARY_PATH=/home/ben/KV6022_limo_ros2/install/limo_msgs/lib:${LD_LIBRARY_PATH} PYTHONPATH=/home/ben/KV6022_limo_ros2/install/limo_msgs/lib/python3.10/site-packages:${PYTHONPATH} /usr/bin/cmake --build /home/ben/KV6022_limo_ros2/build/limo_gazebosim -- -j8 -l8
[15.053s] DEBUG:colcon.colcon_core.event_handler.log_command:Invoked command in '/home/ben/KV6022_limo_ros2/build/limo_gazebosim' returned '0': AMENT_PREFIX_PATH=/home/ben/KV6022_limo_ros2/install/limo_msgs:/home/ben/KV6022_limo_ros2/install/limo_description:${AMENT_PREFIX_PATH} CMAKE_PREFIX_PATH=/home/ben/KV6022_limo_ros2/install/limo_msgs:/home/ben/KV6022_limo_ros2/install/limo_description:/opt/ros/humble CONDA_PROMPT_MODIFIER=(ros2) LD_LIBRARY_PATH=/home/ben/KV6022_limo_ros2/install/limo_msgs/lib:${LD_LIBRARY_PATH} PYTHONPATH=/home/ben/KV6022_limo_ros2/install/limo_msgs/lib/python3.10/site-packages:${PYTHONPATH} /usr/bin/cmake --build /home/ben/KV6022_limo_ros2/build/limo_gazebosim -- -j8 -l8
[15.057s] DEBUG:colcon.colcon_core.event_handler.log_command:Invoking command in '/home/ben/KV6022_limo_ros2/build/limo_gazebosim': AMENT_PREFIX_PATH=/home/ben/KV6022_limo_ros2/install/limo_msgs:/home/ben/KV6022_limo_ros2/install/limo_description:${AMENT_PREFIX_PATH} CMAKE_PREFIX_PATH=/home/ben/KV6022_limo_ros2/install/limo_msgs:/home/ben/KV6022_limo_ros2/install/limo_description:/opt/ros/humble CONDA_PROMPT_MODIFIER=(ros2) LD_LIBRARY_PATH=/home/ben/KV6022_limo_ros2/install/limo_msgs/lib:${LD_LIBRARY_PATH} PYTHONPATH=/home/ben/KV6022_limo_ros2/install/limo_msgs/lib/python3.10/site-packages:${PYTHONPATH} /usr/bin/cmake --install /home/ben/KV6022_limo_ros2/build/limo_gazebosim
[17.357s] Level 1:colcon.colcon_core.environment:create_environment_scripts_only(limo_gazebosim)
[17.357s] DEBUG:colcon.colcon_core.event_handler.log_command:Invoked command in '/home/ben/KV6022_limo_ros2/build/limo_gazebosim' returned '0': AMENT_PREFIX_PATH=/home/ben/KV6022_limo_ros2/install/limo_msgs:/home/ben/KV6022_limo_ros2/install/limo_description:${AMENT_PREFIX_PATH} CMAKE_PREFIX_PATH=/home/ben/KV6022_limo_ros2/install/limo_msgs:/home/ben/KV6022_limo_ros2/install/limo_description:/opt/ros/humble CONDA_PROMPT_MODIFIER=(ros2) LD_LIBRARY_PATH=/home/ben/KV6022_limo_ros2/install/limo_msgs/lib:${LD_LIBRARY_PATH} PYTHONPATH=/home/ben/KV6022_limo_ros2/install/limo_msgs/lib/python3.10/site-packages:${PYTHONPATH} /usr/bin/cmake --install /home/ben/KV6022_limo_ros2/build/limo_gazebosim
[17.357s] Level 1:colcon.colcon_core.environment:checking '/home/ben/KV6022_limo_ros2/install/limo_gazebosim' for CMake module files
[17.359s] Level 1:colcon.colcon_core.environment:checking '/home/ben/KV6022_limo_ros2/install/limo_gazebosim' for CMake config files
[17.364s] Level 1:colcon.colcon_core.shell:create_environment_hook('limo_gazebosim', 'cmake_prefix_path')
[17.364s] INFO:colcon.colcon_core.shell:Creating environment hook '/home/ben/KV6022_limo_ros2/install/limo_gazebosim/share/limo_gazebosim/hook/cmake_prefix_path.ps1'
[17.365s] INFO:colcon.colcon_core.shell:Creating environment descriptor '/home/ben/KV6022_limo_ros2/install/limo_gazebosim/share/limo_gazebosim/hook/cmake_prefix_path.dsv'
[17.365s] INFO:colcon.colcon_core.shell:Creating environment hook '/home/ben/KV6022_limo_ros2/install/limo_gazebosim/share/limo_gazebosim/hook/cmake_prefix_path.sh'
[17.366s] Level 1:colcon.colcon_core.environment:checking '/home/ben/KV6022_limo_ros2/install/limo_gazebosim/lib'
[17.366s] Level 1:colcon.colcon_core.environment:checking '/home/ben/KV6022_limo_ros2/install/limo_gazebosim/bin'
[17.366s] Level 1:colcon.colcon_core.environment:checking '/home/ben/KV6022_limo_ros2/install/limo_gazebosim/lib/pkgconfig/limo_gazebosim.pc'
[17.366s] Level 1:colcon.colcon_core.environment:checking '/home/ben/KV6022_limo_ros2/install/limo_gazebosim/lib/python3.10/site-packages'
[17.366s] Level 1:colcon.colcon_core.shell:create_environment_hook('limo_gazebosim', 'pythonpath')
[17.367s] INFO:colcon.colcon_core.shell:Creating environment hook '/home/ben/KV6022_limo_ros2/install/limo_gazebosim/share/limo_gazebosim/hook/pythonpath.ps1'
[17.368s] INFO:colcon.colcon_core.shell:Creating environment descriptor '/home/ben/KV6022_limo_ros2/install/limo_gazebosim/share/limo_gazebosim/hook/pythonpath.dsv'
[17.368s] INFO:colcon.colcon_core.shell:Creating environment hook '/home/ben/KV6022_limo_ros2/install/limo_gazebosim/share/limo_gazebosim/hook/pythonpath.sh'
[17.369s] Level 1:colcon.colcon_core.environment:checking '/home/ben/KV6022_limo_ros2/install/limo_gazebosim/bin'
[17.369s] INFO:colcon.colcon_core.shell:Creating package script '/home/ben/KV6022_limo_ros2/install/limo_gazebosim/share/limo_gazebosim/package.ps1'
[17.370s] INFO:colcon.colcon_core.shell:Creating package descriptor '/home/ben/KV6022_limo_ros2/install/limo_gazebosim/share/limo_gazebosim/package.dsv'
[17.370s] INFO:colcon.colcon_core.shell:Creating package script '/home/ben/KV6022_limo_ros2/install/limo_gazebosim/share/limo_gazebosim/package.sh'
[17.371s] INFO:colcon.colcon_core.shell:Creating package script '/home/ben/KV6022_limo_ros2/install/limo_gazebosim/share/limo_gazebosim/package.bash'
[17.371s] INFO:colcon.colcon_core.shell:Creating package script '/home/ben/KV6022_limo_ros2/install/limo_gazebosim/share/limo_gazebosim/package.zsh'
[17.372s] Level 1:colcon.colcon_core.environment:create_file_with_runtime_dependencies(/home/ben/KV6022_limo_ros2/install/limo_gazebosim/share/colcon-core/packages/limo_gazebosim)
[17.372s] Level 1:colcon.colcon_core.environment:create_environment_scripts_only(limo_gazebosim)
[17.373s] Level 1:colcon.colcon_core.environment:checking '/home/ben/KV6022_limo_ros2/install/limo_gazebosim' for CMake module files
[17.374s] Level 1:colcon.colcon_core.environment:checking '/home/ben/KV6022_limo_ros2/install/limo_gazebosim' for CMake config files
[17.379s] Level 1:colcon.colcon_core.shell:create_environment_hook('limo_gazebosim', 'cmake_prefix_path')
[17.379s] INFO:colcon.colcon_core.shell:Creating environment hook '/home/ben/KV6022_limo_ros2/install/limo_gazebosim/share/limo_gazebosim/hook/cmake_prefix_path.ps1'
[17.380s] INFO:colcon.colcon_core.shell:Creating environment descriptor '/home/ben/KV6022_limo_ros2/install/limo_gazebosim/share/limo_gazebosim/hook/cmake_prefix_path.dsv'
[17.381s] INFO:colcon.colcon_core.shell:Creating environment hook '/home/ben/KV6022_limo_ros2/install/limo_gazebosim/share/limo_gazebosim/hook/cmake_prefix_path.sh'
[17.382s] Level 1:colcon.colcon_core.environment:checking '/home/ben/KV6022_limo_ros2/install/limo_gazebosim/lib'
[17.382s] Level 1:colcon.colcon_core.environment:checking '/home/ben/KV6022_limo_ros2/install/limo_gazebosim/bin'
[17.382s] Level 1:colcon.colcon_core.environment:checking '/home/ben/KV6022_limo_ros2/install/limo_gazebosim/lib/pkgconfig/limo_gazebosim.pc'
[17.382s] Level 1:colcon.colcon_core.environment:checking '/home/ben/KV6022_limo_ros2/install/limo_gazebosim/lib/python3.10/site-packages'
[17.382s] Level 1:colcon.colcon_core.shell:create_environment_hook('limo_gazebosim', 'pythonpath')
[17.382s] INFO:colcon.colcon_core.shell:Creating environment hook '/home/ben/KV6022_limo_ros2/install/limo_gazebosim/share/limo_gazebosim/hook/pythonpath.ps1'
[17.383s] INFO:colcon.colcon_core.shell:Creating environment descriptor '/home/ben/KV6022_limo_ros2/install/limo_gazebosim/share/limo_gazebosim/hook/pythonpath.dsv'
[17.384s] INFO:colcon.colcon_core.shell:Creating environment hook '/home/ben/KV6022_limo_ros2/install/limo_gazebosim/share/limo_gazebosim/hook/pythonpath.sh'
[17.385s] Level 1:colcon.colcon_core.environment:checking '/home/ben/KV6022_limo_ros2/install/limo_gazebosim/bin'
[17.385s] INFO:colcon.colcon_core.shell:Creating package script '/home/ben/KV6022_limo_ros2/install/limo_gazebosim/share/limo_gazebosim/package.ps1'
[17.386s] INFO:colcon.colcon_core.shell:Creating package descriptor '/home/ben/KV6022_limo_ros2/install/limo_gazebosim/share/limo_gazebosim/package.dsv'
[17.387s] INFO:colcon.colcon_core.shell:Creating package script '/home/ben/KV6022_limo_ros2/install/limo_gazebosim/share/limo_gazebosim/package.sh'
[17.387s] INFO:colcon.colcon_core.shell:Creating package script '/home/ben/KV6022_limo_ros2/install/limo_gazebosim/share/limo_gazebosim/package.bash'
[17.388s] INFO:colcon.colcon_core.shell:Creating package script '/home/ben/KV6022_limo_ros2/install/limo_gazebosim/share/limo_gazebosim/package.zsh'
[17.389s] Level 1:colcon.colcon_core.environment:create_file_with_runtime_dependencies(/home/ben/KV6022_limo_ros2/install/limo_gazebosim/share/colcon-core/packages/limo_gazebosim)
[17.390s] DEBUG:colcon.colcon_parallel_executor.executor.parallel:closing loop
[17.391s] DEBUG:colcon.colcon_parallel_executor.executor.parallel:loop closed
[17.391s] DEBUG:colcon.colcon_parallel_executor.executor.parallel:run_until_complete finished with '0'
[17.391s] DEBUG:colcon.colcon_core.event_reactor:joining thread
[17.403s] INFO:colcon.colcon_core.plugin_system:Skipping extension 'colcon_notification.desktop_notification.terminal_notifier': Not used on non-Darwin systems
[17.403s] INFO:colcon.colcon_core.plugin_system:Skipping extension 'colcon_notification.desktop_notification.win32': Not used on non-Windows systems
[17.403s] INFO:colcon.colcon_notification.desktop_notification:Sending desktop notification using 'notify2'
[17.434s] DEBUG:colcon.colcon_core.event_reactor:joined thread
[17.434s] INFO:colcon.colcon_core.shell:Creating prefix script '/home/ben/KV6022_limo_ros2/install/local_setup.ps1'
[17.435s] INFO:colcon.colcon_core.shell:Creating prefix util module '/home/ben/KV6022_limo_ros2/install/_local_setup_util_ps1.py'
[17.437s] INFO:colcon.colcon_core.shell:Creating prefix chain script '/home/ben/KV6022_limo_ros2/install/setup.ps1'
[17.438s] INFO:colcon.colcon_core.shell:Creating prefix script '/home/ben/KV6022_limo_ros2/install/local_setup.sh'
[17.438s] INFO:colcon.colcon_core.shell:Creating prefix util module '/home/ben/KV6022_limo_ros2/install/_local_setup_util_sh.py'
[17.439s] INFO:colcon.colcon_core.shell:Creating prefix chain script '/home/ben/KV6022_limo_ros2/install/setup.sh'
[17.440s] INFO:colcon.colcon_core.shell:Creating prefix script '/home/ben/KV6022_limo_ros2/install/local_setup.bash'
[17.440s] INFO:colcon.colcon_core.shell:Creating prefix chain script '/home/ben/KV6022_limo_ros2/install/setup.bash'
[17.441s] INFO:colcon.colcon_core.shell:Creating prefix script '/home/ben/KV6022_limo_ros2/install/local_setup.zsh'
[17.442s] INFO:colcon.colcon_core.shell:Creating prefix chain script '/home/ben/KV6022_limo_ros2/install/setup.zsh'
