[0.305s] DEBUG:colcon:Command line arguments: ['/usr/bin/colcon', 'build']
[0.305s] DEBUG:colcon:Parsed command line arguments: Namespace(log_base=None, log_level=None, verb_name='build', build_base='build', install_base='install', merge_install=False, symlink_install=False, test_result_base=None, continue_on_error=False, executor='parallel', parallel_workers=8, event_handlers=None, ignore_user_meta=False, metas=['./colcon.meta'], base_paths=['.'], packages_ignore=None, packages_ignore_regex=None, paths=None, packages_up_to=None, packages_up_to_regex=None, packages_above=None, packages_above_and_dependencies=None, packages_above_depth=None, packages_select_by_dep=None, packages_skip_by_dep=None, packages_skip_up_to=None, packages_select_build_failed=False, packages_skip_build_finished=False, packages_select_test_failures=False, packages_skip_test_passed=False, packages_select=None, packages_skip=None, packages_select_regex=None, packages_skip_regex=None, packages_start=None, packages_end=None, allow_overriding=[], cmake_args=None, cmake_target=None, cmake_target_skip_unavailable=False, cmake_clean_cache=False, cmake_clean_first=False, cmake_force_configure=False, ament_cmake_args=None, catkin_cmake_args=None, catkin_skip_building_tests=False, mixin_files=None, mixin=None, verb_parser=<colcon_mixin.mixin.mixin_argument.MixinArgumentDecorator object at 0x7bed4996eb00>, verb_extension=<colcon_core.verb.build.BuildVerb object at 0x7bed4996e410>, main=<bound method BuildVerb.main of <colcon_core.verb.build.BuildVerb object at 0x7bed4996e410>>, mixin_verb=('build',))
[0.846s] Level 1:colcon.colcon_core.package_discovery:discover_packages(colcon_meta) check parameters
[0.846s] Level 1:colcon.colcon_core.package_discovery:discover_packages(recursive) check parameters
[0.847s] Level 1:colcon.colcon_core.package_discovery:discover_packages(ignore) check parameters
[0.847s] Level 1:colcon.colcon_core.package_discovery:discover_packages(path) check parameters
[0.847s] Level 1:colcon.colcon_core.package_discovery:discover_packages(colcon_meta) discover
[0.847s] Level 1:colcon.colcon_core.package_discovery:discover_packages(recursive) discover
[0.847s] INFO:colcon.colcon_core.package_discovery:Crawling recursively for packages in '/home/ben/KV6022_limo_ros2'
[0.847s] Level 1:colcon.colcon_core.package_identification:_identify(.) by extensions ['ignore', 'ignore_ament_install']
[0.847s] Level 1:colcon.colcon_core.package_identification:_identify(.) by extension 'ignore'
[0.847s] Level 1:colcon.colcon_core.package_identification:_identify(.) by extension 'ignore_ament_install'
[0.847s] Level 1:colcon.colcon_core.package_identification:_identify(.) by extensions ['colcon_pkg']
[0.847s] Level 1:colcon.colcon_core.package_identification:_identify(.) by extension 'colcon_pkg'
[0.848s] Level 1:colcon.colcon_core.package_identification:_identify(.) by extensions ['colcon_meta']
[0.848s] Level 1:colcon.colcon_core.package_identification:_identify(.) by extension 'colcon_meta'
[0.848s] Level 1:colcon.colcon_core.package_identification:_identify(.) by extensions ['ros']
[0.848s] Level 1:colcon.colcon_core.package_identification:_identify(.) by extension 'ros'
[0.869s] Level 1:colcon.colcon_core.package_identification:_identify(.) by extensions ['cmake', 'python']
[0.869s] Level 1:colcon.colcon_core.package_identification:_identify(.) by extension 'cmake'
[0.869s] Level 1:colcon.colcon_core.package_identification:_identify(.) by extension 'python'
[0.869s] Level 1:colcon.colcon_core.package_identification:_identify(.) by extensions ['python_setup_py']
[0.869s] Level 1:colcon.colcon_core.package_identification:_identify(.) by extension 'python_setup_py'
[0.870s] Level 1:colcon.colcon_core.package_identification:_identify(build) by extensions ['ignore', 'ignore_ament_install']
[0.870s] Level 1:colcon.colcon_core.package_identification:_identify(build) by extension 'ignore'
[0.870s] Level 1:colcon.colcon_core.package_identification:_identify(build) ignored
[0.870s] Level 1:colcon.colcon_core.package_identification:_identify(install) by extensions ['ignore', 'ignore_ament_install']
[0.870s] Level 1:colcon.colcon_core.package_identification:_identify(install) by extension 'ignore'
[0.870s] Level 1:colcon.colcon_core.package_identification:_identify(install) ignored
[0.870s] Level 1:colcon.colcon_core.package_identification:_identify(log) by extensions ['ignore', 'ignore_ament_install']
[0.871s] Level 1:colcon.colcon_core.package_identification:_identify(log) by extension 'ignore'
[0.871s] Level 1:colcon.colcon_core.package_identification:_identify(log) ignored
[0.871s] Level 1:colcon.colcon_core.package_identification:_identify(src) by extensions ['ignore', 'ignore_ament_install']
[0.871s] Level 1:colcon.colcon_core.package_identification:_identify(src) by extension 'ignore'
[0.871s] Level 1:colcon.colcon_core.package_identification:_identify(src) by extension 'ignore_ament_install'
[0.871s] Level 1:colcon.colcon_core.package_identification:_identify(src) by extensions ['colcon_pkg']
[0.871s] Level 1:colcon.colcon_core.package_identification:_identify(src) by extension 'colcon_pkg'
[0.871s] Level 1:colcon.colcon_core.package_identification:_identify(src) by extensions ['colcon_meta']
[0.871s] Level 1:colcon.colcon_core.package_identification:_identify(src) by extension 'colcon_meta'
[0.872s] Level 1:colcon.colcon_core.package_identification:_identify(src) by extensions ['ros']
[0.872s] Level 1:colcon.colcon_core.package_identification:_identify(src) by extension 'ros'
[0.872s] Level 1:colcon.colcon_core.package_identification:_identify(src) by extensions ['cmake', 'python']
[0.872s] Level 1:colcon.colcon_core.package_identification:_identify(src) by extension 'cmake'
[0.872s] Level 1:colcon.colcon_core.package_identification:_identify(src) by extension 'python'
[0.872s] Level 1:colcon.colcon_core.package_identification:_identify(src) by extensions ['python_setup_py']
[0.872s] Level 1:colcon.colcon_core.package_identification:_identify(src) by extension 'python_setup_py'
[0.872s] Level 1:colcon.colcon_core.package_identification:_identify(src/KV6022_assessment) by extensions ['ignore', 'ignore_ament_install']
[0.873s] Level 1:colcon.colcon_core.package_identification:_identify(src/KV6022_assessment) by extension 'ignore'
[0.873s] Level 1:colcon.colcon_core.package_identification:_identify(src/KV6022_assessment) by extension 'ignore_ament_install'
[0.873s] Level 1:colcon.colcon_core.package_identification:_identify(src/KV6022_assessment) by extensions ['colcon_pkg']
[0.873s] Level 1:colcon.colcon_core.package_identification:_identify(src/KV6022_assessment) by extension 'colcon_pkg'
[0.873s] Level 1:colcon.colcon_core.package_identification:_identify(src/KV6022_assessment) by extensions ['colcon_meta']
[0.873s] Level 1:colcon.colcon_core.package_identification:_identify(src/KV6022_assessment) by extension 'colcon_meta'
[0.873s] Level 1:colcon.colcon_core.package_identification:_identify(src/KV6022_assessment) by extensions ['ros']
[0.873s] Level 1:colcon.colcon_core.package_identification:_identify(src/KV6022_assessment) by extension 'ros'
[0.878s] DEBUG:colcon.colcon_core.package_identification:Package 'src/KV6022_assessment' with type 'ros.ament_python' and name 'KV6022_assessment'
[0.878s] Level 1:colcon.colcon_core.package_identification:_identify(src/Week2_lab) by extensions ['ignore', 'ignore_ament_install']
[0.878s] Level 1:colcon.colcon_core.package_identification:_identify(src/Week2_lab) by extension 'ignore'
[0.878s] Level 1:colcon.colcon_core.package_identification:_identify(src/Week2_lab) by extension 'ignore_ament_install'
[0.878s] Level 1:colcon.colcon_core.package_identification:_identify(src/Week2_lab) by extensions ['colcon_pkg']
[0.878s] Level 1:colcon.colcon_core.package_identification:_identify(src/Week2_lab) by extension 'colcon_pkg'
[0.879s] Level 1:colcon.colcon_core.package_identification:_identify(src/Week2_lab) by extensions ['colcon_meta']
[0.879s] Level 1:colcon.colcon_core.package_identification:_identify(src/Week2_lab) by extension 'colcon_meta'
[0.879s] Level 1:colcon.colcon_core.package_identification:_identify(src/Week2_lab) by extensions ['ros']
[0.879s] Level 1:colcon.colcon_core.package_identification:_identify(src/Week2_lab) by extension 'ros'
[0.879s] DEBUG:colcon.colcon_core.package_identification:Package 'src/Week2_lab' with type 'ros.ament_python' and name 'Week2_lab'
[0.880s] Level 1:colcon.colcon_core.package_identification:_identify(src/example_codes) by extensions ['ignore', 'ignore_ament_install']
[0.880s] Level 1:colcon.colcon_core.package_identification:_identify(src/example_codes) by extension 'ignore'
[0.880s] Level 1:colcon.colcon_core.package_identification:_identify(src/example_codes) by extension 'ignore_ament_install'
[0.880s] Level 1:colcon.colcon_core.package_identification:_identify(src/example_codes) by extensions ['colcon_pkg']
[0.880s] Level 1:colcon.colcon_core.package_identification:_identify(src/example_codes) by extension 'colcon_pkg'
[0.880s] Level 1:colcon.colcon_core.package_identification:_identify(src/example_codes) by extensions ['colcon_meta']
[0.880s] Level 1:colcon.colcon_core.package_identification:_identify(src/example_codes) by extension 'colcon_meta'
[0.881s] Level 1:colcon.colcon_core.package_identification:_identify(src/example_codes) by extensions ['ros']
[0.881s] Level 1:colcon.colcon_core.package_identification:_identify(src/example_codes) by extension 'ros'
[0.882s] DEBUG:colcon.colcon_core.package_identification:Package 'src/example_codes' with type 'ros.ament_python' and name 'example_codes'
[0.882s] Level 1:colcon.colcon_core.package_identification:_identify(src/limo_description) by extensions ['ignore', 'ignore_ament_install']
[0.882s] Level 1:colcon.colcon_core.package_identification:_identify(src/limo_description) by extension 'ignore'
[0.882s] Level 1:colcon.colcon_core.package_identification:_identify(src/limo_description) by extension 'ignore_ament_install'
[0.882s] Level 1:colcon.colcon_core.package_identification:_identify(src/limo_description) by extensions ['colcon_pkg']
[0.882s] Level 1:colcon.colcon_core.package_identification:_identify(src/limo_description) by extension 'colcon_pkg'
[0.882s] Level 1:colcon.colcon_core.package_identification:_identify(src/limo_description) by extensions ['colcon_meta']
[0.883s] Level 1:colcon.colcon_core.package_identification:_identify(src/limo_description) by extension 'colcon_meta'
[0.883s] Level 1:colcon.colcon_core.package_identification:_identify(src/limo_description) by extensions ['ros']
[0.883s] Level 1:colcon.colcon_core.package_identification:_identify(src/limo_description) by extension 'ros'
[0.884s] DEBUG:colcon.colcon_core.package_identification:Package 'src/limo_description' with type 'ros.ament_cmake' and name 'limo_description'
[0.884s] Level 1:colcon.colcon_core.package_identification:_identify(src/limo_gazebosim) by extensions ['ignore', 'ignore_ament_install']
[0.884s] Level 1:colcon.colcon_core.package_identification:_identify(src/limo_gazebosim) by extension 'ignore'
[0.884s] Level 1:colcon.colcon_core.package_identification:_identify(src/limo_gazebosim) by extension 'ignore_ament_install'
[0.884s] Level 1:colcon.colcon_core.package_identification:_identify(src/limo_gazebosim) by extensions ['colcon_pkg']
[0.884s] Level 1:colcon.colcon_core.package_identification:_identify(src/limo_gazebosim) by extension 'colcon_pkg'
[0.885s] Level 1:colcon.colcon_core.package_identification:_identify(src/limo_gazebosim) by extensions ['colcon_meta']
[0.885s] Level 1:colcon.colcon_core.package_identification:_identify(src/limo_gazebosim) by extension 'colcon_meta'
[0.885s] Level 1:colcon.colcon_core.package_identification:_identify(src/limo_gazebosim) by extensions ['ros']
[0.885s] Level 1:colcon.colcon_core.package_identification:_identify(src/limo_gazebosim) by extension 'ros'
[0.886s] DEBUG:colcon.colcon_core.package_identification:Package 'src/limo_gazebosim' with type 'ros.ament_cmake' and name 'limo_gazebosim'
[0.886s] Level 1:colcon.colcon_core.package_identification:_identify(src/limo_msgs) by extensions ['ignore', 'ignore_ament_install']
[0.886s] Level 1:colcon.colcon_core.package_identification:_identify(src/limo_msgs) by extension 'ignore'
[0.886s] Level 1:colcon.colcon_core.package_identification:_identify(src/limo_msgs) by extension 'ignore_ament_install'
[0.886s] Level 1:colcon.colcon_core.package_identification:_identify(src/limo_msgs) by extensions ['colcon_pkg']
[0.886s] Level 1:colcon.colcon_core.package_identification:_identify(src/limo_msgs) by extension 'colcon_pkg'
[0.886s] Level 1:colcon.colcon_core.package_identification:_identify(src/limo_msgs) by extensions ['colcon_meta']
[0.887s] Level 1:colcon.colcon_core.package_identification:_identify(src/limo_msgs) by extension 'colcon_meta'
[0.887s] Level 1:colcon.colcon_core.package_identification:_identify(src/limo_msgs) by extensions ['ros']
[0.887s] Level 1:colcon.colcon_core.package_identification:_identify(src/limo_msgs) by extension 'ros'
[0.888s] DEBUG:colcon.colcon_core.package_identification:Package 'src/limo_msgs' with type 'ros.ament_cmake' and name 'limo_msgs'
[0.888s] Level 1:colcon.colcon_core.package_identification:_identify(src/trajectory_referee) by extensions ['ignore', 'ignore_ament_install']
[0.900s] Level 1:colcon.colcon_core.package_identification:_identify(src/trajectory_referee) by extension 'ignore'
[0.900s] Level 1:colcon.colcon_core.package_identification:_identify(src/trajectory_referee) by extension 'ignore_ament_install'
[0.900s] Level 1:colcon.colcon_core.package_identification:_identify(src/trajectory_referee) by extensions ['colcon_pkg']
[0.900s] Level 1:colcon.colcon_core.package_identification:_identify(src/trajectory_referee) by extension 'colcon_pkg'
[0.900s] Level 1:colcon.colcon_core.package_identification:_identify(src/trajectory_referee) by extensions ['colcon_meta']
[0.900s] Level 1:colcon.colcon_core.package_identification:_identify(src/trajectory_referee) by extension 'colcon_meta'
[0.900s] Level 1:colcon.colcon_core.package_identification:_identify(src/trajectory_referee) by extensions ['ros']
[0.901s] Level 1:colcon.colcon_core.package_identification:_identify(src/trajectory_referee) by extension 'ros'
[0.902s] DEBUG:colcon.colcon_core.package_identification:Package 'src/trajectory_referee' with type 'ros.ament_python' and name 'trajectory_referee'
[0.902s] Level 1:colcon.colcon_core.package_identification:_identify(src/trajectory_skeleton) by extensions ['ignore', 'ignore_ament_install']
[0.902s] Level 1:colcon.colcon_core.package_identification:_identify(src/trajectory_skeleton) by extension 'ignore'
[0.902s] Level 1:colcon.colcon_core.package_identification:_identify(src/trajectory_skeleton) by extension 'ignore_ament_install'
[0.903s] Level 1:colcon.colcon_core.package_identification:_identify(src/trajectory_skeleton) by extensions ['colcon_pkg']
[0.903s] Level 1:colcon.colcon_core.package_identification:_identify(src/trajectory_skeleton) by extension 'colcon_pkg'
[0.903s] Level 1:colcon.colcon_core.package_identification:_identify(src/trajectory_skeleton) by extensions ['colcon_meta']
[0.903s] Level 1:colcon.colcon_core.package_identification:_identify(src/trajectory_skeleton) by extension 'colcon_meta'
[0.903s] Level 1:colcon.colcon_core.package_identification:_identify(src/trajectory_skeleton) by extensions ['ros']
[0.903s] Level 1:colcon.colcon_core.package_identification:_identify(src/trajectory_skeleton) by extension 'ros'
[0.904s] DEBUG:colcon.colcon_core.package_identification:Package 'src/trajectory_skeleton' with type 'ros.ament_python' and name 'trajectory_skeleton'
[0.904s] Level 1:colcon.colcon_core.package_identification:_identify(wiki_images) by extensions ['ignore', 'ignore_ament_install']
[0.904s] Level 1:colcon.colcon_core.package_identification:_identify(wiki_images) by extension 'ignore'
[0.904s] Level 1:colcon.colcon_core.package_identification:_identify(wiki_images) by extension 'ignore_ament_install'
[0.904s] Level 1:colcon.colcon_core.package_identification:_identify(wiki_images) by extensions ['colcon_pkg']
[0.904s] Level 1:colcon.colcon_core.package_identification:_identify(wiki_images) by extension 'colcon_pkg'
[0.904s] Level 1:colcon.colcon_core.package_identification:_identify(wiki_images) by extensions ['colcon_meta']
[0.904s] Level 1:colcon.colcon_core.package_identification:_identify(wiki_images) by extension 'colcon_meta'
[0.904s] Level 1:colcon.colcon_core.package_identification:_identify(wiki_images) by extensions ['ros']
[0.904s] Level 1:colcon.colcon_core.package_identification:_identify(wiki_images) by extension 'ros'
[0.905s] Level 1:colcon.colcon_core.package_identification:_identify(wiki_images) by extensions ['cmake', 'python']
[0.905s] Level 1:colcon.colcon_core.package_identification:_identify(wiki_images) by extension 'cmake'
[0.905s] Level 1:colcon.colcon_core.package_identification:_identify(wiki_images) by extension 'python'
[0.905s] Level 1:colcon.colcon_core.package_identification:_identify(wiki_images) by extensions ['python_setup_py']
[0.905s] Level 1:colcon.colcon_core.package_identification:_identify(wiki_images) by extension 'python_setup_py'
[0.905s] Level 1:colcon.colcon_core.package_discovery:discover_packages(recursive) using defaults
[0.905s] Level 1:colcon.colcon_core.package_discovery:discover_packages(ignore) discover
[0.905s] Level 1:colcon.colcon_core.package_discovery:discover_packages(ignore) using defaults
[0.905s] Level 1:colcon.colcon_core.package_discovery:discover_packages(path) discover
[0.905s] Level 1:colcon.colcon_core.package_discovery:discover_packages(path) using defaults
[0.948s] Level 1:colcon.colcon_core.package_discovery:discover_packages(prefix_path) check parameters
[0.948s] Level 1:colcon.colcon_core.package_discovery:discover_packages(prefix_path) discover
[0.959s] DEBUG:colcon.colcon_installed_package_information.package_discovery:Found 408 installed packages in /opt/ros/humble
[0.962s] Level 1:colcon.colcon_core.package_discovery:discover_packages(prefix_path) using defaults
[1.059s] Level 5:colcon.colcon_core.verb:set package 'KV6022_assessment' build argument 'cmake_args' from command line to 'None'
[1.059s] Level 5:colcon.colcon_core.verb:set package 'KV6022_assessment' build argument 'cmake_target' from command line to 'None'
[1.059s] Level 5:colcon.colcon_core.verb:set package 'KV6022_assessment' build argument 'cmake_target_skip_unavailable' from command line to 'False'
[1.059s] Level 5:colcon.colcon_core.verb:set package 'KV6022_assessment' build argument 'cmake_clean_cache' from command line to 'False'
[1.059s] Level 5:colcon.colcon_core.verb:set package 'KV6022_assessment' build argument 'cmake_clean_first' from command line to 'False'
[1.059s] Level 5:colcon.colcon_core.verb:set package 'KV6022_assessment' build argument 'cmake_force_configure' from command line to 'False'
[1.059s] Level 5:colcon.colcon_core.verb:set package 'KV6022_assessment' build argument 'ament_cmake_args' from command line to 'None'
[1.059s] Level 5:colcon.colcon_core.verb:set package 'KV6022_assessment' build argument 'catkin_cmake_args' from command line to 'None'
[1.059s] Level 5:colcon.colcon_core.verb:set package 'KV6022_assessment' build argument 'catkin_skip_building_tests' from command line to 'False'
[1.059s] DEBUG:colcon.colcon_core.verb:Building package 'KV6022_assessment' with the following arguments: {'ament_cmake_args': None, 'build_base': '/home/ben/KV6022_limo_ros2/build/KV6022_assessment', 'catkin_cmake_args': None, 'catkin_skip_building_tests': False, 'cmake_args': None, 'cmake_clean_cache': False, 'cmake_clean_first': False, 'cmake_force_configure': False, 'cmake_target': None, 'cmake_target_skip_unavailable': False, 'install_base': '/home/ben/KV6022_limo_ros2/install/KV6022_assessment', 'merge_install': False, 'path': '/home/ben/KV6022_limo_ros2/src/KV6022_assessment', 'symlink_install': False, 'test_result_base': None}
[1.060s] Level 5:colcon.colcon_core.verb:set package 'Week2_lab' build argument 'cmake_args' from command line to 'None'
[1.060s] Level 5:colcon.colcon_core.verb:set package 'Week2_lab' build argument 'cmake_target' from command line to 'None'
[1.060s] Level 5:colcon.colcon_core.verb:set package 'Week2_lab' build argument 'cmake_target_skip_unavailable' from command line to 'False'
[1.060s] Level 5:colcon.colcon_core.verb:set package 'Week2_lab' build argument 'cmake_clean_cache' from command line to 'False'
[1.060s] Level 5:colcon.colcon_core.verb:set package 'Week2_lab' build argument 'cmake_clean_first' from command line to 'False'
[1.060s] Level 5:colcon.colcon_core.verb:set package 'Week2_lab' build argument 'cmake_force_configure' from command line to 'False'
[1.060s] Level 5:colcon.colcon_core.verb:set package 'Week2_lab' build argument 'ament_cmake_args' from command line to 'None'
[1.060s] Level 5:colcon.colcon_core.verb:set package 'Week2_lab' build argument 'catkin_cmake_args' from command line to 'None'
[1.060s] Level 5:colcon.colcon_core.verb:set package 'Week2_lab' build argument 'catkin_skip_building_tests' from command line to 'False'
[1.060s] DEBUG:colcon.colcon_core.verb:Building package 'Week2_lab' with the following arguments: {'ament_cmake_args': None, 'build_base': '/home/ben/KV6022_limo_ros2/build/Week2_lab', 'catkin_cmake_args': None, 'catkin_skip_building_tests': False, 'cmake_args': None, 'cmake_clean_cache': False, 'cmake_clean_first': False, 'cmake_force_configure': False, 'cmake_target': None, 'cmake_target_skip_unavailable': False, 'install_base': '/home/ben/KV6022_limo_ros2/install/Week2_lab', 'merge_install': False, 'path': '/home/ben/KV6022_limo_ros2/src/Week2_lab', 'symlink_install': False, 'test_result_base': None}
[1.060s] Level 5:colcon.colcon_core.verb:set package 'example_codes' build argument 'cmake_args' from command line to 'None'
[1.061s] Level 5:colcon.colcon_core.verb:set package 'example_codes' build argument 'cmake_target' from command line to 'None'
[1.061s] Level 5:colcon.colcon_core.verb:set package 'example_codes' build argument 'cmake_target_skip_unavailable' from command line to 'False'
[1.061s] Level 5:colcon.colcon_core.verb:set package 'example_codes' build argument 'cmake_clean_cache' from command line to 'False'
[1.061s] Level 5:colcon.colcon_core.verb:set package 'example_codes' build argument 'cmake_clean_first' from command line to 'False'
[1.061s] Level 5:colcon.colcon_core.verb:set package 'example_codes' build argument 'cmake_force_configure' from command line to 'False'
[1.061s] Level 5:colcon.colcon_core.verb:set package 'example_codes' build argument 'ament_cmake_args' from command line to 'None'
[1.061s] Level 5:colcon.colcon_core.verb:set package 'example_codes' build argument 'catkin_cmake_args' from command line to 'None'
[1.061s] Level 5:colcon.colcon_core.verb:set package 'example_codes' build argument 'catkin_skip_building_tests' from command line to 'False'
[1.061s] DEBUG:colcon.colcon_core.verb:Building package 'example_codes' with the following arguments: {'ament_cmake_args': None, 'build_base': '/home/ben/KV6022_limo_ros2/build/example_codes', 'catkin_cmake_args': None, 'catkin_skip_building_tests': False, 'cmake_args': None, 'cmake_clean_cache': False, 'cmake_clean_first': False, 'cmake_force_configure': False, 'cmake_target': None, 'cmake_target_skip_unavailable': False, 'install_base': '/home/ben/KV6022_limo_ros2/install/example_codes', 'merge_install': False, 'path': '/home/ben/KV6022_limo_ros2/src/example_codes', 'symlink_install': False, 'test_result_base': None}
[1.062s] Level 5:colcon.colcon_core.verb:set package 'limo_description' build argument 'cmake_args' from command line to 'None'
[1.062s] Level 5:colcon.colcon_core.verb:set package 'limo_description' build argument 'cmake_target' from command line to 'None'
[1.062s] Level 5:colcon.colcon_core.verb:set package 'limo_description' build argument 'cmake_target_skip_unavailable' from command line to 'False'
[1.062s] Level 5:colcon.colcon_core.verb:set package 'limo_description' build argument 'cmake_clean_cache' from command line to 'False'
[1.062s] Level 5:colcon.colcon_core.verb:set package 'limo_description' build argument 'cmake_clean_first' from command line to 'False'
[1.062s] Level 5:colcon.colcon_core.verb:set package 'limo_description' build argument 'cmake_force_configure' from command line to 'False'
[1.062s] Level 5:colcon.colcon_core.verb:set package 'limo_description' build argument 'ament_cmake_args' from command line to 'None'
[1.062s] Level 5:colcon.colcon_core.verb:set package 'limo_description' build argument 'catkin_cmake_args' from command line to 'None'
[1.062s] Level 5:colcon.colcon_core.verb:set package 'limo_description' build argument 'catkin_skip_building_tests' from command line to 'False'
[1.062s] DEBUG:colcon.colcon_core.verb:Building package 'limo_description' with the following arguments: {'ament_cmake_args': None, 'build_base': '/home/ben/KV6022_limo_ros2/build/limo_description', 'catkin_cmake_args': None, 'catkin_skip_building_tests': False, 'cmake_args': None, 'cmake_clean_cache': False, 'cmake_clean_first': False, 'cmake_force_configure': False, 'cmake_target': None, 'cmake_target_skip_unavailable': False, 'install_base': '/home/ben/KV6022_limo_ros2/install/limo_description', 'merge_install': False, 'path': '/home/ben/KV6022_limo_ros2/src/limo_description', 'symlink_install': False, 'test_result_base': None}
[1.063s] Level 5:colcon.colcon_core.verb:set package 'limo_msgs' build argument 'cmake_args' from command line to 'None'
[1.063s] Level 5:colcon.colcon_core.verb:set package 'limo_msgs' build argument 'cmake_target' from command line to 'None'
[1.063s] Level 5:colcon.colcon_core.verb:set package 'limo_msgs' build argument 'cmake_target_skip_unavailable' from command line to 'False'
[1.063s] Level 5:colcon.colcon_core.verb:set package 'limo_msgs' build argument 'cmake_clean_cache' from command line to 'False'
[1.063s] Level 5:colcon.colcon_core.verb:set package 'limo_msgs' build argument 'cmake_clean_first' from command line to 'False'
[1.063s] Level 5:colcon.colcon_core.verb:set package 'limo_msgs' build argument 'cmake_force_configure' from command line to 'False'
[1.063s] Level 5:colcon.colcon_core.verb:set package 'limo_msgs' build argument 'ament_cmake_args' from command line to 'None'
[1.063s] Level 5:colcon.colcon_core.verb:set package 'limo_msgs' build argument 'catkin_cmake_args' from command line to 'None'
[1.063s] Level 5:colcon.colcon_core.verb:set package 'limo_msgs' build argument 'catkin_skip_building_tests' from command line to 'False'
[1.063s] DEBUG:colcon.colcon_core.verb:Building package 'limo_msgs' with the following arguments: {'ament_cmake_args': None, 'build_base': '/home/ben/KV6022_limo_ros2/build/limo_msgs', 'catkin_cmake_args': None, 'catkin_skip_building_tests': False, 'cmake_args': None, 'cmake_clean_cache': False, 'cmake_clean_first': False, 'cmake_force_configure': False, 'cmake_target': None, 'cmake_target_skip_unavailable': False, 'install_base': '/home/ben/KV6022_limo_ros2/install/limo_msgs', 'merge_install': False, 'path': '/home/ben/KV6022_limo_ros2/src/limo_msgs', 'symlink_install': False, 'test_result_base': None}
[1.064s] Level 5:colcon.colcon_core.verb:set package 'trajectory_referee' build argument 'cmake_args' from command line to 'None'
[1.064s] Level 5:colcon.colcon_core.verb:set package 'trajectory_referee' build argument 'cmake_target' from command line to 'None'
[1.064s] Level 5:colcon.colcon_core.verb:set package 'trajectory_referee' build argument 'cmake_target_skip_unavailable' from command line to 'False'
[1.064s] Level 5:colcon.colcon_core.verb:set package 'trajectory_referee' build argument 'cmake_clean_cache' from command line to 'False'
[1.064s] Level 5:colcon.colcon_core.verb:set package 'trajectory_referee' build argument 'cmake_clean_first' from command line to 'False'
[1.064s] Level 5:colcon.colcon_core.verb:set package 'trajectory_referee' build argument 'cmake_force_configure' from command line to 'False'
[1.064s] Level 5:colcon.colcon_core.verb:set package 'trajectory_referee' build argument 'ament_cmake_args' from command line to 'None'
[1.064s] Level 5:colcon.colcon_core.verb:set package 'trajectory_referee' build argument 'catkin_cmake_args' from command line to 'None'
[1.064s] Level 5:colcon.colcon_core.verb:set package 'trajectory_referee' build argument 'catkin_skip_building_tests' from command line to 'False'
[1.064s] DEBUG:colcon.colcon_core.verb:Building package 'trajectory_referee' with the following arguments: {'ament_cmake_args': None, 'build_base': '/home/ben/KV6022_limo_ros2/build/trajectory_referee', 'catkin_cmake_args': None, 'catkin_skip_building_tests': False, 'cmake_args': None, 'cmake_clean_cache': False, 'cmake_clean_first': False, 'cmake_force_configure': False, 'cmake_target': None, 'cmake_target_skip_unavailable': False, 'install_base': '/home/ben/KV6022_limo_ros2/install/trajectory_referee', 'merge_install': False, 'path': '/home/ben/KV6022_limo_ros2/src/trajectory_referee', 'symlink_install': False, 'test_result_base': None}
[1.064s] Level 5:colcon.colcon_core.verb:set package 'trajectory_skeleton' build argument 'cmake_args' from command line to 'None'
[1.064s] Level 5:colcon.colcon_core.verb:set package 'trajectory_skeleton' build argument 'cmake_target' from command line to 'None'
[1.064s] Level 5:colcon.colcon_core.verb:set package 'trajectory_skeleton' build argument 'cmake_target_skip_unavailable' from command line to 'False'
[1.065s] Level 5:colcon.colcon_core.verb:set package 'trajectory_skeleton' build argument 'cmake_clean_cache' from command line to 'False'
[1.065s] Level 5:colcon.colcon_core.verb:set package 'trajectory_skeleton' build argument 'cmake_clean_first' from command line to 'False'
[1.065s] Level 5:colcon.colcon_core.verb:set package 'trajectory_skeleton' build argument 'cmake_force_configure' from command line to 'False'
[1.065s] Level 5:colcon.colcon_core.verb:set package 'trajectory_skeleton' build argument 'ament_cmake_args' from command line to 'None'
[1.065s] Level 5:colcon.colcon_core.verb:set package 'trajectory_skeleton' build argument 'catkin_cmake_args' from command line to 'None'
[1.065s] Level 5:colcon.colcon_core.verb:set package 'trajectory_skeleton' build argument 'catkin_skip_building_tests' from command line to 'False'
[1.065s] DEBUG:colcon.colcon_core.verb:Building package 'trajectory_skeleton' with the following arguments: {'ament_cmake_args': None, 'build_base': '/home/ben/KV6022_limo_ros2/build/trajectory_skeleton', 'catkin_cmake_args': None, 'catkin_skip_building_tests': False, 'cmake_args': None, 'cmake_clean_cache': False, 'cmake_clean_first': False, 'cmake_force_configure': False, 'cmake_target': None, 'cmake_target_skip_unavailable': False, 'install_base': '/home/ben/KV6022_limo_ros2/install/trajectory_skeleton', 'merge_install': False, 'path': '/home/ben/KV6022_limo_ros2/src/trajectory_skeleton', 'symlink_install': False, 'test_result_base': None}
[1.065s] Level 5:colcon.colcon_core.verb:set package 'limo_gazebosim' build argument 'cmake_args' from command line to 'None'
[1.065s] Level 5:colcon.colcon_core.verb:set package 'limo_gazebosim' build argument 'cmake_target' from command line to 'None'
[1.065s] Level 5:colcon.colcon_core.verb:set package 'limo_gazebosim' build argument 'cmake_target_skip_unavailable' from command line to 'False'
[1.065s] Level 5:colcon.colcon_core.verb:set package 'limo_gazebosim' build argument 'cmake_clean_cache' from command line to 'False'
[1.065s] Level 5:colcon.colcon_core.verb:set package 'limo_gazebosim' build argument 'cmake_clean_first' from command line to 'False'
[1.065s] Level 5:colcon.colcon_core.verb:set package 'limo_gazebosim' build argument 'cmake_force_configure' from command line to 'False'
[1.065s] Level 5:colcon.colcon_core.verb:set package 'limo_gazebosim' build argument 'ament_cmake_args' from command line to 'None'
[1.066s] Level 5:colcon.colcon_core.verb:set package 'limo_gazebosim' build argument 'catkin_cmake_args' from command line to 'None'
[1.066s] Level 5:colcon.colcon_core.verb:set package 'limo_gazebosim' build argument 'catkin_skip_building_tests' from command line to 'False'
[1.066s] DEBUG:colcon.colcon_core.verb:Building package 'limo_gazebosim' with the following arguments: {'ament_cmake_args': None, 'build_base': '/home/ben/KV6022_limo_ros2/build/limo_gazebosim', 'catkin_cmake_args': None, 'catkin_skip_building_tests': False, 'cmake_args': None, 'cmake_clean_cache': False, 'cmake_clean_first': False, 'cmake_force_configure': False, 'cmake_target': None, 'cmake_target_skip_unavailable': False, 'install_base': '/home/ben/KV6022_limo_ros2/install/limo_gazebosim', 'merge_install': False, 'path': '/home/ben/KV6022_limo_ros2/src/limo_gazebosim', 'symlink_install': False, 'test_result_base': None}
[1.066s] INFO:colcon.colcon_core.executor:Executing jobs using 'parallel' executor
[1.068s] DEBUG:colcon.colcon_parallel_executor.executor.parallel:run_until_complete
[1.068s] INFO:colcon.colcon_ros.task.ament_cmake.build:Building ROS package in '/home/ben/KV6022_limo_ros2/src/limo_description' with build type 'ament_cmake'
[1.068s] INFO:colcon.colcon_cmake.task.cmake.build:Building CMake package in '/home/ben/KV6022_limo_ros2/src/limo_description'
[1.078s] INFO:colcon.colcon_core.plugin_system:Skipping extension 'colcon_core.shell.bat': Not used on non-Windows systems
[1.078s] INFO:colcon.colcon_core.shell:Skip shell extension 'powershell' for command environment: Not usable outside of PowerShell
[1.078s] DEBUG:colcon.colcon_core.shell:Skip shell extension 'dsv' for command environment
[1.089s] INFO:colcon.colcon_ros.task.ament_cmake.build:Building ROS package in '/home/ben/KV6022_limo_ros2/src/limo_msgs' with build type 'ament_cmake'
[1.089s] INFO:colcon.colcon_cmake.task.cmake.build:Building CMake package in '/home/ben/KV6022_limo_ros2/src/limo_msgs'
[1.090s] INFO:colcon.colcon_core.shell:Skip shell extension 'powershell' for command environment: Not usable outside of PowerShell
[1.090s] DEBUG:colcon.colcon_core.shell:Skip shell extension 'dsv' for command environment
[1.103s] INFO:colcon.colcon_ros.task.ament_python.build:Building ROS package in '/home/ben/KV6022_limo_ros2/src/KV6022_assessment' with build type 'ament_python'
[1.103s] Level 1:colcon.colcon_core.shell:create_environment_hook('KV6022_assessment', 'ament_prefix_path')
[1.103s] INFO:colcon.colcon_core.shell:Creating environment hook '/home/ben/KV6022_limo_ros2/install/KV6022_assessment/share/KV6022_assessment/hook/ament_prefix_path.ps1'
[1.106s] INFO:colcon.colcon_core.shell:Creating environment descriptor '/home/ben/KV6022_limo_ros2/install/KV6022_assessment/share/KV6022_assessment/hook/ament_prefix_path.dsv'
[1.107s] INFO:colcon.colcon_core.shell:Creating environment hook '/home/ben/KV6022_limo_ros2/install/KV6022_assessment/share/KV6022_assessment/hook/ament_prefix_path.sh'
[1.109s] INFO:colcon.colcon_core.shell:Skip shell extension 'powershell' for command environment: Not usable outside of PowerShell
[1.109s] DEBUG:colcon.colcon_core.shell:Skip shell extension 'dsv' for command environment
[1.121s] INFO:colcon.colcon_ros.task.ament_python.build:Building ROS package in '/home/ben/KV6022_limo_ros2/src/Week2_lab' with build type 'ament_python'
[1.121s] Level 1:colcon.colcon_core.shell:create_environment_hook('Week2_lab', 'ament_prefix_path')
[1.122s] INFO:colcon.colcon_core.shell:Creating environment hook '/home/ben/KV6022_limo_ros2/install/Week2_lab/share/Week2_lab/hook/ament_prefix_path.ps1'
[1.123s] INFO:colcon.colcon_core.shell:Creating environment descriptor '/home/ben/KV6022_limo_ros2/install/Week2_lab/share/Week2_lab/hook/ament_prefix_path.dsv'
[1.123s] INFO:colcon.colcon_core.shell:Creating environment hook '/home/ben/KV6022_limo_ros2/install/Week2_lab/share/Week2_lab/hook/ament_prefix_path.sh'
[1.124s] INFO:colcon.colcon_core.shell:Skip shell extension 'powershell' for command environment: Not usable outside of PowerShell
[1.124s] DEBUG:colcon.colcon_core.shell:Skip shell extension 'dsv' for command environment
[1.134s] INFO:colcon.colcon_ros.task.ament_python.build:Building ROS package in '/home/ben/KV6022_limo_ros2/src/example_codes' with build type 'ament_python'
[1.135s] Level 1:colcon.colcon_core.shell:create_environment_hook('example_codes', 'ament_prefix_path')
[1.135s] INFO:colcon.colcon_core.shell:Creating environment hook '/home/ben/KV6022_limo_ros2/install/example_codes/share/example_codes/hook/ament_prefix_path.ps1'
[1.136s] INFO:colcon.colcon_core.shell:Creating environment descriptor '/home/ben/KV6022_limo_ros2/install/example_codes/share/example_codes/hook/ament_prefix_path.dsv'
[1.137s] INFO:colcon.colcon_core.shell:Creating environment hook '/home/ben/KV6022_limo_ros2/install/example_codes/share/example_codes/hook/ament_prefix_path.sh'
[1.138s] INFO:colcon.colcon_core.shell:Skip shell extension 'powershell' for command environment: Not usable outside of PowerShell
[1.138s] DEBUG:colcon.colcon_core.shell:Skip shell extension 'dsv' for command environment
[1.154s] INFO:colcon.colcon_ros.task.ament_python.build:Building ROS package in '/home/ben/KV6022_limo_ros2/src/trajectory_referee' with build type 'ament_python'
[1.154s] Level 1:colcon.colcon_core.shell:create_environment_hook('trajectory_referee', 'ament_prefix_path')
[1.155s] INFO:colcon.colcon_core.shell:Creating environment hook '/home/ben/KV6022_limo_ros2/install/trajectory_referee/share/trajectory_referee/hook/ament_prefix_path.ps1'
[1.157s] INFO:colcon.colcon_core.shell:Creating environment descriptor '/home/ben/KV6022_limo_ros2/install/trajectory_referee/share/trajectory_referee/hook/ament_prefix_path.dsv'
[1.158s] INFO:colcon.colcon_core.shell:Creating environment hook '/home/ben/KV6022_limo_ros2/install/trajectory_referee/share/trajectory_referee/hook/ament_prefix_path.sh'
[1.159s] INFO:colcon.colcon_core.shell:Skip shell extension 'powershell' for command environment: Not usable outside of PowerShell
[1.159s] DEBUG:colcon.colcon_core.shell:Skip shell extension 'dsv' for command environment
[1.170s] INFO:colcon.colcon_ros.task.ament_python.build:Building ROS package in '/home/ben/KV6022_limo_ros2/src/trajectory_skeleton' with build type 'ament_python'
[1.171s] Level 1:colcon.colcon_core.shell:create_environment_hook('trajectory_skeleton', 'ament_prefix_path')
[1.171s] INFO:colcon.colcon_core.shell:Creating environment hook '/home/ben/KV6022_limo_ros2/install/trajectory_skeleton/share/trajectory_skeleton/hook/ament_prefix_path.ps1'
[1.172s] INFO:colcon.colcon_core.shell:Creating environment descriptor '/home/ben/KV6022_limo_ros2/install/trajectory_skeleton/share/trajectory_skeleton/hook/ament_prefix_path.dsv'
[1.173s] INFO:colcon.colcon_core.shell:Creating environment hook '/home/ben/KV6022_limo_ros2/install/trajectory_skeleton/share/trajectory_skeleton/hook/ament_prefix_path.sh'
[1.174s] INFO:colcon.colcon_core.shell:Skip shell extension 'powershell' for command environment: Not usable outside of PowerShell
[1.174s] DEBUG:colcon.colcon_core.shell:Skip shell extension 'dsv' for command environment
[1.199s] DEBUG:colcon.colcon_core.event_handler.log_command:Invoking command in '/home/ben/KV6022_limo_ros2/build/limo_description': CMAKE_PREFIX_PATH=/opt/ros/humble CONDA_PROMPT_MODIFIER=(ros2) /usr/bin/cmake /home/ben/KV6022_limo_ros2/src/limo_description -DCMAKE_INSTALL_PREFIX=/home/ben/KV6022_limo_ros2/install/limo_description
[1.218s] DEBUG:colcon.colcon_core.event_handler.log_command:Invoking command in '/home/ben/KV6022_limo_ros2/build/limo_msgs': CMAKE_PREFIX_PATH=/opt/ros/humble CONDA_PROMPT_MODIFIER=(ros2) /usr/bin/cmake /home/ben/KV6022_limo_ros2/src/limo_msgs -DCMAKE_INSTALL_PREFIX=/home/ben/KV6022_limo_ros2/install/limo_msgs
[1.729s] INFO:colcon.colcon_core.task.python.build:Building Python package in '/home/ben/KV6022_limo_ros2/src/KV6022_assessment'
[1.730s] INFO:colcon.colcon_core.shell:Skip shell extension 'powershell' for command environment: Not usable outside of PowerShell
[1.730s] DEBUG:colcon.colcon_core.shell:Skip shell extension 'dsv' for command environment
[2.248s] INFO:colcon.colcon_core.task.python.build:Building Python package in '/home/ben/KV6022_limo_ros2/src/Week2_lab'
[2.248s] INFO:colcon.colcon_core.shell:Skip shell extension 'powershell' for command environment: Not usable outside of PowerShell
[2.248s] DEBUG:colcon.colcon_core.shell:Skip shell extension 'dsv' for command environment
[2.791s] INFO:colcon.colcon_core.task.python.build:Building Python package in '/home/ben/KV6022_limo_ros2/src/example_codes'
[2.792s] INFO:colcon.colcon_core.shell:Skip shell extension 'powershell' for command environment: Not usable outside of PowerShell
[2.793s] DEBUG:colcon.colcon_core.shell:Skip shell extension 'dsv' for command environment
[3.354s] INFO:colcon.colcon_core.task.python.build:Building Python package in '/home/ben/KV6022_limo_ros2/src/trajectory_referee'
[3.355s] INFO:colcon.colcon_core.shell:Skip shell extension 'powershell' for command environment: Not usable outside of PowerShell
[3.355s] DEBUG:colcon.colcon_core.shell:Skip shell extension 'dsv' for command environment
[3.944s] INFO:colcon.colcon_core.task.python.build:Building Python package in '/home/ben/KV6022_limo_ros2/src/trajectory_skeleton'
[3.945s] INFO:colcon.colcon_core.shell:Skip shell extension 'powershell' for command environment: Not usable outside of PowerShell
[3.945s] DEBUG:colcon.colcon_core.shell:Skip shell extension 'dsv' for command environment
[3.987s] DEBUG:colcon.colcon_core.event_handler.log_command:Invoked command in '/home/ben/KV6022_limo_ros2/build/limo_description' returned '0': CMAKE_PREFIX_PATH=/opt/ros/humble CONDA_PROMPT_MODIFIER=(ros2) /usr/bin/cmake /home/ben/KV6022_limo_ros2/src/limo_description -DCMAKE_INSTALL_PREFIX=/home/ben/KV6022_limo_ros2/install/limo_description
[3.988s] DEBUG:colcon.colcon_core.event_handler.log_command:Invoking command in '/home/ben/KV6022_limo_ros2/build/limo_description': CMAKE_PREFIX_PATH=/opt/ros/humble CONDA_PROMPT_MODIFIER=(ros2) /usr/bin/cmake --build /home/ben/KV6022_limo_ros2/build/limo_description -- -j8 -l8
[4.370s] DEBUG:colcon.colcon_core.event_handler.log_command:Invoked command in '/home/ben/KV6022_limo_ros2/build/limo_description' returned '0': CMAKE_PREFIX_PATH=/opt/ros/humble CONDA_PROMPT_MODIFIER=(ros2) /usr/bin/cmake --build /home/ben/KV6022_limo_ros2/build/limo_description -- -j8 -l8
[4.456s] DEBUG:colcon.colcon_core.event_handler.log_command:Invoking command in '/home/ben/KV6022_limo_ros2/build/limo_description': CMAKE_PREFIX_PATH=/opt/ros/humble CONDA_PROMPT_MODIFIER=(ros2) /usr/bin/cmake --install /home/ben/KV6022_limo_ros2/build/limo_description
[4.699s] Level 1:colcon.colcon_core.environment:create_environment_scripts_only(limo_description)
[4.704s] DEBUG:colcon.colcon_core.event_handler.log_command:Invoked command in '/home/ben/KV6022_limo_ros2/build/limo_description' returned '0': CMAKE_PREFIX_PATH=/opt/ros/humble CONDA_PROMPT_MODIFIER=(ros2) /usr/bin/cmake --install /home/ben/KV6022_limo_ros2/build/limo_description
[4.738s] Level 1:colcon.colcon_core.environment:checking '/home/ben/KV6022_limo_ros2/install/limo_description' for CMake module files
[4.749s] Level 1:colcon.colcon_core.environment:checking '/home/ben/KV6022_limo_ros2/install/limo_description' for CMake config files
[4.754s] Level 1:colcon.colcon_core.shell:create_environment_hook('limo_description', 'cmake_prefix_path')
[4.755s] INFO:colcon.colcon_core.shell:Creating environment hook '/home/ben/KV6022_limo_ros2/install/limo_description/share/limo_description/hook/cmake_prefix_path.ps1'
[4.756s] INFO:colcon.colcon_core.shell:Creating environment descriptor '/home/ben/KV6022_limo_ros2/install/limo_description/share/limo_description/hook/cmake_prefix_path.dsv'
[4.756s] INFO:colcon.colcon_core.shell:Creating environment hook '/home/ben/KV6022_limo_ros2/install/limo_description/share/limo_description/hook/cmake_prefix_path.sh'
[4.758s] Level 1:colcon.colcon_core.environment:checking '/home/ben/KV6022_limo_ros2/install/limo_description/bin'
[4.758s] Level 1:colcon.colcon_core.environment:checking '/home/ben/KV6022_limo_ros2/install/limo_description/lib/pkgconfig/limo_description.pc'
[4.758s] Level 1:colcon.colcon_core.environment:checking '/home/ben/KV6022_limo_ros2/install/limo_description/lib/python3.10/site-packages'
[4.758s] Level 1:colcon.colcon_core.environment:checking '/home/ben/KV6022_limo_ros2/install/limo_description/bin'
[4.759s] INFO:colcon.colcon_core.shell:Creating package script '/home/ben/KV6022_limo_ros2/install/limo_description/share/limo_description/package.ps1'
[4.760s] INFO:colcon.colcon_core.shell:Creating package descriptor '/home/ben/KV6022_limo_ros2/install/limo_description/share/limo_description/package.dsv'
[4.761s] INFO:colcon.colcon_core.shell:Creating package script '/home/ben/KV6022_limo_ros2/install/limo_description/share/limo_description/package.sh'
[4.763s] INFO:colcon.colcon_core.shell:Creating package script '/home/ben/KV6022_limo_ros2/install/limo_description/share/limo_description/package.bash'
[4.766s] INFO:colcon.colcon_core.shell:Creating package script '/home/ben/KV6022_limo_ros2/install/limo_description/share/limo_description/package.zsh'
[4.769s] Level 1:colcon.colcon_core.environment:create_file_with_runtime_dependencies(/home/ben/KV6022_limo_ros2/install/limo_description/share/colcon-core/packages/limo_description)
[4.770s] Level 1:colcon.colcon_core.environment:create_environment_scripts_only(limo_description)
[4.771s] Level 1:colcon.colcon_core.environment:checking '/home/ben/KV6022_limo_ros2/install/limo_description' for CMake module files
[4.778s] Level 1:colcon.colcon_core.environment:checking '/home/ben/KV6022_limo_ros2/install/limo_description' for CMake config files
[4.782s] Level 1:colcon.colcon_core.shell:create_environment_hook('limo_description', 'cmake_prefix_path')
[4.783s] INFO:colcon.colcon_core.shell:Creating environment hook '/home/ben/KV6022_limo_ros2/install/limo_description/share/limo_description/hook/cmake_prefix_path.ps1'
[4.784s] INFO:colcon.colcon_core.shell:Creating environment descriptor '/home/ben/KV6022_limo_ros2/install/limo_description/share/limo_description/hook/cmake_prefix_path.dsv'
[4.785s] INFO:colcon.colcon_core.shell:Creating environment hook '/home/ben/KV6022_limo_ros2/install/limo_description/share/limo_description/hook/cmake_prefix_path.sh'
[4.788s] Level 1:colcon.colcon_core.environment:checking '/home/ben/KV6022_limo_ros2/install/limo_description/bin'
[4.788s] Level 1:colcon.colcon_core.environment:checking '/home/ben/KV6022_limo_ros2/install/limo_description/lib/pkgconfig/limo_description.pc'
[4.788s] Level 1:colcon.colcon_core.environment:checking '/home/ben/KV6022_limo_ros2/install/limo_description/lib/python3.10/site-packages'
[4.789s] Level 1:colcon.colcon_core.environment:checking '/home/ben/KV6022_limo_ros2/install/limo_description/bin'
[4.789s] INFO:colcon.colcon_core.shell:Creating package script '/home/ben/KV6022_limo_ros2/install/limo_description/share/limo_description/package.ps1'
[4.797s] INFO:colcon.colcon_core.shell:Creating package descriptor '/home/ben/KV6022_limo_ros2/install/limo_description/share/limo_description/package.dsv'
[4.798s] INFO:colcon.colcon_core.shell:Creating package script '/home/ben/KV6022_limo_ros2/install/limo_description/share/limo_description/package.sh'
[4.799s] INFO:colcon.colcon_core.shell:Creating package script '/home/ben/KV6022_limo_ros2/install/limo_description/share/limo_description/package.bash'
[4.809s] INFO:colcon.colcon_core.shell:Creating package script '/home/ben/KV6022_limo_ros2/install/limo_description/share/limo_description/package.zsh'
[4.810s] Level 1:colcon.colcon_core.environment:create_file_with_runtime_dependencies(/home/ben/KV6022_limo_ros2/install/limo_description/share/colcon-core/packages/limo_description)
[5.314s] DEBUG:colcon.colcon_core.task.python.build:Available setuptools commands: build_ext, build_clib, symlink_data, alias, install_data, install_headers, build_scripts, bdist_egg, rotate, build_py, init_catalog, develop, sdist, extract_messages, compile_catalog, dist_info, egg_info, bdist_dumb, saveopts, bdist_rpm, bdist, register, setopt, check, clean, update_catalog, install, install_egg_info, test, build, easy_install, install_scripts, upload_docs, upload, install_lib
[5.321s] DEBUG:colcon.colcon_core.event_handler.log_command:Invoking command in '/home/ben/KV6022_limo_ros2/src/Week2_lab': CONDA_PROMPT_MODIFIER=(ros2) PYTHONPATH=/home/ben/KV6022_limo_ros2/build/Week2_lab/prefix_override:/usr/lib/python3/dist-packages/colcon_core/task/python/colcon_distutils_commands:/home/ben/KV6022_limo_ros2/install/Week2_lab/lib/python3.10/site-packages:${PYTHONPATH} /usr/bin/python3 -W ignore:setup.py install is deprecated -W ignore:easy_install command is deprecated setup.py egg_info --egg-base ../../build/Week2_lab build --build-base /home/ben/KV6022_limo_ros2/build/Week2_lab/build install --record /home/ben/KV6022_limo_ros2/build/Week2_lab/install.log --install-scripts $base/lib/Week2_lab --single-version-externally-managed install_data
[5.332s] DEBUG:colcon.colcon_core.event_handler.log_command:Invoked command in '/home/ben/KV6022_limo_ros2/build/limo_msgs' returned '0': CMAKE_PREFIX_PATH=/opt/ros/humble CONDA_PROMPT_MODIFIER=(ros2) /usr/bin/cmake /home/ben/KV6022_limo_ros2/src/limo_msgs -DCMAKE_INSTALL_PREFIX=/home/ben/KV6022_limo_ros2/install/limo_msgs
[5.334s] DEBUG:colcon.colcon_core.event_handler.log_command:Invoking command in '/home/ben/KV6022_limo_ros2/build/limo_msgs': CMAKE_PREFIX_PATH=/opt/ros/humble CONDA_PROMPT_MODIFIER=(ros2) /usr/bin/cmake --build /home/ben/KV6022_limo_ros2/build/limo_msgs -- -j8 -l8
[5.337s] DEBUG:colcon.colcon_core.task.python.build:Available setuptools commands: build_ext, build_clib, symlink_data, alias, install_data, install_headers, build_scripts, bdist_egg, rotate, build_py, init_catalog, develop, sdist, extract_messages, compile_catalog, dist_info, egg_info, bdist_dumb, saveopts, bdist_rpm, bdist, register, setopt, check, clean, update_catalog, install, install_egg_info, test, build, easy_install, install_scripts, upload_docs, upload, install_lib
[5.342s] DEBUG:colcon.colcon_core.event_handler.log_command:Invoking command in '/home/ben/KV6022_limo_ros2/build/KV6022_assessment': CONDA_PROMPT_MODIFIER=(ros2) PYTHONPATH=/home/ben/KV6022_limo_ros2/build/KV6022_assessment/prefix_override:/usr/lib/python3/dist-packages/colcon_core/task/python/colcon_distutils_commands:/home/ben/KV6022_limo_ros2/install/KV6022_assessment/lib/python3.10/site-packages:${PYTHONPATH} /usr/bin/python3 -W ignore:setup.py install is deprecated -W ignore:easy_install command is deprecated setup.py develop --uninstall --editable --build-directory /home/ben/KV6022_limo_ros2/build/KV6022_assessment/build
[5.345s] DEBUG:colcon.colcon_core.task.python.build:Available setuptools commands: build_ext, build_clib, symlink_data, alias, install_data, install_headers, build_scripts, bdist_egg, rotate, build_py, init_catalog, develop, sdist, extract_messages, compile_catalog, dist_info, egg_info, bdist_dumb, saveopts, bdist_rpm, bdist, register, setopt, check, clean, update_catalog, install, install_egg_info, test, build, easy_install, install_scripts, upload_docs, upload, install_lib
[5.354s] DEBUG:colcon.colcon_core.event_handler.log_command:Invoking command in '/home/ben/KV6022_limo_ros2/build/example_codes': CONDA_PROMPT_MODIFIER=(ros2) PYTHONPATH=/home/ben/KV6022_limo_ros2/build/example_codes/prefix_override:/usr/lib/python3/dist-packages/colcon_core/task/python/colcon_distutils_commands:/home/ben/KV6022_limo_ros2/install/example_codes/lib/python3.10/site-packages:${PYTHONPATH} /usr/bin/python3 -W ignore:setup.py install is deprecated -W ignore:easy_install command is deprecated setup.py develop --uninstall --editable --build-directory /home/ben/KV6022_limo_ros2/build/example_codes/build
[5.404s] DEBUG:colcon.colcon_core.task.python.build:Available setuptools commands: build_ext, build_clib, symlink_data, alias, install_data, install_headers, build_scripts, bdist_egg, rotate, build_py, init_catalog, develop, sdist, extract_messages, compile_catalog, dist_info, egg_info, bdist_dumb, saveopts, bdist_rpm, bdist, register, setopt, check, clean, update_catalog, install, install_egg_info, test, build, easy_install, install_scripts, upload_docs, upload, install_lib
[5.412s] DEBUG:colcon.colcon_core.event_handler.log_command:Invoking command in '/home/ben/KV6022_limo_ros2/build/trajectory_referee': CONDA_PROMPT_MODIFIER=(ros2) PYTHONPATH=/home/ben/KV6022_limo_ros2/build/trajectory_referee/prefix_override:/usr/lib/python3/dist-packages/colcon_core/task/python/colcon_distutils_commands:/home/ben/KV6022_limo_ros2/install/trajectory_referee/lib/python3.10/site-packages:${PYTHONPATH} /usr/bin/python3 -W ignore:setup.py install is deprecated -W ignore:easy_install command is deprecated setup.py develop --uninstall --editable --build-directory /home/ben/KV6022_limo_ros2/build/trajectory_referee/build
[5.436s] DEBUG:colcon.colcon_core.task.python.build:Available setuptools commands: build_ext, build_clib, symlink_data, alias, install_data, install_headers, build_scripts, bdist_egg, rotate, build_py, init_catalog, develop, sdist, extract_messages, compile_catalog, dist_info, egg_info, bdist_dumb, saveopts, bdist_rpm, bdist, register, setopt, check, clean, update_catalog, install, install_egg_info, test, build, easy_install, install_scripts, upload_docs, upload, install_lib
[5.451s] DEBUG:colcon.colcon_core.event_handler.log_command:Invoking command in '/home/ben/KV6022_limo_ros2/build/trajectory_skeleton': CONDA_PROMPT_MODIFIER=(ros2) PYTHONPATH=/home/ben/KV6022_limo_ros2/build/trajectory_skeleton/prefix_override:/usr/lib/python3/dist-packages/colcon_core/task/python/colcon_distutils_commands:/home/ben/KV6022_limo_ros2/install/trajectory_skeleton/lib/python3.10/site-packages:${PYTHONPATH} /usr/bin/python3 -W ignore:setup.py install is deprecated -W ignore:easy_install command is deprecated setup.py develop --uninstall --editable --build-directory /home/ben/KV6022_limo_ros2/build/trajectory_skeleton/build
[6.392s] Level 1:colcon.colcon_core.environment:checking '/home/ben/KV6022_limo_ros2/install/Week2_lab' for CMake module files
[6.395s] DEBUG:colcon.colcon_core.event_handler.log_command:Invoked command in '/home/ben/KV6022_limo_ros2/src/Week2_lab' returned '0': CONDA_PROMPT_MODIFIER=(ros2) PYTHONPATH=/home/ben/KV6022_limo_ros2/build/Week2_lab/prefix_override:/usr/lib/python3/dist-packages/colcon_core/task/python/colcon_distutils_commands:/home/ben/KV6022_limo_ros2/install/Week2_lab/lib/python3.10/site-packages:${PYTHONPATH} /usr/bin/python3 -W ignore:setup.py install is deprecated -W ignore:easy_install command is deprecated setup.py egg_info --egg-base ../../build/Week2_lab build --build-base /home/ben/KV6022_limo_ros2/build/Week2_lab/build install --record /home/ben/KV6022_limo_ros2/build/Week2_lab/install.log --install-scripts $base/lib/Week2_lab --single-version-externally-managed install_data
[6.397s] Level 1:colcon.colcon_core.environment:checking '/home/ben/KV6022_limo_ros2/install/Week2_lab' for CMake config files
[6.401s] Level 1:colcon.colcon_core.environment:checking '/home/ben/KV6022_limo_ros2/install/Week2_lab/lib'
[6.401s] Level 1:colcon.colcon_core.environment:checking '/home/ben/KV6022_limo_ros2/install/Week2_lab/bin'
[6.401s] Level 1:colcon.colcon_core.environment:checking '/home/ben/KV6022_limo_ros2/install/Week2_lab/lib/pkgconfig/Week2_lab.pc'
[6.403s] Level 1:colcon.colcon_core.environment:checking '/home/ben/KV6022_limo_ros2/install/Week2_lab/lib/python3.10/site-packages'
[6.405s] Level 1:colcon.colcon_core.shell:create_environment_hook('Week2_lab', 'pythonpath')
[6.405s] INFO:colcon.colcon_core.shell:Creating environment hook '/home/ben/KV6022_limo_ros2/install/Week2_lab/share/Week2_lab/hook/pythonpath.ps1'
[6.406s] INFO:colcon.colcon_core.shell:Creating environment descriptor '/home/ben/KV6022_limo_ros2/install/Week2_lab/share/Week2_lab/hook/pythonpath.dsv'
[6.407s] INFO:colcon.colcon_core.shell:Creating environment hook '/home/ben/KV6022_limo_ros2/install/Week2_lab/share/Week2_lab/hook/pythonpath.sh'
[6.408s] Level 1:colcon.colcon_core.environment:checking '/home/ben/KV6022_limo_ros2/install/Week2_lab/bin'
[6.408s] Level 1:colcon.colcon_core.environment:create_environment_scripts_only(Week2_lab)
[6.408s] INFO:colcon.colcon_core.shell:Creating package script '/home/ben/KV6022_limo_ros2/install/Week2_lab/share/Week2_lab/package.ps1'
[6.411s] INFO:colcon.colcon_core.shell:Creating package descriptor '/home/ben/KV6022_limo_ros2/install/Week2_lab/share/Week2_lab/package.dsv'
[6.412s] INFO:colcon.colcon_core.shell:Creating package script '/home/ben/KV6022_limo_ros2/install/Week2_lab/share/Week2_lab/package.sh'
[6.413s] INFO:colcon.colcon_core.shell:Creating package script '/home/ben/KV6022_limo_ros2/install/Week2_lab/share/Week2_lab/package.bash'
[6.414s] INFO:colcon.colcon_core.shell:Creating package script '/home/ben/KV6022_limo_ros2/install/Week2_lab/share/Week2_lab/package.zsh'
[6.414s] Level 1:colcon.colcon_core.environment:create_file_with_runtime_dependencies(/home/ben/KV6022_limo_ros2/install/Week2_lab/share/colcon-core/packages/Week2_lab)
[6.813s] DEBUG:colcon.colcon_core.event_handler.log_command:Invoked command in '/home/ben/KV6022_limo_ros2/build/KV6022_assessment' returned '0': CONDA_PROMPT_MODIFIER=(ros2) PYTHONPATH=/home/ben/KV6022_limo_ros2/build/KV6022_assessment/prefix_override:/usr/lib/python3/dist-packages/colcon_core/task/python/colcon_distutils_commands:/home/ben/KV6022_limo_ros2/install/KV6022_assessment/lib/python3.10/site-packages:${PYTHONPATH} /usr/bin/python3 -W ignore:setup.py install is deprecated -W ignore:easy_install command is deprecated setup.py develop --uninstall --editable --build-directory /home/ben/KV6022_limo_ros2/build/KV6022_assessment/build
[6.817s] DEBUG:colcon.colcon_core.event_handler.log_command:Invoking command in '/home/ben/KV6022_limo_ros2/src/KV6022_assessment': CONDA_PROMPT_MODIFIER=(ros2) PYTHONPATH=/home/ben/KV6022_limo_ros2/build/KV6022_assessment/prefix_override:/usr/lib/python3/dist-packages/colcon_core/task/python/colcon_distutils_commands:/home/ben/KV6022_limo_ros2/install/KV6022_assessment/lib/python3.10/site-packages:${PYTHONPATH} /usr/bin/python3 -W ignore:setup.py install is deprecated -W ignore:easy_install command is deprecated setup.py egg_info --egg-base ../../build/KV6022_assessment build --build-base /home/ben/KV6022_limo_ros2/build/KV6022_assessment/build install --record /home/ben/KV6022_limo_ros2/build/KV6022_assessment/install.log --install-scripts $base/lib/KV6022_assessment --single-version-externally-managed install_data --force
[6.825s] DEBUG:colcon.colcon_core.event_handler.log_command:Invoked command in '/home/ben/KV6022_limo_ros2/build/trajectory_skeleton' returned '0': CONDA_PROMPT_MODIFIER=(ros2) PYTHONPATH=/home/ben/KV6022_limo_ros2/build/trajectory_skeleton/prefix_override:/usr/lib/python3/dist-packages/colcon_core/task/python/colcon_distutils_commands:/home/ben/KV6022_limo_ros2/install/trajectory_skeleton/lib/python3.10/site-packages:${PYTHONPATH} /usr/bin/python3 -W ignore:setup.py install is deprecated -W ignore:easy_install command is deprecated setup.py develop --uninstall --editable --build-directory /home/ben/KV6022_limo_ros2/build/trajectory_skeleton/build
[6.828s] DEBUG:colcon.colcon_core.event_handler.log_command:Invoking command in '/home/ben/KV6022_limo_ros2/src/trajectory_skeleton': CONDA_PROMPT_MODIFIER=(ros2) PYTHONPATH=/home/ben/KV6022_limo_ros2/build/trajectory_skeleton/prefix_override:/usr/lib/python3/dist-packages/colcon_core/task/python/colcon_distutils_commands:/home/ben/KV6022_limo_ros2/install/trajectory_skeleton/lib/python3.10/site-packages:${PYTHONPATH} /usr/bin/python3 -W ignore:setup.py install is deprecated -W ignore:easy_install command is deprecated setup.py egg_info --egg-base ../../build/trajectory_skeleton build --build-base /home/ben/KV6022_limo_ros2/build/trajectory_skeleton/build install --record /home/ben/KV6022_limo_ros2/build/trajectory_skeleton/install.log --install-scripts $base/lib/trajectory_skeleton --single-version-externally-managed install_data --force
[6.844s] DEBUG:colcon.colcon_core.event_handler.log_command:Invoked command in '/home/ben/KV6022_limo_ros2/build/trajectory_referee' returned '0': CONDA_PROMPT_MODIFIER=(ros2) PYTHONPATH=/home/ben/KV6022_limo_ros2/build/trajectory_referee/prefix_override:/usr/lib/python3/dist-packages/colcon_core/task/python/colcon_distutils_commands:/home/ben/KV6022_limo_ros2/install/trajectory_referee/lib/python3.10/site-packages:${PYTHONPATH} /usr/bin/python3 -W ignore:setup.py install is deprecated -W ignore:easy_install command is deprecated setup.py develop --uninstall --editable --build-directory /home/ben/KV6022_limo_ros2/build/trajectory_referee/build
[6.844s] DEBUG:colcon.colcon_core.event_handler.log_command:Invoking command in '/home/ben/KV6022_limo_ros2/src/trajectory_referee': CONDA_PROMPT_MODIFIER=(ros2) PYTHONPATH=/home/ben/KV6022_limo_ros2/build/trajectory_referee/prefix_override:/usr/lib/python3/dist-packages/colcon_core/task/python/colcon_distutils_commands:/home/ben/KV6022_limo_ros2/install/trajectory_referee/lib/python3.10/site-packages:${PYTHONPATH} /usr/bin/python3 -W ignore:setup.py install is deprecated -W ignore:easy_install command is deprecated setup.py egg_info --egg-base ../../build/trajectory_referee build --build-base /home/ben/KV6022_limo_ros2/build/trajectory_referee/build install --record /home/ben/KV6022_limo_ros2/build/trajectory_referee/install.log --install-scripts $base/lib/trajectory_referee --single-version-externally-managed install_data --force
[6.895s] DEBUG:colcon.colcon_core.event_handler.log_command:Invoked command in '/home/ben/KV6022_limo_ros2/build/example_codes' returned '0': CONDA_PROMPT_MODIFIER=(ros2) PYTHONPATH=/home/ben/KV6022_limo_ros2/build/example_codes/prefix_override:/usr/lib/python3/dist-packages/colcon_core/task/python/colcon_distutils_commands:/home/ben/KV6022_limo_ros2/install/example_codes/lib/python3.10/site-packages:${PYTHONPATH} /usr/bin/python3 -W ignore:setup.py install is deprecated -W ignore:easy_install command is deprecated setup.py develop --uninstall --editable --build-directory /home/ben/KV6022_limo_ros2/build/example_codes/build
[6.896s] DEBUG:colcon.colcon_core.event_handler.log_command:Invoking command in '/home/ben/KV6022_limo_ros2/src/example_codes': CONDA_PROMPT_MODIFIER=(ros2) PYTHONPATH=/home/ben/KV6022_limo_ros2/build/example_codes/prefix_override:/usr/lib/python3/dist-packages/colcon_core/task/python/colcon_distutils_commands:/home/ben/KV6022_limo_ros2/install/example_codes/lib/python3.10/site-packages:${PYTHONPATH} /usr/bin/python3 -W ignore:setup.py install is deprecated -W ignore:easy_install command is deprecated setup.py egg_info --egg-base ../../build/example_codes build --build-base /home/ben/KV6022_limo_ros2/build/example_codes/build install --record /home/ben/KV6022_limo_ros2/build/example_codes/install.log --install-scripts $base/lib/example_codes --single-version-externally-managed install_data --force
[7.025s] DEBUG:colcon.colcon_core.event_handler.log_command:Invoked command in '/home/ben/KV6022_limo_ros2/build/limo_msgs' returned '0': CMAKE_PREFIX_PATH=/opt/ros/humble CONDA_PROMPT_MODIFIER=(ros2) /usr/bin/cmake --build /home/ben/KV6022_limo_ros2/build/limo_msgs -- -j8 -l8
[7.030s] DEBUG:colcon.colcon_core.event_handler.log_command:Invoking command in '/home/ben/KV6022_limo_ros2/build/limo_msgs': CMAKE_PREFIX_PATH=/opt/ros/humble CONDA_PROMPT_MODIFIER=(ros2) /usr/bin/cmake --install /home/ben/KV6022_limo_ros2/build/limo_msgs
[7.388s] Level 1:colcon.colcon_core.environment:create_environment_scripts_only(limo_msgs)
[7.388s] Level 1:colcon.colcon_core.environment:checking '/home/ben/KV6022_limo_ros2/install/limo_msgs' for CMake module files
[7.389s] DEBUG:colcon.colcon_core.event_handler.log_command:Invoked command in '/home/ben/KV6022_limo_ros2/build/limo_msgs' returned '0': CMAKE_PREFIX_PATH=/opt/ros/humble CONDA_PROMPT_MODIFIER=(ros2) /usr/bin/cmake --install /home/ben/KV6022_limo_ros2/build/limo_msgs
[7.391s] Level 1:colcon.colcon_core.environment:checking '/home/ben/KV6022_limo_ros2/install/limo_msgs' for CMake config files
[7.401s] Level 1:colcon.colcon_core.shell:create_environment_hook('limo_msgs', 'cmake_prefix_path')
[7.402s] INFO:colcon.colcon_core.shell:Creating environment hook '/home/ben/KV6022_limo_ros2/install/limo_msgs/share/limo_msgs/hook/cmake_prefix_path.ps1'
[7.403s] INFO:colcon.colcon_core.shell:Creating environment descriptor '/home/ben/KV6022_limo_ros2/install/limo_msgs/share/limo_msgs/hook/cmake_prefix_path.dsv'
[7.404s] INFO:colcon.colcon_core.shell:Creating environment hook '/home/ben/KV6022_limo_ros2/install/limo_msgs/share/limo_msgs/hook/cmake_prefix_path.sh'
[7.405s] Level 1:colcon.colcon_core.environment:checking '/home/ben/KV6022_limo_ros2/install/limo_msgs/lib'
[7.405s] Level 1:colcon.colcon_core.shell:create_environment_hook('limo_msgs', 'ld_library_path_lib')
[7.405s] INFO:colcon.colcon_core.shell:Creating environment hook '/home/ben/KV6022_limo_ros2/install/limo_msgs/share/limo_msgs/hook/ld_library_path_lib.ps1'
[7.406s] INFO:colcon.colcon_core.shell:Creating environment descriptor '/home/ben/KV6022_limo_ros2/install/limo_msgs/share/limo_msgs/hook/ld_library_path_lib.dsv'
[7.407s] INFO:colcon.colcon_core.shell:Creating environment hook '/home/ben/KV6022_limo_ros2/install/limo_msgs/share/limo_msgs/hook/ld_library_path_lib.sh'
[7.407s] Level 1:colcon.colcon_core.environment:checking '/home/ben/KV6022_limo_ros2/install/limo_msgs/bin'
[7.407s] Level 1:colcon.colcon_core.environment:checking '/home/ben/KV6022_limo_ros2/install/limo_msgs/lib/pkgconfig/limo_msgs.pc'
[7.408s] Level 1:colcon.colcon_core.environment:checking '/home/ben/KV6022_limo_ros2/install/limo_msgs/lib/python3.10/site-packages'
[7.408s] Level 1:colcon.colcon_core.shell:create_environment_hook('limo_msgs', 'pythonpath')
[7.408s] INFO:colcon.colcon_core.shell:Creating environment hook '/home/ben/KV6022_limo_ros2/install/limo_msgs/share/limo_msgs/hook/pythonpath.ps1'
[7.409s] INFO:colcon.colcon_core.shell:Creating environment descriptor '/home/ben/KV6022_limo_ros2/install/limo_msgs/share/limo_msgs/hook/pythonpath.dsv'
[7.409s] INFO:colcon.colcon_core.shell:Creating environment hook '/home/ben/KV6022_limo_ros2/install/limo_msgs/share/limo_msgs/hook/pythonpath.sh'
[7.410s] Level 1:colcon.colcon_core.environment:checking '/home/ben/KV6022_limo_ros2/install/limo_msgs/bin'
[7.411s] INFO:colcon.colcon_core.shell:Creating package script '/home/ben/KV6022_limo_ros2/install/limo_msgs/share/limo_msgs/package.ps1'
[7.412s] INFO:colcon.colcon_core.shell:Creating package descriptor '/home/ben/KV6022_limo_ros2/install/limo_msgs/share/limo_msgs/package.dsv'
[7.413s] INFO:colcon.colcon_core.shell:Creating package script '/home/ben/KV6022_limo_ros2/install/limo_msgs/share/limo_msgs/package.sh'
[7.414s] INFO:colcon.colcon_core.shell:Creating package script '/home/ben/KV6022_limo_ros2/install/limo_msgs/share/limo_msgs/package.bash'
[7.422s] INFO:colcon.colcon_core.shell:Creating package script '/home/ben/KV6022_limo_ros2/install/limo_msgs/share/limo_msgs/package.zsh'
[7.423s] Level 1:colcon.colcon_core.environment:create_file_with_runtime_dependencies(/home/ben/KV6022_limo_ros2/install/limo_msgs/share/colcon-core/packages/limo_msgs)
[7.425s] Level 1:colcon.colcon_core.environment:create_environment_scripts_only(limo_msgs)
[7.426s] Level 1:colcon.colcon_core.environment:checking '/home/ben/KV6022_limo_ros2/install/limo_msgs' for CMake module files
[7.428s] Level 1:colcon.colcon_core.environment:checking '/home/ben/KV6022_limo_ros2/install/limo_msgs' for CMake config files
[7.445s] Level 1:colcon.colcon_core.shell:create_environment_hook('limo_msgs', 'cmake_prefix_path')
[7.445s] INFO:colcon.colcon_core.shell:Creating environment hook '/home/ben/KV6022_limo_ros2/install/limo_msgs/share/limo_msgs/hook/cmake_prefix_path.ps1'
[7.456s] INFO:colcon.colcon_core.shell:Creating environment descriptor '/home/ben/KV6022_limo_ros2/install/limo_msgs/share/limo_msgs/hook/cmake_prefix_path.dsv'
[7.459s] INFO:colcon.colcon_core.shell:Creating environment hook '/home/ben/KV6022_limo_ros2/install/limo_msgs/share/limo_msgs/hook/cmake_prefix_path.sh'
[7.465s] Level 1:colcon.colcon_core.environment:checking '/home/ben/KV6022_limo_ros2/install/limo_msgs/lib'
[7.465s] Level 1:colcon.colcon_core.shell:create_environment_hook('limo_msgs', 'ld_library_path_lib')
[7.465s] INFO:colcon.colcon_core.shell:Creating environment hook '/home/ben/KV6022_limo_ros2/install/limo_msgs/share/limo_msgs/hook/ld_library_path_lib.ps1'
[7.473s] INFO:colcon.colcon_core.shell:Creating environment descriptor '/home/ben/KV6022_limo_ros2/install/limo_msgs/share/limo_msgs/hook/ld_library_path_lib.dsv'
[7.476s] INFO:colcon.colcon_core.shell:Creating environment hook '/home/ben/KV6022_limo_ros2/install/limo_msgs/share/limo_msgs/hook/ld_library_path_lib.sh'
[7.476s] Level 1:colcon.colcon_core.environment:checking '/home/ben/KV6022_limo_ros2/install/limo_msgs/bin'
[7.482s] Level 1:colcon.colcon_core.environment:checking '/home/ben/KV6022_limo_ros2/install/limo_msgs/lib/pkgconfig/limo_msgs.pc'
[7.483s] Level 1:colcon.colcon_core.environment:checking '/home/ben/KV6022_limo_ros2/install/limo_msgs/lib/python3.10/site-packages'
[7.483s] Level 1:colcon.colcon_core.shell:create_environment_hook('limo_msgs', 'pythonpath')
[7.484s] INFO:colcon.colcon_core.shell:Creating environment hook '/home/ben/KV6022_limo_ros2/install/limo_msgs/share/limo_msgs/hook/pythonpath.ps1'
[7.489s] INFO:colcon.colcon_core.shell:Creating environment descriptor '/home/ben/KV6022_limo_ros2/install/limo_msgs/share/limo_msgs/hook/pythonpath.dsv'
[7.489s] INFO:colcon.colcon_core.shell:Creating environment hook '/home/ben/KV6022_limo_ros2/install/limo_msgs/share/limo_msgs/hook/pythonpath.sh'
[7.491s] Level 1:colcon.colcon_core.environment:checking '/home/ben/KV6022_limo_ros2/install/limo_msgs/bin'
[7.491s] INFO:colcon.colcon_core.shell:Creating package script '/home/ben/KV6022_limo_ros2/install/limo_msgs/share/limo_msgs/package.ps1'
[7.492s] INFO:colcon.colcon_core.shell:Creating package descriptor '/home/ben/KV6022_limo_ros2/install/limo_msgs/share/limo_msgs/package.dsv'
[7.493s] INFO:colcon.colcon_core.shell:Creating package script '/home/ben/KV6022_limo_ros2/install/limo_msgs/share/limo_msgs/package.sh'
[7.494s] INFO:colcon.colcon_core.shell:Creating package script '/home/ben/KV6022_limo_ros2/install/limo_msgs/share/limo_msgs/package.bash'
[7.495s] INFO:colcon.colcon_core.shell:Creating package script '/home/ben/KV6022_limo_ros2/install/limo_msgs/share/limo_msgs/package.zsh'
[7.498s] Level 1:colcon.colcon_core.environment:create_file_with_runtime_dependencies(/home/ben/KV6022_limo_ros2/install/limo_msgs/share/colcon-core/packages/limo_msgs)
[7.499s] INFO:colcon.colcon_ros.task.ament_cmake.build:Building ROS package in '/home/ben/KV6022_limo_ros2/src/limo_gazebosim' with build type 'ament_cmake'
[7.499s] INFO:colcon.colcon_cmake.task.cmake.build:Building CMake package in '/home/ben/KV6022_limo_ros2/src/limo_gazebosim'
[7.499s] INFO:colcon.colcon_core.shell:Skip shell extension 'powershell' for command environment: Not usable outside of PowerShell
[7.499s] DEBUG:colcon.colcon_core.shell:Skip shell extension 'dsv' for command environment
[7.561s] Level 1:colcon.colcon_core.environment:checking '/home/ben/KV6022_limo_ros2/install/KV6022_assessment' for CMake module files
[7.564s] Level 1:colcon.colcon_core.environment:checking '/home/ben/KV6022_limo_ros2/install/KV6022_assessment' for CMake config files
[7.576s] DEBUG:colcon.colcon_core.event_handler.log_command:Invoked command in '/home/ben/KV6022_limo_ros2/src/KV6022_assessment' returned '0': CONDA_PROMPT_MODIFIER=(ros2) PYTHONPATH=/home/ben/KV6022_limo_ros2/build/KV6022_assessment/prefix_override:/usr/lib/python3/dist-packages/colcon_core/task/python/colcon_distutils_commands:/home/ben/KV6022_limo_ros2/install/KV6022_assessment/lib/python3.10/site-packages:${PYTHONPATH} /usr/bin/python3 -W ignore:setup.py install is deprecated -W ignore:easy_install command is deprecated setup.py egg_info --egg-base ../../build/KV6022_assessment build --build-base /home/ben/KV6022_limo_ros2/build/KV6022_assessment/build install --record /home/ben/KV6022_limo_ros2/build/KV6022_assessment/install.log --install-scripts $base/lib/KV6022_assessment --single-version-externally-managed install_data --force
[7.577s] Level 1:colcon.colcon_core.environment:checking '/home/ben/KV6022_limo_ros2/install/KV6022_assessment/lib'
[7.577s] Level 1:colcon.colcon_core.environment:checking '/home/ben/KV6022_limo_ros2/install/KV6022_assessment/bin'
[7.578s] Level 1:colcon.colcon_core.environment:checking '/home/ben/KV6022_limo_ros2/install/KV6022_assessment/lib/pkgconfig/KV6022_assessment.pc'
[7.578s] Level 1:colcon.colcon_core.environment:checking '/home/ben/KV6022_limo_ros2/install/KV6022_assessment/lib/python3.10/site-packages'
[7.578s] Level 1:colcon.colcon_core.shell:create_environment_hook('KV6022_assessment', 'pythonpath')
[7.578s] INFO:colcon.colcon_core.shell:Creating environment hook '/home/ben/KV6022_limo_ros2/install/KV6022_assessment/share/KV6022_assessment/hook/pythonpath.ps1'
[7.579s] INFO:colcon.colcon_core.shell:Creating environment descriptor '/home/ben/KV6022_limo_ros2/install/KV6022_assessment/share/KV6022_assessment/hook/pythonpath.dsv'
[7.580s] INFO:colcon.colcon_core.shell:Creating environment hook '/home/ben/KV6022_limo_ros2/install/KV6022_assessment/share/KV6022_assessment/hook/pythonpath.sh'
[7.581s] Level 1:colcon.colcon_core.environment:checking '/home/ben/KV6022_limo_ros2/install/KV6022_assessment/bin'
[7.581s] Level 1:colcon.colcon_core.environment:create_environment_scripts_only(KV6022_assessment)
[7.582s] INFO:colcon.colcon_core.shell:Creating package script '/home/ben/KV6022_limo_ros2/install/KV6022_assessment/share/KV6022_assessment/package.ps1'
[7.583s] INFO:colcon.colcon_core.shell:Creating package descriptor '/home/ben/KV6022_limo_ros2/install/KV6022_assessment/share/KV6022_assessment/package.dsv'
[7.586s] INFO:colcon.colcon_core.shell:Creating package script '/home/ben/KV6022_limo_ros2/install/KV6022_assessment/share/KV6022_assessment/package.sh'
[7.587s] INFO:colcon.colcon_core.shell:Creating package script '/home/ben/KV6022_limo_ros2/install/KV6022_assessment/share/KV6022_assessment/package.bash'
[7.588s] INFO:colcon.colcon_core.shell:Creating package script '/home/ben/KV6022_limo_ros2/install/KV6022_assessment/share/KV6022_assessment/package.zsh'
[7.588s] Level 1:colcon.colcon_core.environment:create_file_with_runtime_dependencies(/home/ben/KV6022_limo_ros2/install/KV6022_assessment/share/colcon-core/packages/KV6022_assessment)
[7.589s] Level 1:colcon.colcon_core.environment:checking '/home/ben/KV6022_limo_ros2/install/trajectory_skeleton' for CMake module files
[7.590s] DEBUG:colcon.colcon_core.event_handler.log_command:Invoked command in '/home/ben/KV6022_limo_ros2/src/trajectory_skeleton' returned '0': CONDA_PROMPT_MODIFIER=(ros2) PYTHONPATH=/home/ben/KV6022_limo_ros2/build/trajectory_skeleton/prefix_override:/usr/lib/python3/dist-packages/colcon_core/task/python/colcon_distutils_commands:/home/ben/KV6022_limo_ros2/install/trajectory_skeleton/lib/python3.10/site-packages:${PYTHONPATH} /usr/bin/python3 -W ignore:setup.py install is deprecated -W ignore:easy_install command is deprecated setup.py egg_info --egg-base ../../build/trajectory_skeleton build --build-base /home/ben/KV6022_limo_ros2/build/trajectory_skeleton/build install --record /home/ben/KV6022_limo_ros2/build/trajectory_skeleton/install.log --install-scripts $base/lib/trajectory_skeleton --single-version-externally-managed install_data --force
[7.591s] Level 1:colcon.colcon_core.environment:checking '/home/ben/KV6022_limo_ros2/install/trajectory_skeleton' for CMake config files
[7.594s] Level 1:colcon.colcon_core.environment:checking '/home/ben/KV6022_limo_ros2/install/trajectory_skeleton/lib'
[7.594s] Level 1:colcon.colcon_core.environment:checking '/home/ben/KV6022_limo_ros2/install/trajectory_skeleton/bin'
[7.594s] Level 1:colcon.colcon_core.environment:checking '/home/ben/KV6022_limo_ros2/install/trajectory_skeleton/lib/pkgconfig/trajectory_skeleton.pc'
[7.594s] Level 1:colcon.colcon_core.environment:checking '/home/ben/KV6022_limo_ros2/install/trajectory_skeleton/lib/python3.10/site-packages'
[7.594s] Level 1:colcon.colcon_core.shell:create_environment_hook('trajectory_skeleton', 'pythonpath')
[7.594s] INFO:colcon.colcon_core.shell:Creating environment hook '/home/ben/KV6022_limo_ros2/install/trajectory_skeleton/share/trajectory_skeleton/hook/pythonpath.ps1'
[7.596s] INFO:colcon.colcon_core.shell:Creating environment descriptor '/home/ben/KV6022_limo_ros2/install/trajectory_skeleton/share/trajectory_skeleton/hook/pythonpath.dsv'
[7.597s] INFO:colcon.colcon_core.shell:Creating environment hook '/home/ben/KV6022_limo_ros2/install/trajectory_skeleton/share/trajectory_skeleton/hook/pythonpath.sh'
[7.598s] Level 1:colcon.colcon_core.environment:checking '/home/ben/KV6022_limo_ros2/install/trajectory_skeleton/bin'
[7.598s] Level 1:colcon.colcon_core.environment:create_environment_scripts_only(trajectory_skeleton)
[7.598s] INFO:colcon.colcon_core.shell:Creating package script '/home/ben/KV6022_limo_ros2/install/trajectory_skeleton/share/trajectory_skeleton/package.ps1'
[7.599s] INFO:colcon.colcon_core.shell:Creating package descriptor '/home/ben/KV6022_limo_ros2/install/trajectory_skeleton/share/trajectory_skeleton/package.dsv'
[7.600s] INFO:colcon.colcon_core.shell:Creating package script '/home/ben/KV6022_limo_ros2/install/trajectory_skeleton/share/trajectory_skeleton/package.sh'
[7.602s] INFO:colcon.colcon_core.shell:Creating package script '/home/ben/KV6022_limo_ros2/install/trajectory_skeleton/share/trajectory_skeleton/package.bash'
[7.604s] INFO:colcon.colcon_core.shell:Creating package script '/home/ben/KV6022_limo_ros2/install/trajectory_skeleton/share/trajectory_skeleton/package.zsh'
[7.605s] Level 1:colcon.colcon_core.environment:create_file_with_runtime_dependencies(/home/ben/KV6022_limo_ros2/install/trajectory_skeleton/share/colcon-core/packages/trajectory_skeleton)
[7.622s] DEBUG:colcon.colcon_core.event_handler.log_command:Invoking command in '/home/ben/KV6022_limo_ros2/build/limo_gazebosim': AMENT_PREFIX_PATH=/home/ben/KV6022_limo_ros2/install/limo_msgs:/home/ben/KV6022_limo_ros2/install/limo_description:${AMENT_PREFIX_PATH} CMAKE_PREFIX_PATH=/home/ben/KV6022_limo_ros2/install/limo_msgs:/home/ben/KV6022_limo_ros2/install/limo_description:/opt/ros/humble CONDA_PROMPT_MODIFIER=(ros2) LD_LIBRARY_PATH=/home/ben/KV6022_limo_ros2/install/limo_msgs/lib:${LD_LIBRARY_PATH} PYTHONPATH=/home/ben/KV6022_limo_ros2/install/limo_msgs/lib/python3.10/site-packages:${PYTHONPATH} /usr/bin/cmake /home/ben/KV6022_limo_ros2/src/limo_gazebosim -DCMAKE_INSTALL_PREFIX=/home/ben/KV6022_limo_ros2/install/limo_gazebosim
[7.623s] Level 1:colcon.colcon_core.environment:checking '/home/ben/KV6022_limo_ros2/install/trajectory_referee' for CMake module files
[7.624s] DEBUG:colcon.colcon_core.event_handler.log_command:Invoked command in '/home/ben/KV6022_limo_ros2/src/trajectory_referee' returned '0': CONDA_PROMPT_MODIFIER=(ros2) PYTHONPATH=/home/ben/KV6022_limo_ros2/build/trajectory_referee/prefix_override:/usr/lib/python3/dist-packages/colcon_core/task/python/colcon_distutils_commands:/home/ben/KV6022_limo_ros2/install/trajectory_referee/lib/python3.10/site-packages:${PYTHONPATH} /usr/bin/python3 -W ignore:setup.py install is deprecated -W ignore:easy_install command is deprecated setup.py egg_info --egg-base ../../build/trajectory_referee build --build-base /home/ben/KV6022_limo_ros2/build/trajectory_referee/build install --record /home/ben/KV6022_limo_ros2/build/trajectory_referee/install.log --install-scripts $base/lib/trajectory_referee --single-version-externally-managed install_data --force
[7.626s] Level 1:colcon.colcon_core.environment:checking '/home/ben/KV6022_limo_ros2/install/trajectory_referee' for CMake config files
[7.629s] Level 1:colcon.colcon_core.environment:checking '/home/ben/KV6022_limo_ros2/install/trajectory_referee/lib'
[7.629s] Level 1:colcon.colcon_core.environment:checking '/home/ben/KV6022_limo_ros2/install/trajectory_referee/bin'
[7.629s] Level 1:colcon.colcon_core.environment:checking '/home/ben/KV6022_limo_ros2/install/trajectory_referee/lib/pkgconfig/trajectory_referee.pc'
[7.629s] Level 1:colcon.colcon_core.environment:checking '/home/ben/KV6022_limo_ros2/install/trajectory_referee/lib/python3.10/site-packages'
[7.629s] Level 1:colcon.colcon_core.shell:create_environment_hook('trajectory_referee', 'pythonpath')
[7.630s] INFO:colcon.colcon_core.shell:Creating environment hook '/home/ben/KV6022_limo_ros2/install/trajectory_referee/share/trajectory_referee/hook/pythonpath.ps1'
[7.631s] INFO:colcon.colcon_core.shell:Creating environment descriptor '/home/ben/KV6022_limo_ros2/install/trajectory_referee/share/trajectory_referee/hook/pythonpath.dsv'
[7.632s] INFO:colcon.colcon_core.shell:Creating environment hook '/home/ben/KV6022_limo_ros2/install/trajectory_referee/share/trajectory_referee/hook/pythonpath.sh'
[7.633s] Level 1:colcon.colcon_core.environment:checking '/home/ben/KV6022_limo_ros2/install/trajectory_referee/bin'
[7.633s] Level 1:colcon.colcon_core.environment:create_environment_scripts_only(trajectory_referee)
[7.633s] INFO:colcon.colcon_core.shell:Creating package script '/home/ben/KV6022_limo_ros2/install/trajectory_referee/share/trajectory_referee/package.ps1'
[7.634s] INFO:colcon.colcon_core.shell:Creating package descriptor '/home/ben/KV6022_limo_ros2/install/trajectory_referee/share/trajectory_referee/package.dsv'
[7.635s] INFO:colcon.colcon_core.shell:Creating package script '/home/ben/KV6022_limo_ros2/install/trajectory_referee/share/trajectory_referee/package.sh'
[7.636s] INFO:colcon.colcon_core.shell:Creating package script '/home/ben/KV6022_limo_ros2/install/trajectory_referee/share/trajectory_referee/package.bash'
[7.636s] INFO:colcon.colcon_core.shell:Creating package script '/home/ben/KV6022_limo_ros2/install/trajectory_referee/share/trajectory_referee/package.zsh'
[7.637s] Level 1:colcon.colcon_core.environment:create_file_with_runtime_dependencies(/home/ben/KV6022_limo_ros2/install/trajectory_referee/share/colcon-core/packages/trajectory_referee)
[7.641s] Level 1:colcon.colcon_core.environment:checking '/home/ben/KV6022_limo_ros2/install/example_codes' for CMake module files
[7.642s] DEBUG:colcon.colcon_core.event_handler.log_command:Invoked command in '/home/ben/KV6022_limo_ros2/src/example_codes' returned '0': CONDA_PROMPT_MODIFIER=(ros2) PYTHONPATH=/home/ben/KV6022_limo_ros2/build/example_codes/prefix_override:/usr/lib/python3/dist-packages/colcon_core/task/python/colcon_distutils_commands:/home/ben/KV6022_limo_ros2/install/example_codes/lib/python3.10/site-packages:${PYTHONPATH} /usr/bin/python3 -W ignore:setup.py install is deprecated -W ignore:easy_install command is deprecated setup.py egg_info --egg-base ../../build/example_codes build --build-base /home/ben/KV6022_limo_ros2/build/example_codes/build install --record /home/ben/KV6022_limo_ros2/build/example_codes/install.log --install-scripts $base/lib/example_codes --single-version-externally-managed install_data --force
[7.643s] Level 1:colcon.colcon_core.environment:checking '/home/ben/KV6022_limo_ros2/install/example_codes' for CMake config files
[7.645s] Level 1:colcon.colcon_core.environment:checking '/home/ben/KV6022_limo_ros2/install/example_codes/lib'
[7.645s] Level 1:colcon.colcon_core.environment:checking '/home/ben/KV6022_limo_ros2/install/example_codes/bin'
[7.645s] Level 1:colcon.colcon_core.environment:checking '/home/ben/KV6022_limo_ros2/install/example_codes/lib/pkgconfig/example_codes.pc'
[7.645s] Level 1:colcon.colcon_core.environment:checking '/home/ben/KV6022_limo_ros2/install/example_codes/lib/python3.10/site-packages'
[7.645s] Level 1:colcon.colcon_core.shell:create_environment_hook('example_codes', 'pythonpath')
[7.646s] INFO:colcon.colcon_core.shell:Creating environment hook '/home/ben/KV6022_limo_ros2/install/example_codes/share/example_codes/hook/pythonpath.ps1'
[7.646s] INFO:colcon.colcon_core.shell:Creating environment descriptor '/home/ben/KV6022_limo_ros2/install/example_codes/share/example_codes/hook/pythonpath.dsv'
[7.647s] INFO:colcon.colcon_core.shell:Creating environment hook '/home/ben/KV6022_limo_ros2/install/example_codes/share/example_codes/hook/pythonpath.sh'
[7.648s] Level 1:colcon.colcon_core.environment:checking '/home/ben/KV6022_limo_ros2/install/example_codes/bin'
[7.648s] Level 1:colcon.colcon_core.environment:create_environment_scripts_only(example_codes)
[7.648s] INFO:colcon.colcon_core.shell:Creating package script '/home/ben/KV6022_limo_ros2/install/example_codes/share/example_codes/package.ps1'
[7.650s] INFO:colcon.colcon_core.shell:Creating package descriptor '/home/ben/KV6022_limo_ros2/install/example_codes/share/example_codes/package.dsv'
[7.651s] INFO:colcon.colcon_core.shell:Creating package script '/home/ben/KV6022_limo_ros2/install/example_codes/share/example_codes/package.sh'
[7.652s] INFO:colcon.colcon_core.shell:Creating package script '/home/ben/KV6022_limo_ros2/install/example_codes/share/example_codes/package.bash'
[7.653s] INFO:colcon.colcon_core.shell:Creating package script '/home/ben/KV6022_limo_ros2/install/example_codes/share/example_codes/package.zsh'
[7.654s] Level 1:colcon.colcon_core.environment:create_file_with_runtime_dependencies(/home/ben/KV6022_limo_ros2/install/example_codes/share/colcon-core/packages/example_codes)
[8.948s] DEBUG:colcon.colcon_core.event_handler.log_command:Invoked command in '/home/ben/KV6022_limo_ros2/build/limo_gazebosim' returned '0': AMENT_PREFIX_PATH=/home/ben/KV6022_limo_ros2/install/limo_msgs:/home/ben/KV6022_limo_ros2/install/limo_description:${AMENT_PREFIX_PATH} CMAKE_PREFIX_PATH=/home/ben/KV6022_limo_ros2/install/limo_msgs:/home/ben/KV6022_limo_ros2/install/limo_description:/opt/ros/humble CONDA_PROMPT_MODIFIER=(ros2) LD_LIBRARY_PATH=/home/ben/KV6022_limo_ros2/install/limo_msgs/lib:${LD_LIBRARY_PATH} PYTHONPATH=/home/ben/KV6022_limo_ros2/install/limo_msgs/lib/python3.10/site-packages:${PYTHONPATH} /usr/bin/cmake /home/ben/KV6022_limo_ros2/src/limo_gazebosim -DCMAKE_INSTALL_PREFIX=/home/ben/KV6022_limo_ros2/install/limo_gazebosim
[8.953s] DEBUG:colcon.colcon_core.event_handler.log_command:Invoking command in '/home/ben/KV6022_limo_ros2/build/limo_gazebosim': AMENT_PREFIX_PATH=/home/ben/KV6022_limo_ros2/install/limo_msgs:/home/ben/KV6022_limo_ros2/install/limo_description:${AMENT_PREFIX_PATH} CMAKE_PREFIX_PATH=/home/ben/KV6022_limo_ros2/install/limo_msgs:/home/ben/KV6022_limo_ros2/install/limo_description:/opt/ros/humble CONDA_PROMPT_MODIFIER=(ros2) LD_LIBRARY_PATH=/home/ben/KV6022_limo_ros2/install/limo_msgs/lib:${LD_LIBRARY_PATH} PYTHONPATH=/home/ben/KV6022_limo_ros2/install/limo_msgs/lib/python3.10/site-packages:${PYTHONPATH} /usr/bin/cmake --build /home/ben/KV6022_limo_ros2/build/limo_gazebosim -- -j8 -l8
[9.731s] DEBUG:colcon.colcon_core.event_handler.log_command:Invoked command in '/home/ben/KV6022_limo_ros2/build/limo_gazebosim' returned '0': AMENT_PREFIX_PATH=/home/ben/KV6022_limo_ros2/install/limo_msgs:/home/ben/KV6022_limo_ros2/install/limo_description:${AMENT_PREFIX_PATH} CMAKE_PREFIX_PATH=/home/ben/KV6022_limo_ros2/install/limo_msgs:/home/ben/KV6022_limo_ros2/install/limo_description:/opt/ros/humble CONDA_PROMPT_MODIFIER=(ros2) LD_LIBRARY_PATH=/home/ben/KV6022_limo_ros2/install/limo_msgs/lib:${LD_LIBRARY_PATH} PYTHONPATH=/home/ben/KV6022_limo_ros2/install/limo_msgs/lib/python3.10/site-packages:${PYTHONPATH} /usr/bin/cmake --build /home/ben/KV6022_limo_ros2/build/limo_gazebosim -- -j8 -l8
[9.736s] DEBUG:colcon.colcon_core.event_handler.log_command:Invoking command in '/home/ben/KV6022_limo_ros2/build/limo_gazebosim': AMENT_PREFIX_PATH=/home/ben/KV6022_limo_ros2/install/limo_msgs:/home/ben/KV6022_limo_ros2/install/limo_description:${AMENT_PREFIX_PATH} CMAKE_PREFIX_PATH=/home/ben/KV6022_limo_ros2/install/limo_msgs:/home/ben/KV6022_limo_ros2/install/limo_description:/opt/ros/humble CONDA_PROMPT_MODIFIER=(ros2) LD_LIBRARY_PATH=/home/ben/KV6022_limo_ros2/install/limo_msgs/lib:${LD_LIBRARY_PATH} PYTHONPATH=/home/ben/KV6022_limo_ros2/install/limo_msgs/lib/python3.10/site-packages:${PYTHONPATH} /usr/bin/cmake --install /home/ben/KV6022_limo_ros2/build/limo_gazebosim
[10.003s] Level 1:colcon.colcon_core.environment:create_environment_scripts_only(limo_gazebosim)
[10.003s] Level 1:colcon.colcon_core.environment:checking '/home/ben/KV6022_limo_ros2/install/limo_gazebosim' for CMake module files
[10.004s] DEBUG:colcon.colcon_core.event_handler.log_command:Invoked command in '/home/ben/KV6022_limo_ros2/build/limo_gazebosim' returned '0': AMENT_PREFIX_PATH=/home/ben/KV6022_limo_ros2/install/limo_msgs:/home/ben/KV6022_limo_ros2/install/limo_description:${AMENT_PREFIX_PATH} CMAKE_PREFIX_PATH=/home/ben/KV6022_limo_ros2/install/limo_msgs:/home/ben/KV6022_limo_ros2/install/limo_description:/opt/ros/humble CONDA_PROMPT_MODIFIER=(ros2) LD_LIBRARY_PATH=/home/ben/KV6022_limo_ros2/install/limo_msgs/lib:${LD_LIBRARY_PATH} PYTHONPATH=/home/ben/KV6022_limo_ros2/install/limo_msgs/lib/python3.10/site-packages:${PYTHONPATH} /usr/bin/cmake --install /home/ben/KV6022_limo_ros2/build/limo_gazebosim
[10.005s] Level 1:colcon.colcon_core.environment:checking '/home/ben/KV6022_limo_ros2/install/limo_gazebosim' for CMake config files
[10.027s] Level 1:colcon.colcon_core.shell:create_environment_hook('limo_gazebosim', 'cmake_prefix_path')
[10.027s] INFO:colcon.colcon_core.shell:Creating environment hook '/home/ben/KV6022_limo_ros2/install/limo_gazebosim/share/limo_gazebosim/hook/cmake_prefix_path.ps1'
[10.028s] INFO:colcon.colcon_core.shell:Creating environment descriptor '/home/ben/KV6022_limo_ros2/install/limo_gazebosim/share/limo_gazebosim/hook/cmake_prefix_path.dsv'
[10.029s] INFO:colcon.colcon_core.shell:Creating environment hook '/home/ben/KV6022_limo_ros2/install/limo_gazebosim/share/limo_gazebosim/hook/cmake_prefix_path.sh'
[10.030s] Level 1:colcon.colcon_core.environment:checking '/home/ben/KV6022_limo_ros2/install/limo_gazebosim/lib'
[10.030s] Level 1:colcon.colcon_core.environment:checking '/home/ben/KV6022_limo_ros2/install/limo_gazebosim/bin'
[10.030s] Level 1:colcon.colcon_core.environment:checking '/home/ben/KV6022_limo_ros2/install/limo_gazebosim/lib/pkgconfig/limo_gazebosim.pc'
[10.030s] Level 1:colcon.colcon_core.environment:checking '/home/ben/KV6022_limo_ros2/install/limo_gazebosim/lib/python3.10/site-packages'
[10.030s] Level 1:colcon.colcon_core.shell:create_environment_hook('limo_gazebosim', 'pythonpath')
[10.031s] INFO:colcon.colcon_core.shell:Creating environment hook '/home/ben/KV6022_limo_ros2/install/limo_gazebosim/share/limo_gazebosim/hook/pythonpath.ps1'
[10.031s] INFO:colcon.colcon_core.shell:Creating environment descriptor '/home/ben/KV6022_limo_ros2/install/limo_gazebosim/share/limo_gazebosim/hook/pythonpath.dsv'
[10.032s] INFO:colcon.colcon_core.shell:Creating environment hook '/home/ben/KV6022_limo_ros2/install/limo_gazebosim/share/limo_gazebosim/hook/pythonpath.sh'
[10.033s] Level 1:colcon.colcon_core.environment:checking '/home/ben/KV6022_limo_ros2/install/limo_gazebosim/bin'
[10.033s] INFO:colcon.colcon_core.shell:Creating package script '/home/ben/KV6022_limo_ros2/install/limo_gazebosim/share/limo_gazebosim/package.ps1'
[10.034s] INFO:colcon.colcon_core.shell:Creating package descriptor '/home/ben/KV6022_limo_ros2/install/limo_gazebosim/share/limo_gazebosim/package.dsv'
[10.034s] INFO:colcon.colcon_core.shell:Creating package script '/home/ben/KV6022_limo_ros2/install/limo_gazebosim/share/limo_gazebosim/package.sh'
[10.035s] INFO:colcon.colcon_core.shell:Creating package script '/home/ben/KV6022_limo_ros2/install/limo_gazebosim/share/limo_gazebosim/package.bash'
[10.036s] INFO:colcon.colcon_core.shell:Creating package script '/home/ben/KV6022_limo_ros2/install/limo_gazebosim/share/limo_gazebosim/package.zsh'
[10.036s] Level 1:colcon.colcon_core.environment:create_file_with_runtime_dependencies(/home/ben/KV6022_limo_ros2/install/limo_gazebosim/share/colcon-core/packages/limo_gazebosim)
[10.037s] Level 1:colcon.colcon_core.environment:create_environment_scripts_only(limo_gazebosim)
[10.038s] Level 1:colcon.colcon_core.environment:checking '/home/ben/KV6022_limo_ros2/install/limo_gazebosim' for CMake module files
[10.039s] Level 1:colcon.colcon_core.environment:checking '/home/ben/KV6022_limo_ros2/install/limo_gazebosim' for CMake config files
[10.044s] Level 1:colcon.colcon_core.shell:create_environment_hook('limo_gazebosim', 'cmake_prefix_path')
[10.044s] INFO:colcon.colcon_core.shell:Creating environment hook '/home/ben/KV6022_limo_ros2/install/limo_gazebosim/share/limo_gazebosim/hook/cmake_prefix_path.ps1'
[10.045s] INFO:colcon.colcon_core.shell:Creating environment descriptor '/home/ben/KV6022_limo_ros2/install/limo_gazebosim/share/limo_gazebosim/hook/cmake_prefix_path.dsv'
[10.046s] INFO:colcon.colcon_core.shell:Creating environment hook '/home/ben/KV6022_limo_ros2/install/limo_gazebosim/share/limo_gazebosim/hook/cmake_prefix_path.sh'
[10.047s] Level 1:colcon.colcon_core.environment:checking '/home/ben/KV6022_limo_ros2/install/limo_gazebosim/lib'
[10.047s] Level 1:colcon.colcon_core.environment:checking '/home/ben/KV6022_limo_ros2/install/limo_gazebosim/bin'
[10.047s] Level 1:colcon.colcon_core.environment:checking '/home/ben/KV6022_limo_ros2/install/limo_gazebosim/lib/pkgconfig/limo_gazebosim.pc'
[10.047s] Level 1:colcon.colcon_core.environment:checking '/home/ben/KV6022_limo_ros2/install/limo_gazebosim/lib/python3.10/site-packages'
[10.047s] Level 1:colcon.colcon_core.shell:create_environment_hook('limo_gazebosim', 'pythonpath')
[10.047s] INFO:colcon.colcon_core.shell:Creating environment hook '/home/ben/KV6022_limo_ros2/install/limo_gazebosim/share/limo_gazebosim/hook/pythonpath.ps1'
[10.048s] INFO:colcon.colcon_core.shell:Creating environment descriptor '/home/ben/KV6022_limo_ros2/install/limo_gazebosim/share/limo_gazebosim/hook/pythonpath.dsv'
[10.049s] INFO:colcon.colcon_core.shell:Creating environment hook '/home/ben/KV6022_limo_ros2/install/limo_gazebosim/share/limo_gazebosim/hook/pythonpath.sh'
[10.050s] Level 1:colcon.colcon_core.environment:checking '/home/ben/KV6022_limo_ros2/install/limo_gazebosim/bin'
[10.050s] INFO:colcon.colcon_core.shell:Creating package script '/home/ben/KV6022_limo_ros2/install/limo_gazebosim/share/limo_gazebosim/package.ps1'
[10.051s] INFO:colcon.colcon_core.shell:Creating package descriptor '/home/ben/KV6022_limo_ros2/install/limo_gazebosim/share/limo_gazebosim/package.dsv'
[10.052s] INFO:colcon.colcon_core.shell:Creating package script '/home/ben/KV6022_limo_ros2/install/limo_gazebosim/share/limo_gazebosim/package.sh'
[10.052s] INFO:colcon.colcon_core.shell:Creating package script '/home/ben/KV6022_limo_ros2/install/limo_gazebosim/share/limo_gazebosim/package.bash'
[10.053s] INFO:colcon.colcon_core.shell:Creating package script '/home/ben/KV6022_limo_ros2/install/limo_gazebosim/share/limo_gazebosim/package.zsh'
[10.054s] Level 1:colcon.colcon_core.environment:create_file_with_runtime_dependencies(/home/ben/KV6022_limo_ros2/install/limo_gazebosim/share/colcon-core/packages/limo_gazebosim)
[10.055s] DEBUG:colcon.colcon_parallel_executor.executor.parallel:closing loop
[10.055s] DEBUG:colcon.colcon_parallel_executor.executor.parallel:loop closed
[10.055s] DEBUG:colcon.colcon_parallel_executor.executor.parallel:run_until_complete finished with '0'
[10.060s] DEBUG:colcon.colcon_core.event_reactor:joining thread
[10.082s] INFO:colcon.colcon_core.plugin_system:Skipping extension 'colcon_notification.desktop_notification.terminal_notifier': Not used on non-Darwin systems
[10.082s] INFO:colcon.colcon_core.plugin_system:Skipping extension 'colcon_notification.desktop_notification.win32': Not used on non-Windows systems
[10.082s] INFO:colcon.colcon_notification.desktop_notification:Sending desktop notification using 'notify2'
[10.106s] DEBUG:colcon.colcon_core.event_reactor:joined thread
[10.107s] INFO:colcon.colcon_core.shell:Creating prefix script '/home/ben/KV6022_limo_ros2/install/local_setup.ps1'
[10.108s] INFO:colcon.colcon_core.shell:Creating prefix util module '/home/ben/KV6022_limo_ros2/install/_local_setup_util_ps1.py'
[10.110s] INFO:colcon.colcon_core.shell:Creating prefix chain script '/home/ben/KV6022_limo_ros2/install/setup.ps1'
[10.111s] INFO:colcon.colcon_core.shell:Creating prefix script '/home/ben/KV6022_limo_ros2/install/local_setup.sh'
[10.113s] INFO:colcon.colcon_core.shell:Creating prefix util module '/home/ben/KV6022_limo_ros2/install/_local_setup_util_sh.py'
[10.114s] INFO:colcon.colcon_core.shell:Creating prefix chain script '/home/ben/KV6022_limo_ros2/install/setup.sh'
[10.116s] INFO:colcon.colcon_core.shell:Creating prefix script '/home/ben/KV6022_limo_ros2/install/local_setup.bash'
[10.117s] INFO:colcon.colcon_core.shell:Creating prefix chain script '/home/ben/KV6022_limo_ros2/install/setup.bash'
[10.119s] INFO:colcon.colcon_core.shell:Creating prefix script '/home/ben/KV6022_limo_ros2/install/local_setup.zsh'
[10.120s] INFO:colcon.colcon_core.shell:Creating prefix chain script '/home/ben/KV6022_limo_ros2/install/setup.zsh'
