running egg_info
writing ../../build/KV6022_assessment/KV6022_assessment.egg-info/PKG-INFO
writing dependency_links to ../../build/KV6022_assessment/KV6022_assessment.egg-info/dependency_links.txt
writing entry points to ../../build/KV6022_assessment/KV6022_assessment.egg-info/entry_points.txt
writing requirements to ../../build/KV6022_assessment/KV6022_assessment.egg-info/requires.txt
writing top-level names to ../../build/KV6022_assessment/KV6022_assessment.egg-info/top_level.txt
reading manifest file '../../build/KV6022_assessment/KV6022_assessment.egg-info/SOURCES.txt'
writing manifest file '../../build/KV6022_assessment/KV6022_assessment.egg-info/SOURCES.txt'
running build
running build_py
running install
running install_lib
running install_data
running install_egg_info
removing '/home/ben/KV6022_limo_ros2/install/KV6022_assessment/lib/python3.10/site-packages/KV6022_assessment-0.0.0-py3.10.egg-info' (and everything under it)
Copying ../../build/KV6022_assessment/KV6022_assessment.egg-info to /home/ben/KV6022_limo_ros2/install/KV6022_assessment/lib/python3.10/site-packages/KV6022_assessment-0.0.0-py3.10.egg-info
running install_scripts
Installing example_nav_through_poses script to /home/ben/KV6022_limo_ros2/install/KV6022_assessment/lib/KV6022_assessment
Installing example_nav_to_pose script to /home/ben/KV6022_limo_ros2/install/KV6022_assessment/lib/KV6022_assessment
Installing example_opencv_detector script to /home/ben/KV6022_limo_ros2/install/KV6022_assessment/lib/KV6022_assessment
Installing example_waypoint_follower script to /home/ben/KV6022_limo_ros2/install/KV6022_assessment/lib/KV6022_assessment
writing list of installed files to '/home/ben/KV6022_limo_ros2/build/KV6022_assessment/install.log'
