[3.948s] Invoking command in '/home/ben/KV6022_limo_ros2/src/KV6022_assessment': CONDA_PROMPT_MODIFIER=(ros2) PYTHONPATH=/home/ben/KV6022_limo_ros2/build/KV6022_assessment/prefix_override:/usr/lib/python3/dist-packages/colcon_core/task/python/colcon_distutils_commands:/home/ben/KV6022_limo_ros2/install/KV6022_assessment/lib/python3.10/site-packages:${PYTHONPATH} /usr/bin/python3 -W ignore:setup.py install is deprecated -W ignore:easy_install command is deprecated setup.py egg_info --egg-base ../../build/KV6022_assessment build --build-base /home/ben/KV6022_limo_ros2/build/KV6022_assessment/build install --record /home/ben/KV6022_limo_ros2/build/KV6022_assessment/install.log --install-scripts $base/lib/KV6022_assessment --single-version-externally-managed install_data
[4.747s] running egg_info
[4.748s] writing ../../build/KV6022_assessment/KV6022_assessment.egg-info/PKG-INFO
[4.749s] writing dependency_links to ../../build/KV6022_assessment/KV6022_assessment.egg-info/dependency_links.txt
[4.749s] writing entry points to ../../build/KV6022_assessment/KV6022_assessment.egg-info/entry_points.txt
[4.749s] writing requirements to ../../build/KV6022_assessment/KV6022_assessment.egg-info/requires.txt
[4.749s] writing top-level names to ../../build/KV6022_assessment/KV6022_assessment.egg-info/top_level.txt
[4.753s] reading manifest file '../../build/KV6022_assessment/KV6022_assessment.egg-info/SOURCES.txt'
[4.754s] writing manifest file '../../build/KV6022_assessment/KV6022_assessment.egg-info/SOURCES.txt'
[4.754s] running build
[4.757s] running build_py
[4.758s] running install
[4.758s] running install_lib
[4.761s] running install_data
[4.761s] running install_egg_info
[4.768s] removing '/home/ben/KV6022_limo_ros2/install/KV6022_assessment/lib/python3.10/site-packages/KV6022_assessment-0.0.0-py3.10.egg-info' (and everything under it)
[4.768s] Copying ../../build/KV6022_assessment/KV6022_assessment.egg-info to /home/ben/KV6022_limo_ros2/install/KV6022_assessment/lib/python3.10/site-packages/KV6022_assessment-0.0.0-py3.10.egg-info
[4.768s] running install_scripts
[4.815s] Installing example_nav_through_poses script to /home/ben/KV6022_limo_ros2/install/KV6022_assessment/lib/KV6022_assessment
[4.822s] Installing example_nav_to_pose script to /home/ben/KV6022_limo_ros2/install/KV6022_assessment/lib/KV6022_assessment
[4.823s] Installing example_opencv_detector script to /home/ben/KV6022_limo_ros2/install/KV6022_assessment/lib/KV6022_assessment
[4.823s] Installing example_waypoint_follower script to /home/ben/KV6022_limo_ros2/install/KV6022_assessment/lib/KV6022_assessment
[4.823s] writing list of installed files to '/home/ben/KV6022_limo_ros2/build/KV6022_assessment/install.log'
[4.874s] Invoked command in '/home/ben/KV6022_limo_ros2/src/KV6022_assessment' returned '0': CONDA_PROMPT_MODIFIER=(ros2) PYTHONPATH=/home/ben/KV6022_limo_ros2/build/KV6022_assessment/prefix_override:/usr/lib/python3/dist-packages/colcon_core/task/python/colcon_distutils_commands:/home/ben/KV6022_limo_ros2/install/KV6022_assessment/lib/python3.10/site-packages:${PYTHONPATH} /usr/bin/python3 -W ignore:setup.py install is deprecated -W ignore:easy_install command is deprecated setup.py egg_info --egg-base ../../build/KV6022_assessment build --build-base /home/ben/KV6022_limo_ros2/build/KV6022_assessment/build install --record /home/ben/KV6022_limo_ros2/build/KV6022_assessment/install.log --install-scripts $base/lib/KV6022_assessment --single-version-externally-managed install_data
