[0.153s] Invoking command in '/home/ben/KV6022_limo_ros2/build/limo_description': CMAKE_PREFIX_PATH=${CMAKE_PREFIX_PATH}:/home/ben/KV6022_limo_ros2/install/trajectory_skeleton:/home/ben/KV6022_limo_ros2/install/trajectory_referee:/home/ben/KV6022_limo_ros2/install/example_codes:/home/ben/KV6022_limo_ros2/install/Week2_lab:/home/ben/KV6022_limo_ros2/install/KV6022_assessment:/opt/ros/humble CONDA_PROMPT_MODIFIER=(ros2) /usr/bin/cmake --build /home/ben/KV6022_limo_ros2/build/limo_description -- -j8 -l8
[2.460s] Invoked command in '/home/ben/KV6022_limo_ros2/build/limo_description' returned '0': CMAKE_PREFIX_PATH=${CMAKE_PREFIX_PATH}:/home/ben/KV6022_limo_ros2/install/trajectory_skeleton:/home/ben/KV6022_limo_ros2/install/trajectory_referee:/home/ben/KV6022_limo_ros2/install/example_codes:/home/ben/KV6022_limo_ros2/install/Week2_lab:/home/ben/KV6022_limo_ros2/install/KV6022_assessment:/opt/ros/humble CONDA_PROMPT_MODIFIER=(ros2) /usr/bin/cmake --build /home/ben/KV6022_limo_ros2/build/limo_description -- -j8 -l8
[2.494s] Invoking command in '/home/ben/KV6022_limo_ros2/build/limo_description': CMAKE_PREFIX_PATH=${CMAKE_PREFIX_PATH}:/home/ben/KV6022_limo_ros2/install/trajectory_skeleton:/home/ben/KV6022_limo_ros2/install/trajectory_referee:/home/ben/KV6022_limo_ros2/install/example_codes:/home/ben/KV6022_limo_ros2/install/Week2_lab:/home/ben/KV6022_limo_ros2/install/KV6022_assessment:/opt/ros/humble CONDA_PROMPT_MODIFIER=(ros2) /usr/bin/cmake --install /home/ben/KV6022_limo_ros2/build/limo_description
[3.036s] -- Install configuration: ""
[3.036s] -- Execute custom install script
[3.036s] -- Up-to-date symlink: /home/ben/KV6022_limo_ros2/install/limo_description/share/limo_description/launch/display_models_diff.launch.py
[3.036s] -- Up-to-date symlink: /home/ben/KV6022_limo_ros2/install/limo_description/share/limo_description/rviz/model_display.rviz
[3.036s] -- Up-to-date symlink: /home/ben/KV6022_limo_ros2/install/limo_description/share/limo_description/rviz/model_sensors_real.rviz
[3.037s] -- Up-to-date symlink: /home/ben/KV6022_limo_ros2/install/limo_description/share/limo_description/rviz/urdf.rviz
[3.037s] -- Up-to-date symlink: /home/ben/KV6022_limo_ros2/install/limo_description/share/limo_description/meshes/arrow_texture.png
[3.037s] -- Up-to-date symlink: /home/ben/KV6022_limo_ros2/install/limo_description/share/limo_description/meshes/face.png
[3.037s] -- Up-to-date symlink: /home/ben/KV6022_limo_ros2/install/limo_description/share/limo_description/meshes/lcd_screen_texture.png
[3.037s] -- Up-to-date symlink: /home/ben/KV6022_limo_ros2/install/limo_description/share/limo_description/meshes/limo_base.dae
[3.038s] -- Up-to-date symlink: /home/ben/KV6022_limo_ros2/install/limo_description/share/limo_description/meshes/limo_base.stl
[3.038s] -- Up-to-date symlink: /home/ben/KV6022_limo_ros2/install/limo_description/share/limo_description/meshes/limo_base_lite.dae
[3.038s] -- Up-to-date symlink: /home/ben/KV6022_limo_ros2/install/limo_description/share/limo_description/meshes/limo_optimal.dae
[3.038s] -- Up-to-date symlink: /home/ben/KV6022_limo_ros2/install/limo_description/share/limo_description/meshes/limo_optimal_wheels.dae
[3.038s] -- Up-to-date symlink: /home/ben/KV6022_limo_ros2/install/limo_description/share/limo_description/meshes/limo_texture.png
[3.038s] -- Up-to-date symlink: /home/ben/KV6022_limo_ros2/install/limo_description/share/limo_description/meshes/limo_wheel.dae
[3.038s] -- Up-to-date symlink: /home/ben/KV6022_limo_ros2/install/limo_description/share/limo_description/meshes/limo_wheel.stl
[3.039s] -- Up-to-date symlink: /home/ben/KV6022_limo_ros2/install/limo_description/share/limo_description/meshes/limo_wheel_lite.dae
[3.039s] -- Up-to-date symlink: /home/ben/KV6022_limo_ros2/install/limo_description/share/limo_description/meshes/mec_wheel_front_left.dae
[3.039s] -- Up-to-date symlink: /home/ben/KV6022_limo_ros2/install/limo_description/share/limo_description/meshes/mec_wheel_front_right.dae
[3.039s] -- Up-to-date symlink: /home/ben/KV6022_limo_ros2/install/limo_description/share/limo_description/meshes/rotw2_rviz.png
[3.039s] -- Up-to-date symlink: /home/ben/KV6022_limo_ros2/install/limo_description/share/limo_description/meshes/sidescreentexture.png
[3.043s] -- Up-to-date symlink: /home/ben/KV6022_limo_ros2/install/limo_description/share/limo_description/meshes/steering.dae
[3.045s] -- Up-to-date symlink: /home/ben/KV6022_limo_ros2/install/limo_description/share/limo_description/meshes/steering_texture.png
[3.045s] -- Up-to-date symlink: /home/ben/KV6022_limo_ros2/install/limo_description/share/limo_description/urdf/limo_ackerman/limo_ackerman.gazebo
[3.045s] -- Up-to-date symlink: /home/ben/KV6022_limo_ros2/install/limo_description/share/limo_description/urdf/limo_ackerman/limo_ackerman.xacro
[3.047s] -- Up-to-date symlink: /home/ben/KV6022_limo_ros2/install/limo_description/share/limo_description/urdf/limo_diff/limo_diff.gazebo
[3.048s] -- Up-to-date symlink: /home/ben/KV6022_limo_ros2/install/limo_description/share/limo_description/urdf/limo_diff/limo_diff.xacro
[3.048s] -- Up-to-date symlink: /home/ben/KV6022_limo_ros2/install/limo_description/share/limo_description/urdf/limo_gazebo.xacro
[3.048s] -- Up-to-date symlink: /home/ben/KV6022_limo_ros2/install/limo_description/share/limo_description/urdf/limo_mecanum/backup previous/limo_gazebo.gazebo
[3.048s] -- Up-to-date symlink: /home/ben/KV6022_limo_ros2/install/limo_description/share/limo_description/urdf/limo_mecanum/backup previous/limo_mecanum.xacro
[3.049s] -- Up-to-date symlink: /home/ben/KV6022_limo_ros2/install/limo_description/share/limo_description/urdf/limo_mecanum/backup previous/limo_mecanum_with_arm.xacro
[3.051s] -- Up-to-date symlink: /home/ben/KV6022_limo_ros2/install/limo_description/share/limo_description/urdf/limo_mecanum/backup previous/limo_s2.gazebo
[3.051s] -- Up-to-date symlink: /home/ben/KV6022_limo_ros2/install/limo_description/share/limo_description/urdf/limo_mecanum/backup previous/limo_xacro.xacro
[3.051s] -- Up-to-date symlink: /home/ben/KV6022_limo_ros2/install/limo_description/share/limo_description/urdf/limo_mecanum/limo_mecanum.gazebo
[3.051s] -- Up-to-date symlink: /home/ben/KV6022_limo_ros2/install/limo_description/share/limo_description/urdf/limo_mecanum/limo_mecanum.xacro
[3.051s] -- Up-to-date symlink: /home/ben/KV6022_limo_ros2/install/limo_description/share/limo_description/urdf/limo_properties.xacro
[3.051s] -- Up-to-date symlink: /home/ben/KV6022_limo_ros2/install/limo_description/share/limo_description/urdf/limo_track/limo_track.gazebo
[3.052s] -- Up-to-date symlink: /home/ben/KV6022_limo_ros2/install/limo_description/share/limo_description/urdf/limo_track/limo_track.xacro
[3.052s] -- Up-to-date symlink: /home/ben/KV6022_limo_ros2/install/limo_description/share/ament_index/resource_index/package_run_dependencies/limo_description
[3.052s] -- Up-to-date symlink: /home/ben/KV6022_limo_ros2/install/limo_description/share/ament_index/resource_index/parent_prefix_path/limo_description
[3.052s] -- Up-to-date symlink: /home/ben/KV6022_limo_ros2/install/limo_description/share/limo_description/environment/ament_prefix_path.sh
[3.052s] -- Up-to-date symlink: /home/ben/KV6022_limo_ros2/install/limo_description/share/limo_description/environment/ament_prefix_path.dsv
[3.052s] -- Up-to-date symlink: /home/ben/KV6022_limo_ros2/install/limo_description/share/limo_description/environment/path.sh
[3.052s] -- Up-to-date symlink: /home/ben/KV6022_limo_ros2/install/limo_description/share/limo_description/environment/path.dsv
[3.053s] -- Up-to-date symlink: /home/ben/KV6022_limo_ros2/install/limo_description/share/limo_description/local_setup.bash
[3.053s] -- Up-to-date symlink: /home/ben/KV6022_limo_ros2/install/limo_description/share/limo_description/local_setup.sh
[3.053s] -- Up-to-date symlink: /home/ben/KV6022_limo_ros2/install/limo_description/share/limo_description/local_setup.zsh
[3.053s] -- Up-to-date symlink: /home/ben/KV6022_limo_ros2/install/limo_description/share/limo_description/local_setup.dsv
[3.053s] -- Symlinking: /home/ben/KV6022_limo_ros2/install/limo_description/share/limo_description/package.dsv
[3.054s] -- Up-to-date symlink: /home/ben/KV6022_limo_ros2/install/limo_description/share/ament_index/resource_index/packages/limo_description
[3.054s] -- Up-to-date symlink: /home/ben/KV6022_limo_ros2/install/limo_description/share/limo_description/cmake/limo_descriptionConfig.cmake
[3.054s] -- Up-to-date symlink: /home/ben/KV6022_limo_ros2/install/limo_description/share/limo_description/cmake/limo_descriptionConfig-version.cmake
[3.054s] -- Up-to-date symlink: /home/ben/KV6022_limo_ros2/install/limo_description/share/limo_description/package.xml
[3.080s] Invoked command in '/home/ben/KV6022_limo_ros2/build/limo_description' returned '0': CMAKE_PREFIX_PATH=${CMAKE_PREFIX_PATH}:/home/ben/KV6022_limo_ros2/install/trajectory_skeleton:/home/ben/KV6022_limo_ros2/install/trajectory_referee:/home/ben/KV6022_limo_ros2/install/example_codes:/home/ben/KV6022_limo_ros2/install/Week2_lab:/home/ben/KV6022_limo_ros2/install/KV6022_assessment:/opt/ros/humble CONDA_PROMPT_MODIFIER=(ros2) /usr/bin/cmake --install /home/ben/KV6022_limo_ros2/build/limo_description
