/home/ben/KV6022_limo_ros2/install/KV6022_assessment/lib/python3.10/site-packages/KV6022_assessment/__init__.py
/home/ben/KV6022_limo_ros2/install/KV6022_assessment/lib/python3.10/site-packages/KV6022_assessment/example_waypoint_follower.py
/home/ben/KV6022_limo_ros2/install/KV6022_assessment/lib/python3.10/site-packages/KV6022_assessment/example_opencv_detector.py
/home/ben/KV6022_limo_ros2/install/KV6022_assessment/lib/python3.10/site-packages/KV6022_assessment/example_nav_to_pose.py
/home/ben/KV6022_limo_ros2/install/KV6022_assessment/lib/python3.10/site-packages/KV6022_assessment/example_nav_through_poses.py
/home/ben/KV6022_limo_ros2/install/KV6022_assessment/lib/python3.10/site-packages/KV6022_assessment/__pycache__/__init__.cpython-310.pyc
/home/ben/KV6022_limo_ros2/install/KV6022_assessment/lib/python3.10/site-packages/KV6022_assessment/__pycache__/example_waypoint_follower.cpython-310.pyc
/home/ben/KV6022_limo_ros2/install/KV6022_assessment/lib/python3.10/site-packages/KV6022_assessment/__pycache__/example_opencv_detector.cpython-310.pyc
/home/ben/KV6022_limo_ros2/install/KV6022_assessment/lib/python3.10/site-packages/KV6022_assessment/__pycache__/example_nav_to_pose.cpython-310.pyc
/home/ben/KV6022_limo_ros2/install/KV6022_assessment/lib/python3.10/site-packages/KV6022_assessment/__pycache__/example_nav_through_poses.cpython-310.pyc
/home/ben/KV6022_limo_ros2/install/KV6022_assessment/share/ament_index/resource_index/packages/KV6022_assessment
/home/ben/KV6022_limo_ros2/install/KV6022_assessment/share/KV6022_assessment/package.xml
/home/ben/KV6022_limo_ros2/install/KV6022_assessment/share/KV6022_assessment/launch/limo_navigation.launch.py
/home/ben/KV6022_limo_ros2/install/KV6022_assessment/share/KV6022_assessment/params/nav2_params.yaml
/home/ben/KV6022_limo_ros2/install/KV6022_assessment/share/KV6022_assessment/maps/potholes_20mm.yaml
/home/ben/KV6022_limo_ros2/install/KV6022_assessment/share/KV6022_assessment/maps/potholes_20mm.pgm
/home/ben/KV6022_limo_ros2/install/KV6022_assessment/share/KV6022_assessment/rviz/limo_navigation.rviz
/home/ben/KV6022_limo_ros2/install/KV6022_assessment/share/KV6022_assessment/rviz/slam_toolbox_default.rviz
/home/ben/KV6022_limo_ros2/install/KV6022_assessment/lib/python3.10/site-packages/KV6022_assessment-0.0.0-py3.10.egg-info/SOURCES.txt
/home/ben/KV6022_limo_ros2/install/KV6022_assessment/lib/python3.10/site-packages/KV6022_assessment-0.0.0-py3.10.egg-info/zip-safe
/home/ben/KV6022_limo_ros2/install/KV6022_assessment/lib/python3.10/site-packages/KV6022_assessment-0.0.0-py3.10.egg-info/top_level.txt
/home/ben/KV6022_limo_ros2/install/KV6022_assessment/lib/python3.10/site-packages/KV6022_assessment-0.0.0-py3.10.egg-info/dependency_links.txt
/home/ben/KV6022_limo_ros2/install/KV6022_assessment/lib/python3.10/site-packages/KV6022_assessment-0.0.0-py3.10.egg-info/PKG-INFO
/home/ben/KV6022_limo_ros2/install/KV6022_assessment/lib/python3.10/site-packages/KV6022_assessment-0.0.0-py3.10.egg-info/entry_points.txt
/home/ben/KV6022_limo_ros2/install/KV6022_assessment/lib/python3.10/site-packages/KV6022_assessment-0.0.0-py3.10.egg-info/requires.txt
/home/ben/KV6022_limo_ros2/install/KV6022_assessment/lib/KV6022_assessment/example_nav_through_poses
/home/ben/KV6022_limo_ros2/install/KV6022_assessment/lib/KV6022_assessment/example_nav_to_pose
/home/ben/KV6022_limo_ros2/install/KV6022_assessment/lib/KV6022_assessment/example_opencv_detector
/home/ben/KV6022_limo_ros2/install/KV6022_assessment/lib/KV6022_assessment/example_waypoint_follower
