[4.257s] Invoking command in '/home/ben/KV6022_limo_ros2/build/trajectory_referee': CONDA_PROMPT_MODIFIER=(ros2) PYTHONPATH=/home/ben/KV6022_limo_ros2/build/trajectory_referee/prefix_override:/usr/lib/python3/dist-packages/colcon_core/task/python/colcon_distutils_commands:/home/ben/KV6022_limo_ros2/install/trajectory_referee/lib/python3.10/site-packages:${PYTHONPATH} /usr/bin/python3 -W ignore:setup.py install is deprecated -W ignore:easy_install command is deprecated setup.py develop --uninstall --editable --build-directory /home/ben/KV6022_limo_ros2/build/trajectory_referee/build
[5.153s] running develop
[5.648s] Removing /home/ben/KV6022_limo_ros2/install/trajectory_referee/lib/python3.10/site-packages/trajectory-referee.egg-link (link to .)
[5.689s] Invoked command in '/home/ben/KV6022_limo_ros2/build/trajectory_referee' returned '0': CONDA_PROMPT_MODIFIER=(ros2) PYTHONPATH=/home/ben/KV6022_limo_ros2/build/trajectory_referee/prefix_override:/usr/lib/python3/dist-packages/colcon_core/task/python/colcon_distutils_commands:/home/ben/KV6022_limo_ros2/install/trajectory_referee/lib/python3.10/site-packages:${PYTHONPATH} /usr/bin/python3 -W ignore:setup.py install is deprecated -W ignore:easy_install command is deprecated setup.py develop --uninstall --editable --build-directory /home/ben/KV6022_limo_ros2/build/trajectory_referee/build
[5.689s] Invoking command in '/home/ben/KV6022_limo_ros2/src/trajectory_referee': CONDA_PROMPT_MODIFIER=(ros2) PYTHONPATH=/home/ben/KV6022_limo_ros2/build/trajectory_referee/prefix_override:/usr/lib/python3/dist-packages/colcon_core/task/python/colcon_distutils_commands:/home/ben/KV6022_limo_ros2/install/trajectory_referee/lib/python3.10/site-packages:${PYTHONPATH} /usr/bin/python3 -W ignore:setup.py install is deprecated -W ignore:easy_install command is deprecated setup.py egg_info --egg-base ../../build/trajectory_referee build --build-base /home/ben/KV6022_limo_ros2/build/trajectory_referee/build install --record /home/ben/KV6022_limo_ros2/build/trajectory_referee/install.log --install-scripts $base/lib/trajectory_referee --single-version-externally-managed install_data --force
[6.293s] running egg_info
[6.293s] writing ../../build/trajectory_referee/trajectory_referee.egg-info/PKG-INFO
[6.293s] writing dependency_links to ../../build/trajectory_referee/trajectory_referee.egg-info/dependency_links.txt
[6.304s] writing entry points to ../../build/trajectory_referee/trajectory_referee.egg-info/entry_points.txt
[6.305s] writing requirements to ../../build/trajectory_referee/trajectory_referee.egg-info/requires.txt
[6.305s] writing top-level names to ../../build/trajectory_referee/trajectory_referee.egg-info/top_level.txt
[6.314s] reading manifest file '../../build/trajectory_referee/trajectory_referee.egg-info/SOURCES.txt'
[6.320s] writing manifest file '../../build/trajectory_referee/trajectory_referee.egg-info/SOURCES.txt'
[6.322s] running build
[6.322s] running build_py
[6.322s] creating /home/ben/KV6022_limo_ros2/build/trajectory_referee/build
[6.322s] creating /home/ben/KV6022_limo_ros2/build/trajectory_referee/build/lib
[6.322s] creating /home/ben/KV6022_limo_ros2/build/trajectory_referee/build/lib/trajectory_referee
[6.322s] copying trajectory_referee/trajectory_publisher.py -> /home/ben/KV6022_limo_ros2/build/trajectory_referee/build/lib/trajectory_referee
[6.323s] copying trajectory_referee/print_state.py -> /home/ben/KV6022_limo_ros2/build/trajectory_referee/build/lib/trajectory_referee
[6.324s] copying trajectory_referee/__init__.py -> /home/ben/KV6022_limo_ros2/build/trajectory_referee/build/lib/trajectory_referee
[6.324s] copying trajectory_referee/record_pose.py -> /home/ben/KV6022_limo_ros2/build/trajectory_referee/build/lib/trajectory_referee
[6.324s] copying trajectory_referee/print_waypoint.py -> /home/ben/KV6022_limo_ros2/build/trajectory_referee/build/lib/trajectory_referee
[6.324s] running install
[6.324s] running install_lib
[6.325s] creating /home/ben/KV6022_limo_ros2/install/trajectory_referee/lib/python3.10/site-packages/trajectory_referee
[6.325s] copying /home/ben/KV6022_limo_ros2/build/trajectory_referee/build/lib/trajectory_referee/trajectory_publisher.py -> /home/ben/KV6022_limo_ros2/install/trajectory_referee/lib/python3.10/site-packages/trajectory_referee
[6.325s] copying /home/ben/KV6022_limo_ros2/build/trajectory_referee/build/lib/trajectory_referee/print_state.py -> /home/ben/KV6022_limo_ros2/install/trajectory_referee/lib/python3.10/site-packages/trajectory_referee
[6.325s] copying /home/ben/KV6022_limo_ros2/build/trajectory_referee/build/lib/trajectory_referee/__init__.py -> /home/ben/KV6022_limo_ros2/install/trajectory_referee/lib/python3.10/site-packages/trajectory_referee
[6.325s] copying /home/ben/KV6022_limo_ros2/build/trajectory_referee/build/lib/trajectory_referee/record_pose.py -> /home/ben/KV6022_limo_ros2/install/trajectory_referee/lib/python3.10/site-packages/trajectory_referee
[6.329s] copying /home/ben/KV6022_limo_ros2/build/trajectory_referee/build/lib/trajectory_referee/print_waypoint.py -> /home/ben/KV6022_limo_ros2/install/trajectory_referee/lib/python3.10/site-packages/trajectory_referee
[6.331s] byte-compiling /home/ben/KV6022_limo_ros2/install/trajectory_referee/lib/python3.10/site-packages/trajectory_referee/trajectory_publisher.py to trajectory_publisher.cpython-310.pyc
[6.331s] byte-compiling /home/ben/KV6022_limo_ros2/install/trajectory_referee/lib/python3.10/site-packages/trajectory_referee/print_state.py to print_state.cpython-310.pyc
[6.331s] byte-compiling /home/ben/KV6022_limo_ros2/install/trajectory_referee/lib/python3.10/site-packages/trajectory_referee/__init__.py to __init__.cpython-310.pyc
[6.332s] byte-compiling /home/ben/KV6022_limo_ros2/install/trajectory_referee/lib/python3.10/site-packages/trajectory_referee/record_pose.py to record_pose.cpython-310.pyc
[6.332s] byte-compiling /home/ben/KV6022_limo_ros2/install/trajectory_referee/lib/python3.10/site-packages/trajectory_referee/print_waypoint.py to print_waypoint.cpython-310.pyc
[6.332s] running install_data
[6.333s] copying resource/trajectory_referee -> /home/ben/KV6022_limo_ros2/install/trajectory_referee/share/ament_index/resource_index/packages
[6.333s] copying package.xml -> /home/ben/KV6022_limo_ros2/install/trajectory_referee/share/trajectory_referee
[6.333s] copying routes/route1.pkl -> /home/ben/KV6022_limo_ros2/install/trajectory_referee/share/trajectory_referee/routes
[6.333s] copying routes/route2.pkl -> /home/ben/KV6022_limo_ros2/install/trajectory_referee/share/trajectory_referee/routes
[6.333s] copying routes/route3.pkl -> /home/ben/KV6022_limo_ros2/install/trajectory_referee/share/trajectory_referee/routes
[6.333s] running install_egg_info
[6.333s] Copying ../../build/trajectory_referee/trajectory_referee.egg-info to /home/ben/KV6022_limo_ros2/install/trajectory_referee/lib/python3.10/site-packages/trajectory_referee-0.0.0-py3.10.egg-info
[6.335s] running install_scripts
[6.411s] Installing trajectory_publisher script to /home/ben/KV6022_limo_ros2/install/trajectory_referee/lib/trajectory_referee
[6.411s] writing list of installed files to '/home/ben/KV6022_limo_ros2/build/trajectory_referee/install.log'
[6.469s] Invoked command in '/home/ben/KV6022_limo_ros2/src/trajectory_referee' returned '0': CONDA_PROMPT_MODIFIER=(ros2) PYTHONPATH=/home/ben/KV6022_limo_ros2/build/trajectory_referee/prefix_override:/usr/lib/python3/dist-packages/colcon_core/task/python/colcon_distutils_commands:/home/ben/KV6022_limo_ros2/install/trajectory_referee/lib/python3.10/site-packages:${PYTHONPATH} /usr/bin/python3 -W ignore:setup.py install is deprecated -W ignore:easy_install command is deprecated setup.py egg_info --egg-base ../../build/trajectory_referee build --build-base /home/ben/KV6022_limo_ros2/build/trajectory_referee/build install --record /home/ben/KV6022_limo_ros2/build/trajectory_referee/install.log --install-scripts $base/lib/trajectory_referee --single-version-externally-managed install_data --force
