running egg_info
writing ../../build/trajectory_skeleton/trajectory_skeleton.egg-info/PKG-INFO
writing dependency_links to ../../build/trajectory_skeleton/trajectory_skeleton.egg-info/dependency_links.txt
writing entry points to ../../build/trajectory_skeleton/trajectory_skeleton.egg-info/entry_points.txt
writing requirements to ../../build/trajectory_skeleton/trajectory_skeleton.egg-info/requires.txt
writing top-level names to ../../build/trajectory_skeleton/trajectory_skeleton.egg-info/top_level.txt
reading manifest file '../../build/trajectory_skeleton/trajectory_skeleton.egg-info/SOURCES.txt'
writing manifest file '../../build/trajectory_skeleton/trajectory_skeleton.egg-info/SOURCES.txt'
running build
running build_py
copying trajectory_skeleton/trajectory_tracking_controller.py -> /home/ben/KV6022_limo_ros2/build/trajectory_skeleton/build/lib/trajectory_skeleton
running install
running install_lib
copying /home/ben/KV6022_limo_ros2/build/trajectory_skeleton/build/lib/trajectory_skeleton/trajectory_tracking_controller.py -> /home/ben/KV6022_limo_ros2/install/trajectory_skeleton/lib/python3.10/site-packages/trajectory_skeleton
byte-compiling /home/ben/KV6022_limo_ros2/install/trajectory_skeleton/lib/python3.10/site-packages/trajectory_skeleton/trajectory_tracking_controller.py to trajectory_tracking_controller.cpython-310.pyc
running install_data
running install_egg_info
removing '/home/ben/KV6022_limo_ros2/install/trajectory_skeleton/lib/python3.10/site-packages/trajectory_skeleton-0.0.0-py3.10.egg-info' (and everything under it)
Copying ../../build/trajectory_skeleton/trajectory_skeleton.egg-info to /home/ben/KV6022_limo_ros2/install/trajectory_skeleton/lib/python3.10/site-packages/trajectory_skeleton-0.0.0-py3.10.egg-info
running install_scripts
Installing trajectory_tracking_controller script to /home/ben/KV6022_limo_ros2/install/trajectory_skeleton/lib/trajectory_skeleton
writing list of installed files to '/home/ben/KV6022_limo_ros2/build/trajectory_skeleton/install.log'
