[4.368s] Invoking command in '/home/ben/KV6022_limo_ros2/src/trajectory_skeleton': CONDA_PROMPT_MODIFIER=(ros2) PYTHONPATH=/home/ben/KV6022_limo_ros2/build/trajectory_skeleton/prefix_override:/usr/lib/python3/dist-packages/colcon_core/task/python/colcon_distutils_commands:/home/ben/KV6022_limo_ros2/install/trajectory_skeleton/lib/python3.10/site-packages:${PYTHONPATH} /usr/bin/python3 -W ignore:setup.py install is deprecated -W ignore:easy_install command is deprecated setup.py egg_info --egg-base ../../build/trajectory_skeleton build --build-base /home/ben/KV6022_limo_ros2/build/trajectory_skeleton/build install --record /home/ben/KV6022_limo_ros2/build/trajectory_skeleton/install.log --install-scripts $base/lib/trajectory_skeleton --single-version-externally-managed install_data
[5.253s] running egg_info
[5.253s] writing ../../build/trajectory_skeleton/trajectory_skeleton.egg-info/PKG-INFO
[5.253s] writing dependency_links to ../../build/trajectory_skeleton/trajectory_skeleton.egg-info/dependency_links.txt
[5.253s] writing entry points to ../../build/trajectory_skeleton/trajectory_skeleton.egg-info/entry_points.txt
[5.254s] writing requirements to ../../build/trajectory_skeleton/trajectory_skeleton.egg-info/requires.txt
[5.254s] writing top-level names to ../../build/trajectory_skeleton/trajectory_skeleton.egg-info/top_level.txt
[5.254s] reading manifest file '../../build/trajectory_skeleton/trajectory_skeleton.egg-info/SOURCES.txt'
[5.254s] writing manifest file '../../build/trajectory_skeleton/trajectory_skeleton.egg-info/SOURCES.txt'
[5.258s] running build
[5.260s] running build_py
[5.262s] copying trajectory_skeleton/trajectory_tracking_controller.py -> /home/ben/KV6022_limo_ros2/build/trajectory_skeleton/build/lib/trajectory_skeleton
[5.263s] running install
[5.263s] running install_lib
[5.275s] copying /home/ben/KV6022_limo_ros2/build/trajectory_skeleton/build/lib/trajectory_skeleton/trajectory_tracking_controller.py -> /home/ben/KV6022_limo_ros2/install/trajectory_skeleton/lib/python3.10/site-packages/trajectory_skeleton
[5.275s] byte-compiling /home/ben/KV6022_limo_ros2/install/trajectory_skeleton/lib/python3.10/site-packages/trajectory_skeleton/trajectory_tracking_controller.py to trajectory_tracking_controller.cpython-310.pyc
[5.276s] running install_data
[5.276s] running install_egg_info
[5.276s] removing '/home/ben/KV6022_limo_ros2/install/trajectory_skeleton/lib/python3.10/site-packages/trajectory_skeleton-0.0.0-py3.10.egg-info' (and everything under it)
[5.276s] Copying ../../build/trajectory_skeleton/trajectory_skeleton.egg-info to /home/ben/KV6022_limo_ros2/install/trajectory_skeleton/lib/python3.10/site-packages/trajectory_skeleton-0.0.0-py3.10.egg-info
[5.278s] running install_scripts
[5.295s] Installing trajectory_tracking_controller script to /home/ben/KV6022_limo_ros2/install/trajectory_skeleton/lib/trajectory_skeleton
[5.295s] writing list of installed files to '/home/ben/KV6022_limo_ros2/build/trajectory_skeleton/install.log'
[5.355s] Invoked command in '/home/ben/KV6022_limo_ros2/src/trajectory_skeleton' returned '0': CONDA_PROMPT_MODIFIER=(ros2) PYTHONPATH=/home/ben/KV6022_limo_ros2/build/trajectory_skeleton/prefix_override:/usr/lib/python3/dist-packages/colcon_core/task/python/colcon_distutils_commands:/home/ben/KV6022_limo_ros2/install/trajectory_skeleton/lib/python3.10/site-packages:${PYTHONPATH} /usr/bin/python3 -W ignore:setup.py install is deprecated -W ignore:easy_install command is deprecated setup.py egg_info --egg-base ../../build/trajectory_skeleton build --build-base /home/ben/KV6022_limo_ros2/build/trajectory_skeleton/build install --record /home/ben/KV6022_limo_ros2/build/trajectory_skeleton/install.log --install-scripts $base/lib/trajectory_skeleton --single-version-externally-managed install_data
