running develop
Removing /home/ben/KV6022_limo_ros2/install/trajectory_skeleton/lib/python3.10/site-packages/trajectory-skeleton.egg-link (link to .)
running egg_info
writing ../../build/trajectory_skeleton/trajectory_skeleton.egg-info/PKG-INFO
writing dependency_links to ../../build/trajectory_skeleton/trajectory_skeleton.egg-info/dependency_links.txt
writing entry points to ../../build/trajectory_skeleton/trajectory_skeleton.egg-info/entry_points.txt
writing requirements to ../../build/trajectory_skeleton/trajectory_skeleton.egg-info/requires.txt
writing top-level names to ../../build/trajectory_skeleton/trajectory_skeleton.egg-info/top_level.txt
reading manifest file '../../build/trajectory_skeleton/trajectory_skeleton.egg-info/SOURCES.txt'
writing manifest file '../../build/trajectory_skeleton/trajectory_skeleton.egg-info/SOURCES.txt'
running build
running build_py
creating /home/ben/KV6022_limo_ros2/build/trajectory_skeleton/build
creating /home/ben/KV6022_limo_ros2/build/trajectory_skeleton/build/lib
creating /home/ben/KV6022_limo_ros2/build/trajectory_skeleton/build/lib/trajectory_skeleton
copying trajectory_skeleton/trajectory_tracking_controller.py -> /home/ben/KV6022_limo_ros2/build/trajectory_skeleton/build/lib/trajectory_skeleton
copying trajectory_skeleton/__init__.py -> /home/ben/KV6022_limo_ros2/build/trajectory_skeleton/build/lib/trajectory_skeleton
running install
running install_lib
creating /home/ben/KV6022_limo_ros2/install/trajectory_skeleton/lib/python3.10/site-packages/trajectory_skeleton
copying /home/ben/KV6022_limo_ros2/build/trajectory_skeleton/build/lib/trajectory_skeleton/trajectory_tracking_controller.py -> /home/ben/KV6022_limo_ros2/install/trajectory_skeleton/lib/python3.10/site-packages/trajectory_skeleton
copying /home/ben/KV6022_limo_ros2/build/trajectory_skeleton/build/lib/trajectory_skeleton/__init__.py -> /home/ben/KV6022_limo_ros2/install/trajectory_skeleton/lib/python3.10/site-packages/trajectory_skeleton
byte-compiling /home/ben/KV6022_limo_ros2/install/trajectory_skeleton/lib/python3.10/site-packages/trajectory_skeleton/trajectory_tracking_controller.py to trajectory_tracking_controller.cpython-310.pyc
byte-compiling /home/ben/KV6022_limo_ros2/install/trajectory_skeleton/lib/python3.10/site-packages/trajectory_skeleton/__init__.py to __init__.cpython-310.pyc
running install_data
copying resource/trajectory_skeleton -> /home/ben/KV6022_limo_ros2/install/trajectory_skeleton/share/ament_index/resource_index/packages
copying package.xml -> /home/ben/KV6022_limo_ros2/install/trajectory_skeleton/share/trajectory_skeleton
copying launch/view_robot.launch.py -> /home/ben/KV6022_limo_ros2/install/trajectory_skeleton/share/trajectory_skeleton/launch
copying rviz/follow.rviz -> /home/ben/KV6022_limo_ros2/install/trajectory_skeleton/share/trajectory_skeleton/rviz
running install_egg_info
Copying ../../build/trajectory_skeleton/trajectory_skeleton.egg-info to /home/ben/KV6022_limo_ros2/install/trajectory_skeleton/lib/python3.10/site-packages/trajectory_skeleton-0.0.0-py3.10.egg-info
running install_scripts
Installing trajectory_tracking_controller script to /home/ben/KV6022_limo_ros2/install/trajectory_skeleton/lib/trajectory_skeleton
writing list of installed files to '/home/ben/KV6022_limo_ros2/build/trajectory_skeleton/install.log'
