[4.018s] Invoking command in '/home/ben/KV6022_limo_ros2/src/example_codes': CONDA_PROMPT_MODIFIER=(ros2) PYTHONPATH=/home/ben/KV6022_limo_ros2/build/example_codes/prefix_override:/usr/lib/python3/dist-packages/colcon_core/task/python/colcon_distutils_commands:/home/ben/KV6022_limo_ros2/install/example_codes/lib/python3.10/site-packages:${PYTHONPATH} /usr/bin/python3 -W ignore:setup.py install is deprecated -W ignore:easy_install command is deprecated setup.py egg_info --egg-base ../../build/example_codes build --build-base /home/ben/KV6022_limo_ros2/build/example_codes/build install --record /home/ben/KV6022_limo_ros2/build/example_codes/install.log --install-scripts $base/lib/example_codes --single-version-externally-managed install_data
[4.887s] running egg_info
[4.887s] writing ../../build/example_codes/example_codes.egg-info/PKG-INFO
[4.888s] writing dependency_links to ../../build/example_codes/example_codes.egg-info/dependency_links.txt
[4.888s] writing entry points to ../../build/example_codes/example_codes.egg-info/entry_points.txt
[4.889s] writing requirements to ../../build/example_codes/example_codes.egg-info/requires.txt
[4.889s] writing top-level names to ../../build/example_codes/example_codes.egg-info/top_level.txt
[4.892s] reading manifest file '../../build/example_codes/example_codes.egg-info/SOURCES.txt'
[4.895s] writing manifest file '../../build/example_codes/example_codes.egg-info/SOURCES.txt'
[4.895s] running build
[4.895s] running build_py
[4.897s] running install
[4.898s] running install_lib
[4.903s] running install_data
[4.903s] running install_egg_info
[4.906s] removing '/home/ben/KV6022_limo_ros2/install/example_codes/lib/python3.10/site-packages/example_codes-0.0.0-py3.10.egg-info' (and everything under it)
[4.907s] Copying ../../build/example_codes/example_codes.egg-info to /home/ben/KV6022_limo_ros2/install/example_codes/lib/python3.10/site-packages/example_codes-0.0.0-py3.10.egg-info
[4.910s] running install_scripts
[4.942s] writing list of installed files to '/home/ben/KV6022_limo_ros2/build/example_codes/install.log'
[4.966s] Invoked command in '/home/ben/KV6022_limo_ros2/src/example_codes' returned '0': CONDA_PROMPT_MODIFIER=(ros2) PYTHONPATH=/home/ben/KV6022_limo_ros2/build/example_codes/prefix_override:/usr/lib/python3/dist-packages/colcon_core/task/python/colcon_distutils_commands:/home/ben/KV6022_limo_ros2/install/example_codes/lib/python3.10/site-packages:${PYTHONPATH} /usr/bin/python3 -W ignore:setup.py install is deprecated -W ignore:easy_install command is deprecated setup.py egg_info --egg-base ../../build/example_codes build --build-base /home/ben/KV6022_limo_ros2/build/example_codes/build install --record /home/ben/KV6022_limo_ros2/build/example_codes/install.log --install-scripts $base/lib/example_codes --single-version-externally-managed install_data
