/home/ben/KV6022_limo_ros2/install/trajectory_referee/lib/python3.10/site-packages/trajectory_referee/trajectory_publisher.py
/home/ben/KV6022_limo_ros2/install/trajectory_referee/lib/python3.10/site-packages/trajectory_referee/print_state.py
/home/ben/KV6022_limo_ros2/install/trajectory_referee/lib/python3.10/site-packages/trajectory_referee/__init__.py
/home/ben/KV6022_limo_ros2/install/trajectory_referee/lib/python3.10/site-packages/trajectory_referee/record_pose.py
/home/ben/KV6022_limo_ros2/install/trajectory_referee/lib/python3.10/site-packages/trajectory_referee/print_waypoint.py
/home/ben/KV6022_limo_ros2/install/trajectory_referee/lib/python3.10/site-packages/trajectory_referee/__pycache__/trajectory_publisher.cpython-310.pyc
/home/ben/KV6022_limo_ros2/install/trajectory_referee/lib/python3.10/site-packages/trajectory_referee/__pycache__/print_state.cpython-310.pyc
/home/ben/KV6022_limo_ros2/install/trajectory_referee/lib/python3.10/site-packages/trajectory_referee/__pycache__/__init__.cpython-310.pyc
/home/ben/KV6022_limo_ros2/install/trajectory_referee/lib/python3.10/site-packages/trajectory_referee/__pycache__/record_pose.cpython-310.pyc
/home/ben/KV6022_limo_ros2/install/trajectory_referee/lib/python3.10/site-packages/trajectory_referee/__pycache__/print_waypoint.cpython-310.pyc
/home/ben/KV6022_limo_ros2/install/trajectory_referee/share/ament_index/resource_index/packages/trajectory_referee
/home/ben/KV6022_limo_ros2/install/trajectory_referee/share/trajectory_referee/package.xml
/home/ben/KV6022_limo_ros2/install/trajectory_referee/share/trajectory_referee/routes/route1.pkl
/home/ben/KV6022_limo_ros2/install/trajectory_referee/share/trajectory_referee/routes/route2.pkl
/home/ben/KV6022_limo_ros2/install/trajectory_referee/share/trajectory_referee/routes/route3.pkl
/home/ben/KV6022_limo_ros2/install/trajectory_referee/lib/python3.10/site-packages/trajectory_referee-0.0.0-py3.10.egg-info/SOURCES.txt
/home/ben/KV6022_limo_ros2/install/trajectory_referee/lib/python3.10/site-packages/trajectory_referee-0.0.0-py3.10.egg-info/zip-safe
/home/ben/KV6022_limo_ros2/install/trajectory_referee/lib/python3.10/site-packages/trajectory_referee-0.0.0-py3.10.egg-info/top_level.txt
/home/ben/KV6022_limo_ros2/install/trajectory_referee/lib/python3.10/site-packages/trajectory_referee-0.0.0-py3.10.egg-info/dependency_links.txt
/home/ben/KV6022_limo_ros2/install/trajectory_referee/lib/python3.10/site-packages/trajectory_referee-0.0.0-py3.10.egg-info/PKG-INFO
/home/ben/KV6022_limo_ros2/install/trajectory_referee/lib/python3.10/site-packages/trajectory_referee-0.0.0-py3.10.egg-info/entry_points.txt
/home/ben/KV6022_limo_ros2/install/trajectory_referee/lib/python3.10/site-packages/trajectory_referee-0.0.0-py3.10.egg-info/requires.txt
/home/ben/KV6022_limo_ros2/install/trajectory_referee/lib/trajectory_referee/trajectory_publisher
