[0.032s] Invoking command in '/home/ben/KV6022_limo_ros2/build/limo_gazebosim': AMENT_PREFIX_PATH=/home/ben/KV6022_limo_ros2/install/limo_msgs:/home/ben/KV6022_limo_ros2/install/limo_description:${AMENT_PREFIX_PATH} CMAKE_PREFIX_PATH=/home/ben/KV6022_limo_ros2/install/limo_msgs:/home/ben/KV6022_limo_ros2/install/limo_description:/opt/ros/humble CONDA_PROMPT_MODIFIER=(ros2) LD_LIBRARY_PATH=/home/ben/KV6022_limo_ros2/install/limo_msgs/lib:${LD_LIBRARY_PATH} PYTHONPATH=/home/ben/KV6022_limo_ros2/install/limo_msgs/lib/python3.10/site-packages:${PYTHONPATH} /usr/bin/cmake /home/ben/KV6022_limo_ros2/src/limo_gazebosim -DAMENT_CMAKE_SYMLINK_INSTALL=1 -DCMAKE_INSTALL_PREFIX=/home/ben/KV6022_limo_ros2/install/limo_gazebosim
[0.198s] -- The C compiler identification is GNU 11.4.0
[0.354s] -- The CXX compiler identification is GNU 11.4.0
[0.373s] -- Detecting C compiler ABI info
[0.593s] -- Detecting C compiler ABI info - done
[0.599s] -- Check for working C compiler: /usr/bin/cc - skipped
[0.599s] -- Detecting C compile features
[0.600s] -- Detecting C compile features - done
[0.605s] -- Detecting CXX compiler ABI info
[0.853s] -- Detecting CXX compiler ABI info - done
[0.859s] -- Check for working CXX compiler: /usr/bin/c++ - skipped
[0.860s] -- Detecting CXX compile features
[0.861s] -- Detecting CXX compile features - done
[0.870s] -- Found ament_cmake: 1.3.14 (/opt/ros/humble/share/ament_cmake/cmake)
[1.404s] -- Found Python3: /home/ben/miniconda3/envs/ros2/bin/python3 (found version "3.10.20") found components: Interpreter 
[1.513s] -- Override CMake install command with custom implementation using symlinks instead of copying resources
[1.593s] -- Found rclcpp: 16.0.19 (/opt/ros/humble/share/rclcpp/cmake)
[1.696s] -- Found rosidl_generator_c: 3.1.9 (/opt/ros/humble/share/rosidl_generator_c/cmake)
[1.709s] -- Found rosidl_adapter: 3.1.9 (/opt/ros/humble/share/rosidl_adapter/cmake)
[1.729s] -- Found rosidl_generator_cpp: 3.1.9 (/opt/ros/humble/share/rosidl_generator_cpp/cmake)
[1.755s] -- Using all available rosidl_typesupport_c: rosidl_typesupport_fastrtps_c;rosidl_typesupport_introspection_c
[1.790s] -- Using all available rosidl_typesupport_cpp: rosidl_typesupport_fastrtps_cpp;rosidl_typesupport_introspection_cpp
[1.906s] -- Found rmw_implementation_cmake: 6.1.3 (/opt/ros/humble/share/rmw_implementation_cmake/cmake)
[1.914s] -- Found rmw_fastrtps_cpp: 6.2.10 (/opt/ros/humble/share/rmw_fastrtps_cpp/cmake)
[2.181s] -- Found OpenSSL: /usr/lib/x86_64-linux-gnu/libcrypto.so (found version "3.0.2")  
[2.237s] -- Found FastRTPS: /opt/ros/humble/include  
[2.323s] -- Using RMW implementation 'rmw_fastrtps_cpp' as default
[2.356s] -- Looking for pthread.h
[2.591s] -- Looking for pthread.h - found
[2.592s] -- Performing Test CMAKE_HAVE_LIBC_PTHREAD
[2.835s] -- Performing Test CMAKE_HAVE_LIBC_PTHREAD - Success
[2.838s] -- Found Threads: TRUE  
[2.950s] -- Found rclpy: 3.3.21 (/opt/ros/humble/share/rclpy/cmake)
[2.955s] -- Found ament_lint_auto: 0.12.15 (/opt/ros/humble/share/ament_lint_auto/cmake)
[3.218s] -- Added test 'flake8' to check Python code syntax and style conventions
[3.229s] -- Added test 'lint_cmake' to check CMake code style
[3.235s] -- Added test 'pep257' to check Python code against some of the docstring style conventions in PEP 257
[3.279s] -- Added test 'xmllint' to check XML markup files
[3.284s] -- Configuring done
[3.307s] -- Generating done
[3.312s] -- Build files have been written to: /home/ben/KV6022_limo_ros2/build/limo_gazebosim
[3.335s] Invoked command in '/home/ben/KV6022_limo_ros2/build/limo_gazebosim' returned '0': AMENT_PREFIX_PATH=/home/ben/KV6022_limo_ros2/install/limo_msgs:/home/ben/KV6022_limo_ros2/install/limo_description:${AMENT_PREFIX_PATH} CMAKE_PREFIX_PATH=/home/ben/KV6022_limo_ros2/install/limo_msgs:/home/ben/KV6022_limo_ros2/install/limo_description:/opt/ros/humble CONDA_PROMPT_MODIFIER=(ros2) LD_LIBRARY_PATH=/home/ben/KV6022_limo_ros2/install/limo_msgs/lib:${LD_LIBRARY_PATH} PYTHONPATH=/home/ben/KV6022_limo_ros2/install/limo_msgs/lib/python3.10/site-packages:${PYTHONPATH} /usr/bin/cmake /home/ben/KV6022_limo_ros2/src/limo_gazebosim -DAMENT_CMAKE_SYMLINK_INSTALL=1 -DCMAKE_INSTALL_PREFIX=/home/ben/KV6022_limo_ros2/install/limo_gazebosim
[3.339s] Invoking command in '/home/ben/KV6022_limo_ros2/build/limo_gazebosim': AMENT_PREFIX_PATH=/home/ben/KV6022_limo_ros2/install/limo_msgs:/home/ben/KV6022_limo_ros2/install/limo_description:${AMENT_PREFIX_PATH} CMAKE_PREFIX_PATH=/home/ben/KV6022_limo_ros2/install/limo_msgs:/home/ben/KV6022_limo_ros2/install/limo_description:/opt/ros/humble CONDA_PROMPT_MODIFIER=(ros2) LD_LIBRARY_PATH=/home/ben/KV6022_limo_ros2/install/limo_msgs/lib:${LD_LIBRARY_PATH} PYTHONPATH=/home/ben/KV6022_limo_ros2/install/limo_msgs/lib/python3.10/site-packages:${PYTHONPATH} /usr/bin/cmake --build /home/ben/KV6022_limo_ros2/build/limo_gazebosim -- -j8 -l8
[3.537s] Built target ament_cmake_python_symlink_limo_gazebosim
[3.862s] running egg_info
[3.881s] creating limo_gazebosim.egg-info
[3.882s] writing limo_gazebosim.egg-info/PKG-INFO
[3.882s] writing dependency_links to limo_gazebosim.egg-info/dependency_links.txt
[3.882s] writing top-level names to limo_gazebosim.egg-info/top_level.txt
[3.883s] writing manifest file 'limo_gazebosim.egg-info/SOURCES.txt'
[3.943s] reading manifest file 'limo_gazebosim.egg-info/SOURCES.txt'
[3.944s] writing manifest file 'limo_gazebosim.egg-info/SOURCES.txt'
[3.989s] Built target ament_cmake_python_build_limo_gazebosim_egg
[4.022s] Invoked command in '/home/ben/KV6022_limo_ros2/build/limo_gazebosim' returned '0': AMENT_PREFIX_PATH=/home/ben/KV6022_limo_ros2/install/limo_msgs:/home/ben/KV6022_limo_ros2/install/limo_description:${AMENT_PREFIX_PATH} CMAKE_PREFIX_PATH=/home/ben/KV6022_limo_ros2/install/limo_msgs:/home/ben/KV6022_limo_ros2/install/limo_description:/opt/ros/humble CONDA_PROMPT_MODIFIER=(ros2) LD_LIBRARY_PATH=/home/ben/KV6022_limo_ros2/install/limo_msgs/lib:${LD_LIBRARY_PATH} PYTHONPATH=/home/ben/KV6022_limo_ros2/install/limo_msgs/lib/python3.10/site-packages:${PYTHONPATH} /usr/bin/cmake --build /home/ben/KV6022_limo_ros2/build/limo_gazebosim -- -j8 -l8
[4.026s] Invoking command in '/home/ben/KV6022_limo_ros2/build/limo_gazebosim': AMENT_PREFIX_PATH=/home/ben/KV6022_limo_ros2/install/limo_msgs:/home/ben/KV6022_limo_ros2/install/limo_description:${AMENT_PREFIX_PATH} CMAKE_PREFIX_PATH=/home/ben/KV6022_limo_ros2/install/limo_msgs:/home/ben/KV6022_limo_ros2/install/limo_description:/opt/ros/humble CONDA_PROMPT_MODIFIER=(ros2) LD_LIBRARY_PATH=/home/ben/KV6022_limo_ros2/install/limo_msgs/lib:${LD_LIBRARY_PATH} PYTHONPATH=/home/ben/KV6022_limo_ros2/install/limo_msgs/lib/python3.10/site-packages:${PYTHONPATH} /usr/bin/cmake --install /home/ben/KV6022_limo_ros2/build/limo_gazebosim
[4.049s] -- Install configuration: ""
[4.051s] -- Execute custom install script
[4.052s] -- Symlinking: /home/ben/KV6022_limo_ros2/install/limo_gazebosim/share/limo_gazebosim/launch/limo_gazebo_ackerman_drive.launch.py
[4.079s] -- Symlinking: /home/ben/KV6022_limo_ros2/install/limo_gazebosim/share/limo_gazebosim/launch/limo_gazebo_assessment.launch.py
[4.107s] -- Symlinking: /home/ben/KV6022_limo_ros2/install/limo_gazebosim/share/limo_gazebosim/launch/limo_gazebo_diff.launch.py
[4.134s] -- Symlinking: /home/ben/KV6022_limo_ros2/install/limo_gazebosim/share/limo_gazebosim/launch/limo_gazebo_mecanum_drive.launch.py
[4.161s] -- Symlinking: /home/ben/KV6022_limo_ros2/install/limo_gazebosim/share/limo_gazebosim/launch/limo_gazebo_track_drive.launch.py
[4.190s] -- Symlinking: /home/ben/KV6022_limo_ros2/install/limo_gazebosim/share/limo_gazebosim/rviz/urdf.rviz
[4.217s] -- Symlinking: /home/ben/KV6022_limo_ros2/install/limo_gazebosim/share/limo_gazebosim/worlds/potholes.world
[4.245s] -- Symlinking: /home/ben/KV6022_limo_ros2/install/limo_gazebosim/share/limo_gazebosim/worlds/potholes_simple.world
[4.272s] -- Symlinking: /home/ben/KV6022_limo_ros2/install/limo_gazebosim/share/limo_gazebosim/worlds/simple.world
[4.299s] -- Symlinking: /home/ben/KV6022_limo_ros2/install/limo_gazebosim/share/limo_gazebosim/worlds/simulation_table.world
[4.327s] -- Symlinking: /home/ben/KV6022_limo_ros2/install/limo_gazebosim/share/limo_gazebosim/worlds/simulation_table_small.world
[4.355s] -- Symlinking: /home/ben/KV6022_limo_ros2/install/limo_gazebosim/share/limo_gazebosim/worlds/simulation_table_with_obstacles.world
[4.387s] -- Symlinking: /home/ben/KV6022_limo_ros2/install/limo_gazebosim/share/limo_gazebosim/models/Apriltag36_11_00000/materials/scripts/Apriltag.material
[4.414s] -- Symlinking: /home/ben/KV6022_limo_ros2/install/limo_gazebosim/share/limo_gazebosim/models/Apriltag36_11_00000/materials/textures/tag36_11_00000.png
[4.441s] -- Symlinking: /home/ben/KV6022_limo_ros2/install/limo_gazebosim/share/limo_gazebosim/models/Apriltag36_11_00000/meshes/tag36_11_00000.dae
[4.468s] -- Symlinking: /home/ben/KV6022_limo_ros2/install/limo_gazebosim/share/limo_gazebosim/models/Apriltag36_11_00000/model.config
[4.496s] -- Symlinking: /home/ben/KV6022_limo_ros2/install/limo_gazebosim/share/limo_gazebosim/models/Apriltag36_11_00000/model.sdf
[4.522s] -- Symlinking: /home/ben/KV6022_limo_ros2/install/limo_gazebosim/share/limo_gazebosim/models/Apriltag36_11_00001/materials/scripts/Apriltag.material
[4.550s] -- Symlinking: /home/ben/KV6022_limo_ros2/install/limo_gazebosim/share/limo_gazebosim/models/Apriltag36_11_00001/materials/textures/tag36_11_00001.png
[4.576s] -- Symlinking: /home/ben/KV6022_limo_ros2/install/limo_gazebosim/share/limo_gazebosim/models/Apriltag36_11_00001/model.config
[4.604s] -- Symlinking: /home/ben/KV6022_limo_ros2/install/limo_gazebosim/share/limo_gazebosim/models/Apriltag36_11_00001/model.sdf
[4.631s] -- Symlinking: /home/ben/KV6022_limo_ros2/install/limo_gazebosim/share/limo_gazebosim/models/Apriltag36_11_00002/materials/scripts/Apriltag.material
[4.658s] -- Symlinking: /home/ben/KV6022_limo_ros2/install/limo_gazebosim/share/limo_gazebosim/models/Apriltag36_11_00002/materials/textures/tag36_11_00002.png
[4.685s] -- Symlinking: /home/ben/KV6022_limo_ros2/install/limo_gazebosim/share/limo_gazebosim/models/Apriltag36_11_00002/model.config
[4.714s] -- Symlinking: /home/ben/KV6022_limo_ros2/install/limo_gazebosim/share/limo_gazebosim/models/Apriltag36_11_00002/model.sdf
[4.742s] -- Symlinking: /home/ben/KV6022_limo_ros2/install/limo_gazebosim/share/limo_gazebosim/models/Apriltag36_11_00003/materials/scripts/Apriltag.material
[4.769s] -- Symlinking: /home/ben/KV6022_limo_ros2/install/limo_gazebosim/share/limo_gazebosim/models/Apriltag36_11_00003/materials/textures/tag36_11_00003.png
[4.797s] -- Symlinking: /home/ben/KV6022_limo_ros2/install/limo_gazebosim/share/limo_gazebosim/models/Apriltag36_11_00003/model.config
[4.827s] -- Symlinking: /home/ben/KV6022_limo_ros2/install/limo_gazebosim/share/limo_gazebosim/models/Apriltag36_11_00003/model.sdf
[4.856s] -- Symlinking: /home/ben/KV6022_limo_ros2/install/limo_gazebosim/share/limo_gazebosim/models/potholes/materials/scripts/potholes.material
[4.883s] -- Symlinking: /home/ben/KV6022_limo_ros2/install/limo_gazebosim/share/limo_gazebosim/models/potholes/materials/textures/background_potholes.png
[4.912s] -- Symlinking: /home/ben/KV6022_limo_ros2/install/limo_gazebosim/share/limo_gazebosim/models/potholes/model.config
[4.938s] -- Symlinking: /home/ben/KV6022_limo_ros2/install/limo_gazebosim/share/limo_gazebosim/models/potholes/model.sdf
[4.965s] -- Symlinking: /home/ben/KV6022_limo_ros2/install/limo_gazebosim/share/limo_gazebosim/models/potholes_simple/materials/scripts/potholes_simple.material
[4.993s] -- Symlinking: /home/ben/KV6022_limo_ros2/install/limo_gazebosim/share/limo_gazebosim/models/potholes_simple/materials/textures/background_potholes_simple.png
[5.021s] -- Symlinking: /home/ben/KV6022_limo_ros2/install/limo_gazebosim/share/limo_gazebosim/models/potholes_simple/model.config
[5.050s] -- Symlinking: /home/ben/KV6022_limo_ros2/install/limo_gazebosim/share/limo_gazebosim/models/potholes_simple/model.sdf
[5.075s] -- Symlinking: /home/ben/KV6022_limo_ros2/install/limo_gazebosim/share/limo_gazebosim/models/simple.stl
[5.103s] -- Symlinking: /home/ben/KV6022_limo_ros2/install/limo_gazebosim/share/limo_gazebosim/models/simulation_table/materials/scripts/simulation_table.material
[5.131s] -- Symlinking: /home/ben/KV6022_limo_ros2/install/limo_gazebosim/share/limo_gazebosim/models/simulation_table/materials/textures/background (copy).png
[5.158s] -- Symlinking: /home/ben/KV6022_limo_ros2/install/limo_gazebosim/share/limo_gazebosim/models/simulation_table/materials/textures/background.png
[5.185s] -- Symlinking: /home/ben/KV6022_limo_ros2/install/limo_gazebosim/share/limo_gazebosim/models/simulation_table/materials/textures/background_low.png
[5.212s] -- Symlinking: /home/ben/KV6022_limo_ros2/install/limo_gazebosim/share/limo_gazebosim/models/simulation_table/materials/textures/simulation_table_vector.svg
[5.241s] -- Symlinking: /home/ben/KV6022_limo_ros2/install/limo_gazebosim/share/limo_gazebosim/models/simulation_table/model.config
[5.268s] -- Symlinking: /home/ben/KV6022_limo_ros2/install/limo_gazebosim/share/limo_gazebosim/models/simulation_table/model.sdf
[5.298s] -- Symlinking: /home/ben/KV6022_limo_ros2/install/limo_gazebosim/share/limo_gazebosim/models/simulation_table_small/materials/scripts/simulation_table_small.material
[5.325s] -- Symlinking: /home/ben/KV6022_limo_ros2/install/limo_gazebosim/share/limo_gazebosim/models/simulation_table_small/materials/textures/background_small.png
[5.357s] -- Symlinking: /home/ben/KV6022_limo_ros2/install/limo_gazebosim/share/limo_gazebosim/models/simulation_table_small/model.config
[5.384s] -- Symlinking: /home/ben/KV6022_limo_ros2/install/limo_gazebosim/share/limo_gazebosim/models/simulation_table_small/model.sdf
[5.412s] -- Symlinking: /home/ben/KV6022_limo_ros2/install/limo_gazebosim/share/limo_gazebosim/models/simulation_table_with_obstacles/materials/scripts/simulation_table.material
[5.440s] -- Symlinking: /home/ben/KV6022_limo_ros2/install/limo_gazebosim/share/limo_gazebosim/models/simulation_table_with_obstacles/materials/textures/background (copy).png
[5.468s] -- Symlinking: /home/ben/KV6022_limo_ros2/install/limo_gazebosim/share/limo_gazebosim/models/simulation_table_with_obstacles/materials/textures/background.png
[5.496s] -- Symlinking: /home/ben/KV6022_limo_ros2/install/limo_gazebosim/share/limo_gazebosim/models/simulation_table_with_obstacles/materials/textures/background_low.png
[5.524s] -- Symlinking: /home/ben/KV6022_limo_ros2/install/limo_gazebosim/share/limo_gazebosim/models/simulation_table_with_obstacles/materials/textures/simulation_table_vector.svg
[5.551s] -- Symlinking: /home/ben/KV6022_limo_ros2/install/limo_gazebosim/share/limo_gazebosim/models/simulation_table_with_obstacles/model.config
[5.578s] -- Symlinking: /home/ben/KV6022_limo_ros2/install/limo_gazebosim/share/limo_gazebosim/models/simulation_table_with_obstacles/model.sdf
[5.608s] -- Symlinking: /home/ben/KV6022_limo_ros2/install/limo_gazebosim/share/limo_gazebosim/environment/pythonpath.sh
[5.635s] -- Symlinking: /home/ben/KV6022_limo_ros2/install/limo_gazebosim/share/limo_gazebosim/environment/pythonpath.dsv
[5.665s] -- Symlinking: /home/ben/KV6022_limo_ros2/install/limo_gazebosim/lib/python3.10/site-packages/limo_gazebosim-0.0.0-py3.10.egg-info/PKG-INFO
[5.693s] -- Symlinking: /home/ben/KV6022_limo_ros2/install/limo_gazebosim/lib/python3.10/site-packages/limo_gazebosim-0.0.0-py3.10.egg-info/SOURCES.txt
[5.721s] -- Symlinking: /home/ben/KV6022_limo_ros2/install/limo_gazebosim/lib/python3.10/site-packages/limo_gazebosim-0.0.0-py3.10.egg-info/dependency_links.txt
[5.749s] -- Symlinking: /home/ben/KV6022_limo_ros2/install/limo_gazebosim/lib/python3.10/site-packages/limo_gazebosim-0.0.0-py3.10.egg-info/top_level.txt
[5.780s] -- Symlinking: /home/ben/KV6022_limo_ros2/install/limo_gazebosim/lib/python3.10/site-packages/limo_gazebosim/__init__.py
[5.810s] -- Symlinking: /home/ben/KV6022_limo_ros2/install/limo_gazebosim/lib/limo_gazebosim/twist_watchdog.py
[5.838s] -- Symlinking: /home/ben/KV6022_limo_ros2/install/limo_gazebosim/share/ament_index/resource_index/package_run_dependencies/limo_gazebosim
[5.866s] -- Symlinking: /home/ben/KV6022_limo_ros2/install/limo_gazebosim/share/ament_index/resource_index/parent_prefix_path/limo_gazebosim
[5.894s] -- Symlinking: /home/ben/KV6022_limo_ros2/install/limo_gazebosim/share/limo_gazebosim/environment/ament_prefix_path.sh
[5.924s] -- Symlinking: /home/ben/KV6022_limo_ros2/install/limo_gazebosim/share/limo_gazebosim/environment/ament_prefix_path.dsv
[5.951s] -- Symlinking: /home/ben/KV6022_limo_ros2/install/limo_gazebosim/share/limo_gazebosim/environment/path.sh
[5.977s] -- Symlinking: /home/ben/KV6022_limo_ros2/install/limo_gazebosim/share/limo_gazebosim/environment/path.dsv
[6.006s] -- Symlinking: /home/ben/KV6022_limo_ros2/install/limo_gazebosim/share/limo_gazebosim/local_setup.bash
[6.033s] -- Symlinking: /home/ben/KV6022_limo_ros2/install/limo_gazebosim/share/limo_gazebosim/local_setup.sh
[6.060s] -- Symlinking: /home/ben/KV6022_limo_ros2/install/limo_gazebosim/share/limo_gazebosim/local_setup.zsh
[6.087s] -- Symlinking: /home/ben/KV6022_limo_ros2/install/limo_gazebosim/share/limo_gazebosim/local_setup.dsv
[6.118s] -- Symlinking: /home/ben/KV6022_limo_ros2/install/limo_gazebosim/share/limo_gazebosim/package.dsv
[6.144s] -- Symlinking: /home/ben/KV6022_limo_ros2/install/limo_gazebosim/share/ament_index/resource_index/packages/limo_gazebosim
[6.172s] -- Symlinking: /home/ben/KV6022_limo_ros2/install/limo_gazebosim/share/limo_gazebosim/cmake/limo_gazebosimConfig.cmake
[6.201s] -- Symlinking: /home/ben/KV6022_limo_ros2/install/limo_gazebosim/share/limo_gazebosim/cmake/limo_gazebosimConfig-version.cmake
[6.229s] -- Symlinking: /home/ben/KV6022_limo_ros2/install/limo_gazebosim/share/limo_gazebosim/package.xml
[6.317s] Listing '/home/ben/KV6022_limo_ros2/install/limo_gazebosim/lib/python3.10/site-packages/limo_gazebosim'...
[6.317s] Compiling '/home/ben/KV6022_limo_ros2/install/limo_gazebosim/lib/python3.10/site-packages/limo_gazebosim/__init__.py'...
[6.326s] Invoked command in '/home/ben/KV6022_limo_ros2/build/limo_gazebosim' returned '0': AMENT_PREFIX_PATH=/home/ben/KV6022_limo_ros2/install/limo_msgs:/home/ben/KV6022_limo_ros2/install/limo_description:${AMENT_PREFIX_PATH} CMAKE_PREFIX_PATH=/home/ben/KV6022_limo_ros2/install/limo_msgs:/home/ben/KV6022_limo_ros2/install/limo_description:/opt/ros/humble CONDA_PROMPT_MODIFIER=(ros2) LD_LIBRARY_PATH=/home/ben/KV6022_limo_ros2/install/limo_msgs/lib:${LD_LIBRARY_PATH} PYTHONPATH=/home/ben/KV6022_limo_ros2/install/limo_msgs/lib/python3.10/site-packages:${PYTHONPATH} /usr/bin/cmake --install /home/ben/KV6022_limo_ros2/build/limo_gazebosim
