-- Found ament_cmake: 1.3.14 (/opt/ros/humble/share/ament_cmake/cmake)
-- Override CMake install command with custom implementation using symlinks instead of copying resources
-- Found ament_lint_auto: 0.12.15 (/opt/ros/humble/share/ament_lint_auto/cmake)
-- Added test 'copyright' to check source files copyright and LICENSE
-- Added test 'flake8' to check Python code syntax and style conventions
-- Added test 'lint_cmake' to check CMake code style
-- Added test 'pep257' to check Python code against some of the docstring style conventions in PEP 257
-- Added test 'xmllint' to check XML markup files
-- Configuring done
-- Generating done
-- Build files have been written to: /home/ben/KV6022_limo_ros2/build/limo_description
-- Install configuration: ""
-- Execute custom install script
-- Up-to-date symlink: /home/ben/KV6022_limo_ros2/install/limo_description/share/limo_description/launch/display_models_diff.launch.py
-- Up-to-date symlink: /home/ben/KV6022_limo_ros2/install/limo_description/share/limo_description/rviz/model_display.rviz
-- Up-to-date symlink: /home/ben/KV6022_limo_ros2/install/limo_description/share/limo_description/rviz/model_sensors_real.rviz
-- Up-to-date symlink: /home/ben/KV6022_limo_ros2/install/limo_description/share/limo_description/rviz/urdf.rviz
-- Up-to-date symlink: /home/ben/KV6022_limo_ros2/install/limo_description/share/limo_description/meshes/arrow_texture.png
-- Up-to-date symlink: /home/ben/KV6022_limo_ros2/install/limo_description/share/limo_description/meshes/face.png
-- Up-to-date symlink: /home/ben/KV6022_limo_ros2/install/limo_description/share/limo_description/meshes/lcd_screen_texture.png
-- Up-to-date symlink: /home/ben/KV6022_limo_ros2/install/limo_description/share/limo_description/meshes/limo_base.dae
-- Up-to-date symlink: /home/ben/KV6022_limo_ros2/install/limo_description/share/limo_description/meshes/limo_base.stl
-- Up-to-date symlink: /home/ben/KV6022_limo_ros2/install/limo_description/share/limo_description/meshes/limo_base_lite.dae
-- Up-to-date symlink: /home/ben/KV6022_limo_ros2/install/limo_description/share/limo_description/meshes/limo_optimal.dae
-- Up-to-date symlink: /home/ben/KV6022_limo_ros2/install/limo_description/share/limo_description/meshes/limo_optimal_wheels.dae
-- Up-to-date symlink: /home/ben/KV6022_limo_ros2/install/limo_description/share/limo_description/meshes/limo_texture.png
-- Up-to-date symlink: /home/ben/KV6022_limo_ros2/install/limo_description/share/limo_description/meshes/limo_wheel.dae
-- Up-to-date symlink: /home/ben/KV6022_limo_ros2/install/limo_description/share/limo_description/meshes/limo_wheel.stl
-- Up-to-date symlink: /home/ben/KV6022_limo_ros2/install/limo_description/share/limo_description/meshes/limo_wheel_lite.dae
-- Up-to-date symlink: /home/ben/KV6022_limo_ros2/install/limo_description/share/limo_description/meshes/mec_wheel_front_left.dae
-- Up-to-date symlink: /home/ben/KV6022_limo_ros2/install/limo_description/share/limo_description/meshes/mec_wheel_front_right.dae
-- Up-to-date symlink: /home/ben/KV6022_limo_ros2/install/limo_description/share/limo_description/meshes/rotw2_rviz.png
-- Up-to-date symlink: /home/ben/KV6022_limo_ros2/install/limo_description/share/limo_description/meshes/sidescreentexture.png
-- Up-to-date symlink: /home/ben/KV6022_limo_ros2/install/limo_description/share/limo_description/meshes/steering.dae
-- Up-to-date symlink: /home/ben/KV6022_limo_ros2/install/limo_description/share/limo_description/meshes/steering_texture.png
-- Up-to-date symlink: /home/ben/KV6022_limo_ros2/install/limo_description/share/limo_description/urdf/limo_ackerman/limo_ackerman.gazebo
-- Up-to-date symlink: /home/ben/KV6022_limo_ros2/install/limo_description/share/limo_description/urdf/limo_ackerman/limo_ackerman.xacro
-- Up-to-date symlink: /home/ben/KV6022_limo_ros2/install/limo_description/share/limo_description/urdf/limo_diff/limo_diff.gazebo
-- Up-to-date symlink: /home/ben/KV6022_limo_ros2/install/limo_description/share/limo_description/urdf/limo_diff/limo_diff.xacro
-- Up-to-date symlink: /home/ben/KV6022_limo_ros2/install/limo_description/share/limo_description/urdf/limo_gazebo.xacro
-- Up-to-date symlink: /home/ben/KV6022_limo_ros2/install/limo_description/share/limo_description/urdf/limo_mecanum/backup previous/limo_gazebo.gazebo
-- Up-to-date symlink: /home/ben/KV6022_limo_ros2/install/limo_description/share/limo_description/urdf/limo_mecanum/backup previous/limo_mecanum.xacro
-- Up-to-date symlink: /home/ben/KV6022_limo_ros2/install/limo_description/share/limo_description/urdf/limo_mecanum/backup previous/limo_mecanum_with_arm.xacro
-- Up-to-date symlink: /home/ben/KV6022_limo_ros2/install/limo_description/share/limo_description/urdf/limo_mecanum/backup previous/limo_s2.gazebo
-- Up-to-date symlink: /home/ben/KV6022_limo_ros2/install/limo_description/share/limo_description/urdf/limo_mecanum/backup previous/limo_xacro.xacro
-- Up-to-date symlink: /home/ben/KV6022_limo_ros2/install/limo_description/share/limo_description/urdf/limo_mecanum/limo_mecanum.gazebo
-- Up-to-date symlink: /home/ben/KV6022_limo_ros2/install/limo_description/share/limo_description/urdf/limo_mecanum/limo_mecanum.xacro
-- Up-to-date symlink: /home/ben/KV6022_limo_ros2/install/limo_description/share/limo_description/urdf/limo_properties.xacro
-- Up-to-date symlink: /home/ben/KV6022_limo_ros2/install/limo_description/share/limo_description/urdf/limo_track/limo_track.gazebo
-- Up-to-date symlink: /home/ben/KV6022_limo_ros2/install/limo_description/share/limo_description/urdf/limo_track/limo_track.xacro
-- Up-to-date symlink: /home/ben/KV6022_limo_ros2/install/limo_description/share/ament_index/resource_index/package_run_dependencies/limo_description
-- Up-to-date symlink: /home/ben/KV6022_limo_ros2/install/limo_description/share/ament_index/resource_index/parent_prefix_path/limo_description
-- Up-to-date symlink: /home/ben/KV6022_limo_ros2/install/limo_description/share/limo_description/environment/ament_prefix_path.sh
-- Up-to-date symlink: /home/ben/KV6022_limo_ros2/install/limo_description/share/limo_description/environment/ament_prefix_path.dsv
-- Up-to-date symlink: /home/ben/KV6022_limo_ros2/install/limo_description/share/limo_description/environment/path.sh
-- Up-to-date symlink: /home/ben/KV6022_limo_ros2/install/limo_description/share/limo_description/environment/path.dsv
-- Up-to-date symlink: /home/ben/KV6022_limo_ros2/install/limo_description/share/limo_description/local_setup.bash
-- Up-to-date symlink: /home/ben/KV6022_limo_ros2/install/limo_description/share/limo_description/local_setup.sh
-- Up-to-date symlink: /home/ben/KV6022_limo_ros2/install/limo_description/share/limo_description/local_setup.zsh
-- Up-to-date symlink: /home/ben/KV6022_limo_ros2/install/limo_description/share/limo_description/local_setup.dsv
-- Symlinking: /home/ben/KV6022_limo_ros2/install/limo_description/share/limo_description/package.dsv
-- Up-to-date symlink: /home/ben/KV6022_limo_ros2/install/limo_description/share/ament_index/resource_index/packages/limo_description
-- Up-to-date symlink: /home/ben/KV6022_limo_ros2/install/limo_description/share/limo_description/cmake/limo_descriptionConfig.cmake
-- Up-to-date symlink: /home/ben/KV6022_limo_ros2/install/limo_description/share/limo_description/cmake/limo_descriptionConfig-version.cmake
-- Up-to-date symlink: /home/ben/KV6022_limo_ros2/install/limo_description/share/limo_description/package.xml
