[1.796s] Invoking command in '/home/ben/KV6022_limo_ros2/src/build/Week2_lab': CONDA_PROMPT_MODIFIER=(ros2) PYTHONPATH=/home/ben/KV6022_limo_ros2/src/build/Week2_lab/prefix_override:/usr/lib/python3/dist-packages/colcon_core/task/python/colcon_distutils_commands:/home/ben/KV6022_limo_ros2/src/install/Week2_lab/lib/python3.10/site-packages:${PYTHONPATH} /usr/bin/python3 -W ignore:setup.py install is deprecated -W ignore:easy_install command is deprecated setup.py develop --editable --build-directory /home/ben/KV6022_limo_ros2/src/build/Week2_lab/build --no-deps symlink_data
[2.319s] running develop
[2.806s] running egg_info
[2.806s] creating Week2_lab.egg-info
[2.806s] writing Week2_lab.egg-info/PKG-INFO
[2.806s] writing dependency_links to Week2_lab.egg-info/dependency_links.txt
[2.807s] writing entry points to Week2_lab.egg-info/entry_points.txt
[2.807s] writing requirements to Week2_lab.egg-info/requires.txt
[2.807s] writing top-level names to Week2_lab.egg-info/top_level.txt
[2.808s] writing manifest file 'Week2_lab.egg-info/SOURCES.txt'
[2.811s] reading manifest file 'Week2_lab.egg-info/SOURCES.txt'
[2.815s] writing manifest file 'Week2_lab.egg-info/SOURCES.txt'
[2.815s] running build_ext
[2.815s] Creating /home/ben/KV6022_limo_ros2/src/install/Week2_lab/lib/python3.10/site-packages/Week2-lab.egg-link (link to .)
[2.817s] Installing command_publisher script to /home/ben/KV6022_limo_ros2/src/install/Week2_lab/lib/Week2_lab
[2.819s] 
[2.819s] Installed /home/ben/KV6022_limo_ros2/src/build/Week2_lab
[2.820s] running symlink_data
[2.822s] creating /home/ben/KV6022_limo_ros2/src/install/Week2_lab/share/ament_index
[2.822s] creating /home/ben/KV6022_limo_ros2/src/install/Week2_lab/share/ament_index/resource_index
[2.822s] creating /home/ben/KV6022_limo_ros2/src/install/Week2_lab/share/ament_index/resource_index/packages
[2.822s] symbolically linking /home/ben/KV6022_limo_ros2/src/build/Week2_lab/resource/Week2_lab -> /home/ben/KV6022_limo_ros2/src/install/Week2_lab/share/ament_index/resource_index/packages
[2.822s] symbolically linking /home/ben/KV6022_limo_ros2/src/build/Week2_lab/package.xml -> /home/ben/KV6022_limo_ros2/src/install/Week2_lab/share/Week2_lab
[2.854s] Invoked command in '/home/ben/KV6022_limo_ros2/src/build/Week2_lab' returned '0': CONDA_PROMPT_MODIFIER=(ros2) PYTHONPATH=/home/ben/KV6022_limo_ros2/src/build/Week2_lab/prefix_override:/usr/lib/python3/dist-packages/colcon_core/task/python/colcon_distutils_commands:/home/ben/KV6022_limo_ros2/src/install/Week2_lab/lib/python3.10/site-packages:${PYTHONPATH} /usr/bin/python3 -W ignore:setup.py install is deprecated -W ignore:easy_install command is deprecated setup.py develop --editable --build-directory /home/ben/KV6022_limo_ros2/src/build/Week2_lab/build --no-deps symlink_data
