running develop
running egg_info
creating trajectory_skeleton.egg-info
writing trajectory_skeleton.egg-info/PKG-INFO
writing dependency_links to trajectory_skeleton.egg-info/dependency_links.txt
writing entry points to trajectory_skeleton.egg-info/entry_points.txt
writing requirements to trajectory_skeleton.egg-info/requires.txt
writing top-level names to trajectory_skeleton.egg-info/top_level.txt
writing manifest file 'trajectory_skeleton.egg-info/SOURCES.txt'
reading manifest file 'trajectory_skeleton.egg-info/SOURCES.txt'
writing manifest file 'trajectory_skeleton.egg-info/SOURCES.txt'
running build_ext
Creating /home/ben/KV6022_limo_ros2/install/trajectory_skeleton/lib/python3.10/site-packages/trajectory-skeleton.egg-link (link to .)
Installing trajectory_tracking_controller script to /home/ben/KV6022_limo_ros2/install/trajectory_skeleton/lib/trajectory_skeleton

Installed /home/ben/KV6022_limo_ros2/build/trajectory_skeleton
running symlink_data
creating /home/ben/KV6022_limo_ros2/install/trajectory_skeleton/share/ament_index
creating /home/ben/KV6022_limo_ros2/install/trajectory_skeleton/share/ament_index/resource_index
creating /home/ben/KV6022_limo_ros2/install/trajectory_skeleton/share/ament_index/resource_index/packages
symbolically linking /home/ben/KV6022_limo_ros2/build/trajectory_skeleton/resource/trajectory_skeleton -> /home/ben/KV6022_limo_ros2/install/trajectory_skeleton/share/ament_index/resource_index/packages
symbolically linking /home/ben/KV6022_limo_ros2/build/trajectory_skeleton/package.xml -> /home/ben/KV6022_limo_ros2/install/trajectory_skeleton/share/trajectory_skeleton
creating /home/ben/KV6022_limo_ros2/install/trajectory_skeleton/share/trajectory_skeleton/launch
symbolically linking /home/ben/KV6022_limo_ros2/build/trajectory_skeleton/launch/view_robot.launch.py -> /home/ben/KV6022_limo_ros2/install/trajectory_skeleton/share/trajectory_skeleton/launch
creating /home/ben/KV6022_limo_ros2/install/trajectory_skeleton/share/trajectory_skeleton/rviz
symbolically linking /home/ben/KV6022_limo_ros2/build/trajectory_skeleton/rviz/follow.rviz -> /home/ben/KV6022_limo_ros2/install/trajectory_skeleton/share/trajectory_skeleton/rviz
