[3.390s] Invoking command in '/home/ben/KV6022_limo_ros2/build/trajectory_skeleton': CONDA_PROMPT_MODIFIER=(ros2) PYTHONPATH=/home/ben/KV6022_limo_ros2/build/trajectory_skeleton/prefix_override:/usr/lib/python3/dist-packages/colcon_core/task/python/colcon_distutils_commands:/home/ben/KV6022_limo_ros2/install/trajectory_skeleton/lib/python3.10/site-packages:${PYTHONPATH} /usr/bin/python3 -W ignore:setup.py install is deprecated -W ignore:easy_install command is deprecated setup.py develop --editable --build-directory /home/ben/KV6022_limo_ros2/build/trajectory_skeleton/build --no-deps symlink_data
[3.901s] running develop
[4.288s] running egg_info
[4.288s] creating trajectory_skeleton.egg-info
[4.288s] writing trajectory_skeleton.egg-info/PKG-INFO
[4.289s] writing dependency_links to trajectory_skeleton.egg-info/dependency_links.txt
[4.289s] writing entry points to trajectory_skeleton.egg-info/entry_points.txt
[4.290s] writing requirements to trajectory_skeleton.egg-info/requires.txt
[4.290s] writing top-level names to trajectory_skeleton.egg-info/top_level.txt
[4.291s] writing manifest file 'trajectory_skeleton.egg-info/SOURCES.txt'
[4.291s] reading manifest file 'trajectory_skeleton.egg-info/SOURCES.txt'
[4.292s] writing manifest file 'trajectory_skeleton.egg-info/SOURCES.txt'
[4.294s] running build_ext
[4.294s] Creating /home/ben/KV6022_limo_ros2/install/trajectory_skeleton/lib/python3.10/site-packages/trajectory-skeleton.egg-link (link to .)
[4.299s] Installing trajectory_tracking_controller script to /home/ben/KV6022_limo_ros2/install/trajectory_skeleton/lib/trajectory_skeleton
[4.300s] 
[4.301s] Installed /home/ben/KV6022_limo_ros2/build/trajectory_skeleton
[4.301s] running symlink_data
[4.301s] creating /home/ben/KV6022_limo_ros2/install/trajectory_skeleton/share/ament_index
[4.302s] creating /home/ben/KV6022_limo_ros2/install/trajectory_skeleton/share/ament_index/resource_index
[4.302s] creating /home/ben/KV6022_limo_ros2/install/trajectory_skeleton/share/ament_index/resource_index/packages
[4.303s] symbolically linking /home/ben/KV6022_limo_ros2/build/trajectory_skeleton/resource/trajectory_skeleton -> /home/ben/KV6022_limo_ros2/install/trajectory_skeleton/share/ament_index/resource_index/packages
[4.303s] symbolically linking /home/ben/KV6022_limo_ros2/build/trajectory_skeleton/package.xml -> /home/ben/KV6022_limo_ros2/install/trajectory_skeleton/share/trajectory_skeleton
[4.303s] creating /home/ben/KV6022_limo_ros2/install/trajectory_skeleton/share/trajectory_skeleton/launch
[4.303s] symbolically linking /home/ben/KV6022_limo_ros2/build/trajectory_skeleton/launch/view_robot.launch.py -> /home/ben/KV6022_limo_ros2/install/trajectory_skeleton/share/trajectory_skeleton/launch
[4.304s] creating /home/ben/KV6022_limo_ros2/install/trajectory_skeleton/share/trajectory_skeleton/rviz
[4.304s] symbolically linking /home/ben/KV6022_limo_ros2/build/trajectory_skeleton/rviz/follow.rviz -> /home/ben/KV6022_limo_ros2/install/trajectory_skeleton/share/trajectory_skeleton/rviz
[4.336s] Invoked command in '/home/ben/KV6022_limo_ros2/build/trajectory_skeleton' returned '0': CONDA_PROMPT_MODIFIER=(ros2) PYTHONPATH=/home/ben/KV6022_limo_ros2/build/trajectory_skeleton/prefix_override:/usr/lib/python3/dist-packages/colcon_core/task/python/colcon_distutils_commands:/home/ben/KV6022_limo_ros2/install/trajectory_skeleton/lib/python3.10/site-packages:${PYTHONPATH} /usr/bin/python3 -W ignore:setup.py install is deprecated -W ignore:easy_install command is deprecated setup.py develop --editable --build-directory /home/ben/KV6022_limo_ros2/build/trajectory_skeleton/build --no-deps symlink_data
