-- The C compiler identification is GNU 11.4.0
-- The CXX compiler identification is GNU 11.4.0
-- Detecting C compiler ABI info
-- Detecting C compiler ABI info - done
-- Check for working C compiler: /usr/bin/cc - skipped
-- Detecting C compile features
-- Detecting C compile features - done
-- Detecting CXX compiler ABI info
-- Detecting CXX compiler ABI info - done
-- Check for working CXX compiler: /usr/bin/c++ - skipped
-- Detecting CXX compile features
-- Detecting CXX compile features - done
-- Found ament_cmake: 1.3.14 (/opt/ros/humble/share/ament_cmake/cmake)
-- Found Python3: /home/ben/miniconda3/envs/ros2/bin/python3 (found version "3.10.20") found components: Interpreter 
-- Override CMake install command with custom implementation using symlinks instead of copying resources
-- Found ament_lint_auto: 0.12.15 (/opt/ros/humble/share/ament_lint_auto/cmake)
-- Added test 'copyright' to check source files copyright and LICENSE
-- Added test 'flake8' to check Python code syntax and style conventions
-- Added test 'lint_cmake' to check CMake code style
-- Added test 'pep257' to check Python code against some of the docstring style conventions in PEP 257
-- Added test 'xmllint' to check XML markup files
-- Configuring done
-- Generating done
-- Build files have been written to: /home/ben/KV6022_limo_ros2/build/limo_description
-- Install configuration: ""
-- Execute custom install script
-- Symlinking: /home/ben/KV6022_limo_ros2/install/limo_description/share/limo_description/launch/display_models_diff.launch.py
-- Symlinking: /home/ben/KV6022_limo_ros2/install/limo_description/share/limo_description/rviz/model_display.rviz
-- Symlinking: /home/ben/KV6022_limo_ros2/install/limo_description/share/limo_description/rviz/model_sensors_real.rviz
-- Symlinking: /home/ben/KV6022_limo_ros2/install/limo_description/share/limo_description/rviz/urdf.rviz
-- Symlinking: /home/ben/KV6022_limo_ros2/install/limo_description/share/limo_description/meshes/arrow_texture.png
-- Symlinking: /home/ben/KV6022_limo_ros2/install/limo_description/share/limo_description/meshes/face.png
-- Symlinking: /home/ben/KV6022_limo_ros2/install/limo_description/share/limo_description/meshes/lcd_screen_texture.png
-- Symlinking: /home/ben/KV6022_limo_ros2/install/limo_description/share/limo_description/meshes/limo_base.dae
-- Symlinking: /home/ben/KV6022_limo_ros2/install/limo_description/share/limo_description/meshes/limo_base.stl
-- Symlinking: /home/ben/KV6022_limo_ros2/install/limo_description/share/limo_description/meshes/limo_base_lite.dae
-- Symlinking: /home/ben/KV6022_limo_ros2/install/limo_description/share/limo_description/meshes/limo_optimal.dae
-- Symlinking: /home/ben/KV6022_limo_ros2/install/limo_description/share/limo_description/meshes/limo_optimal_wheels.dae
-- Symlinking: /home/ben/KV6022_limo_ros2/install/limo_description/share/limo_description/meshes/limo_texture.png
-- Symlinking: /home/ben/KV6022_limo_ros2/install/limo_description/share/limo_description/meshes/limo_wheel.dae
-- Symlinking: /home/ben/KV6022_limo_ros2/install/limo_description/share/limo_description/meshes/limo_wheel.stl
-- Symlinking: /home/ben/KV6022_limo_ros2/install/limo_description/share/limo_description/meshes/limo_wheel_lite.dae
-- Symlinking: /home/ben/KV6022_limo_ros2/install/limo_description/share/limo_description/meshes/mec_wheel_front_left.dae
-- Symlinking: /home/ben/KV6022_limo_ros2/install/limo_description/share/limo_description/meshes/mec_wheel_front_right.dae
-- Symlinking: /home/ben/KV6022_limo_ros2/install/limo_description/share/limo_description/meshes/rotw2_rviz.png
-- Symlinking: /home/ben/KV6022_limo_ros2/install/limo_description/share/limo_description/meshes/sidescreentexture.png
-- Symlinking: /home/ben/KV6022_limo_ros2/install/limo_description/share/limo_description/meshes/steering.dae
-- Symlinking: /home/ben/KV6022_limo_ros2/install/limo_description/share/limo_description/meshes/steering_texture.png
-- Symlinking: /home/ben/KV6022_limo_ros2/install/limo_description/share/limo_description/urdf/limo_ackerman/limo_ackerman.gazebo
-- Symlinking: /home/ben/KV6022_limo_ros2/install/limo_description/share/limo_description/urdf/limo_ackerman/limo_ackerman.xacro
-- Symlinking: /home/ben/KV6022_limo_ros2/install/limo_description/share/limo_description/urdf/limo_diff/limo_diff.gazebo
-- Symlinking: /home/ben/KV6022_limo_ros2/install/limo_description/share/limo_description/urdf/limo_diff/limo_diff.xacro
-- Symlinking: /home/ben/KV6022_limo_ros2/install/limo_description/share/limo_description/urdf/limo_gazebo.xacro
-- Symlinking: /home/ben/KV6022_limo_ros2/install/limo_description/share/limo_description/urdf/limo_mecanum/backup previous/limo_gazebo.gazebo
-- Symlinking: /home/ben/KV6022_limo_ros2/install/limo_description/share/limo_description/urdf/limo_mecanum/backup previous/limo_mecanum.xacro
-- Symlinking: /home/ben/KV6022_limo_ros2/install/limo_description/share/limo_description/urdf/limo_mecanum/backup previous/limo_mecanum_with_arm.xacro
-- Symlinking: /home/ben/KV6022_limo_ros2/install/limo_description/share/limo_description/urdf/limo_mecanum/backup previous/limo_s2.gazebo
-- Symlinking: /home/ben/KV6022_limo_ros2/install/limo_description/share/limo_description/urdf/limo_mecanum/backup previous/limo_xacro.xacro
-- Symlinking: /home/ben/KV6022_limo_ros2/install/limo_description/share/limo_description/urdf/limo_mecanum/limo_mecanum.gazebo
-- Symlinking: /home/ben/KV6022_limo_ros2/install/limo_description/share/limo_description/urdf/limo_mecanum/limo_mecanum.xacro
-- Symlinking: /home/ben/KV6022_limo_ros2/install/limo_description/share/limo_description/urdf/limo_properties.xacro
-- Symlinking: /home/ben/KV6022_limo_ros2/install/limo_description/share/limo_description/urdf/limo_track/limo_track.gazebo
-- Symlinking: /home/ben/KV6022_limo_ros2/install/limo_description/share/limo_description/urdf/limo_track/limo_track.xacro
-- Symlinking: /home/ben/KV6022_limo_ros2/install/limo_description/share/ament_index/resource_index/package_run_dependencies/limo_description
-- Symlinking: /home/ben/KV6022_limo_ros2/install/limo_description/share/ament_index/resource_index/parent_prefix_path/limo_description
-- Symlinking: /home/ben/KV6022_limo_ros2/install/limo_description/share/limo_description/environment/ament_prefix_path.sh
-- Symlinking: /home/ben/KV6022_limo_ros2/install/limo_description/share/limo_description/environment/ament_prefix_path.dsv
-- Symlinking: /home/ben/KV6022_limo_ros2/install/limo_description/share/limo_description/environment/path.sh
-- Symlinking: /home/ben/KV6022_limo_ros2/install/limo_description/share/limo_description/environment/path.dsv
-- Symlinking: /home/ben/KV6022_limo_ros2/install/limo_description/share/limo_description/local_setup.bash
-- Symlinking: /home/ben/KV6022_limo_ros2/install/limo_description/share/limo_description/local_setup.sh
-- Symlinking: /home/ben/KV6022_limo_ros2/install/limo_description/share/limo_description/local_setup.zsh
-- Symlinking: /home/ben/KV6022_limo_ros2/install/limo_description/share/limo_description/local_setup.dsv
-- Symlinking: /home/ben/KV6022_limo_ros2/install/limo_description/share/limo_description/package.dsv
-- Symlinking: /home/ben/KV6022_limo_ros2/install/limo_description/share/ament_index/resource_index/packages/limo_description
-- Symlinking: /home/ben/KV6022_limo_ros2/install/limo_description/share/limo_description/cmake/limo_descriptionConfig.cmake
-- Symlinking: /home/ben/KV6022_limo_ros2/install/limo_description/share/limo_description/cmake/limo_descriptionConfig-version.cmake
-- Symlinking: /home/ben/KV6022_limo_ros2/install/limo_description/share/limo_description/package.xml
