[0.078s] Invoking command in '/home/ben/KV6022_limo_ros2/build/limo_description': CMAKE_PREFIX_PATH=/opt/ros/humble CONDA_PROMPT_MODIFIER=(ros2) /usr/bin/cmake /home/ben/KV6022_limo_ros2/src/limo_description -DAMENT_CMAKE_SYMLINK_INSTALL=1 -DCMAKE_INSTALL_PREFIX=/home/ben/KV6022_limo_ros2/install/limo_description
[1.473s] -- The C compiler identification is GNU 11.4.0
[1.473s] -- The CXX compiler identification is GNU 11.4.0
[1.474s] -- Detecting C compiler ABI info
[1.474s] -- Detecting C compiler ABI info - done
[1.474s] -- Check for working C compiler: /usr/bin/cc - skipped
[1.475s] -- Detecting C compile features
[1.475s] -- Detecting C compile features - done
[1.476s] -- Detecting CXX compiler ABI info
[1.476s] -- Detecting CXX compiler ABI info - done
[1.477s] -- Check for working CXX compiler: /usr/bin/c++ - skipped
[1.478s] -- Detecting CXX compile features
[1.479s] -- Detecting CXX compile features - done
[1.480s] -- Found ament_cmake: 1.3.14 (/opt/ros/humble/share/ament_cmake/cmake)
[1.617s] -- Found Python3: /home/ben/miniconda3/envs/ros2/bin/python3 (found version "3.10.20") found components: Interpreter 
[1.731s] -- Override CMake install command with custom implementation using symlinks instead of copying resources
[1.823s] -- Found ament_lint_auto: 0.12.15 (/opt/ros/humble/share/ament_lint_auto/cmake)
[2.045s] -- Added test 'copyright' to check source files copyright and LICENSE
[2.081s] -- Added test 'flake8' to check Python code syntax and style conventions
[2.084s] -- Added test 'lint_cmake' to check CMake code style
[2.089s] -- Added test 'pep257' to check Python code against some of the docstring style conventions in PEP 257
[2.110s] -- Added test 'xmllint' to check XML markup files
[2.115s] -- Configuring done
[2.127s] -- Generating done
[2.132s] -- Build files have been written to: /home/ben/KV6022_limo_ros2/build/limo_description
[2.152s] Invoked command in '/home/ben/KV6022_limo_ros2/build/limo_description' returned '0': CMAKE_PREFIX_PATH=/opt/ros/humble CONDA_PROMPT_MODIFIER=(ros2) /usr/bin/cmake /home/ben/KV6022_limo_ros2/src/limo_description -DAMENT_CMAKE_SYMLINK_INSTALL=1 -DCMAKE_INSTALL_PREFIX=/home/ben/KV6022_limo_ros2/install/limo_description
[2.152s] Invoking command in '/home/ben/KV6022_limo_ros2/build/limo_description': CMAKE_PREFIX_PATH=/opt/ros/humble CONDA_PROMPT_MODIFIER=(ros2) /usr/bin/cmake --build /home/ben/KV6022_limo_ros2/build/limo_description -- -j8 -l8
[2.299s] Invoked command in '/home/ben/KV6022_limo_ros2/build/limo_description' returned '0': CMAKE_PREFIX_PATH=/opt/ros/humble CONDA_PROMPT_MODIFIER=(ros2) /usr/bin/cmake --build /home/ben/KV6022_limo_ros2/build/limo_description -- -j8 -l8
[2.332s] Invoking command in '/home/ben/KV6022_limo_ros2/build/limo_description': CMAKE_PREFIX_PATH=/opt/ros/humble CONDA_PROMPT_MODIFIER=(ros2) /usr/bin/cmake --install /home/ben/KV6022_limo_ros2/build/limo_description
[2.363s] -- Install configuration: ""
[2.364s] -- Execute custom install script
[2.366s] -- Symlinking: /home/ben/KV6022_limo_ros2/install/limo_description/share/limo_description/launch/display_models_diff.launch.py
[2.399s] -- Symlinking: /home/ben/KV6022_limo_ros2/install/limo_description/share/limo_description/rviz/model_display.rviz
[2.428s] -- Symlinking: /home/ben/KV6022_limo_ros2/install/limo_description/share/limo_description/rviz/model_sensors_real.rviz
[2.461s] -- Symlinking: /home/ben/KV6022_limo_ros2/install/limo_description/share/limo_description/rviz/urdf.rviz
[2.488s] -- Symlinking: /home/ben/KV6022_limo_ros2/install/limo_description/share/limo_description/meshes/arrow_texture.png
[2.519s] -- Symlinking: /home/ben/KV6022_limo_ros2/install/limo_description/share/limo_description/meshes/face.png
[2.547s] -- Symlinking: /home/ben/KV6022_limo_ros2/install/limo_description/share/limo_description/meshes/lcd_screen_texture.png
[2.578s] -- Symlinking: /home/ben/KV6022_limo_ros2/install/limo_description/share/limo_description/meshes/limo_base.dae
[2.607s] -- Symlinking: /home/ben/KV6022_limo_ros2/install/limo_description/share/limo_description/meshes/limo_base.stl
[2.636s] -- Symlinking: /home/ben/KV6022_limo_ros2/install/limo_description/share/limo_description/meshes/limo_base_lite.dae
[2.666s] -- Symlinking: /home/ben/KV6022_limo_ros2/install/limo_description/share/limo_description/meshes/limo_optimal.dae
[2.696s] -- Symlinking: /home/ben/KV6022_limo_ros2/install/limo_description/share/limo_description/meshes/limo_optimal_wheels.dae
[2.723s] -- Symlinking: /home/ben/KV6022_limo_ros2/install/limo_description/share/limo_description/meshes/limo_texture.png
[2.752s] -- Symlinking: /home/ben/KV6022_limo_ros2/install/limo_description/share/limo_description/meshes/limo_wheel.dae
[2.783s] -- Symlinking: /home/ben/KV6022_limo_ros2/install/limo_description/share/limo_description/meshes/limo_wheel.stl
[2.813s] -- Symlinking: /home/ben/KV6022_limo_ros2/install/limo_description/share/limo_description/meshes/limo_wheel_lite.dae
[2.843s] -- Symlinking: /home/ben/KV6022_limo_ros2/install/limo_description/share/limo_description/meshes/mec_wheel_front_left.dae
[2.872s] -- Symlinking: /home/ben/KV6022_limo_ros2/install/limo_description/share/limo_description/meshes/mec_wheel_front_right.dae
[2.905s] -- Symlinking: /home/ben/KV6022_limo_ros2/install/limo_description/share/limo_description/meshes/rotw2_rviz.png
[2.934s] -- Symlinking: /home/ben/KV6022_limo_ros2/install/limo_description/share/limo_description/meshes/sidescreentexture.png
[2.972s] -- Symlinking: /home/ben/KV6022_limo_ros2/install/limo_description/share/limo_description/meshes/steering.dae
[2.998s] -- Symlinking: /home/ben/KV6022_limo_ros2/install/limo_description/share/limo_description/meshes/steering_texture.png
[3.032s] -- Symlinking: /home/ben/KV6022_limo_ros2/install/limo_description/share/limo_description/urdf/limo_ackerman/limo_ackerman.gazebo
[3.063s] -- Symlinking: /home/ben/KV6022_limo_ros2/install/limo_description/share/limo_description/urdf/limo_ackerman/limo_ackerman.xacro
[3.093s] -- Symlinking: /home/ben/KV6022_limo_ros2/install/limo_description/share/limo_description/urdf/limo_diff/limo_diff.gazebo
[3.125s] -- Symlinking: /home/ben/KV6022_limo_ros2/install/limo_description/share/limo_description/urdf/limo_diff/limo_diff.xacro
[3.153s] -- Symlinking: /home/ben/KV6022_limo_ros2/install/limo_description/share/limo_description/urdf/limo_gazebo.xacro
[3.181s] -- Symlinking: /home/ben/KV6022_limo_ros2/install/limo_description/share/limo_description/urdf/limo_mecanum/backup previous/limo_gazebo.gazebo
[3.211s] -- Symlinking: /home/ben/KV6022_limo_ros2/install/limo_description/share/limo_description/urdf/limo_mecanum/backup previous/limo_mecanum.xacro
[3.243s] -- Symlinking: /home/ben/KV6022_limo_ros2/install/limo_description/share/limo_description/urdf/limo_mecanum/backup previous/limo_mecanum_with_arm.xacro
[3.273s] -- Symlinking: /home/ben/KV6022_limo_ros2/install/limo_description/share/limo_description/urdf/limo_mecanum/backup previous/limo_s2.gazebo
[3.301s] -- Symlinking: /home/ben/KV6022_limo_ros2/install/limo_description/share/limo_description/urdf/limo_mecanum/backup previous/limo_xacro.xacro
[3.329s] -- Symlinking: /home/ben/KV6022_limo_ros2/install/limo_description/share/limo_description/urdf/limo_mecanum/limo_mecanum.gazebo
[3.358s] -- Symlinking: /home/ben/KV6022_limo_ros2/install/limo_description/share/limo_description/urdf/limo_mecanum/limo_mecanum.xacro
[3.390s] -- Symlinking: /home/ben/KV6022_limo_ros2/install/limo_description/share/limo_description/urdf/limo_properties.xacro
[3.427s] -- Symlinking: /home/ben/KV6022_limo_ros2/install/limo_description/share/limo_description/urdf/limo_track/limo_track.gazebo
[3.455s] -- Symlinking: /home/ben/KV6022_limo_ros2/install/limo_description/share/limo_description/urdf/limo_track/limo_track.xacro
[3.485s] -- Symlinking: /home/ben/KV6022_limo_ros2/install/limo_description/share/ament_index/resource_index/package_run_dependencies/limo_description
[3.520s] -- Symlinking: /home/ben/KV6022_limo_ros2/install/limo_description/share/ament_index/resource_index/parent_prefix_path/limo_description
[3.549s] -- Symlinking: /home/ben/KV6022_limo_ros2/install/limo_description/share/limo_description/environment/ament_prefix_path.sh
[3.579s] -- Symlinking: /home/ben/KV6022_limo_ros2/install/limo_description/share/limo_description/environment/ament_prefix_path.dsv
[3.610s] -- Symlinking: /home/ben/KV6022_limo_ros2/install/limo_description/share/limo_description/environment/path.sh
[3.637s] -- Symlinking: /home/ben/KV6022_limo_ros2/install/limo_description/share/limo_description/environment/path.dsv
[3.668s] -- Symlinking: /home/ben/KV6022_limo_ros2/install/limo_description/share/limo_description/local_setup.bash
[3.706s] -- Symlinking: /home/ben/KV6022_limo_ros2/install/limo_description/share/limo_description/local_setup.sh
[3.737s] -- Symlinking: /home/ben/KV6022_limo_ros2/install/limo_description/share/limo_description/local_setup.zsh
[3.770s] -- Symlinking: /home/ben/KV6022_limo_ros2/install/limo_description/share/limo_description/local_setup.dsv
[3.801s] -- Symlinking: /home/ben/KV6022_limo_ros2/install/limo_description/share/limo_description/package.dsv
[3.832s] -- Symlinking: /home/ben/KV6022_limo_ros2/install/limo_description/share/ament_index/resource_index/packages/limo_description
[3.867s] -- Symlinking: /home/ben/KV6022_limo_ros2/install/limo_description/share/limo_description/cmake/limo_descriptionConfig.cmake
[3.902s] -- Symlinking: /home/ben/KV6022_limo_ros2/install/limo_description/share/limo_description/cmake/limo_descriptionConfig-version.cmake
[3.931s] -- Symlinking: /home/ben/KV6022_limo_ros2/install/limo_description/share/limo_description/package.xml
[3.974s] Invoked command in '/home/ben/KV6022_limo_ros2/build/limo_description' returned '0': CMAKE_PREFIX_PATH=/opt/ros/humble CONDA_PROMPT_MODIFIER=(ros2) /usr/bin/cmake --install /home/ben/KV6022_limo_ros2/build/limo_description
