[0.128s] Invoking command in '/home/ben/KV6022_limo_ros2/build/limo_msgs': CMAKE_PREFIX_PATH=/opt/ros/humble CONDA_PROMPT_MODIFIER=(ros2) /usr/bin/cmake /home/ben/KV6022_limo_ros2/src/limo_msgs -DCMAKE_INSTALL_PREFIX=/home/ben/KV6022_limo_ros2/install/limo_msgs
[2.294s] -- Found ament_cmake: 1.3.14 (/opt/ros/humble/share/ament_cmake/cmake)
[2.294s] -- Override CMake install command with custom implementation using symlinks instead of copying resources
[2.294s] -- Found std_msgs: 4.9.2 (/opt/ros/humble/share/std_msgs/cmake)
[2.294s] -- Found rosidl_generator_c: 3.1.9 (/opt/ros/humble/share/rosidl_generator_c/cmake)
[2.294s] -- Found rosidl_adapter: 3.1.9 (/opt/ros/humble/share/rosidl_adapter/cmake)
[2.294s] -- Found rosidl_generator_cpp: 3.1.9 (/opt/ros/humble/share/rosidl_generator_cpp/cmake)
[2.295s] -- Using all available rosidl_typesupport_c: rosidl_typesupport_fastrtps_c;rosidl_typesupport_introspection_c
[2.295s] -- Using all available rosidl_typesupport_cpp: rosidl_typesupport_fastrtps_cpp;rosidl_typesupport_introspection_cpp
[2.295s] -- Found rosidl_default_generators: 1.2.1 (/opt/ros/humble/share/rosidl_default_generators/cmake)
[2.295s] -- Found ament_cmake_ros: 0.10.1 (/opt/ros/humble/share/ament_cmake_ros/cmake)
[2.448s] -- Using all available rosidl_typesupport_c: rosidl_typesupport_fastrtps_c;rosidl_typesupport_introspection_c
[2.770s] -- Using all available rosidl_typesupport_cpp: rosidl_typesupport_fastrtps_cpp;rosidl_typesupport_introspection_cpp
[2.823s] -- Found python_cmake_module: 0.10.0 (/opt/ros/humble/share/python_cmake_module/cmake)
[2.877s] -- Using PYTHON_EXECUTABLE: /home/ben/miniconda3/envs/ros2/bin/python3
[2.877s] -- Using PYTHON_INCLUDE_DIRS: /home/ben/miniconda3/envs/ros2/include/python3.10
[2.877s] -- Using PYTHON_LIBRARIES: /home/ben/miniconda3/envs/ros2/lib/libpython3.10.so
[3.265s] -- Using numpy include directory: /home/ben/miniconda3/envs/ros2/lib/python3.10/site-packages/numpy/_core/include
[3.739s] -- Found ament_lint_auto: 0.12.15 (/opt/ros/humble/share/ament_lint_auto/cmake)
[3.826s] -- Added test 'copyright' to check source files copyright and LICENSE
[3.828s] -- Added test 'lint_cmake' to check CMake code style
[3.835s] -- Added test 'xmllint' to check XML markup files
[3.850s] -- Configuring done
[4.018s] [33mCMake Warning at /opt/ros/humble/share/rosidl_generator_py/cmake/rosidl_generator_py_generate_interfaces.cmake:166 (add_library):
[4.018s]   Cannot generate a safe runtime search path for target
[4.018s]   limo_msgs__rosidl_generator_py because files in some directories may
[4.018s]   conflict with libraries in implicit directories:
[4.018s] 
[4.019s]     runtime library [libpython3.10.so.1.0] in /usr/lib/x86_64-linux-gnu may be hidden by files in:
[4.019s]       /home/ben/miniconda3/envs/ros2/lib
[4.019s] 
[4.019s]   Some of these libraries may not be found correctly.
[4.022s] Call Stack (most recent call first):
[4.022s]   /opt/ros/humble/share/ament_cmake_core/cmake/core/ament_execute_extensions.cmake:48 (include)
[4.022s]   /opt/ros/humble/share/rosidl_cmake/cmake/rosidl_generate_interfaces.cmake:286 (ament_execute_extensions)
[4.022s]   CMakeLists.txt:20 (rosidl_generate_interfaces)
[4.022s] 
[4.023s] [0m
[4.049s] [33mCMake Warning at /opt/ros/humble/share/rosidl_generator_py/cmake/rosidl_generator_py_generate_interfaces.cmake:226 (add_library):
[4.049s]   Cannot generate a safe runtime search path for target
[4.050s]   limo_msgs__rosidl_typesupport_fastrtps_c__pyext because files in some
[4.050s]   directories may conflict with libraries in implicit directories:
[4.050s] 
[4.050s]     runtime library [libpython3.10.so.1.0] in /usr/lib/x86_64-linux-gnu may be hidden by files in:
[4.050s]       /home/ben/miniconda3/envs/ros2/lib
[4.050s] 
[4.051s]   Some of these libraries may not be found correctly.
[4.051s] Call Stack (most recent call first):
[4.051s]   /opt/ros/humble/share/ament_cmake_core/cmake/core/ament_execute_extensions.cmake:48 (include)
[4.051s]   /opt/ros/humble/share/rosidl_cmake/cmake/rosidl_generate_interfaces.cmake:286 (ament_execute_extensions)
[4.051s]   CMakeLists.txt:20 (rosidl_generate_interfaces)
[4.051s] 
[4.052s] [0m
[4.080s] [33mCMake Warning at /opt/ros/humble/share/rosidl_generator_py/cmake/rosidl_generator_py_generate_interfaces.cmake:226 (add_library):
[4.080s]   Cannot generate a safe runtime search path for target
[4.080s]   limo_msgs__rosidl_typesupport_introspection_c__pyext because files in some
[4.080s]   directories may conflict with libraries in implicit directories:
[4.080s] 
[4.081s]     runtime library [libpython3.10.so.1.0] in /usr/lib/x86_64-linux-gnu may be hidden by files in:
[4.081s]       /home/ben/miniconda3/envs/ros2/lib
[4.081s] 
[4.081s]   Some of these libraries may not be found correctly.
[4.081s] Call Stack (most recent call first):
[4.081s]   /opt/ros/humble/share/ament_cmake_core/cmake/core/ament_execute_extensions.cmake:48 (include)
[4.081s]   /opt/ros/humble/share/rosidl_cmake/cmake/rosidl_generate_interfaces.cmake:286 (ament_execute_extensions)
[4.082s]   CMakeLists.txt:20 (rosidl_generate_interfaces)
[4.082s] 
[4.082s] [0m
[4.107s] [33mCMake Warning at /opt/ros/humble/share/rosidl_generator_py/cmake/rosidl_generator_py_generate_interfaces.cmake:226 (add_library):
[4.107s]   Cannot generate a safe runtime search path for target
[4.107s]   limo_msgs__rosidl_typesupport_c__pyext because files in some directories
[4.107s]   may conflict with libraries in implicit directories:
[4.107s] 
[4.108s]     runtime library [libpython3.10.so.1.0] in /usr/lib/x86_64-linux-gnu may be hidden by files in:
[4.108s]       /home/ben/miniconda3/envs/ros2/lib
[4.108s] 
[4.108s]   Some of these libraries may not be found correctly.
[4.108s] Call Stack (most recent call first):
[4.108s]   /opt/ros/humble/share/ament_cmake_core/cmake/core/ament_execute_extensions.cmake:48 (include)
[4.109s]   /opt/ros/humble/share/rosidl_cmake/cmake/rosidl_generate_interfaces.cmake:286 (ament_execute_extensions)
[4.109s]   CMakeLists.txt:20 (rosidl_generate_interfaces)
[4.109s] 
[4.109s] [0m
[4.159s] -- Generating done
[4.202s] -- Build files have been written to: /home/ben/KV6022_limo_ros2/build/limo_msgs
[4.242s] Invoked command in '/home/ben/KV6022_limo_ros2/build/limo_msgs' returned '0': CMAKE_PREFIX_PATH=/opt/ros/humble CONDA_PROMPT_MODIFIER=(ros2) /usr/bin/cmake /home/ben/KV6022_limo_ros2/src/limo_msgs -DCMAKE_INSTALL_PREFIX=/home/ben/KV6022_limo_ros2/install/limo_msgs
[4.243s] Invoking command in '/home/ben/KV6022_limo_ros2/build/limo_msgs': CMAKE_PREFIX_PATH=/opt/ros/humble CONDA_PROMPT_MODIFIER=(ros2) /usr/bin/cmake --build /home/ben/KV6022_limo_ros2/build/limo_msgs -- -j8 -l8
[4.563s] [35m[1mConsolidate compiler generated dependencies of target limo_msgs__rosidl_generator_c[0m
[4.637s] [  3%] Built target limo_msgs__cpp
[4.676s] [  6%] Built target limo_msgs__rs
[4.676s] [ 15%] Built target limo_msgs__rosidl_generator_c
[4.686s] [ 15%] Built target ament_cmake_python_symlink_limo_msgs
[4.716s] [35m[1mConsolidate compiler generated dependencies of target limo_msgs__rosidl_typesupport_fastrtps_cpp[0m
[4.737s] [35m[1mConsolidate compiler generated dependencies of target limo_msgs__rosidl_typesupport_cpp[0m
[4.759s] [35m[1mConsolidate compiler generated dependencies of target limo_msgs__rosidl_typesupport_c[0m
[4.786s] [35m[1mConsolidate compiler generated dependencies of target limo_msgs__rosidl_typesupport_introspection_cpp[0m
[4.872s] [ 25%] Built target limo_msgs__rosidl_typesupport_fastrtps_cpp
[4.880s] [ 34%] Built target limo_msgs__rosidl_typesupport_c
[4.901s] [ 43%] Built target limo_msgs__rosidl_typesupport_cpp
[4.912s] [ 53%] Built target limo_msgs__rosidl_typesupport_introspection_cpp
[4.966s] [35m[1mConsolidate compiler generated dependencies of target limo_msgs__rosidl_typesupport_fastrtps_c[0m
[4.989s] [35m[1mConsolidate compiler generated dependencies of target limo_msgs__rosidl_typesupport_introspection_c[0m
[5.063s] [ 62%] Built target limo_msgs__rosidl_typesupport_fastrtps_c
[5.074s] [ 71%] Built target limo_msgs__rosidl_typesupport_introspection_c
[5.193s] [ 71%] Built target limo_msgs
[5.295s] [ 75%] Built target limo_msgs__py
[5.371s] [35m[1mConsolidate compiler generated dependencies of target limo_msgs__rosidl_generator_py[0m
[5.528s] [ 81%] Built target limo_msgs__rosidl_generator_py
[5.589s] [35m[1mConsolidate compiler generated dependencies of target limo_msgs__rosidl_typesupport_fastrtps_c__pyext[0m
[5.618s] [35m[1mConsolidate compiler generated dependencies of target limo_msgs__rosidl_typesupport_c__pyext[0m
[5.637s] [35m[1mConsolidate compiler generated dependencies of target limo_msgs__rosidl_typesupport_introspection_c__pyext[0m
[5.674s] running egg_info
[5.693s] [ 87%] Built target limo_msgs__rosidl_typesupport_fastrtps_c__pyext
[5.709s] [ 93%] Built target limo_msgs__rosidl_typesupport_c__pyext
[5.709s] writing limo_msgs.egg-info/PKG-INFO
[5.709s] writing dependency_links to limo_msgs.egg-info/dependency_links.txt
[5.713s] writing top-level names to limo_msgs.egg-info/top_level.txt
[5.743s] [100%] Built target limo_msgs__rosidl_typesupport_introspection_c__pyext
[5.811s] reading manifest file 'limo_msgs.egg-info/SOURCES.txt'
[5.811s] writing manifest file 'limo_msgs.egg-info/SOURCES.txt'
[5.882s] [100%] Built target ament_cmake_python_build_limo_msgs_egg
[5.935s] Invoked command in '/home/ben/KV6022_limo_ros2/build/limo_msgs' returned '0': CMAKE_PREFIX_PATH=/opt/ros/humble CONDA_PROMPT_MODIFIER=(ros2) /usr/bin/cmake --build /home/ben/KV6022_limo_ros2/build/limo_msgs -- -j8 -l8
[5.940s] Invoking command in '/home/ben/KV6022_limo_ros2/build/limo_msgs': CMAKE_PREFIX_PATH=/opt/ros/humble CONDA_PROMPT_MODIFIER=(ros2) /usr/bin/cmake --install /home/ben/KV6022_limo_ros2/build/limo_msgs
[5.974s] -- Install configuration: ""
[5.977s] -- Execute custom install script
[5.980s] -- Up-to-date symlink: /home/ben/KV6022_limo_ros2/install/limo_msgs/share/ament_index/resource_index/rosidl_interfaces/limo_msgs
[5.980s] -- Up-to-date symlink: /home/ben/KV6022_limo_ros2/install/limo_msgs/include/limo_msgs/limo_msgs/msg/detail/limo_status__functions.h
[5.981s] -- Up-to-date symlink: /home/ben/KV6022_limo_ros2/install/limo_msgs/include/limo_msgs/limo_msgs/msg/detail/limo_status__struct.h
[5.982s] -- Up-to-date symlink: /home/ben/KV6022_limo_ros2/install/limo_msgs/include/limo_msgs/limo_msgs/msg/detail/limo_status__type_support.h
[5.983s] -- Up-to-date symlink: /home/ben/KV6022_limo_ros2/install/limo_msgs/include/limo_msgs/limo_msgs/msg/limo_status.h
[5.984s] -- Up-to-date symlink: /home/ben/KV6022_limo_ros2/install/limo_msgs/include/limo_msgs/limo_msgs/msg/rosidl_generator_c__visibility_control.h
[5.985s] -- Up-to-date symlink: /home/ben/KV6022_limo_ros2/install/limo_msgs/share/limo_msgs/environment/library_path.sh
[5.987s] -- Up-to-date symlink: /home/ben/KV6022_limo_ros2/install/limo_msgs/share/limo_msgs/environment/library_path.dsv
[5.992s] -- Up-to-date symlink: /home/ben/KV6022_limo_ros2/install/limo_msgs/include/limo_msgs/limo_msgs/msg/detail/limo_status__rosidl_typesupport_fastrtps_c.h
[5.992s] -- Up-to-date symlink: /home/ben/KV6022_limo_ros2/install/limo_msgs/include/limo_msgs/limo_msgs/msg/rosidl_typesupport_fastrtps_c__visibility_control.h
[5.996s] -- Up-to-date symlink: /home/ben/KV6022_limo_ros2/install/limo_msgs/include/limo_msgs/limo_msgs/msg/detail/limo_status__builder.hpp
[5.996s] -- Up-to-date symlink: /home/ben/KV6022_limo_ros2/install/limo_msgs/include/limo_msgs/limo_msgs/msg/detail/limo_status__struct.hpp
[5.996s] -- Up-to-date symlink: /home/ben/KV6022_limo_ros2/install/limo_msgs/include/limo_msgs/limo_msgs/msg/detail/limo_status__traits.hpp
[5.999s] -- Up-to-date symlink: /home/ben/KV6022_limo_ros2/install/limo_msgs/include/limo_msgs/limo_msgs/msg/detail/limo_status__type_support.hpp
[6.000s] -- Up-to-date symlink: /home/ben/KV6022_limo_ros2/install/limo_msgs/include/limo_msgs/limo_msgs/msg/limo_status.hpp
[6.001s] -- Up-to-date symlink: /home/ben/KV6022_limo_ros2/install/limo_msgs/include/limo_msgs/limo_msgs/msg/rosidl_generator_cpp__visibility_control.hpp
[6.004s] -- Up-to-date symlink: /home/ben/KV6022_limo_ros2/install/limo_msgs/include/limo_msgs/limo_msgs/msg/detail/limo_status__rosidl_typesupport_fastrtps_cpp.hpp
[6.008s] -- Up-to-date symlink: /home/ben/KV6022_limo_ros2/install/limo_msgs/include/limo_msgs/limo_msgs/msg/rosidl_typesupport_fastrtps_cpp__visibility_control.h
[6.011s] -- Up-to-date symlink: /home/ben/KV6022_limo_ros2/install/limo_msgs/include/limo_msgs/limo_msgs/msg/detail/limo_status__rosidl_typesupport_introspection_c.h
[6.012s] -- Up-to-date symlink: /home/ben/KV6022_limo_ros2/install/limo_msgs/include/limo_msgs/limo_msgs/msg/rosidl_typesupport_introspection_c__visibility_control.h
[6.013s] -- Up-to-date symlink: /home/ben/KV6022_limo_ros2/install/limo_msgs/include/limo_msgs/limo_msgs/msg/detail/limo_status__rosidl_typesupport_introspection_cpp.hpp
[6.014s] -- Up-to-date symlink: /home/ben/KV6022_limo_ros2/install/limo_msgs/share/limo_msgs/environment/pythonpath.sh
[6.015s] -- Up-to-date symlink: /home/ben/KV6022_limo_ros2/install/limo_msgs/share/limo_msgs/environment/pythonpath.dsv
[6.017s] -- Up-to-date symlink: /home/ben/KV6022_limo_ros2/install/limo_msgs/lib/python3.10/site-packages/limo_msgs-0.0.0-py3.10.egg-info/PKG-INFO
[6.019s] -- Up-to-date symlink: /home/ben/KV6022_limo_ros2/install/limo_msgs/lib/python3.10/site-packages/limo_msgs-0.0.0-py3.10.egg-info/SOURCES.txt
[6.023s] -- Up-to-date symlink: /home/ben/KV6022_limo_ros2/install/limo_msgs/lib/python3.10/site-packages/limo_msgs-0.0.0-py3.10.egg-info/dependency_links.txt
[6.024s] -- Up-to-date symlink: /home/ben/KV6022_limo_ros2/install/limo_msgs/lib/python3.10/site-packages/limo_msgs-0.0.0-py3.10.egg-info/top_level.txt
[6.028s] -- Up-to-date symlink: /home/ben/KV6022_limo_ros2/install/limo_msgs/lib/python3.10/site-packages/limo_msgs/__init__.py
[6.028s] -- Up-to-date symlink: /home/ben/KV6022_limo_ros2/install/limo_msgs/lib/python3.10/site-packages/limo_msgs/_limo_msgs_s.ep.rosidl_typesupport_c.c
[6.029s] -- Up-to-date symlink: /home/ben/KV6022_limo_ros2/install/limo_msgs/lib/python3.10/site-packages/limo_msgs/_limo_msgs_s.ep.rosidl_typesupport_fastrtps_c.c
[6.029s] -- Up-to-date symlink: /home/ben/KV6022_limo_ros2/install/limo_msgs/lib/python3.10/site-packages/limo_msgs/_limo_msgs_s.ep.rosidl_typesupport_introspection_c.c
[6.031s] -- Up-to-date symlink: /home/ben/KV6022_limo_ros2/install/limo_msgs/lib/python3.10/site-packages/limo_msgs/liblimo_msgs__rosidl_generator_py.so
[6.031s] -- Up-to-date symlink: /home/ben/KV6022_limo_ros2/install/limo_msgs/lib/python3.10/site-packages/limo_msgs/limo_msgs_s__rosidl_typesupport_c.cpython-310-x86_64-linux-gnu.so
[6.034s] -- Up-to-date symlink: /home/ben/KV6022_limo_ros2/install/limo_msgs/lib/python3.10/site-packages/limo_msgs/limo_msgs_s__rosidl_typesupport_fastrtps_c.cpython-310-x86_64-linux-gnu.so
[6.034s] -- Up-to-date symlink: /home/ben/KV6022_limo_ros2/install/limo_msgs/lib/python3.10/site-packages/limo_msgs/limo_msgs_s__rosidl_typesupport_introspection_c.cpython-310-x86_64-linux-gnu.so
[6.035s] -- Up-to-date symlink: /home/ben/KV6022_limo_ros2/install/limo_msgs/lib/python3.10/site-packages/limo_msgs/msg/__init__.py
[6.036s] -- Up-to-date symlink: /home/ben/KV6022_limo_ros2/install/limo_msgs/lib/python3.10/site-packages/limo_msgs/msg/_limo_status.py
[6.037s] -- Up-to-date symlink: /home/ben/KV6022_limo_ros2/install/limo_msgs/lib/python3.10/site-packages/limo_msgs/msg/_limo_status_s.c
[6.039s] -- Up-to-date symlink: /home/ben/KV6022_limo_ros2/install/limo_msgs/lib/python3.10/site-packages/limo_msgs/limo_msgs_s__rosidl_typesupport_fastrtps_c.cpython-310-x86_64-linux-gnu.so
[6.039s] -- Up-to-date symlink: /home/ben/KV6022_limo_ros2/install/limo_msgs/lib/python3.10/site-packages/limo_msgs/limo_msgs_s__rosidl_typesupport_introspection_c.cpython-310-x86_64-linux-gnu.so
[6.040s] -- Up-to-date symlink: /home/ben/KV6022_limo_ros2/install/limo_msgs/lib/python3.10/site-packages/limo_msgs/limo_msgs_s__rosidl_typesupport_c.cpython-310-x86_64-linux-gnu.so
[6.043s] -- Up-to-date symlink: /home/ben/KV6022_limo_ros2/install/limo_msgs/share/limo_msgs/rust/Cargo.toml
[6.043s] -- Up-to-date symlink: /home/ben/KV6022_limo_ros2/install/limo_msgs/share/limo_msgs/rust/build.rs
[6.045s] -- Up-to-date symlink: /home/ben/KV6022_limo_ros2/install/limo_msgs/share/limo_msgs/rust/src/lib.rs
[6.045s] -- Up-to-date symlink: /home/ben/KV6022_limo_ros2/install/limo_msgs/share/limo_msgs/rust/src/msg.rs
[6.047s] -- Up-to-date symlink: /home/ben/KV6022_limo_ros2/install/limo_msgs/share/limo_msgs/rust/src/msg/rmw.rs
[6.048s] -- Up-to-date symlink: /home/ben/KV6022_limo_ros2/install/limo_msgs/share/limo_msgs/msg/LimoStatus.idl
[6.048s] -- Up-to-date symlink: /home/ben/KV6022_limo_ros2/install/limo_msgs/share/limo_msgs/msg/LimoStatus.msg
[6.050s] -- Up-to-date symlink: /home/ben/KV6022_limo_ros2/install/limo_msgs/share/ament_index/resource_index/package_run_dependencies/limo_msgs
[6.051s] -- Up-to-date symlink: /home/ben/KV6022_limo_ros2/install/limo_msgs/share/ament_index/resource_index/parent_prefix_path/limo_msgs
[6.052s] -- Up-to-date symlink: /home/ben/KV6022_limo_ros2/install/limo_msgs/share/limo_msgs/environment/ament_prefix_path.sh
[6.054s] -- Up-to-date symlink: /home/ben/KV6022_limo_ros2/install/limo_msgs/share/limo_msgs/environment/ament_prefix_path.dsv
[6.055s] -- Up-to-date symlink: /home/ben/KV6022_limo_ros2/install/limo_msgs/share/limo_msgs/environment/path.sh
[6.056s] -- Up-to-date symlink: /home/ben/KV6022_limo_ros2/install/limo_msgs/share/limo_msgs/environment/path.dsv
[6.057s] -- Up-to-date symlink: /home/ben/KV6022_limo_ros2/install/limo_msgs/share/limo_msgs/local_setup.bash
[6.058s] -- Up-to-date symlink: /home/ben/KV6022_limo_ros2/install/limo_msgs/share/limo_msgs/local_setup.sh
[6.059s] -- Up-to-date symlink: /home/ben/KV6022_limo_ros2/install/limo_msgs/share/limo_msgs/local_setup.zsh
[6.060s] -- Up-to-date symlink: /home/ben/KV6022_limo_ros2/install/limo_msgs/share/limo_msgs/local_setup.dsv
[6.060s] -- Symlinking: /home/ben/KV6022_limo_ros2/install/limo_msgs/share/limo_msgs/package.dsv
[6.100s] -- Up-to-date symlink: /home/ben/KV6022_limo_ros2/install/limo_msgs/share/ament_index/resource_index/packages/limo_msgs
[6.101s] -- Up-to-date symlink: /home/ben/KV6022_limo_ros2/install/limo_msgs/share/limo_msgs/cmake/rosidl_cmake-extras.cmake
[6.103s] -- Up-to-date symlink: /home/ben/KV6022_limo_ros2/install/limo_msgs/share/limo_msgs/cmake/ament_cmake_export_dependencies-extras.cmake
[6.106s] -- Up-to-date symlink: /home/ben/KV6022_limo_ros2/install/limo_msgs/share/limo_msgs/cmake/ament_cmake_export_include_directories-extras.cmake
[6.107s] -- Up-to-date symlink: /home/ben/KV6022_limo_ros2/install/limo_msgs/share/limo_msgs/cmake/ament_cmake_export_libraries-extras.cmake
[6.108s] -- Up-to-date symlink: /home/ben/KV6022_limo_ros2/install/limo_msgs/share/limo_msgs/cmake/ament_cmake_export_targets-extras.cmake
[6.108s] -- Up-to-date symlink: /home/ben/KV6022_limo_ros2/install/limo_msgs/share/limo_msgs/cmake/rosidl_cmake_export_typesupport_targets-extras.cmake
[6.109s] -- Up-to-date symlink: /home/ben/KV6022_limo_ros2/install/limo_msgs/share/limo_msgs/cmake/rosidl_cmake_export_typesupport_libraries-extras.cmake
[6.110s] -- Up-to-date symlink: /home/ben/KV6022_limo_ros2/install/limo_msgs/share/limo_msgs/cmake/rosidl_cmake_aggregate_target-extras.cmake
[6.111s] -- Up-to-date symlink: /home/ben/KV6022_limo_ros2/install/limo_msgs/share/limo_msgs/cmake/limo_msgsConfig.cmake
[6.113s] -- Up-to-date symlink: /home/ben/KV6022_limo_ros2/install/limo_msgs/share/limo_msgs/cmake/limo_msgsConfig-version.cmake
[6.114s] -- Up-to-date symlink: /home/ben/KV6022_limo_ros2/install/limo_msgs/share/limo_msgs/package.xml
[6.121s] -- Up-to-date: /home/ben/KV6022_limo_ros2/install/limo_msgs/lib/liblimo_msgs__rosidl_generator_c.so
[6.126s] -- Up-to-date: /home/ben/KV6022_limo_ros2/install/limo_msgs/lib/liblimo_msgs__rosidl_typesupport_fastrtps_c.so
[6.132s] -- Up-to-date: /home/ben/KV6022_limo_ros2/install/limo_msgs/lib/liblimo_msgs__rosidl_typesupport_fastrtps_cpp.so
[6.133s] -- Up-to-date: /home/ben/KV6022_limo_ros2/install/limo_msgs/lib/liblimo_msgs__rosidl_typesupport_introspection_c.so
[6.139s] -- Up-to-date: /home/ben/KV6022_limo_ros2/install/limo_msgs/lib/liblimo_msgs__rosidl_typesupport_c.so
[6.143s] -- Up-to-date: /home/ben/KV6022_limo_ros2/install/limo_msgs/lib/liblimo_msgs__rosidl_typesupport_introspection_cpp.so
[6.148s] -- Up-to-date: /home/ben/KV6022_limo_ros2/install/limo_msgs/lib/liblimo_msgs__rosidl_typesupport_cpp.so
[6.249s] Listing '/home/ben/KV6022_limo_ros2/install/limo_msgs/lib/python3.10/site-packages/limo_msgs'...
[6.249s] Compiling '/home/ben/KV6022_limo_ros2/install/limo_msgs/lib/python3.10/site-packages/limo_msgs/__init__.py'...
[6.249s] Listing '/home/ben/KV6022_limo_ros2/install/limo_msgs/lib/python3.10/site-packages/limo_msgs/msg'...
[6.264s] -- Up-to-date: /home/ben/KV6022_limo_ros2/install/limo_msgs/lib/liblimo_msgs__rosidl_generator_py.so
[6.268s] -- Up-to-date: /home/ben/KV6022_limo_ros2/install/limo_msgs/share/limo_msgs/cmake/export_limo_msgs__rosidl_generator_cExport.cmake
[6.269s] -- Up-to-date: /home/ben/KV6022_limo_ros2/install/limo_msgs/share/limo_msgs/cmake/export_limo_msgs__rosidl_generator_cExport-noconfig.cmake
[6.272s] -- Up-to-date: /home/ben/KV6022_limo_ros2/install/limo_msgs/share/limo_msgs/cmake/export_limo_msgs__rosidl_typesupport_fastrtps_cExport.cmake
[6.273s] -- Up-to-date: /home/ben/KV6022_limo_ros2/install/limo_msgs/share/limo_msgs/cmake/export_limo_msgs__rosidl_typesupport_fastrtps_cExport-noconfig.cmake
[6.275s] -- Up-to-date: /home/ben/KV6022_limo_ros2/install/limo_msgs/share/limo_msgs/cmake/export_limo_msgs__rosidl_generator_cppExport.cmake
[6.278s] -- Up-to-date: /home/ben/KV6022_limo_ros2/install/limo_msgs/share/limo_msgs/cmake/export_limo_msgs__rosidl_typesupport_fastrtps_cppExport.cmake
[6.279s] -- Up-to-date: /home/ben/KV6022_limo_ros2/install/limo_msgs/share/limo_msgs/cmake/export_limo_msgs__rosidl_typesupport_fastrtps_cppExport-noconfig.cmake
[6.281s] -- Up-to-date: /home/ben/KV6022_limo_ros2/install/limo_msgs/share/limo_msgs/cmake/limo_msgs__rosidl_typesupport_introspection_cExport.cmake
[6.282s] -- Up-to-date: /home/ben/KV6022_limo_ros2/install/limo_msgs/share/limo_msgs/cmake/limo_msgs__rosidl_typesupport_introspection_cExport-noconfig.cmake
[6.284s] -- Up-to-date: /home/ben/KV6022_limo_ros2/install/limo_msgs/share/limo_msgs/cmake/limo_msgs__rosidl_typesupport_cExport.cmake
[6.285s] -- Up-to-date: /home/ben/KV6022_limo_ros2/install/limo_msgs/share/limo_msgs/cmake/limo_msgs__rosidl_typesupport_cExport-noconfig.cmake
[6.285s] -- Up-to-date: /home/ben/KV6022_limo_ros2/install/limo_msgs/share/limo_msgs/cmake/limo_msgs__rosidl_typesupport_introspection_cppExport.cmake
[6.286s] -- Up-to-date: /home/ben/KV6022_limo_ros2/install/limo_msgs/share/limo_msgs/cmake/limo_msgs__rosidl_typesupport_introspection_cppExport-noconfig.cmake
[6.287s] -- Up-to-date: /home/ben/KV6022_limo_ros2/install/limo_msgs/share/limo_msgs/cmake/limo_msgs__rosidl_typesupport_cppExport.cmake
[6.287s] -- Up-to-date: /home/ben/KV6022_limo_ros2/install/limo_msgs/share/limo_msgs/cmake/limo_msgs__rosidl_typesupport_cppExport-noconfig.cmake
[6.288s] -- Up-to-date: /home/ben/KV6022_limo_ros2/install/limo_msgs/share/limo_msgs/cmake/export_limo_msgs__rosidl_generator_pyExport.cmake
[6.289s] -- Up-to-date: /home/ben/KV6022_limo_ros2/install/limo_msgs/share/limo_msgs/cmake/export_limo_msgs__rosidl_generator_pyExport-noconfig.cmake
[6.299s] Invoked command in '/home/ben/KV6022_limo_ros2/build/limo_msgs' returned '0': CMAKE_PREFIX_PATH=/opt/ros/humble CONDA_PROMPT_MODIFIER=(ros2) /usr/bin/cmake --install /home/ben/KV6022_limo_ros2/build/limo_msgs
