[3.983s] Invoking command in '/home/ben/KV6022_limo_ros2/src/trajectory_referee': CONDA_PROMPT_MODIFIER=(ros2) PYTHONPATH=/home/ben/KV6022_limo_ros2/build/trajectory_referee/prefix_override:/usr/lib/python3/dist-packages/colcon_core/task/python/colcon_distutils_commands:/home/ben/KV6022_limo_ros2/install/trajectory_referee/lib/python3.10/site-packages:${PYTHONPATH} /usr/bin/python3 -W ignore:setup.py install is deprecated -W ignore:easy_install command is deprecated setup.py egg_info --egg-base ../../build/trajectory_referee build --build-base /home/ben/KV6022_limo_ros2/build/trajectory_referee/build install --record /home/ben/KV6022_limo_ros2/build/trajectory_referee/install.log --install-scripts $base/lib/trajectory_referee --single-version-externally-managed install_data
[4.710s] running egg_info
[4.713s] writing ../../build/trajectory_referee/trajectory_referee.egg-info/PKG-INFO
[4.713s] writing dependency_links to ../../build/trajectory_referee/trajectory_referee.egg-info/dependency_links.txt
[4.713s] writing entry points to ../../build/trajectory_referee/trajectory_referee.egg-info/entry_points.txt
[4.713s] writing requirements to ../../build/trajectory_referee/trajectory_referee.egg-info/requires.txt
[4.715s] writing top-level names to ../../build/trajectory_referee/trajectory_referee.egg-info/top_level.txt
[4.715s] reading manifest file '../../build/trajectory_referee/trajectory_referee.egg-info/SOURCES.txt'
[4.716s] writing manifest file '../../build/trajectory_referee/trajectory_referee.egg-info/SOURCES.txt'
[4.716s] running build
[4.716s] running build_py
[4.718s] running install
[4.718s] running install_lib
[4.718s] running install_data
[4.721s] running install_egg_info
[4.726s] removing '/home/ben/KV6022_limo_ros2/install/trajectory_referee/lib/python3.10/site-packages/trajectory_referee-0.0.0-py3.10.egg-info' (and everything under it)
[4.726s] Copying ../../build/trajectory_referee/trajectory_referee.egg-info to /home/ben/KV6022_limo_ros2/install/trajectory_referee/lib/python3.10/site-packages/trajectory_referee-0.0.0-py3.10.egg-info
[4.729s] running install_scripts
[4.787s] Installing trajectory_publisher script to /home/ben/KV6022_limo_ros2/install/trajectory_referee/lib/trajectory_referee
[4.792s] writing list of installed files to '/home/ben/KV6022_limo_ros2/build/trajectory_referee/install.log'
[4.838s] Invoked command in '/home/ben/KV6022_limo_ros2/src/trajectory_referee' returned '0': CONDA_PROMPT_MODIFIER=(ros2) PYTHONPATH=/home/ben/KV6022_limo_ros2/build/trajectory_referee/prefix_override:/usr/lib/python3/dist-packages/colcon_core/task/python/colcon_distutils_commands:/home/ben/KV6022_limo_ros2/install/trajectory_referee/lib/python3.10/site-packages:${PYTHONPATH} /usr/bin/python3 -W ignore:setup.py install is deprecated -W ignore:easy_install command is deprecated setup.py egg_info --egg-base ../../build/trajectory_referee build --build-base /home/ben/KV6022_limo_ros2/build/trajectory_referee/build install --record /home/ben/KV6022_limo_ros2/build/trajectory_referee/install.log --install-scripts $base/lib/trajectory_referee --single-version-externally-managed install_data
