/home/ben/KV6022_limo_ros2/install/example_codes/lib/python3.10/site-packages/example_codes/go_forward_5m.py
/home/ben/KV6022_limo_ros2/install/example_codes/lib/python3.10/site-packages/example_codes/tf_listener.py
/home/ben/KV6022_limo_ros2/install/example_codes/lib/python3.10/site-packages/example_codes/detector_basic.py
/home/ben/KV6022_limo_ros2/install/example_codes/lib/python3.10/site-packages/example_codes/closest_lidar_point_answer.py
/home/ben/KV6022_limo_ros2/install/example_codes/lib/python3.10/site-packages/example_codes/trajectory_tracking_p_controller.py
/home/ben/KV6022_limo_ros2/install/example_codes/lib/python3.10/site-packages/example_codes/object_counter.py
/home/ben/KV6022_limo_ros2/install/example_codes/lib/python3.10/site-packages/example_codes/noisy_odometry.py
/home/ben/KV6022_limo_ros2/install/example_codes/lib/python3.10/site-packages/example_codes/object_localisation.py
/home/ben/KV6022_limo_ros2/install/example_codes/lib/python3.10/site-packages/example_codes/__init__.py
/home/ben/KV6022_limo_ros2/install/example_codes/lib/python3.10/site-packages/example_codes/closest_lidar_point.py
/home/ben/KV6022_limo_ros2/install/example_codes/lib/python3.10/site-packages/example_codes/opencv_intro.py
/home/ben/KV6022_limo_ros2/install/example_codes/lib/python3.10/site-packages/example_codes/opencv_bridge.py
/home/ben/KV6022_limo_ros2/install/example_codes/lib/python3.10/site-packages/example_codes/trajectory_tracking_kinematic_controller.py
/home/ben/KV6022_limo_ros2/install/example_codes/lib/python3.10/site-packages/example_codes/trajectory_tracking_controller_on_off.py
/home/ben/KV6022_limo_ros2/install/example_codes/lib/python3.10/site-packages/example_codes/colour_contours.py
/home/ben/KV6022_limo_ros2/install/example_codes/lib/python3.10/site-packages/example_codes/colour_contours_detector.py
/home/ben/KV6022_limo_ros2/install/example_codes/lib/python3.10/site-packages/example_codes/__pycache__/go_forward_5m.cpython-310.pyc
/home/ben/KV6022_limo_ros2/install/example_codes/lib/python3.10/site-packages/example_codes/__pycache__/tf_listener.cpython-310.pyc
/home/ben/KV6022_limo_ros2/install/example_codes/lib/python3.10/site-packages/example_codes/__pycache__/detector_basic.cpython-310.pyc
/home/ben/KV6022_limo_ros2/install/example_codes/lib/python3.10/site-packages/example_codes/__pycache__/closest_lidar_point_answer.cpython-310.pyc
/home/ben/KV6022_limo_ros2/install/example_codes/lib/python3.10/site-packages/example_codes/__pycache__/trajectory_tracking_p_controller.cpython-310.pyc
/home/ben/KV6022_limo_ros2/install/example_codes/lib/python3.10/site-packages/example_codes/__pycache__/object_counter.cpython-310.pyc
/home/ben/KV6022_limo_ros2/install/example_codes/lib/python3.10/site-packages/example_codes/__pycache__/noisy_odometry.cpython-310.pyc
/home/ben/KV6022_limo_ros2/install/example_codes/lib/python3.10/site-packages/example_codes/__pycache__/object_localisation.cpython-310.pyc
/home/ben/KV6022_limo_ros2/install/example_codes/lib/python3.10/site-packages/example_codes/__pycache__/__init__.cpython-310.pyc
/home/ben/KV6022_limo_ros2/install/example_codes/lib/python3.10/site-packages/example_codes/__pycache__/closest_lidar_point.cpython-310.pyc
/home/ben/KV6022_limo_ros2/install/example_codes/lib/python3.10/site-packages/example_codes/__pycache__/opencv_intro.cpython-310.pyc
/home/ben/KV6022_limo_ros2/install/example_codes/lib/python3.10/site-packages/example_codes/__pycache__/opencv_bridge.cpython-310.pyc
/home/ben/KV6022_limo_ros2/install/example_codes/lib/python3.10/site-packages/example_codes/__pycache__/trajectory_tracking_kinematic_controller.cpython-310.pyc
/home/ben/KV6022_limo_ros2/install/example_codes/lib/python3.10/site-packages/example_codes/__pycache__/trajectory_tracking_controller_on_off.cpython-310.pyc
/home/ben/KV6022_limo_ros2/install/example_codes/lib/python3.10/site-packages/example_codes/__pycache__/colour_contours.cpython-310.pyc
/home/ben/KV6022_limo_ros2/install/example_codes/lib/python3.10/site-packages/example_codes/__pycache__/colour_contours_detector.cpython-310.pyc
/home/ben/KV6022_limo_ros2/install/example_codes/share/ament_index/resource_index/packages/example_codes
/home/ben/KV6022_limo_ros2/install/example_codes/share/example_codes/package.xml
/home/ben/KV6022_limo_ros2/install/example_codes/lib/python3.10/site-packages/example_codes-0.0.0-py3.10.egg-info/SOURCES.txt
/home/ben/KV6022_limo_ros2/install/example_codes/lib/python3.10/site-packages/example_codes-0.0.0-py3.10.egg-info/zip-safe
/home/ben/KV6022_limo_ros2/install/example_codes/lib/python3.10/site-packages/example_codes-0.0.0-py3.10.egg-info/top_level.txt
/home/ben/KV6022_limo_ros2/install/example_codes/lib/python3.10/site-packages/example_codes-0.0.0-py3.10.egg-info/dependency_links.txt
/home/ben/KV6022_limo_ros2/install/example_codes/lib/python3.10/site-packages/example_codes-0.0.0-py3.10.egg-info/PKG-INFO
/home/ben/KV6022_limo_ros2/install/example_codes/lib/python3.10/site-packages/example_codes-0.0.0-py3.10.egg-info/entry_points.txt
/home/ben/KV6022_limo_ros2/install/example_codes/lib/python3.10/site-packages/example_codes-0.0.0-py3.10.egg-info/requires.txt
