[0.075s] Invoking command in '/home/ben/KV6022_limo_ros2/build/limo_msgs': CMAKE_PREFIX_PATH=/opt/ros/humble CONDA_PROMPT_MODIFIER=(ros2) /usr/bin/cmake /home/ben/KV6022_limo_ros2/src/limo_msgs -DAMENT_CMAKE_SYMLINK_INSTALL=1 -DCMAKE_INSTALL_PREFIX=/home/ben/KV6022_limo_ros2/install/limo_msgs
[1.467s] -- The C compiler identification is GNU 11.4.0
[1.468s] -- The CXX compiler identification is GNU 11.4.0
[1.468s] -- Detecting C compiler ABI info
[1.469s] -- Detecting C compiler ABI info - done
[1.469s] -- Check for working C compiler: /usr/bin/cc - skipped
[1.469s] -- Detecting C compile features
[1.470s] -- Detecting C compile features - done
[1.472s] -- Detecting CXX compiler ABI info
[1.472s] -- Detecting CXX compiler ABI info - done
[1.472s] -- Check for working CXX compiler: /usr/bin/c++ - skipped
[1.472s] -- Detecting CXX compile features
[1.472s] -- Detecting CXX compile features - done
[1.473s] -- Found ament_cmake: 1.3.14 (/opt/ros/humble/share/ament_cmake/cmake)
[1.600s] -- Found Python3: /home/ben/miniconda3/envs/ros2/bin/python3 (found version "3.10.20") found components: Interpreter 
[1.719s] -- Override CMake install command with custom implementation using symlinks instead of copying resources
[1.810s] -- Found std_msgs: 4.9.2 (/opt/ros/humble/share/std_msgs/cmake)
[1.913s] -- Found rosidl_generator_c: 3.1.9 (/opt/ros/humble/share/rosidl_generator_c/cmake)
[1.929s] -- Found rosidl_adapter: 3.1.9 (/opt/ros/humble/share/rosidl_adapter/cmake)
[1.960s] -- Found rosidl_generator_cpp: 3.1.9 (/opt/ros/humble/share/rosidl_generator_cpp/cmake)
[2.010s] -- Using all available rosidl_typesupport_c: rosidl_typesupport_fastrtps_c;rosidl_typesupport_introspection_c
[2.057s] -- Using all available rosidl_typesupport_cpp: rosidl_typesupport_fastrtps_cpp;rosidl_typesupport_introspection_cpp
[2.130s] -- Found rosidl_default_generators: 1.2.1 (/opt/ros/humble/share/rosidl_default_generators/cmake)
[2.705s] -- Found ament_cmake_ros: 0.10.0 (/opt/ros/humble/share/ament_cmake_ros/cmake)
[3.459s] -- Using all available rosidl_typesupport_c: rosidl_typesupport_fastrtps_c;rosidl_typesupport_introspection_c
[3.751s] -- Using all available rosidl_typesupport_cpp: rosidl_typesupport_fastrtps_cpp;rosidl_typesupport_introspection_cpp
[3.797s] -- Found PythonInterp: /home/ben/miniconda3/envs/ros2/bin/python3 (found suitable version "3.10.20", minimum required is "3.6") 
[3.802s] -- Found python_cmake_module: 0.10.0 (/opt/ros/humble/share/python_cmake_module/cmake)
[3.850s] -- Found PythonLibs: /home/ben/miniconda3/envs/ros2/lib/libpython3.10.so (found suitable version "3.10.20", minimum required is "3.5") 
[3.851s] -- Using PYTHON_EXECUTABLE: /home/ben/miniconda3/envs/ros2/bin/python3
[3.851s] -- Using PYTHON_INCLUDE_DIRS: /home/ben/miniconda3/envs/ros2/include/python3.10
[3.851s] -- Using PYTHON_LIBRARIES: /home/ben/miniconda3/envs/ros2/lib/libpython3.10.so
[3.890s] -- Found PythonExtra: .so  
[4.175s] -- Using numpy include directory: /home/ben/miniconda3/envs/ros2/lib/python3.10/site-packages/numpy/_core/include
[4.353s] -- Found ament_lint_auto: 0.12.15 (/opt/ros/humble/share/ament_lint_auto/cmake)
[4.411s] -- Added test 'copyright' to check source files copyright and LICENSE
[4.417s] -- Added test 'lint_cmake' to check CMake code style
[4.420s] -- Added test 'xmllint' to check XML markup files
[4.431s] -- Configuring done
[4.505s] [33mCMake Warning at /opt/ros/humble/share/rosidl_generator_py/cmake/rosidl_generator_py_generate_interfaces.cmake:166 (add_library):
[4.505s]   Cannot generate a safe runtime search path for target
[4.505s]   limo_msgs__rosidl_generator_py because files in some directories may
[4.506s]   conflict with libraries in implicit directories:
[4.506s] 
[4.506s]     runtime library [libpython3.10.so.1.0] in /usr/lib/x86_64-linux-gnu may be hidden by files in:
[4.506s]       /home/ben/miniconda3/envs/ros2/lib
[4.506s] 
[4.506s]   Some of these libraries may not be found correctly.
[4.506s] Call Stack (most recent call first):
[4.507s]   /opt/ros/humble/share/ament_cmake_core/cmake/core/ament_execute_extensions.cmake:48 (include)
[4.507s]   /opt/ros/humble/share/rosidl_cmake/cmake/rosidl_generate_interfaces.cmake:286 (ament_execute_extensions)
[4.507s]   CMakeLists.txt:20 (rosidl_generate_interfaces)
[4.507s] 
[4.507s] [0m
[4.520s] [33mCMake Warning at /opt/ros/humble/share/rosidl_generator_py/cmake/rosidl_generator_py_generate_interfaces.cmake:226 (add_library):
[4.520s]   Cannot generate a safe runtime search path for target
[4.520s]   limo_msgs__rosidl_typesupport_fastrtps_c__pyext because files in some
[4.520s]   directories may conflict with libraries in implicit directories:
[4.520s] 
[4.520s]     runtime library [libpython3.10.so.1.0] in /usr/lib/x86_64-linux-gnu may be hidden by files in:
[4.521s]       /home/ben/miniconda3/envs/ros2/lib
[4.521s] 
[4.521s]   Some of these libraries may not be found correctly.
[4.521s] Call Stack (most recent call first):
[4.521s]   /opt/ros/humble/share/ament_cmake_core/cmake/core/ament_execute_extensions.cmake:48 (include)
[4.522s]   /opt/ros/humble/share/rosidl_cmake/cmake/rosidl_generate_interfaces.cmake:286 (ament_execute_extensions)
[4.522s]   CMakeLists.txt:20 (rosidl_generate_interfaces)
[4.522s] 
[4.522s] [0m
[4.535s] [33mCMake Warning at /opt/ros/humble/share/rosidl_generator_py/cmake/rosidl_generator_py_generate_interfaces.cmake:226 (add_library):
[4.535s]   Cannot generate a safe runtime search path for target
[4.535s]   limo_msgs__rosidl_typesupport_introspection_c__pyext because files in some
[4.536s]   directories may conflict with libraries in implicit directories:
[4.536s] 
[4.536s]     runtime library [libpython3.10.so.1.0] in /usr/lib/x86_64-linux-gnu may be hidden by files in:
[4.536s]       /home/ben/miniconda3/envs/ros2/lib
[4.536s] 
[4.536s]   Some of these libraries may not be found correctly.
[4.536s] Call Stack (most recent call first):
[4.537s]   /opt/ros/humble/share/ament_cmake_core/cmake/core/ament_execute_extensions.cmake:48 (include)
[4.537s]   /opt/ros/humble/share/rosidl_cmake/cmake/rosidl_generate_interfaces.cmake:286 (ament_execute_extensions)
[4.537s]   CMakeLists.txt:20 (rosidl_generate_interfaces)
[4.537s] 
[4.537s] [0m
[4.550s] [33mCMake Warning at /opt/ros/humble/share/rosidl_generator_py/cmake/rosidl_generator_py_generate_interfaces.cmake:226 (add_library):
[4.550s]   Cannot generate a safe runtime search path for target
[4.550s]   limo_msgs__rosidl_typesupport_c__pyext because files in some directories
[4.550s]   may conflict with libraries in implicit directories:
[4.550s] 
[4.551s]     runtime library [libpython3.10.so.1.0] in /usr/lib/x86_64-linux-gnu may be hidden by files in:
[4.551s]       /home/ben/miniconda3/envs/ros2/lib
[4.551s] 
[4.551s]   Some of these libraries may not be found correctly.
[4.551s] Call Stack (most recent call first):
[4.551s]   /opt/ros/humble/share/ament_cmake_core/cmake/core/ament_execute_extensions.cmake:48 (include)
[4.551s]   /opt/ros/humble/share/rosidl_cmake/cmake/rosidl_generate_interfaces.cmake:286 (ament_execute_extensions)
[4.552s]   CMakeLists.txt:20 (rosidl_generate_interfaces)
[4.552s] 
[4.552s] [0m
[4.562s] -- Generating done
[4.579s] -- Build files have been written to: /home/ben/KV6022_limo_ros2/build/limo_msgs
[4.601s] Invoked command in '/home/ben/KV6022_limo_ros2/build/limo_msgs' returned '0': CMAKE_PREFIX_PATH=/opt/ros/humble CONDA_PROMPT_MODIFIER=(ros2) /usr/bin/cmake /home/ben/KV6022_limo_ros2/src/limo_msgs -DAMENT_CMAKE_SYMLINK_INSTALL=1 -DCMAKE_INSTALL_PREFIX=/home/ben/KV6022_limo_ros2/install/limo_msgs
[4.605s] Invoking command in '/home/ben/KV6022_limo_ros2/build/limo_msgs': CMAKE_PREFIX_PATH=/opt/ros/humble CONDA_PROMPT_MODIFIER=(ros2) /usr/bin/cmake --build /home/ben/KV6022_limo_ros2/build/limo_msgs -- -j8 -l8
[4.748s] [  3%] [34m[1mGenerating C code for ROS interfaces[0m
[4.785s] [  6%] [34m[1mGenerating Rust code for ROS interfaces[0m
[4.790s] [  9%] [34m[1mGenerating C++ code for ROS interfaces[0m
[4.819s] [  9%] Built target ament_cmake_python_symlink_limo_msgs
[5.100s] [  9%] Built target limo_msgs__rs
[5.107s] [ 12%] [32mBuilding C object CMakeFiles/limo_msgs__rosidl_generator_c.dir/rosidl_generator_c/limo_msgs/msg/detail/limo_status__functions.c.o[0m
[5.126s] [ 12%] Built target limo_msgs__cpp
[5.162s] [ 15%] [34m[1mGenerating C++ introspection for ROS interfaces[0m
[5.163s] [ 18%] [34m[1mGenerating C++ type support for eProsima Fast-RTPS[0m
[5.166s] [ 21%] [34m[1mGenerating C++ type support dispatch for ROS interfaces[0m
[5.189s] running egg_info
[5.212s] creating limo_msgs.egg-info
[5.212s] writing limo_msgs.egg-info/PKG-INFO
[5.213s] writing dependency_links to limo_msgs.egg-info/dependency_links.txt
[5.213s] writing top-level names to limo_msgs.egg-info/top_level.txt
[5.214s] writing manifest file 'limo_msgs.egg-info/SOURCES.txt'
[5.259s] [ 25%] [32m[1mLinking C shared library liblimo_msgs__rosidl_generator_c.so[0m
[5.281s] reading manifest file 'limo_msgs.egg-info/SOURCES.txt'
[5.282s] writing manifest file 'limo_msgs.egg-info/SOURCES.txt'
[5.341s] [ 25%] Built target ament_cmake_python_build_limo_msgs_egg
[5.389s] [ 25%] Built target limo_msgs__rosidl_generator_c
[5.431s] [ 28%] [34m[1mGenerating C introspection for ROS interfaces[0m
[5.431s] [ 31%] [34m[1mGenerating C type support for eProsima Fast-RTPS[0m
[5.435s] [ 34%] [34m[1mGenerating C type support dispatch for ROS interfaces[0m
[5.461s] [ 37%] [32mBuilding CXX object CMakeFiles/limo_msgs__rosidl_typesupport_cpp.dir/rosidl_typesupport_cpp/limo_msgs/msg/limo_status__type_support.cpp.o[0m
[5.502s] [ 40%] [32mBuilding CXX object CMakeFiles/limo_msgs__rosidl_typesupport_introspection_cpp.dir/rosidl_typesupport_introspection_cpp/limo_msgs/msg/detail/limo_status__type_support.cpp.o[0m
[5.537s] [ 43%] [32mBuilding CXX object CMakeFiles/limo_msgs__rosidl_typesupport_fastrtps_cpp.dir/rosidl_typesupport_fastrtps_cpp/limo_msgs/msg/detail/dds_fastrtps/limo_status__type_support.cpp.o[0m
[5.728s] [ 46%] [32mBuilding CXX object CMakeFiles/limo_msgs__rosidl_typesupport_c.dir/rosidl_typesupport_c/limo_msgs/msg/limo_status__type_support.cpp.o[0m
[5.767s] [ 50%] [32mBuilding C object CMakeFiles/limo_msgs__rosidl_typesupport_introspection_c.dir/rosidl_typesupport_introspection_c/limo_msgs/msg/detail/limo_status__type_support.c.o[0m
[5.771s] [ 53%] [32mBuilding CXX object CMakeFiles/limo_msgs__rosidl_typesupport_fastrtps_c.dir/rosidl_typesupport_fastrtps_c/limo_msgs/msg/detail/limo_status__type_support_c.cpp.o[0m
[5.848s] [ 56%] [32m[1mLinking CXX shared library liblimo_msgs__rosidl_typesupport_c.so[0m
[5.913s] [ 59%] [32m[1mLinking C shared library liblimo_msgs__rosidl_typesupport_introspection_c.so[0m
[6.040s] [ 59%] Built target limo_msgs__rosidl_typesupport_c
[6.060s] [ 59%] Built target limo_msgs__rosidl_typesupport_introspection_c
[6.073s] [ 62%] [32m[1mLinking CXX shared library liblimo_msgs__rosidl_typesupport_cpp.so[0m
[6.221s] [ 62%] Built target limo_msgs__rosidl_typesupport_cpp
[6.253s] [ 65%] [32m[1mLinking CXX shared library liblimo_msgs__rosidl_typesupport_introspection_cpp.so[0m
[6.344s] [ 68%] [32m[1mLinking CXX shared library liblimo_msgs__rosidl_typesupport_fastrtps_cpp.so[0m
[6.443s] [ 68%] Built target limo_msgs__rosidl_typesupport_introspection_cpp
[6.485s] [ 71%] [32m[1mLinking CXX shared library liblimo_msgs__rosidl_typesupport_fastrtps_c.so[0m
[6.565s] [ 71%] Built target limo_msgs__rosidl_typesupport_fastrtps_cpp
[6.712s] [ 71%] Built target limo_msgs__rosidl_typesupport_fastrtps_c
[6.791s] [ 71%] Built target limo_msgs
[6.870s] [ 75%] [34m[1mGenerating Python code for ROS interfaces[0m
[7.230s] [ 75%] Built target limo_msgs__py
[7.302s] [ 78%] [32mBuilding C object CMakeFiles/limo_msgs__rosidl_generator_py.dir/rosidl_generator_py/limo_msgs/msg/_limo_status_s.c.o[0m
[7.576s] [ 81%] [32m[1mLinking C shared library rosidl_generator_py/limo_msgs/liblimo_msgs__rosidl_generator_py.so[0m
[7.711s] [ 81%] Built target limo_msgs__rosidl_generator_py
[7.785s] [ 87%] [32mBuilding C object CMakeFiles/limo_msgs__rosidl_typesupport_introspection_c__pyext.dir/rosidl_generator_py/limo_msgs/_limo_msgs_s.ep.rosidl_typesupport_introspection_c.c.o[0m
[7.786s] [ 87%] [32mBuilding C object CMakeFiles/limo_msgs__rosidl_typesupport_fastrtps_c__pyext.dir/rosidl_generator_py/limo_msgs/_limo_msgs_s.ep.rosidl_typesupport_fastrtps_c.c.o[0m
[7.786s] [ 90%] [32mBuilding C object CMakeFiles/limo_msgs__rosidl_typesupport_c__pyext.dir/rosidl_generator_py/limo_msgs/_limo_msgs_s.ep.rosidl_typesupport_c.c.o[0m
[8.124s] [ 93%] [32m[1mLinking C shared library rosidl_generator_py/limo_msgs/limo_msgs_s__rosidl_typesupport_introspection_c.cpython-310-x86_64-linux-gnu.so[0m
[8.124s] [ 96%] [32m[1mLinking C shared library rosidl_generator_py/limo_msgs/limo_msgs_s__rosidl_typesupport_fastrtps_c.cpython-310-x86_64-linux-gnu.so[0m
[8.129s] [100%] [32m[1mLinking C shared library rosidl_generator_py/limo_msgs/limo_msgs_s__rosidl_typesupport_c.cpython-310-x86_64-linux-gnu.so[0m
[8.264s] [100%] Built target limo_msgs__rosidl_typesupport_fastrtps_c__pyext
[8.265s] [100%] Built target limo_msgs__rosidl_typesupport_introspection_c__pyext
[8.267s] [100%] Built target limo_msgs__rosidl_typesupport_c__pyext
[8.302s] Invoked command in '/home/ben/KV6022_limo_ros2/build/limo_msgs' returned '0': CMAKE_PREFIX_PATH=/opt/ros/humble CONDA_PROMPT_MODIFIER=(ros2) /usr/bin/cmake --build /home/ben/KV6022_limo_ros2/build/limo_msgs -- -j8 -l8
[8.306s] Invoking command in '/home/ben/KV6022_limo_ros2/build/limo_msgs': CMAKE_PREFIX_PATH=/opt/ros/humble CONDA_PROMPT_MODIFIER=(ros2) /usr/bin/cmake --install /home/ben/KV6022_limo_ros2/build/limo_msgs
[8.332s] -- Install configuration: ""
[8.333s] -- Execute custom install script
[8.333s] -- Symlinking: /home/ben/KV6022_limo_ros2/install/limo_msgs/share/ament_index/resource_index/rosidl_interfaces/limo_msgs
[8.361s] -- Symlinking: /home/ben/KV6022_limo_ros2/install/limo_msgs/include/limo_msgs/limo_msgs/msg/detail/limo_status__functions.h
[8.387s] -- Symlinking: /home/ben/KV6022_limo_ros2/install/limo_msgs/include/limo_msgs/limo_msgs/msg/detail/limo_status__struct.h
[8.415s] -- Symlinking: /home/ben/KV6022_limo_ros2/install/limo_msgs/include/limo_msgs/limo_msgs/msg/detail/limo_status__type_support.h
[8.443s] -- Symlinking: /home/ben/KV6022_limo_ros2/install/limo_msgs/include/limo_msgs/limo_msgs/msg/limo_status.h
[8.468s] -- Symlinking: /home/ben/KV6022_limo_ros2/install/limo_msgs/include/limo_msgs/limo_msgs/msg/rosidl_generator_c__visibility_control.h
[8.494s] -- Symlinking: /home/ben/KV6022_limo_ros2/install/limo_msgs/share/limo_msgs/environment/library_path.sh
[8.520s] -- Symlinking: /home/ben/KV6022_limo_ros2/install/limo_msgs/share/limo_msgs/environment/library_path.dsv
[8.550s] -- Symlinking: /home/ben/KV6022_limo_ros2/install/limo_msgs/include/limo_msgs/limo_msgs/msg/detail/limo_status__rosidl_typesupport_fastrtps_c.h
[8.576s] -- Symlinking: /home/ben/KV6022_limo_ros2/install/limo_msgs/include/limo_msgs/limo_msgs/msg/rosidl_typesupport_fastrtps_c__visibility_control.h
[8.603s] -- Symlinking: /home/ben/KV6022_limo_ros2/install/limo_msgs/include/limo_msgs/limo_msgs/msg/detail/limo_status__builder.hpp
[8.629s] -- Symlinking: /home/ben/KV6022_limo_ros2/install/limo_msgs/include/limo_msgs/limo_msgs/msg/detail/limo_status__struct.hpp
[8.655s] -- Symlinking: /home/ben/KV6022_limo_ros2/install/limo_msgs/include/limo_msgs/limo_msgs/msg/detail/limo_status__traits.hpp
[8.681s] -- Symlinking: /home/ben/KV6022_limo_ros2/install/limo_msgs/include/limo_msgs/limo_msgs/msg/detail/limo_status__type_support.hpp
[8.707s] -- Symlinking: /home/ben/KV6022_limo_ros2/install/limo_msgs/include/limo_msgs/limo_msgs/msg/limo_status.hpp
[8.735s] -- Symlinking: /home/ben/KV6022_limo_ros2/install/limo_msgs/include/limo_msgs/limo_msgs/msg/rosidl_generator_cpp__visibility_control.hpp
[8.763s] -- Symlinking: /home/ben/KV6022_limo_ros2/install/limo_msgs/include/limo_msgs/limo_msgs/msg/detail/limo_status__rosidl_typesupport_fastrtps_cpp.hpp
[8.792s] -- Symlinking: /home/ben/KV6022_limo_ros2/install/limo_msgs/include/limo_msgs/limo_msgs/msg/rosidl_typesupport_fastrtps_cpp__visibility_control.h
[8.821s] -- Symlinking: /home/ben/KV6022_limo_ros2/install/limo_msgs/include/limo_msgs/limo_msgs/msg/detail/limo_status__rosidl_typesupport_introspection_c.h
[8.848s] -- Symlinking: /home/ben/KV6022_limo_ros2/install/limo_msgs/include/limo_msgs/limo_msgs/msg/rosidl_typesupport_introspection_c__visibility_control.h
[8.875s] -- Symlinking: /home/ben/KV6022_limo_ros2/install/limo_msgs/include/limo_msgs/limo_msgs/msg/detail/limo_status__rosidl_typesupport_introspection_cpp.hpp
[8.901s] -- Symlinking: /home/ben/KV6022_limo_ros2/install/limo_msgs/share/limo_msgs/environment/pythonpath.sh
[8.928s] -- Symlinking: /home/ben/KV6022_limo_ros2/install/limo_msgs/share/limo_msgs/environment/pythonpath.dsv
[8.956s] -- Symlinking: /home/ben/KV6022_limo_ros2/install/limo_msgs/lib/python3.10/site-packages/limo_msgs-0.0.0-py3.10.egg-info/PKG-INFO
[8.983s] -- Symlinking: /home/ben/KV6022_limo_ros2/install/limo_msgs/lib/python3.10/site-packages/limo_msgs-0.0.0-py3.10.egg-info/SOURCES.txt
[9.014s] -- Symlinking: /home/ben/KV6022_limo_ros2/install/limo_msgs/lib/python3.10/site-packages/limo_msgs-0.0.0-py3.10.egg-info/dependency_links.txt
[9.045s] -- Symlinking: /home/ben/KV6022_limo_ros2/install/limo_msgs/lib/python3.10/site-packages/limo_msgs-0.0.0-py3.10.egg-info/top_level.txt
[9.075s] -- Symlinking: /home/ben/KV6022_limo_ros2/install/limo_msgs/lib/python3.10/site-packages/limo_msgs/__init__.py
[9.103s] -- Symlinking: /home/ben/KV6022_limo_ros2/install/limo_msgs/lib/python3.10/site-packages/limo_msgs/_limo_msgs_s.ep.rosidl_typesupport_c.c
[9.130s] -- Symlinking: /home/ben/KV6022_limo_ros2/install/limo_msgs/lib/python3.10/site-packages/limo_msgs/_limo_msgs_s.ep.rosidl_typesupport_fastrtps_c.c
[9.156s] -- Symlinking: /home/ben/KV6022_limo_ros2/install/limo_msgs/lib/python3.10/site-packages/limo_msgs/_limo_msgs_s.ep.rosidl_typesupport_introspection_c.c
[9.182s] -- Symlinking: /home/ben/KV6022_limo_ros2/install/limo_msgs/lib/python3.10/site-packages/limo_msgs/liblimo_msgs__rosidl_generator_py.so
[9.212s] -- Symlinking: /home/ben/KV6022_limo_ros2/install/limo_msgs/lib/python3.10/site-packages/limo_msgs/limo_msgs_s__rosidl_typesupport_c.cpython-310-x86_64-linux-gnu.so
[9.241s] -- Symlinking: /home/ben/KV6022_limo_ros2/install/limo_msgs/lib/python3.10/site-packages/limo_msgs/limo_msgs_s__rosidl_typesupport_fastrtps_c.cpython-310-x86_64-linux-gnu.so
[9.266s] -- Symlinking: /home/ben/KV6022_limo_ros2/install/limo_msgs/lib/python3.10/site-packages/limo_msgs/limo_msgs_s__rosidl_typesupport_introspection_c.cpython-310-x86_64-linux-gnu.so
[9.293s] -- Symlinking: /home/ben/KV6022_limo_ros2/install/limo_msgs/lib/python3.10/site-packages/limo_msgs/msg/__init__.py
[9.321s] -- Symlinking: /home/ben/KV6022_limo_ros2/install/limo_msgs/lib/python3.10/site-packages/limo_msgs/msg/_limo_status.py
[9.347s] -- Symlinking: /home/ben/KV6022_limo_ros2/install/limo_msgs/lib/python3.10/site-packages/limo_msgs/msg/_limo_status_s.c
[9.376s] -- Up-to-date symlink: /home/ben/KV6022_limo_ros2/install/limo_msgs/lib/python3.10/site-packages/limo_msgs/limo_msgs_s__rosidl_typesupport_fastrtps_c.cpython-310-x86_64-linux-gnu.so
[9.377s] -- Up-to-date symlink: /home/ben/KV6022_limo_ros2/install/limo_msgs/lib/python3.10/site-packages/limo_msgs/limo_msgs_s__rosidl_typesupport_introspection_c.cpython-310-x86_64-linux-gnu.so
[9.378s] -- Up-to-date symlink: /home/ben/KV6022_limo_ros2/install/limo_msgs/lib/python3.10/site-packages/limo_msgs/limo_msgs_s__rosidl_typesupport_c.cpython-310-x86_64-linux-gnu.so
[9.378s] -- Symlinking: /home/ben/KV6022_limo_ros2/install/limo_msgs/share/ament_index/resource_index/rust_packages/limo_msgs
[9.408s] -- Symlinking: /home/ben/KV6022_limo_ros2/install/limo_msgs/share/limo_msgs/rust/Cargo.toml
[9.436s] -- Symlinking: /home/ben/KV6022_limo_ros2/install/limo_msgs/share/limo_msgs/rust/build.rs
[9.463s] -- Symlinking: /home/ben/KV6022_limo_ros2/install/limo_msgs/share/limo_msgs/rust/src/lib.rs
[9.491s] -- Symlinking: /home/ben/KV6022_limo_ros2/install/limo_msgs/share/limo_msgs/rust/src/msg.rs
[9.518s] -- Symlinking: /home/ben/KV6022_limo_ros2/install/limo_msgs/share/limo_msgs/rust/src/msg/rmw.rs
[9.547s] -- Symlinking: /home/ben/KV6022_limo_ros2/install/limo_msgs/share/limo_msgs/msg/LimoStatus.idl
[9.573s] -- Symlinking: /home/ben/KV6022_limo_ros2/install/limo_msgs/share/limo_msgs/msg/LimoStatus.msg
[9.599s] -- Symlinking: /home/ben/KV6022_limo_ros2/install/limo_msgs/share/ament_index/resource_index/package_run_dependencies/limo_msgs
[9.625s] -- Symlinking: /home/ben/KV6022_limo_ros2/install/limo_msgs/share/ament_index/resource_index/parent_prefix_path/limo_msgs
[9.654s] -- Symlinking: /home/ben/KV6022_limo_ros2/install/limo_msgs/share/limo_msgs/environment/ament_prefix_path.sh
[9.680s] -- Symlinking: /home/ben/KV6022_limo_ros2/install/limo_msgs/share/limo_msgs/environment/ament_prefix_path.dsv
[9.708s] -- Symlinking: /home/ben/KV6022_limo_ros2/install/limo_msgs/share/limo_msgs/environment/path.sh
[9.735s] -- Symlinking: /home/ben/KV6022_limo_ros2/install/limo_msgs/share/limo_msgs/environment/path.dsv
[9.762s] -- Symlinking: /home/ben/KV6022_limo_ros2/install/limo_msgs/share/limo_msgs/local_setup.bash
[9.789s] -- Symlinking: /home/ben/KV6022_limo_ros2/install/limo_msgs/share/limo_msgs/local_setup.sh
[9.817s] -- Symlinking: /home/ben/KV6022_limo_ros2/install/limo_msgs/share/limo_msgs/local_setup.zsh
[9.846s] -- Symlinking: /home/ben/KV6022_limo_ros2/install/limo_msgs/share/limo_msgs/local_setup.dsv
[9.874s] -- Symlinking: /home/ben/KV6022_limo_ros2/install/limo_msgs/share/limo_msgs/package.dsv
[9.899s] -- Symlinking: /home/ben/KV6022_limo_ros2/install/limo_msgs/share/ament_index/resource_index/packages/limo_msgs
[9.927s] -- Symlinking: /home/ben/KV6022_limo_ros2/install/limo_msgs/share/limo_msgs/cmake/rosidl_cmake-extras.cmake
[9.955s] -- Symlinking: /home/ben/KV6022_limo_ros2/install/limo_msgs/share/limo_msgs/cmake/ament_cmake_export_dependencies-extras.cmake
[9.984s] -- Symlinking: /home/ben/KV6022_limo_ros2/install/limo_msgs/share/limo_msgs/cmake/ament_cmake_export_include_directories-extras.cmake
[10.013s] -- Symlinking: /home/ben/KV6022_limo_ros2/install/limo_msgs/share/limo_msgs/cmake/ament_cmake_export_libraries-extras.cmake
[10.042s] -- Symlinking: /home/ben/KV6022_limo_ros2/install/limo_msgs/share/limo_msgs/cmake/ament_cmake_export_targets-extras.cmake
[10.068s] -- Symlinking: /home/ben/KV6022_limo_ros2/install/limo_msgs/share/limo_msgs/cmake/rosidl_cmake_export_typesupport_targets-extras.cmake
[10.095s] -- Symlinking: /home/ben/KV6022_limo_ros2/install/limo_msgs/share/limo_msgs/cmake/rosidl_cmake_export_typesupport_libraries-extras.cmake
[10.122s] -- Symlinking: /home/ben/KV6022_limo_ros2/install/limo_msgs/share/limo_msgs/cmake/rosidl_cmake_aggregate_target-extras.cmake
[10.150s] -- Symlinking: /home/ben/KV6022_limo_ros2/install/limo_msgs/share/limo_msgs/cmake/limo_msgsConfig.cmake
[10.176s] -- Symlinking: /home/ben/KV6022_limo_ros2/install/limo_msgs/share/limo_msgs/cmake/limo_msgsConfig-version.cmake
[10.203s] -- Symlinking: /home/ben/KV6022_limo_ros2/install/limo_msgs/share/limo_msgs/package.xml
[10.231s] -- Installing: /home/ben/KV6022_limo_ros2/install/limo_msgs/lib/liblimo_msgs__rosidl_generator_c.so
[10.234s] -- Set runtime path of "/home/ben/KV6022_limo_ros2/install/limo_msgs/lib/liblimo_msgs__rosidl_generator_c.so" to ""
[10.234s] -- Installing: /home/ben/KV6022_limo_ros2/install/limo_msgs/lib/liblimo_msgs__rosidl_typesupport_fastrtps_c.so
[10.238s] -- Set runtime path of "/home/ben/KV6022_limo_ros2/install/limo_msgs/lib/liblimo_msgs__rosidl_typesupport_fastrtps_c.so" to ""
[10.238s] -- Installing: /home/ben/KV6022_limo_ros2/install/limo_msgs/lib/liblimo_msgs__rosidl_typesupport_fastrtps_cpp.so
[10.242s] -- Set runtime path of "/home/ben/KV6022_limo_ros2/install/limo_msgs/lib/liblimo_msgs__rosidl_typesupport_fastrtps_cpp.so" to ""
[10.242s] -- Installing: /home/ben/KV6022_limo_ros2/install/limo_msgs/lib/liblimo_msgs__rosidl_typesupport_introspection_c.so
[10.245s] -- Set runtime path of "/home/ben/KV6022_limo_ros2/install/limo_msgs/lib/liblimo_msgs__rosidl_typesupport_introspection_c.so" to ""
[10.245s] -- Installing: /home/ben/KV6022_limo_ros2/install/limo_msgs/lib/liblimo_msgs__rosidl_typesupport_c.so
[10.248s] -- Set runtime path of "/home/ben/KV6022_limo_ros2/install/limo_msgs/lib/liblimo_msgs__rosidl_typesupport_c.so" to ""
[10.248s] -- Installing: /home/ben/KV6022_limo_ros2/install/limo_msgs/lib/liblimo_msgs__rosidl_typesupport_introspection_cpp.so
[10.251s] -- Set runtime path of "/home/ben/KV6022_limo_ros2/install/limo_msgs/lib/liblimo_msgs__rosidl_typesupport_introspection_cpp.so" to ""
[10.252s] -- Installing: /home/ben/KV6022_limo_ros2/install/limo_msgs/lib/liblimo_msgs__rosidl_typesupport_cpp.so
[10.255s] -- Set runtime path of "/home/ben/KV6022_limo_ros2/install/limo_msgs/lib/liblimo_msgs__rosidl_typesupport_cpp.so" to ""
[10.314s] Listing '/home/ben/KV6022_limo_ros2/install/limo_msgs/lib/python3.10/site-packages/limo_msgs'...
[10.314s] Compiling '/home/ben/KV6022_limo_ros2/install/limo_msgs/lib/python3.10/site-packages/limo_msgs/__init__.py'...
[10.314s] Listing '/home/ben/KV6022_limo_ros2/install/limo_msgs/lib/python3.10/site-packages/limo_msgs/msg'...
[10.315s] Compiling '/home/ben/KV6022_limo_ros2/install/limo_msgs/lib/python3.10/site-packages/limo_msgs/msg/__init__.py'...
[10.315s] Compiling '/home/ben/KV6022_limo_ros2/install/limo_msgs/lib/python3.10/site-packages/limo_msgs/msg/_limo_status.py'...
[10.319s] -- Installing: /home/ben/KV6022_limo_ros2/install/limo_msgs/lib/liblimo_msgs__rosidl_generator_py.so
[10.323s] -- Set runtime path of "/home/ben/KV6022_limo_ros2/install/limo_msgs/lib/liblimo_msgs__rosidl_generator_py.so" to ""
[10.323s] -- Installing: /home/ben/KV6022_limo_ros2/install/limo_msgs/share/limo_msgs/cmake/export_limo_msgs__rosidl_generator_cExport.cmake
[10.324s] -- Installing: /home/ben/KV6022_limo_ros2/install/limo_msgs/share/limo_msgs/cmake/export_limo_msgs__rosidl_generator_cExport-noconfig.cmake
[10.324s] -- Installing: /home/ben/KV6022_limo_ros2/install/limo_msgs/share/limo_msgs/cmake/export_limo_msgs__rosidl_typesupport_fastrtps_cExport.cmake
[10.325s] -- Installing: /home/ben/KV6022_limo_ros2/install/limo_msgs/share/limo_msgs/cmake/export_limo_msgs__rosidl_typesupport_fastrtps_cExport-noconfig.cmake
[10.325s] -- Installing: /home/ben/KV6022_limo_ros2/install/limo_msgs/share/limo_msgs/cmake/export_limo_msgs__rosidl_generator_cppExport.cmake
[10.326s] -- Installing: /home/ben/KV6022_limo_ros2/install/limo_msgs/share/limo_msgs/cmake/export_limo_msgs__rosidl_typesupport_fastrtps_cppExport.cmake
[10.327s] -- Installing: /home/ben/KV6022_limo_ros2/install/limo_msgs/share/limo_msgs/cmake/export_limo_msgs__rosidl_typesupport_fastrtps_cppExport-noconfig.cmake
[10.327s] -- Installing: /home/ben/KV6022_limo_ros2/install/limo_msgs/share/limo_msgs/cmake/limo_msgs__rosidl_typesupport_introspection_cExport.cmake
[10.328s] -- Installing: /home/ben/KV6022_limo_ros2/install/limo_msgs/share/limo_msgs/cmake/limo_msgs__rosidl_typesupport_introspection_cExport-noconfig.cmake
[10.328s] -- Installing: /home/ben/KV6022_limo_ros2/install/limo_msgs/share/limo_msgs/cmake/limo_msgs__rosidl_typesupport_cExport.cmake
[10.329s] -- Installing: /home/ben/KV6022_limo_ros2/install/limo_msgs/share/limo_msgs/cmake/limo_msgs__rosidl_typesupport_cExport-noconfig.cmake
[10.330s] -- Installing: /home/ben/KV6022_limo_ros2/install/limo_msgs/share/limo_msgs/cmake/limo_msgs__rosidl_typesupport_introspection_cppExport.cmake
[10.330s] -- Installing: /home/ben/KV6022_limo_ros2/install/limo_msgs/share/limo_msgs/cmake/limo_msgs__rosidl_typesupport_introspection_cppExport-noconfig.cmake
[10.331s] -- Installing: /home/ben/KV6022_limo_ros2/install/limo_msgs/share/limo_msgs/cmake/limo_msgs__rosidl_typesupport_cppExport.cmake
[10.332s] -- Installing: /home/ben/KV6022_limo_ros2/install/limo_msgs/share/limo_msgs/cmake/limo_msgs__rosidl_typesupport_cppExport-noconfig.cmake
[10.332s] -- Installing: /home/ben/KV6022_limo_ros2/install/limo_msgs/share/limo_msgs/cmake/export_limo_msgs__rosidl_generator_pyExport.cmake
[10.333s] -- Installing: /home/ben/KV6022_limo_ros2/install/limo_msgs/share/limo_msgs/cmake/export_limo_msgs__rosidl_generator_pyExport-noconfig.cmake
[10.339s] Invoked command in '/home/ben/KV6022_limo_ros2/build/limo_msgs' returned '0': CMAKE_PREFIX_PATH=/opt/ros/humble CONDA_PROMPT_MODIFIER=(ros2) /usr/bin/cmake --install /home/ben/KV6022_limo_ros2/build/limo_msgs
