[4.370s] Invoking command in '/home/ben/KV6022_limo_ros2/src/trajectory_referee': CONDA_PROMPT_MODIFIER=(ros2) PYTHONPATH=/home/ben/KV6022_limo_ros2/build/trajectory_referee/prefix_override:/usr/lib/python3/dist-packages/colcon_core/task/python/colcon_distutils_commands:/home/ben/KV6022_limo_ros2/install/trajectory_referee/lib/python3.10/site-packages:${PYTHONPATH} /usr/bin/python3 -W ignore:setup.py install is deprecated -W ignore:easy_install command is deprecated setup.py egg_info --egg-base ../../build/trajectory_referee build --build-base /home/ben/KV6022_limo_ros2/build/trajectory_referee/build install --record /home/ben/KV6022_limo_ros2/build/trajectory_referee/install.log --install-scripts $base/lib/trajectory_referee --single-version-externally-managed install_data
[5.025s] running egg_info
[5.025s] writing ../../build/trajectory_referee/trajectory_referee.egg-info/PKG-INFO
[5.025s] writing dependency_links to ../../build/trajectory_referee/trajectory_referee.egg-info/dependency_links.txt
[5.026s] writing entry points to ../../build/trajectory_referee/trajectory_referee.egg-info/entry_points.txt
[5.026s] writing requirements to ../../build/trajectory_referee/trajectory_referee.egg-info/requires.txt
[5.026s] writing top-level names to ../../build/trajectory_referee/trajectory_referee.egg-info/top_level.txt
[5.030s] reading manifest file '../../build/trajectory_referee/trajectory_referee.egg-info/SOURCES.txt'
[5.030s] writing manifest file '../../build/trajectory_referee/trajectory_referee.egg-info/SOURCES.txt'
[5.032s] running build
[5.032s] running build_py
[5.033s] copying trajectory_referee/trajectory_publisher.py -> /home/ben/KV6022_limo_ros2/build/trajectory_referee/build/lib/trajectory_referee
[5.033s] running install
[5.033s] running install_lib
[5.036s] copying /home/ben/KV6022_limo_ros2/build/trajectory_referee/build/lib/trajectory_referee/trajectory_publisher.py -> /home/ben/KV6022_limo_ros2/install/trajectory_referee/lib/python3.10/site-packages/trajectory_referee
[5.036s] byte-compiling /home/ben/KV6022_limo_ros2/install/trajectory_referee/lib/python3.10/site-packages/trajectory_referee/trajectory_publisher.py to trajectory_publisher.cpython-310.pyc
[5.043s] running install_data
[5.044s] running install_egg_info
[5.044s] removing '/home/ben/KV6022_limo_ros2/install/trajectory_referee/lib/python3.10/site-packages/trajectory_referee-0.0.0-py3.10.egg-info' (and everything under it)
[5.044s] Copying ../../build/trajectory_referee/trajectory_referee.egg-info to /home/ben/KV6022_limo_ros2/install/trajectory_referee/lib/python3.10/site-packages/trajectory_referee-0.0.0-py3.10.egg-info
[5.054s] running install_scripts
[5.109s] Installing trajectory_publisher script to /home/ben/KV6022_limo_ros2/install/trajectory_referee/lib/trajectory_referee
[5.111s] writing list of installed files to '/home/ben/KV6022_limo_ros2/build/trajectory_referee/install.log'
[5.188s] Invoked command in '/home/ben/KV6022_limo_ros2/src/trajectory_referee' returned '0': CONDA_PROMPT_MODIFIER=(ros2) PYTHONPATH=/home/ben/KV6022_limo_ros2/build/trajectory_referee/prefix_override:/usr/lib/python3/dist-packages/colcon_core/task/python/colcon_distutils_commands:/home/ben/KV6022_limo_ros2/install/trajectory_referee/lib/python3.10/site-packages:${PYTHONPATH} /usr/bin/python3 -W ignore:setup.py install is deprecated -W ignore:easy_install command is deprecated setup.py egg_info --egg-base ../../build/trajectory_referee build --build-base /home/ben/KV6022_limo_ros2/build/trajectory_referee/build install --record /home/ben/KV6022_limo_ros2/build/trajectory_referee/install.log --install-scripts $base/lib/trajectory_referee --single-version-externally-managed install_data
