[0.237s] DEBUG:colcon:Command line arguments: ['/usr/bin/colcon', 'build', '--packages-select', 'Week2_lab', '--symlink-install']
[0.237s] DEBUG:colcon:Parsed command line arguments: Namespace(log_base=None, log_level=None, verb_name='build', build_base='build', install_base='install', merge_install=False, symlink_install=True, test_result_base=None, continue_on_error=False, executor='parallel', parallel_workers=8, event_handlers=None, ignore_user_meta=False, metas=['./colcon.meta'], base_paths=['.'], packages_ignore=None, packages_ignore_regex=None, paths=None, packages_up_to=None, packages_up_to_regex=None, packages_above=None, packages_above_and_dependencies=None, packages_above_depth=None, packages_select_by_dep=None, packages_skip_by_dep=None, packages_skip_up_to=None, packages_select_build_failed=False, packages_skip_build_finished=False, packages_select_test_failures=False, packages_skip_test_passed=False, packages_select=['Week2_lab'], packages_skip=None, packages_select_regex=None, packages_skip_regex=None, packages_start=None, packages_end=None, allow_overriding=[], cmake_args=None, cmake_target=None, cmake_target_skip_unavailable=False, cmake_clean_cache=False, cmake_clean_first=False, cmake_force_configure=False, ament_cmake_args=None, catkin_cmake_args=None, catkin_skip_building_tests=False, mixin_files=None, mixin=None, verb_parser=<colcon_mixin.mixin.mixin_argument.MixinArgumentDecorator object at 0x7f3edbc67400>, verb_extension=<colcon_core.verb.build.BuildVerb object at 0x7f3edbc66d10>, main=<bound method BuildVerb.main of <colcon_core.verb.build.BuildVerb object at 0x7f3edbc66d10>>, mixin_verb=('build',))
[0.582s] Level 1:colcon.colcon_core.package_discovery:discover_packages(colcon_meta) check parameters
[0.582s] Level 1:colcon.colcon_core.package_discovery:discover_packages(recursive) check parameters
[0.583s] Level 1:colcon.colcon_core.package_discovery:discover_packages(ignore) check parameters
[0.583s] Level 1:colcon.colcon_core.package_discovery:discover_packages(path) check parameters
[0.583s] Level 1:colcon.colcon_core.package_discovery:discover_packages(colcon_meta) discover
[0.583s] Level 1:colcon.colcon_core.package_discovery:discover_packages(recursive) discover
[0.583s] INFO:colcon.colcon_core.package_discovery:Crawling recursively for packages in '/home/ben/KV6022_limo_ros2/src'
[0.583s] Level 1:colcon.colcon_core.package_identification:_identify(.) by extensions ['ignore', 'ignore_ament_install']
[0.583s] Level 1:colcon.colcon_core.package_identification:_identify(.) by extension 'ignore'
[0.583s] Level 1:colcon.colcon_core.package_identification:_identify(.) by extension 'ignore_ament_install'
[0.583s] Level 1:colcon.colcon_core.package_identification:_identify(.) by extensions ['colcon_pkg']
[0.583s] Level 1:colcon.colcon_core.package_identification:_identify(.) by extension 'colcon_pkg'
[0.583s] Level 1:colcon.colcon_core.package_identification:_identify(.) by extensions ['colcon_meta']
[0.584s] Level 1:colcon.colcon_core.package_identification:_identify(.) by extension 'colcon_meta'
[0.584s] Level 1:colcon.colcon_core.package_identification:_identify(.) by extensions ['ros']
[0.584s] Level 1:colcon.colcon_core.package_identification:_identify(.) by extension 'ros'
[0.600s] Level 1:colcon.colcon_core.package_identification:_identify(.) by extensions ['cmake', 'python']
[0.601s] Level 1:colcon.colcon_core.package_identification:_identify(.) by extension 'cmake'
[0.601s] Level 1:colcon.colcon_core.package_identification:_identify(.) by extension 'python'
[0.601s] Level 1:colcon.colcon_core.package_identification:_identify(.) by extensions ['python_setup_py']
[0.601s] Level 1:colcon.colcon_core.package_identification:_identify(.) by extension 'python_setup_py'
[0.601s] Level 1:colcon.colcon_core.package_identification:_identify(KV6022_assessment) by extensions ['ignore', 'ignore_ament_install']
[0.601s] Level 1:colcon.colcon_core.package_identification:_identify(KV6022_assessment) by extension 'ignore'
[0.601s] Level 1:colcon.colcon_core.package_identification:_identify(KV6022_assessment) by extension 'ignore_ament_install'
[0.601s] Level 1:colcon.colcon_core.package_identification:_identify(KV6022_assessment) by extensions ['colcon_pkg']
[0.602s] Level 1:colcon.colcon_core.package_identification:_identify(KV6022_assessment) by extension 'colcon_pkg'
[0.602s] Level 1:colcon.colcon_core.package_identification:_identify(KV6022_assessment) by extensions ['colcon_meta']
[0.602s] Level 1:colcon.colcon_core.package_identification:_identify(KV6022_assessment) by extension 'colcon_meta'
[0.602s] Level 1:colcon.colcon_core.package_identification:_identify(KV6022_assessment) by extensions ['ros']
[0.602s] Level 1:colcon.colcon_core.package_identification:_identify(KV6022_assessment) by extension 'ros'
[0.605s] DEBUG:colcon.colcon_core.package_identification:Package 'KV6022_assessment' with type 'ros.ament_python' and name 'KV6022_assessment'
[0.605s] Level 1:colcon.colcon_core.package_identification:_identify(Week2_lab) by extensions ['ignore', 'ignore_ament_install']
[0.605s] Level 1:colcon.colcon_core.package_identification:_identify(Week2_lab) by extension 'ignore'
[0.606s] Level 1:colcon.colcon_core.package_identification:_identify(Week2_lab) by extension 'ignore_ament_install'
[0.606s] Level 1:colcon.colcon_core.package_identification:_identify(Week2_lab) by extensions ['colcon_pkg']
[0.606s] Level 1:colcon.colcon_core.package_identification:_identify(Week2_lab) by extension 'colcon_pkg'
[0.606s] Level 1:colcon.colcon_core.package_identification:_identify(Week2_lab) by extensions ['colcon_meta']
[0.606s] Level 1:colcon.colcon_core.package_identification:_identify(Week2_lab) by extension 'colcon_meta'
[0.606s] Level 1:colcon.colcon_core.package_identification:_identify(Week2_lab) by extensions ['ros']
[0.606s] Level 1:colcon.colcon_core.package_identification:_identify(Week2_lab) by extension 'ros'
[0.607s] DEBUG:colcon.colcon_core.package_identification:Package 'Week2_lab' with type 'ros.ament_python' and name 'Week2_lab'
[0.607s] Level 1:colcon.colcon_core.package_identification:_identify(build) by extensions ['ignore', 'ignore_ament_install']
[0.607s] Level 1:colcon.colcon_core.package_identification:_identify(build) by extension 'ignore'
[0.607s] Level 1:colcon.colcon_core.package_identification:_identify(build) ignored
[0.607s] Level 1:colcon.colcon_core.package_identification:_identify(example_codes) by extensions ['ignore', 'ignore_ament_install']
[0.607s] Level 1:colcon.colcon_core.package_identification:_identify(example_codes) by extension 'ignore'
[0.607s] Level 1:colcon.colcon_core.package_identification:_identify(example_codes) by extension 'ignore_ament_install'
[0.608s] Level 1:colcon.colcon_core.package_identification:_identify(example_codes) by extensions ['colcon_pkg']
[0.608s] Level 1:colcon.colcon_core.package_identification:_identify(example_codes) by extension 'colcon_pkg'
[0.608s] Level 1:colcon.colcon_core.package_identification:_identify(example_codes) by extensions ['colcon_meta']
[0.608s] Level 1:colcon.colcon_core.package_identification:_identify(example_codes) by extension 'colcon_meta'
[0.608s] Level 1:colcon.colcon_core.package_identification:_identify(example_codes) by extensions ['ros']
[0.608s] Level 1:colcon.colcon_core.package_identification:_identify(example_codes) by extension 'ros'
[0.609s] DEBUG:colcon.colcon_core.package_identification:Package 'example_codes' with type 'ros.ament_python' and name 'example_codes'
[0.609s] Level 1:colcon.colcon_core.package_identification:_identify(install) by extensions ['ignore', 'ignore_ament_install']
[0.609s] Level 1:colcon.colcon_core.package_identification:_identify(install) by extension 'ignore'
[0.609s] Level 1:colcon.colcon_core.package_identification:_identify(install) ignored
[0.609s] Level 1:colcon.colcon_core.package_identification:_identify(limo_description) by extensions ['ignore', 'ignore_ament_install']
[0.609s] Level 1:colcon.colcon_core.package_identification:_identify(limo_description) by extension 'ignore'
[0.609s] Level 1:colcon.colcon_core.package_identification:_identify(limo_description) by extension 'ignore_ament_install'
[0.609s] Level 1:colcon.colcon_core.package_identification:_identify(limo_description) by extensions ['colcon_pkg']
[0.609s] Level 1:colcon.colcon_core.package_identification:_identify(limo_description) by extension 'colcon_pkg'
[0.610s] Level 1:colcon.colcon_core.package_identification:_identify(limo_description) by extensions ['colcon_meta']
[0.610s] Level 1:colcon.colcon_core.package_identification:_identify(limo_description) by extension 'colcon_meta'
[0.610s] Level 1:colcon.colcon_core.package_identification:_identify(limo_description) by extensions ['ros']
[0.610s] Level 1:colcon.colcon_core.package_identification:_identify(limo_description) by extension 'ros'
[0.611s] DEBUG:colcon.colcon_core.package_identification:Package 'limo_description' with type 'ros.ament_cmake' and name 'limo_description'
[0.611s] Level 1:colcon.colcon_core.package_identification:_identify(limo_gazebosim) by extensions ['ignore', 'ignore_ament_install']
[0.611s] Level 1:colcon.colcon_core.package_identification:_identify(limo_gazebosim) by extension 'ignore'
[0.611s] Level 1:colcon.colcon_core.package_identification:_identify(limo_gazebosim) by extension 'ignore_ament_install'
[0.612s] Level 1:colcon.colcon_core.package_identification:_identify(limo_gazebosim) by extensions ['colcon_pkg']
[0.612s] Level 1:colcon.colcon_core.package_identification:_identify(limo_gazebosim) by extension 'colcon_pkg'
[0.612s] Level 1:colcon.colcon_core.package_identification:_identify(limo_gazebosim) by extensions ['colcon_meta']
[0.612s] Level 1:colcon.colcon_core.package_identification:_identify(limo_gazebosim) by extension 'colcon_meta'
[0.612s] Level 1:colcon.colcon_core.package_identification:_identify(limo_gazebosim) by extensions ['ros']
[0.612s] Level 1:colcon.colcon_core.package_identification:_identify(limo_gazebosim) by extension 'ros'
[0.613s] DEBUG:colcon.colcon_core.package_identification:Package 'limo_gazebosim' with type 'ros.ament_cmake' and name 'limo_gazebosim'
[0.613s] Level 1:colcon.colcon_core.package_identification:_identify(limo_msgs) by extensions ['ignore', 'ignore_ament_install']
[0.613s] Level 1:colcon.colcon_core.package_identification:_identify(limo_msgs) by extension 'ignore'
[0.613s] Level 1:colcon.colcon_core.package_identification:_identify(limo_msgs) by extension 'ignore_ament_install'
[0.613s] Level 1:colcon.colcon_core.package_identification:_identify(limo_msgs) by extensions ['colcon_pkg']
[0.613s] Level 1:colcon.colcon_core.package_identification:_identify(limo_msgs) by extension 'colcon_pkg'
[0.613s] Level 1:colcon.colcon_core.package_identification:_identify(limo_msgs) by extensions ['colcon_meta']
[0.613s] Level 1:colcon.colcon_core.package_identification:_identify(limo_msgs) by extension 'colcon_meta'
[0.614s] Level 1:colcon.colcon_core.package_identification:_identify(limo_msgs) by extensions ['ros']
[0.614s] Level 1:colcon.colcon_core.package_identification:_identify(limo_msgs) by extension 'ros'
[0.615s] DEBUG:colcon.colcon_core.package_identification:Package 'limo_msgs' with type 'ros.ament_cmake' and name 'limo_msgs'
[0.615s] Level 1:colcon.colcon_core.package_identification:_identify(log) by extensions ['ignore', 'ignore_ament_install']
[0.615s] Level 1:colcon.colcon_core.package_identification:_identify(log) by extension 'ignore'
[0.615s] Level 1:colcon.colcon_core.package_identification:_identify(log) ignored
[0.615s] Level 1:colcon.colcon_core.package_identification:_identify(trajectory_referee) by extensions ['ignore', 'ignore_ament_install']
[0.616s] Level 1:colcon.colcon_core.package_identification:_identify(trajectory_referee) by extension 'ignore'
[0.616s] Level 1:colcon.colcon_core.package_identification:_identify(trajectory_referee) by extension 'ignore_ament_install'
[0.616s] Level 1:colcon.colcon_core.package_identification:_identify(trajectory_referee) by extensions ['colcon_pkg']
[0.616s] Level 1:colcon.colcon_core.package_identification:_identify(trajectory_referee) by extension 'colcon_pkg'
[0.616s] Level 1:colcon.colcon_core.package_identification:_identify(trajectory_referee) by extensions ['colcon_meta']
[0.616s] Level 1:colcon.colcon_core.package_identification:_identify(trajectory_referee) by extension 'colcon_meta'
[0.616s] Level 1:colcon.colcon_core.package_identification:_identify(trajectory_referee) by extensions ['ros']
[0.616s] Level 1:colcon.colcon_core.package_identification:_identify(trajectory_referee) by extension 'ros'
[0.624s] DEBUG:colcon.colcon_core.package_identification:Package 'trajectory_referee' with type 'ros.ament_python' and name 'trajectory_referee'
[0.624s] Level 1:colcon.colcon_core.package_identification:_identify(trajectory_skeleton) by extensions ['ignore', 'ignore_ament_install']
[0.624s] Level 1:colcon.colcon_core.package_identification:_identify(trajectory_skeleton) by extension 'ignore'
[0.624s] Level 1:colcon.colcon_core.package_identification:_identify(trajectory_skeleton) by extension 'ignore_ament_install'
[0.625s] Level 1:colcon.colcon_core.package_identification:_identify(trajectory_skeleton) by extensions ['colcon_pkg']
[0.625s] Level 1:colcon.colcon_core.package_identification:_identify(trajectory_skeleton) by extension 'colcon_pkg'
[0.625s] Level 1:colcon.colcon_core.package_identification:_identify(trajectory_skeleton) by extensions ['colcon_meta']
[0.625s] Level 1:colcon.colcon_core.package_identification:_identify(trajectory_skeleton) by extension 'colcon_meta'
[0.625s] Level 1:colcon.colcon_core.package_identification:_identify(trajectory_skeleton) by extensions ['ros']
[0.625s] Level 1:colcon.colcon_core.package_identification:_identify(trajectory_skeleton) by extension 'ros'
[0.626s] DEBUG:colcon.colcon_core.package_identification:Package 'trajectory_skeleton' with type 'ros.ament_python' and name 'trajectory_skeleton'
[0.626s] Level 1:colcon.colcon_core.package_discovery:discover_packages(recursive) using defaults
[0.626s] Level 1:colcon.colcon_core.package_discovery:discover_packages(ignore) discover
[0.626s] Level 1:colcon.colcon_core.package_discovery:discover_packages(ignore) using defaults
[0.626s] Level 1:colcon.colcon_core.package_discovery:discover_packages(path) discover
[0.626s] Level 1:colcon.colcon_core.package_discovery:discover_packages(path) using defaults
[0.653s] INFO:colcon.colcon_core.package_selection:Skipping not selected package 'KV6022_assessment' in 'KV6022_assessment'
[0.653s] INFO:colcon.colcon_core.package_selection:Skipping not selected package 'example_codes' in 'example_codes'
[0.653s] INFO:colcon.colcon_core.package_selection:Skipping not selected package 'limo_description' in 'limo_description'
[0.653s] INFO:colcon.colcon_core.package_selection:Skipping not selected package 'limo_msgs' in 'limo_msgs'
[0.654s] INFO:colcon.colcon_core.package_selection:Skipping not selected package 'trajectory_referee' in 'trajectory_referee'
[0.654s] INFO:colcon.colcon_core.package_selection:Skipping not selected package 'trajectory_skeleton' in 'trajectory_skeleton'
[0.654s] INFO:colcon.colcon_core.package_selection:Skipping not selected package 'limo_gazebosim' in 'limo_gazebosim'
[0.654s] Level 1:colcon.colcon_core.package_discovery:discover_packages(prefix_path) check parameters
[0.655s] Level 1:colcon.colcon_core.package_discovery:discover_packages(prefix_path) discover
[0.663s] DEBUG:colcon.colcon_installed_package_information.package_discovery:Found 408 installed packages in /opt/ros/humble
[0.666s] Level 1:colcon.colcon_core.package_discovery:discover_packages(prefix_path) using defaults
[0.764s] Level 5:colcon.colcon_core.verb:set package 'Week2_lab' build argument 'cmake_args' from command line to 'None'
[0.764s] Level 5:colcon.colcon_core.verb:set package 'Week2_lab' build argument 'cmake_target' from command line to 'None'
[0.764s] Level 5:colcon.colcon_core.verb:set package 'Week2_lab' build argument 'cmake_target_skip_unavailable' from command line to 'False'
[0.764s] Level 5:colcon.colcon_core.verb:set package 'Week2_lab' build argument 'cmake_clean_cache' from command line to 'False'
[0.764s] Level 5:colcon.colcon_core.verb:set package 'Week2_lab' build argument 'cmake_clean_first' from command line to 'False'
[0.764s] Level 5:colcon.colcon_core.verb:set package 'Week2_lab' build argument 'cmake_force_configure' from command line to 'False'
[0.764s] Level 5:colcon.colcon_core.verb:set package 'Week2_lab' build argument 'ament_cmake_args' from command line to 'None'
[0.764s] Level 5:colcon.colcon_core.verb:set package 'Week2_lab' build argument 'catkin_cmake_args' from command line to 'None'
[0.764s] Level 5:colcon.colcon_core.verb:set package 'Week2_lab' build argument 'catkin_skip_building_tests' from command line to 'False'
[0.765s] DEBUG:colcon.colcon_core.verb:Building package 'Week2_lab' with the following arguments: {'ament_cmake_args': None, 'build_base': '/home/ben/KV6022_limo_ros2/src/build/Week2_lab', 'catkin_cmake_args': None, 'catkin_skip_building_tests': False, 'cmake_args': None, 'cmake_clean_cache': False, 'cmake_clean_first': False, 'cmake_force_configure': False, 'cmake_target': None, 'cmake_target_skip_unavailable': False, 'install_base': '/home/ben/KV6022_limo_ros2/src/install/Week2_lab', 'merge_install': False, 'path': '/home/ben/KV6022_limo_ros2/src/Week2_lab', 'symlink_install': True, 'test_result_base': None}
[0.765s] INFO:colcon.colcon_core.executor:Executing jobs using 'parallel' executor
[0.768s] DEBUG:colcon.colcon_parallel_executor.executor.parallel:run_until_complete
[0.768s] INFO:colcon.colcon_ros.task.ament_python.build:Building ROS package in '/home/ben/KV6022_limo_ros2/src/Week2_lab' with build type 'ament_python'
[0.769s] Level 1:colcon.colcon_core.shell:create_environment_hook('Week2_lab', 'ament_prefix_path')
[0.773s] INFO:colcon.colcon_core.plugin_system:Skipping extension 'colcon_core.shell.bat': Not used on non-Windows systems
[0.773s] INFO:colcon.colcon_core.shell:Creating environment hook '/home/ben/KV6022_limo_ros2/src/install/Week2_lab/share/Week2_lab/hook/ament_prefix_path.ps1'
[0.774s] INFO:colcon.colcon_core.shell:Creating environment descriptor '/home/ben/KV6022_limo_ros2/src/install/Week2_lab/share/Week2_lab/hook/ament_prefix_path.dsv'
[0.775s] INFO:colcon.colcon_core.shell:Creating environment hook '/home/ben/KV6022_limo_ros2/src/install/Week2_lab/share/Week2_lab/hook/ament_prefix_path.sh'
[0.775s] INFO:colcon.colcon_core.shell:Skip shell extension 'powershell' for command environment: Not usable outside of PowerShell
[0.775s] DEBUG:colcon.colcon_core.shell:Skip shell extension 'dsv' for command environment
[1.313s] INFO:colcon.colcon_core.task.python.build:Building Python package in '/home/ben/KV6022_limo_ros2/src/Week2_lab'
[1.313s] INFO:colcon.colcon_core.shell:Skip shell extension 'powershell' for command environment: Not usable outside of PowerShell
[1.313s] DEBUG:colcon.colcon_core.shell:Skip shell extension 'dsv' for command environment
[2.007s] DEBUG:colcon.colcon_core.task.python.build:Available setuptools commands: easy_install, bdist, compile_catalog, install_scripts, bdist_rpm, sdist, test, bdist_dumb, build_ext, symlink_data, install_data, upload, upload_docs, rotate, install, setopt, clean, install_headers, build, build_scripts, build_clib, install_egg_info, build_py, develop, update_catalog, check, extract_messages, init_catalog, saveopts, alias, egg_info, install_lib, dist_info, register, bdist_egg
[2.561s] DEBUG:colcon.colcon_core.task.python.build:Available setuptools 'develop' options: --install-layout, --dry-run, --verbose, --user, --no-user-cfg, --index-url, --multi-version, --local-snapshots-ok, --install-dir, --find-links, --egg-path, --no-find-links, --editable, --upgrade, --always-copy, --help, --site-dirs, --record, --force-installation-into-system-dir, --script-dir, --allow-hosts, --exclude-scripts, --always-unzip, --build-directory, --no-deps, --quiet, --zip-ok, --optimize, --uninstall, --version, --prefix
[2.567s] DEBUG:colcon.colcon_core.event_handler.log_command:Invoking command in '/home/ben/KV6022_limo_ros2/src/build/Week2_lab': CONDA_PROMPT_MODIFIER=(ros2) PYTHONPATH=/home/ben/KV6022_limo_ros2/src/build/Week2_lab/prefix_override:/usr/lib/python3/dist-packages/colcon_core/task/python/colcon_distutils_commands:/home/ben/KV6022_limo_ros2/src/install/Week2_lab/lib/python3.10/site-packages:${PYTHONPATH} /usr/bin/python3 -W ignore:setup.py install is deprecated -W ignore:easy_install command is deprecated setup.py develop --editable --build-directory /home/ben/KV6022_limo_ros2/src/build/Week2_lab/build --no-deps symlink_data
[3.623s] Level 1:colcon.colcon_core.shell:create_environment_hook('Week2_lab', 'pythonpath_develop')
[3.624s] INFO:colcon.colcon_core.shell:Creating environment hook '/home/ben/KV6022_limo_ros2/src/build/Week2_lab/share/Week2_lab/hook/pythonpath_develop.ps1'
[3.624s] DEBUG:colcon.colcon_core.event_handler.log_command:Invoked command in '/home/ben/KV6022_limo_ros2/src/build/Week2_lab' returned '0': CONDA_PROMPT_MODIFIER=(ros2) PYTHONPATH=/home/ben/KV6022_limo_ros2/src/build/Week2_lab/prefix_override:/usr/lib/python3/dist-packages/colcon_core/task/python/colcon_distutils_commands:/home/ben/KV6022_limo_ros2/src/install/Week2_lab/lib/python3.10/site-packages:${PYTHONPATH} /usr/bin/python3 -W ignore:setup.py install is deprecated -W ignore:easy_install command is deprecated setup.py develop --editable --build-directory /home/ben/KV6022_limo_ros2/src/build/Week2_lab/build --no-deps symlink_data
[3.625s] INFO:colcon.colcon_core.shell:Creating environment descriptor '/home/ben/KV6022_limo_ros2/src/build/Week2_lab/share/Week2_lab/hook/pythonpath_develop.dsv'
[3.626s] INFO:colcon.colcon_core.shell:Creating environment hook '/home/ben/KV6022_limo_ros2/src/build/Week2_lab/share/Week2_lab/hook/pythonpath_develop.sh'
[3.633s] Level 1:colcon.colcon_core.environment:checking '/home/ben/KV6022_limo_ros2/src/install/Week2_lab' for CMake module files
[3.634s] Level 1:colcon.colcon_core.environment:checking '/home/ben/KV6022_limo_ros2/src/install/Week2_lab' for CMake config files
[3.635s] Level 1:colcon.colcon_core.environment:checking '/home/ben/KV6022_limo_ros2/src/install/Week2_lab/lib'
[3.635s] Level 1:colcon.colcon_core.environment:checking '/home/ben/KV6022_limo_ros2/src/install/Week2_lab/bin'
[3.636s] Level 1:colcon.colcon_core.environment:checking '/home/ben/KV6022_limo_ros2/src/install/Week2_lab/lib/pkgconfig/Week2_lab.pc'
[3.636s] Level 1:colcon.colcon_core.environment:checking '/home/ben/KV6022_limo_ros2/src/install/Week2_lab/lib/python3.10/site-packages'
[3.636s] Level 1:colcon.colcon_core.shell:create_environment_hook('Week2_lab', 'pythonpath')
[3.636s] INFO:colcon.colcon_core.shell:Creating environment hook '/home/ben/KV6022_limo_ros2/src/install/Week2_lab/share/Week2_lab/hook/pythonpath.ps1'
[3.637s] INFO:colcon.colcon_core.shell:Creating environment descriptor '/home/ben/KV6022_limo_ros2/src/install/Week2_lab/share/Week2_lab/hook/pythonpath.dsv'
[3.637s] INFO:colcon.colcon_core.shell:Creating environment hook '/home/ben/KV6022_limo_ros2/src/install/Week2_lab/share/Week2_lab/hook/pythonpath.sh'
[3.638s] Level 1:colcon.colcon_core.environment:checking '/home/ben/KV6022_limo_ros2/src/install/Week2_lab/bin'
[3.638s] Level 1:colcon.colcon_core.environment:create_environment_scripts_only(Week2_lab)
[3.638s] INFO:colcon.colcon_core.shell:Creating package script '/home/ben/KV6022_limo_ros2/src/install/Week2_lab/share/Week2_lab/package.ps1'
[3.639s] INFO:colcon.colcon_core.shell:Creating package descriptor '/home/ben/KV6022_limo_ros2/src/install/Week2_lab/share/Week2_lab/package.dsv'
[3.640s] INFO:colcon.colcon_core.shell:Creating package script '/home/ben/KV6022_limo_ros2/src/install/Week2_lab/share/Week2_lab/package.sh'
[3.642s] INFO:colcon.colcon_core.shell:Creating package script '/home/ben/KV6022_limo_ros2/src/install/Week2_lab/share/Week2_lab/package.bash'
[3.642s] INFO:colcon.colcon_core.shell:Creating package script '/home/ben/KV6022_limo_ros2/src/install/Week2_lab/share/Week2_lab/package.zsh'
[3.643s] Level 1:colcon.colcon_core.environment:create_file_with_runtime_dependencies(/home/ben/KV6022_limo_ros2/src/install/Week2_lab/share/colcon-core/packages/Week2_lab)
[3.644s] DEBUG:colcon.colcon_parallel_executor.executor.parallel:closing loop
[3.644s] DEBUG:colcon.colcon_parallel_executor.executor.parallel:loop closed
[3.644s] DEBUG:colcon.colcon_parallel_executor.executor.parallel:run_until_complete finished with '0'
[3.644s] DEBUG:colcon.colcon_core.event_reactor:joining thread
[3.667s] INFO:colcon.colcon_core.plugin_system:Skipping extension 'colcon_notification.desktop_notification.terminal_notifier': Not used on non-Darwin systems
[3.667s] INFO:colcon.colcon_core.plugin_system:Skipping extension 'colcon_notification.desktop_notification.win32': Not used on non-Windows systems
[3.667s] INFO:colcon.colcon_notification.desktop_notification:Sending desktop notification using 'notify2'
[3.668s] DEBUG:colcon.colcon_notification.desktop_notification.notify2:Failed to initialize notify2: org.freedesktop.DBus.Error.FileNotFound: Failed to connect to socket /run/user/1000/bus: No such file or directory
[3.668s] DEBUG:colcon.colcon_core.event_reactor:joined thread
[3.668s] INFO:colcon.colcon_core.shell:Creating prefix script '/home/ben/KV6022_limo_ros2/src/install/local_setup.ps1'
[3.669s] INFO:colcon.colcon_core.shell:Creating prefix util module '/home/ben/KV6022_limo_ros2/src/install/_local_setup_util_ps1.py'
[3.670s] INFO:colcon.colcon_core.shell:Creating prefix chain script '/home/ben/KV6022_limo_ros2/src/install/setup.ps1'
[3.671s] INFO:colcon.colcon_core.shell:Creating prefix script '/home/ben/KV6022_limo_ros2/src/install/local_setup.sh'
[3.672s] INFO:colcon.colcon_core.shell:Creating prefix util module '/home/ben/KV6022_limo_ros2/src/install/_local_setup_util_sh.py'
[3.673s] INFO:colcon.colcon_core.shell:Creating prefix chain script '/home/ben/KV6022_limo_ros2/src/install/setup.sh'
[3.673s] INFO:colcon.colcon_core.shell:Creating prefix script '/home/ben/KV6022_limo_ros2/src/install/local_setup.bash'
[3.674s] INFO:colcon.colcon_core.shell:Creating prefix chain script '/home/ben/KV6022_limo_ros2/src/install/setup.bash'
[3.675s] INFO:colcon.colcon_core.shell:Creating prefix script '/home/ben/KV6022_limo_ros2/src/install/local_setup.zsh'
[3.676s] INFO:colcon.colcon_core.shell:Creating prefix chain script '/home/ben/KV6022_limo_ros2/src/install/setup.zsh'
