Built target ament_cmake_python_symlink_limo_gazebosim
running egg_info
writing limo_gazebosim.egg-info/PKG-INFO
writing dependency_links to limo_gazebosim.egg-info/dependency_links.txt
writing top-level names to limo_gazebosim.egg-info/top_level.txt
reading manifest file 'limo_gazebosim.egg-info/SOURCES.txt'
writing manifest file 'limo_gazebosim.egg-info/SOURCES.txt'
Built target ament_cmake_python_build_limo_gazebosim_egg
-- Install configuration: ""
-- Execute custom install script
-- Up-to-date symlink: /home/ben/KV6022_limo_ros2/install/limo_gazebosim/share/limo_gazebosim/launch/limo_gazebo_ackerman_drive.launch.py
-- Up-to-date symlink: /home/ben/KV6022_limo_ros2/install/limo_gazebosim/share/limo_gazebosim/launch/limo_gazebo_assessment.launch.py
-- Up-to-date symlink: /home/ben/KV6022_limo_ros2/install/limo_gazebosim/share/limo_gazebosim/launch/limo_gazebo_diff.launch.py
-- Up-to-date symlink: /home/ben/KV6022_limo_ros2/install/limo_gazebosim/share/limo_gazebosim/launch/limo_gazebo_mecanum_drive.launch.py
-- Up-to-date symlink: /home/ben/KV6022_limo_ros2/install/limo_gazebosim/share/limo_gazebosim/launch/limo_gazebo_track_drive.launch.py
-- Up-to-date symlink: /home/ben/KV6022_limo_ros2/install/limo_gazebosim/share/limo_gazebosim/rviz/urdf.rviz
-- Up-to-date symlink: /home/ben/KV6022_limo_ros2/install/limo_gazebosim/share/limo_gazebosim/worlds/potholes.world
-- Up-to-date symlink: /home/ben/KV6022_limo_ros2/install/limo_gazebosim/share/limo_gazebosim/worlds/potholes_simple.world
-- Up-to-date symlink: /home/ben/KV6022_limo_ros2/install/limo_gazebosim/share/limo_gazebosim/worlds/simple.world
-- Up-to-date symlink: /home/ben/KV6022_limo_ros2/install/limo_gazebosim/share/limo_gazebosim/worlds/simulation_table.world
-- Up-to-date symlink: /home/ben/KV6022_limo_ros2/install/limo_gazebosim/share/limo_gazebosim/worlds/simulation_table_small.world
-- Up-to-date symlink: /home/ben/KV6022_limo_ros2/install/limo_gazebosim/share/limo_gazebosim/worlds/simulation_table_with_obstacles.world
-- Up-to-date symlink: /home/ben/KV6022_limo_ros2/install/limo_gazebosim/share/limo_gazebosim/models/Apriltag36_11_00000/materials/scripts/Apriltag.material
-- Up-to-date symlink: /home/ben/KV6022_limo_ros2/install/limo_gazebosim/share/limo_gazebosim/models/Apriltag36_11_00000/materials/textures/tag36_11_00000.png
-- Up-to-date symlink: /home/ben/KV6022_limo_ros2/install/limo_gazebosim/share/limo_gazebosim/models/Apriltag36_11_00000/meshes/tag36_11_00000.dae
-- Up-to-date symlink: /home/ben/KV6022_limo_ros2/install/limo_gazebosim/share/limo_gazebosim/models/Apriltag36_11_00000/model.config
-- Up-to-date symlink: /home/ben/KV6022_limo_ros2/install/limo_gazebosim/share/limo_gazebosim/models/Apriltag36_11_00000/model.sdf
-- Up-to-date symlink: /home/ben/KV6022_limo_ros2/install/limo_gazebosim/share/limo_gazebosim/models/Apriltag36_11_00001/materials/scripts/Apriltag.material
-- Up-to-date symlink: /home/ben/KV6022_limo_ros2/install/limo_gazebosim/share/limo_gazebosim/models/Apriltag36_11_00001/materials/textures/tag36_11_00001.png
-- Up-to-date symlink: /home/ben/KV6022_limo_ros2/install/limo_gazebosim/share/limo_gazebosim/models/Apriltag36_11_00001/model.config
-- Up-to-date symlink: /home/ben/KV6022_limo_ros2/install/limo_gazebosim/share/limo_gazebosim/models/Apriltag36_11_00001/model.sdf
-- Up-to-date symlink: /home/ben/KV6022_limo_ros2/install/limo_gazebosim/share/limo_gazebosim/models/Apriltag36_11_00002/materials/scripts/Apriltag.material
-- Up-to-date symlink: /home/ben/KV6022_limo_ros2/install/limo_gazebosim/share/limo_gazebosim/models/Apriltag36_11_00002/materials/textures/tag36_11_00002.png
-- Up-to-date symlink: /home/ben/KV6022_limo_ros2/install/limo_gazebosim/share/limo_gazebosim/models/Apriltag36_11_00002/model.config
-- Up-to-date symlink: /home/ben/KV6022_limo_ros2/install/limo_gazebosim/share/limo_gazebosim/models/Apriltag36_11_00002/model.sdf
-- Up-to-date symlink: /home/ben/KV6022_limo_ros2/install/limo_gazebosim/share/limo_gazebosim/models/Apriltag36_11_00003/materials/scripts/Apriltag.material
-- Up-to-date symlink: /home/ben/KV6022_limo_ros2/install/limo_gazebosim/share/limo_gazebosim/models/Apriltag36_11_00003/materials/textures/tag36_11_00003.png
-- Up-to-date symlink: /home/ben/KV6022_limo_ros2/install/limo_gazebosim/share/limo_gazebosim/models/Apriltag36_11_00003/model.config
-- Up-to-date symlink: /home/ben/KV6022_limo_ros2/install/limo_gazebosim/share/limo_gazebosim/models/Apriltag36_11_00003/model.sdf
-- Up-to-date symlink: /home/ben/KV6022_limo_ros2/install/limo_gazebosim/share/limo_gazebosim/models/potholes/materials/scripts/potholes.material
-- Up-to-date symlink: /home/ben/KV6022_limo_ros2/install/limo_gazebosim/share/limo_gazebosim/models/potholes/materials/textures/background_potholes.png
-- Up-to-date symlink: /home/ben/KV6022_limo_ros2/install/limo_gazebosim/share/limo_gazebosim/models/potholes/model.config
-- Up-to-date symlink: /home/ben/KV6022_limo_ros2/install/limo_gazebosim/share/limo_gazebosim/models/potholes/model.sdf
-- Up-to-date symlink: /home/ben/KV6022_limo_ros2/install/limo_gazebosim/share/limo_gazebosim/models/potholes_simple/materials/scripts/potholes_simple.material
-- Up-to-date symlink: /home/ben/KV6022_limo_ros2/install/limo_gazebosim/share/limo_gazebosim/models/potholes_simple/materials/textures/background_potholes_simple.png
-- Up-to-date symlink: /home/ben/KV6022_limo_ros2/install/limo_gazebosim/share/limo_gazebosim/models/potholes_simple/model.config
-- Up-to-date symlink: /home/ben/KV6022_limo_ros2/install/limo_gazebosim/share/limo_gazebosim/models/potholes_simple/model.sdf
-- Up-to-date symlink: /home/ben/KV6022_limo_ros2/install/limo_gazebosim/share/limo_gazebosim/models/simple.stl
-- Up-to-date symlink: /home/ben/KV6022_limo_ros2/install/limo_gazebosim/share/limo_gazebosim/models/simulation_table/materials/scripts/simulation_table.material
-- Up-to-date symlink: /home/ben/KV6022_limo_ros2/install/limo_gazebosim/share/limo_gazebosim/models/simulation_table/materials/textures/background (copy).png
-- Up-to-date symlink: /home/ben/KV6022_limo_ros2/install/limo_gazebosim/share/limo_gazebosim/models/simulation_table/materials/textures/background.png
-- Up-to-date symlink: /home/ben/KV6022_limo_ros2/install/limo_gazebosim/share/limo_gazebosim/models/simulation_table/materials/textures/background_low.png
-- Up-to-date symlink: /home/ben/KV6022_limo_ros2/install/limo_gazebosim/share/limo_gazebosim/models/simulation_table/materials/textures/simulation_table_vector.svg
-- Up-to-date symlink: /home/ben/KV6022_limo_ros2/install/limo_gazebosim/share/limo_gazebosim/models/simulation_table/model.config
-- Up-to-date symlink: /home/ben/KV6022_limo_ros2/install/limo_gazebosim/share/limo_gazebosim/models/simulation_table/model.sdf
-- Up-to-date symlink: /home/ben/KV6022_limo_ros2/install/limo_gazebosim/share/limo_gazebosim/models/simulation_table_small/materials/scripts/simulation_table_small.material
-- Up-to-date symlink: /home/ben/KV6022_limo_ros2/install/limo_gazebosim/share/limo_gazebosim/models/simulation_table_small/materials/textures/background_small.png
-- Up-to-date symlink: /home/ben/KV6022_limo_ros2/install/limo_gazebosim/share/limo_gazebosim/models/simulation_table_small/model.config
-- Up-to-date symlink: /home/ben/KV6022_limo_ros2/install/limo_gazebosim/share/limo_gazebosim/models/simulation_table_small/model.sdf
-- Up-to-date symlink: /home/ben/KV6022_limo_ros2/install/limo_gazebosim/share/limo_gazebosim/models/simulation_table_with_obstacles/materials/scripts/simulation_table.material
-- Up-to-date symlink: /home/ben/KV6022_limo_ros2/install/limo_gazebosim/share/limo_gazebosim/models/simulation_table_with_obstacles/materials/textures/background (copy).png
-- Up-to-date symlink: /home/ben/KV6022_limo_ros2/install/limo_gazebosim/share/limo_gazebosim/models/simulation_table_with_obstacles/materials/textures/background.png
-- Up-to-date symlink: /home/ben/KV6022_limo_ros2/install/limo_gazebosim/share/limo_gazebosim/models/simulation_table_with_obstacles/materials/textures/background_low.png
-- Up-to-date symlink: /home/ben/KV6022_limo_ros2/install/limo_gazebosim/share/limo_gazebosim/models/simulation_table_with_obstacles/materials/textures/simulation_table_vector.svg
-- Up-to-date symlink: /home/ben/KV6022_limo_ros2/install/limo_gazebosim/share/limo_gazebosim/models/simulation_table_with_obstacles/model.config
-- Up-to-date symlink: /home/ben/KV6022_limo_ros2/install/limo_gazebosim/share/limo_gazebosim/models/simulation_table_with_obstacles/model.sdf
-- Up-to-date symlink: /home/ben/KV6022_limo_ros2/install/limo_gazebosim/share/limo_gazebosim/environment/pythonpath.sh
-- Up-to-date symlink: /home/ben/KV6022_limo_ros2/install/limo_gazebosim/share/limo_gazebosim/environment/pythonpath.dsv
-- Up-to-date symlink: /home/ben/KV6022_limo_ros2/install/limo_gazebosim/lib/python3.10/site-packages/limo_gazebosim-0.0.0-py3.10.egg-info/PKG-INFO
-- Up-to-date symlink: /home/ben/KV6022_limo_ros2/install/limo_gazebosim/lib/python3.10/site-packages/limo_gazebosim-0.0.0-py3.10.egg-info/SOURCES.txt
-- Up-to-date symlink: /home/ben/KV6022_limo_ros2/install/limo_gazebosim/lib/python3.10/site-packages/limo_gazebosim-0.0.0-py3.10.egg-info/dependency_links.txt
-- Up-to-date symlink: /home/ben/KV6022_limo_ros2/install/limo_gazebosim/lib/python3.10/site-packages/limo_gazebosim-0.0.0-py3.10.egg-info/top_level.txt
-- Up-to-date symlink: /home/ben/KV6022_limo_ros2/install/limo_gazebosim/lib/python3.10/site-packages/limo_gazebosim/__init__.py
-- Up-to-date symlink: /home/ben/KV6022_limo_ros2/install/limo_gazebosim/lib/limo_gazebosim/twist_watchdog.py
-- Up-to-date symlink: /home/ben/KV6022_limo_ros2/install/limo_gazebosim/share/ament_index/resource_index/package_run_dependencies/limo_gazebosim
-- Up-to-date symlink: /home/ben/KV6022_limo_ros2/install/limo_gazebosim/share/ament_index/resource_index/parent_prefix_path/limo_gazebosim
-- Up-to-date symlink: /home/ben/KV6022_limo_ros2/install/limo_gazebosim/share/limo_gazebosim/environment/ament_prefix_path.sh
-- Up-to-date symlink: /home/ben/KV6022_limo_ros2/install/limo_gazebosim/share/limo_gazebosim/environment/ament_prefix_path.dsv
-- Up-to-date symlink: /home/ben/KV6022_limo_ros2/install/limo_gazebosim/share/limo_gazebosim/environment/path.sh
-- Up-to-date symlink: /home/ben/KV6022_limo_ros2/install/limo_gazebosim/share/limo_gazebosim/environment/path.dsv
-- Up-to-date symlink: /home/ben/KV6022_limo_ros2/install/limo_gazebosim/share/limo_gazebosim/local_setup.bash
-- Up-to-date symlink: /home/ben/KV6022_limo_ros2/install/limo_gazebosim/share/limo_gazebosim/local_setup.sh
-- Up-to-date symlink: /home/ben/KV6022_limo_ros2/install/limo_gazebosim/share/limo_gazebosim/local_setup.zsh
-- Up-to-date symlink: /home/ben/KV6022_limo_ros2/install/limo_gazebosim/share/limo_gazebosim/local_setup.dsv
-- Symlinking: /home/ben/KV6022_limo_ros2/install/limo_gazebosim/share/limo_gazebosim/package.dsv
-- Up-to-date symlink: /home/ben/KV6022_limo_ros2/install/limo_gazebosim/share/ament_index/resource_index/packages/limo_gazebosim
-- Up-to-date symlink: /home/ben/KV6022_limo_ros2/install/limo_gazebosim/share/limo_gazebosim/cmake/limo_gazebosimConfig.cmake
-- Up-to-date symlink: /home/ben/KV6022_limo_ros2/install/limo_gazebosim/share/limo_gazebosim/cmake/limo_gazebosimConfig-version.cmake
-- Up-to-date symlink: /home/ben/KV6022_limo_ros2/install/limo_gazebosim/share/limo_gazebosim/package.xml
Listing '/home/ben/KV6022_limo_ros2/install/limo_gazebosim/lib/python3.10/site-packages/limo_gazebosim'...
