[0.240s] DEBUG:colcon:Command line arguments: ['/usr/bin/colcon', 'build']
[0.240s] DEBUG:colcon:Parsed command line arguments: Namespace(log_base=None, log_level=None, verb_name='build', build_base='build', install_base='install', merge_install=False, symlink_install=False, test_result_base=None, continue_on_error=False, executor='parallel', parallel_workers=8, event_handlers=None, ignore_user_meta=False, metas=['./colcon.meta'], base_paths=['.'], packages_ignore=None, packages_ignore_regex=None, paths=None, packages_up_to=None, packages_up_to_regex=None, packages_above=None, packages_above_and_dependencies=None, packages_above_depth=None, packages_select_by_dep=None, packages_skip_by_dep=None, packages_skip_up_to=None, packages_select_build_failed=False, packages_skip_build_finished=False, packages_select_test_failures=False, packages_skip_test_passed=False, packages_select=None, packages_skip=None, packages_select_regex=None, packages_skip_regex=None, packages_start=None, packages_end=None, allow_overriding=[], cmake_args=None, cmake_target=None, cmake_target_skip_unavailable=False, cmake_clean_cache=False, cmake_clean_first=False, cmake_force_configure=False, ament_cmake_args=None, catkin_cmake_args=None, catkin_skip_building_tests=False, mixin_files=None, mixin=None, verb_parser=<colcon_mixin.mixin.mixin_argument.MixinArgumentDecorator object at 0x73970bd8c400>, verb_extension=<colcon_core.verb.build.BuildVerb object at 0x73970bd5fcd0>, main=<bound method BuildVerb.main of <colcon_core.verb.build.BuildVerb object at 0x73970bd5fcd0>>, mixin_verb=('build',))
[0.601s] Level 1:colcon.colcon_core.package_discovery:discover_packages(colcon_meta) check parameters
[0.602s] Level 1:colcon.colcon_core.package_discovery:discover_packages(recursive) check parameters
[0.602s] Level 1:colcon.colcon_core.package_discovery:discover_packages(ignore) check parameters
[0.602s] Level 1:colcon.colcon_core.package_discovery:discover_packages(path) check parameters
[0.602s] Level 1:colcon.colcon_core.package_discovery:discover_packages(colcon_meta) discover
[0.602s] Level 1:colcon.colcon_core.package_discovery:discover_packages(recursive) discover
[0.602s] INFO:colcon.colcon_core.package_discovery:Crawling recursively for packages in '/home/ben/KV6022_limo_ros2'
[0.602s] Level 1:colcon.colcon_core.package_identification:_identify(.) by extensions ['ignore', 'ignore_ament_install']
[0.602s] Level 1:colcon.colcon_core.package_identification:_identify(.) by extension 'ignore'
[0.602s] Level 1:colcon.colcon_core.package_identification:_identify(.) by extension 'ignore_ament_install'
[0.602s] Level 1:colcon.colcon_core.package_identification:_identify(.) by extensions ['colcon_pkg']
[0.603s] Level 1:colcon.colcon_core.package_identification:_identify(.) by extension 'colcon_pkg'
[0.603s] Level 1:colcon.colcon_core.package_identification:_identify(.) by extensions ['colcon_meta']
[0.603s] Level 1:colcon.colcon_core.package_identification:_identify(.) by extension 'colcon_meta'
[0.603s] Level 1:colcon.colcon_core.package_identification:_identify(.) by extensions ['ros']
[0.603s] Level 1:colcon.colcon_core.package_identification:_identify(.) by extension 'ros'
[0.631s] Level 1:colcon.colcon_core.package_identification:_identify(.) by extensions ['cmake', 'python']
[0.631s] Level 1:colcon.colcon_core.package_identification:_identify(.) by extension 'cmake'
[0.631s] Level 1:colcon.colcon_core.package_identification:_identify(.) by extension 'python'
[0.632s] Level 1:colcon.colcon_core.package_identification:_identify(.) by extensions ['python_setup_py']
[0.632s] Level 1:colcon.colcon_core.package_identification:_identify(.) by extension 'python_setup_py'
[0.632s] Level 1:colcon.colcon_core.package_identification:_identify(build) by extensions ['ignore', 'ignore_ament_install']
[0.632s] Level 1:colcon.colcon_core.package_identification:_identify(build) by extension 'ignore'
[0.632s] Level 1:colcon.colcon_core.package_identification:_identify(build) ignored
[0.633s] Level 1:colcon.colcon_core.package_identification:_identify(install) by extensions ['ignore', 'ignore_ament_install']
[0.633s] Level 1:colcon.colcon_core.package_identification:_identify(install) by extension 'ignore'
[0.633s] Level 1:colcon.colcon_core.package_identification:_identify(install) ignored
[0.633s] Level 1:colcon.colcon_core.package_identification:_identify(log) by extensions ['ignore', 'ignore_ament_install']
[0.633s] Level 1:colcon.colcon_core.package_identification:_identify(log) by extension 'ignore'
[0.633s] Level 1:colcon.colcon_core.package_identification:_identify(log) ignored
[0.633s] Level 1:colcon.colcon_core.package_identification:_identify(src) by extensions ['ignore', 'ignore_ament_install']
[0.633s] Level 1:colcon.colcon_core.package_identification:_identify(src) by extension 'ignore'
[0.633s] Level 1:colcon.colcon_core.package_identification:_identify(src) by extension 'ignore_ament_install'
[0.634s] Level 1:colcon.colcon_core.package_identification:_identify(src) by extensions ['colcon_pkg']
[0.634s] Level 1:colcon.colcon_core.package_identification:_identify(src) by extension 'colcon_pkg'
[0.634s] Level 1:colcon.colcon_core.package_identification:_identify(src) by extensions ['colcon_meta']
[0.634s] Level 1:colcon.colcon_core.package_identification:_identify(src) by extension 'colcon_meta'
[0.634s] Level 1:colcon.colcon_core.package_identification:_identify(src) by extensions ['ros']
[0.634s] Level 1:colcon.colcon_core.package_identification:_identify(src) by extension 'ros'
[0.634s] Level 1:colcon.colcon_core.package_identification:_identify(src) by extensions ['cmake', 'python']
[0.634s] Level 1:colcon.colcon_core.package_identification:_identify(src) by extension 'cmake'
[0.634s] Level 1:colcon.colcon_core.package_identification:_identify(src) by extension 'python'
[0.634s] Level 1:colcon.colcon_core.package_identification:_identify(src) by extensions ['python_setup_py']
[0.634s] Level 1:colcon.colcon_core.package_identification:_identify(src) by extension 'python_setup_py'
[0.635s] Level 1:colcon.colcon_core.package_identification:_identify(src/KV6022_assessment) by extensions ['ignore', 'ignore_ament_install']
[0.635s] Level 1:colcon.colcon_core.package_identification:_identify(src/KV6022_assessment) by extension 'ignore'
[0.635s] Level 1:colcon.colcon_core.package_identification:_identify(src/KV6022_assessment) by extension 'ignore_ament_install'
[0.635s] Level 1:colcon.colcon_core.package_identification:_identify(src/KV6022_assessment) by extensions ['colcon_pkg']
[0.635s] Level 1:colcon.colcon_core.package_identification:_identify(src/KV6022_assessment) by extension 'colcon_pkg'
[0.635s] Level 1:colcon.colcon_core.package_identification:_identify(src/KV6022_assessment) by extensions ['colcon_meta']
[0.635s] Level 1:colcon.colcon_core.package_identification:_identify(src/KV6022_assessment) by extension 'colcon_meta'
[0.635s] Level 1:colcon.colcon_core.package_identification:_identify(src/KV6022_assessment) by extensions ['ros']
[0.635s] Level 1:colcon.colcon_core.package_identification:_identify(src/KV6022_assessment) by extension 'ros'
[0.638s] DEBUG:colcon.colcon_core.package_identification:Package 'src/KV6022_assessment' with type 'ros.ament_python' and name 'KV6022_assessment'
[0.639s] Level 1:colcon.colcon_core.package_identification:_identify(src/Week2_lab) by extensions ['ignore', 'ignore_ament_install']
[0.639s] Level 1:colcon.colcon_core.package_identification:_identify(src/Week2_lab) by extension 'ignore'
[0.639s] Level 1:colcon.colcon_core.package_identification:_identify(src/Week2_lab) by extension 'ignore_ament_install'
[0.639s] Level 1:colcon.colcon_core.package_identification:_identify(src/Week2_lab) by extensions ['colcon_pkg']
[0.640s] Level 1:colcon.colcon_core.package_identification:_identify(src/Week2_lab) by extension 'colcon_pkg'
[0.640s] Level 1:colcon.colcon_core.package_identification:_identify(src/Week2_lab) by extensions ['colcon_meta']
[0.640s] Level 1:colcon.colcon_core.package_identification:_identify(src/Week2_lab) by extension 'colcon_meta'
[0.640s] Level 1:colcon.colcon_core.package_identification:_identify(src/Week2_lab) by extensions ['ros']
[0.640s] Level 1:colcon.colcon_core.package_identification:_identify(src/Week2_lab) by extension 'ros'
[0.641s] DEBUG:colcon.colcon_core.package_identification:Package 'src/Week2_lab' with type 'ros.ament_python' and name 'Week2_lab'
[0.641s] Level 1:colcon.colcon_core.package_identification:_identify(src/build) by extensions ['ignore', 'ignore_ament_install']
[0.641s] Level 1:colcon.colcon_core.package_identification:_identify(src/build) by extension 'ignore'
[0.641s] Level 1:colcon.colcon_core.package_identification:_identify(src/build) ignored
[0.642s] Level 1:colcon.colcon_core.package_identification:_identify(src/example_codes) by extensions ['ignore', 'ignore_ament_install']
[0.642s] Level 1:colcon.colcon_core.package_identification:_identify(src/example_codes) by extension 'ignore'
[0.642s] Level 1:colcon.colcon_core.package_identification:_identify(src/example_codes) by extension 'ignore_ament_install'
[0.642s] Level 1:colcon.colcon_core.package_identification:_identify(src/example_codes) by extensions ['colcon_pkg']
[0.642s] Level 1:colcon.colcon_core.package_identification:_identify(src/example_codes) by extension 'colcon_pkg'
[0.642s] Level 1:colcon.colcon_core.package_identification:_identify(src/example_codes) by extensions ['colcon_meta']
[0.642s] Level 1:colcon.colcon_core.package_identification:_identify(src/example_codes) by extension 'colcon_meta'
[0.642s] Level 1:colcon.colcon_core.package_identification:_identify(src/example_codes) by extensions ['ros']
[0.642s] Level 1:colcon.colcon_core.package_identification:_identify(src/example_codes) by extension 'ros'
[0.652s] DEBUG:colcon.colcon_core.package_identification:Package 'src/example_codes' with type 'ros.ament_python' and name 'example_codes'
[0.652s] Level 1:colcon.colcon_core.package_identification:_identify(src/install) by extensions ['ignore', 'ignore_ament_install']
[0.652s] Level 1:colcon.colcon_core.package_identification:_identify(src/install) by extension 'ignore'
[0.653s] Level 1:colcon.colcon_core.package_identification:_identify(src/install) ignored
[0.653s] Level 1:colcon.colcon_core.package_identification:_identify(src/limo_description) by extensions ['ignore', 'ignore_ament_install']
[0.653s] Level 1:colcon.colcon_core.package_identification:_identify(src/limo_description) by extension 'ignore'
[0.653s] Level 1:colcon.colcon_core.package_identification:_identify(src/limo_description) by extension 'ignore_ament_install'
[0.653s] Level 1:colcon.colcon_core.package_identification:_identify(src/limo_description) by extensions ['colcon_pkg']
[0.653s] Level 1:colcon.colcon_core.package_identification:_identify(src/limo_description) by extension 'colcon_pkg'
[0.653s] Level 1:colcon.colcon_core.package_identification:_identify(src/limo_description) by extensions ['colcon_meta']
[0.653s] Level 1:colcon.colcon_core.package_identification:_identify(src/limo_description) by extension 'colcon_meta'
[0.653s] Level 1:colcon.colcon_core.package_identification:_identify(src/limo_description) by extensions ['ros']
[0.653s] Level 1:colcon.colcon_core.package_identification:_identify(src/limo_description) by extension 'ros'
[0.654s] DEBUG:colcon.colcon_core.package_identification:Package 'src/limo_description' with type 'ros.ament_cmake' and name 'limo_description'
[0.655s] Level 1:colcon.colcon_core.package_identification:_identify(src/limo_gazebosim) by extensions ['ignore', 'ignore_ament_install']
[0.655s] Level 1:colcon.colcon_core.package_identification:_identify(src/limo_gazebosim) by extension 'ignore'
[0.655s] Level 1:colcon.colcon_core.package_identification:_identify(src/limo_gazebosim) by extension 'ignore_ament_install'
[0.655s] Level 1:colcon.colcon_core.package_identification:_identify(src/limo_gazebosim) by extensions ['colcon_pkg']
[0.655s] Level 1:colcon.colcon_core.package_identification:_identify(src/limo_gazebosim) by extension 'colcon_pkg'
[0.655s] Level 1:colcon.colcon_core.package_identification:_identify(src/limo_gazebosim) by extensions ['colcon_meta']
[0.655s] Level 1:colcon.colcon_core.package_identification:_identify(src/limo_gazebosim) by extension 'colcon_meta'
[0.655s] Level 1:colcon.colcon_core.package_identification:_identify(src/limo_gazebosim) by extensions ['ros']
[0.655s] Level 1:colcon.colcon_core.package_identification:_identify(src/limo_gazebosim) by extension 'ros'
[0.656s] DEBUG:colcon.colcon_core.package_identification:Package 'src/limo_gazebosim' with type 'ros.ament_cmake' and name 'limo_gazebosim'
[0.657s] Level 1:colcon.colcon_core.package_identification:_identify(src/limo_msgs) by extensions ['ignore', 'ignore_ament_install']
[0.657s] Level 1:colcon.colcon_core.package_identification:_identify(src/limo_msgs) by extension 'ignore'
[0.657s] Level 1:colcon.colcon_core.package_identification:_identify(src/limo_msgs) by extension 'ignore_ament_install'
[0.657s] Level 1:colcon.colcon_core.package_identification:_identify(src/limo_msgs) by extensions ['colcon_pkg']
[0.657s] Level 1:colcon.colcon_core.package_identification:_identify(src/limo_msgs) by extension 'colcon_pkg'
[0.657s] Level 1:colcon.colcon_core.package_identification:_identify(src/limo_msgs) by extensions ['colcon_meta']
[0.657s] Level 1:colcon.colcon_core.package_identification:_identify(src/limo_msgs) by extension 'colcon_meta'
[0.657s] Level 1:colcon.colcon_core.package_identification:_identify(src/limo_msgs) by extensions ['ros']
[0.657s] Level 1:colcon.colcon_core.package_identification:_identify(src/limo_msgs) by extension 'ros'
[0.658s] DEBUG:colcon.colcon_core.package_identification:Package 'src/limo_msgs' with type 'ros.ament_cmake' and name 'limo_msgs'
[0.658s] Level 1:colcon.colcon_core.package_identification:_identify(src/log) by extensions ['ignore', 'ignore_ament_install']
[0.658s] Level 1:colcon.colcon_core.package_identification:_identify(src/log) by extension 'ignore'
[0.658s] Level 1:colcon.colcon_core.package_identification:_identify(src/log) ignored
[0.658s] Level 1:colcon.colcon_core.package_identification:_identify(src/trajectory_referee) by extensions ['ignore', 'ignore_ament_install']
[0.658s] Level 1:colcon.colcon_core.package_identification:_identify(src/trajectory_referee) by extension 'ignore'
[0.659s] Level 1:colcon.colcon_core.package_identification:_identify(src/trajectory_referee) by extension 'ignore_ament_install'
[0.659s] Level 1:colcon.colcon_core.package_identification:_identify(src/trajectory_referee) by extensions ['colcon_pkg']
[0.659s] Level 1:colcon.colcon_core.package_identification:_identify(src/trajectory_referee) by extension 'colcon_pkg'
[0.659s] Level 1:colcon.colcon_core.package_identification:_identify(src/trajectory_referee) by extensions ['colcon_meta']
[0.659s] Level 1:colcon.colcon_core.package_identification:_identify(src/trajectory_referee) by extension 'colcon_meta'
[0.659s] Level 1:colcon.colcon_core.package_identification:_identify(src/trajectory_referee) by extensions ['ros']
[0.659s] Level 1:colcon.colcon_core.package_identification:_identify(src/trajectory_referee) by extension 'ros'
[0.660s] DEBUG:colcon.colcon_core.package_identification:Package 'src/trajectory_referee' with type 'ros.ament_python' and name 'trajectory_referee'
[0.661s] Level 1:colcon.colcon_core.package_identification:_identify(src/trajectory_skeleton) by extensions ['ignore', 'ignore_ament_install']
[0.661s] Level 1:colcon.colcon_core.package_identification:_identify(src/trajectory_skeleton) by extension 'ignore'
[0.661s] Level 1:colcon.colcon_core.package_identification:_identify(src/trajectory_skeleton) by extension 'ignore_ament_install'
[0.661s] Level 1:colcon.colcon_core.package_identification:_identify(src/trajectory_skeleton) by extensions ['colcon_pkg']
[0.661s] Level 1:colcon.colcon_core.package_identification:_identify(src/trajectory_skeleton) by extension 'colcon_pkg'
[0.661s] Level 1:colcon.colcon_core.package_identification:_identify(src/trajectory_skeleton) by extensions ['colcon_meta']
[0.661s] Level 1:colcon.colcon_core.package_identification:_identify(src/trajectory_skeleton) by extension 'colcon_meta'
[0.661s] Level 1:colcon.colcon_core.package_identification:_identify(src/trajectory_skeleton) by extensions ['ros']
[0.661s] Level 1:colcon.colcon_core.package_identification:_identify(src/trajectory_skeleton) by extension 'ros'
[0.662s] DEBUG:colcon.colcon_core.package_identification:Package 'src/trajectory_skeleton' with type 'ros.ament_python' and name 'trajectory_skeleton'
[0.662s] Level 1:colcon.colcon_core.package_identification:_identify(wiki_images) by extensions ['ignore', 'ignore_ament_install']
[0.662s] Level 1:colcon.colcon_core.package_identification:_identify(wiki_images) by extension 'ignore'
[0.662s] Level 1:colcon.colcon_core.package_identification:_identify(wiki_images) by extension 'ignore_ament_install'
[0.662s] Level 1:colcon.colcon_core.package_identification:_identify(wiki_images) by extensions ['colcon_pkg']
[0.662s] Level 1:colcon.colcon_core.package_identification:_identify(wiki_images) by extension 'colcon_pkg'
[0.663s] Level 1:colcon.colcon_core.package_identification:_identify(wiki_images) by extensions ['colcon_meta']
[0.663s] Level 1:colcon.colcon_core.package_identification:_identify(wiki_images) by extension 'colcon_meta'
[0.663s] Level 1:colcon.colcon_core.package_identification:_identify(wiki_images) by extensions ['ros']
[0.663s] Level 1:colcon.colcon_core.package_identification:_identify(wiki_images) by extension 'ros'
[0.663s] Level 1:colcon.colcon_core.package_identification:_identify(wiki_images) by extensions ['cmake', 'python']
[0.663s] Level 1:colcon.colcon_core.package_identification:_identify(wiki_images) by extension 'cmake'
[0.663s] Level 1:colcon.colcon_core.package_identification:_identify(wiki_images) by extension 'python'
[0.663s] Level 1:colcon.colcon_core.package_identification:_identify(wiki_images) by extensions ['python_setup_py']
[0.663s] Level 1:colcon.colcon_core.package_identification:_identify(wiki_images) by extension 'python_setup_py'
[0.663s] Level 1:colcon.colcon_core.package_discovery:discover_packages(recursive) using defaults
[0.663s] Level 1:colcon.colcon_core.package_discovery:discover_packages(ignore) discover
[0.663s] Level 1:colcon.colcon_core.package_discovery:discover_packages(ignore) using defaults
[0.663s] Level 1:colcon.colcon_core.package_discovery:discover_packages(path) discover
[0.664s] Level 1:colcon.colcon_core.package_discovery:discover_packages(path) using defaults
[0.697s] Level 1:colcon.colcon_core.package_discovery:discover_packages(prefix_path) check parameters
[0.697s] Level 1:colcon.colcon_core.package_discovery:discover_packages(prefix_path) discover
[0.705s] DEBUG:colcon.colcon_installed_package_information.package_discovery:Found 8 installed packages in /home/ben/KV6022_limo_ros2/install
[0.712s] DEBUG:colcon.colcon_installed_package_information.package_discovery:Found 408 installed packages in /opt/ros/humble
[0.715s] Level 1:colcon.colcon_core.package_discovery:discover_packages(prefix_path) using defaults
[0.818s] Level 5:colcon.colcon_core.verb:set package 'KV6022_assessment' build argument 'cmake_args' from command line to 'None'
[0.819s] Level 5:colcon.colcon_core.verb:set package 'KV6022_assessment' build argument 'cmake_target' from command line to 'None'
[0.819s] Level 5:colcon.colcon_core.verb:set package 'KV6022_assessment' build argument 'cmake_target_skip_unavailable' from command line to 'False'
[0.819s] Level 5:colcon.colcon_core.verb:set package 'KV6022_assessment' build argument 'cmake_clean_cache' from command line to 'False'
[0.819s] Level 5:colcon.colcon_core.verb:set package 'KV6022_assessment' build argument 'cmake_clean_first' from command line to 'False'
[0.819s] Level 5:colcon.colcon_core.verb:set package 'KV6022_assessment' build argument 'cmake_force_configure' from command line to 'False'
[0.819s] Level 5:colcon.colcon_core.verb:set package 'KV6022_assessment' build argument 'ament_cmake_args' from command line to 'None'
[0.819s] Level 5:colcon.colcon_core.verb:set package 'KV6022_assessment' build argument 'catkin_cmake_args' from command line to 'None'
[0.819s] Level 5:colcon.colcon_core.verb:set package 'KV6022_assessment' build argument 'catkin_skip_building_tests' from command line to 'False'
[0.819s] DEBUG:colcon.colcon_core.verb:Building package 'KV6022_assessment' with the following arguments: {'ament_cmake_args': None, 'build_base': '/home/ben/KV6022_limo_ros2/build/KV6022_assessment', 'catkin_cmake_args': None, 'catkin_skip_building_tests': False, 'cmake_args': None, 'cmake_clean_cache': False, 'cmake_clean_first': False, 'cmake_force_configure': False, 'cmake_target': None, 'cmake_target_skip_unavailable': False, 'install_base': '/home/ben/KV6022_limo_ros2/install/KV6022_assessment', 'merge_install': False, 'path': '/home/ben/KV6022_limo_ros2/src/KV6022_assessment', 'symlink_install': False, 'test_result_base': None}
[0.819s] Level 5:colcon.colcon_core.verb:set package 'Week2_lab' build argument 'cmake_args' from command line to 'None'
[0.819s] Level 5:colcon.colcon_core.verb:set package 'Week2_lab' build argument 'cmake_target' from command line to 'None'
[0.819s] Level 5:colcon.colcon_core.verb:set package 'Week2_lab' build argument 'cmake_target_skip_unavailable' from command line to 'False'
[0.820s] Level 5:colcon.colcon_core.verb:set package 'Week2_lab' build argument 'cmake_clean_cache' from command line to 'False'
[0.820s] Level 5:colcon.colcon_core.verb:set package 'Week2_lab' build argument 'cmake_clean_first' from command line to 'False'
[0.820s] Level 5:colcon.colcon_core.verb:set package 'Week2_lab' build argument 'cmake_force_configure' from command line to 'False'
[0.820s] Level 5:colcon.colcon_core.verb:set package 'Week2_lab' build argument 'ament_cmake_args' from command line to 'None'
[0.820s] Level 5:colcon.colcon_core.verb:set package 'Week2_lab' build argument 'catkin_cmake_args' from command line to 'None'
[0.820s] Level 5:colcon.colcon_core.verb:set package 'Week2_lab' build argument 'catkin_skip_building_tests' from command line to 'False'
[0.820s] DEBUG:colcon.colcon_core.verb:Building package 'Week2_lab' with the following arguments: {'ament_cmake_args': None, 'build_base': '/home/ben/KV6022_limo_ros2/build/Week2_lab', 'catkin_cmake_args': None, 'catkin_skip_building_tests': False, 'cmake_args': None, 'cmake_clean_cache': False, 'cmake_clean_first': False, 'cmake_force_configure': False, 'cmake_target': None, 'cmake_target_skip_unavailable': False, 'install_base': '/home/ben/KV6022_limo_ros2/install/Week2_lab', 'merge_install': False, 'path': '/home/ben/KV6022_limo_ros2/src/Week2_lab', 'symlink_install': False, 'test_result_base': None}
[0.820s] Level 5:colcon.colcon_core.verb:set package 'example_codes' build argument 'cmake_args' from command line to 'None'
[0.820s] Level 5:colcon.colcon_core.verb:set package 'example_codes' build argument 'cmake_target' from command line to 'None'
[0.820s] Level 5:colcon.colcon_core.verb:set package 'example_codes' build argument 'cmake_target_skip_unavailable' from command line to 'False'
[0.820s] Level 5:colcon.colcon_core.verb:set package 'example_codes' build argument 'cmake_clean_cache' from command line to 'False'
[0.820s] Level 5:colcon.colcon_core.verb:set package 'example_codes' build argument 'cmake_clean_first' from command line to 'False'
[0.820s] Level 5:colcon.colcon_core.verb:set package 'example_codes' build argument 'cmake_force_configure' from command line to 'False'
[0.820s] Level 5:colcon.colcon_core.verb:set package 'example_codes' build argument 'ament_cmake_args' from command line to 'None'
[0.820s] Level 5:colcon.colcon_core.verb:set package 'example_codes' build argument 'catkin_cmake_args' from command line to 'None'
[0.821s] Level 5:colcon.colcon_core.verb:set package 'example_codes' build argument 'catkin_skip_building_tests' from command line to 'False'
[0.821s] DEBUG:colcon.colcon_core.verb:Building package 'example_codes' with the following arguments: {'ament_cmake_args': None, 'build_base': '/home/ben/KV6022_limo_ros2/build/example_codes', 'catkin_cmake_args': None, 'catkin_skip_building_tests': False, 'cmake_args': None, 'cmake_clean_cache': False, 'cmake_clean_first': False, 'cmake_force_configure': False, 'cmake_target': None, 'cmake_target_skip_unavailable': False, 'install_base': '/home/ben/KV6022_limo_ros2/install/example_codes', 'merge_install': False, 'path': '/home/ben/KV6022_limo_ros2/src/example_codes', 'symlink_install': False, 'test_result_base': None}
[0.821s] Level 5:colcon.colcon_core.verb:set package 'limo_description' build argument 'cmake_args' from command line to 'None'
[0.821s] Level 5:colcon.colcon_core.verb:set package 'limo_description' build argument 'cmake_target' from command line to 'None'
[0.821s] Level 5:colcon.colcon_core.verb:set package 'limo_description' build argument 'cmake_target_skip_unavailable' from command line to 'False'
[0.821s] Level 5:colcon.colcon_core.verb:set package 'limo_description' build argument 'cmake_clean_cache' from command line to 'False'
[0.821s] Level 5:colcon.colcon_core.verb:set package 'limo_description' build argument 'cmake_clean_first' from command line to 'False'
[0.821s] Level 5:colcon.colcon_core.verb:set package 'limo_description' build argument 'cmake_force_configure' from command line to 'False'
[0.821s] Level 5:colcon.colcon_core.verb:set package 'limo_description' build argument 'ament_cmake_args' from command line to 'None'
[0.821s] Level 5:colcon.colcon_core.verb:set package 'limo_description' build argument 'catkin_cmake_args' from command line to 'None'
[0.821s] Level 5:colcon.colcon_core.verb:set package 'limo_description' build argument 'catkin_skip_building_tests' from command line to 'False'
[0.821s] DEBUG:colcon.colcon_core.verb:Building package 'limo_description' with the following arguments: {'ament_cmake_args': None, 'build_base': '/home/ben/KV6022_limo_ros2/build/limo_description', 'catkin_cmake_args': None, 'catkin_skip_building_tests': False, 'cmake_args': None, 'cmake_clean_cache': False, 'cmake_clean_first': False, 'cmake_force_configure': False, 'cmake_target': None, 'cmake_target_skip_unavailable': False, 'install_base': '/home/ben/KV6022_limo_ros2/install/limo_description', 'merge_install': False, 'path': '/home/ben/KV6022_limo_ros2/src/limo_description', 'symlink_install': False, 'test_result_base': None}
[0.822s] Level 5:colcon.colcon_core.verb:set package 'limo_msgs' build argument 'cmake_args' from command line to 'None'
[0.822s] Level 5:colcon.colcon_core.verb:set package 'limo_msgs' build argument 'cmake_target' from command line to 'None'
[0.822s] Level 5:colcon.colcon_core.verb:set package 'limo_msgs' build argument 'cmake_target_skip_unavailable' from command line to 'False'
[0.822s] Level 5:colcon.colcon_core.verb:set package 'limo_msgs' build argument 'cmake_clean_cache' from command line to 'False'
[0.822s] Level 5:colcon.colcon_core.verb:set package 'limo_msgs' build argument 'cmake_clean_first' from command line to 'False'
[0.822s] Level 5:colcon.colcon_core.verb:set package 'limo_msgs' build argument 'cmake_force_configure' from command line to 'False'
[0.822s] Level 5:colcon.colcon_core.verb:set package 'limo_msgs' build argument 'ament_cmake_args' from command line to 'None'
[0.822s] Level 5:colcon.colcon_core.verb:set package 'limo_msgs' build argument 'catkin_cmake_args' from command line to 'None'
[0.822s] Level 5:colcon.colcon_core.verb:set package 'limo_msgs' build argument 'catkin_skip_building_tests' from command line to 'False'
[0.822s] DEBUG:colcon.colcon_core.verb:Building package 'limo_msgs' with the following arguments: {'ament_cmake_args': None, 'build_base': '/home/ben/KV6022_limo_ros2/build/limo_msgs', 'catkin_cmake_args': None, 'catkin_skip_building_tests': False, 'cmake_args': None, 'cmake_clean_cache': False, 'cmake_clean_first': False, 'cmake_force_configure': False, 'cmake_target': None, 'cmake_target_skip_unavailable': False, 'install_base': '/home/ben/KV6022_limo_ros2/install/limo_msgs', 'merge_install': False, 'path': '/home/ben/KV6022_limo_ros2/src/limo_msgs', 'symlink_install': False, 'test_result_base': None}
[0.822s] Level 5:colcon.colcon_core.verb:set package 'trajectory_referee' build argument 'cmake_args' from command line to 'None'
[0.822s] Level 5:colcon.colcon_core.verb:set package 'trajectory_referee' build argument 'cmake_target' from command line to 'None'
[0.823s] Level 5:colcon.colcon_core.verb:set package 'trajectory_referee' build argument 'cmake_target_skip_unavailable' from command line to 'False'
[0.823s] Level 5:colcon.colcon_core.verb:set package 'trajectory_referee' build argument 'cmake_clean_cache' from command line to 'False'
[0.823s] Level 5:colcon.colcon_core.verb:set package 'trajectory_referee' build argument 'cmake_clean_first' from command line to 'False'
[0.823s] Level 5:colcon.colcon_core.verb:set package 'trajectory_referee' build argument 'cmake_force_configure' from command line to 'False'
[0.823s] Level 5:colcon.colcon_core.verb:set package 'trajectory_referee' build argument 'ament_cmake_args' from command line to 'None'
[0.823s] Level 5:colcon.colcon_core.verb:set package 'trajectory_referee' build argument 'catkin_cmake_args' from command line to 'None'
[0.823s] Level 5:colcon.colcon_core.verb:set package 'trajectory_referee' build argument 'catkin_skip_building_tests' from command line to 'False'
[0.823s] DEBUG:colcon.colcon_core.verb:Building package 'trajectory_referee' with the following arguments: {'ament_cmake_args': None, 'build_base': '/home/ben/KV6022_limo_ros2/build/trajectory_referee', 'catkin_cmake_args': None, 'catkin_skip_building_tests': False, 'cmake_args': None, 'cmake_clean_cache': False, 'cmake_clean_first': False, 'cmake_force_configure': False, 'cmake_target': None, 'cmake_target_skip_unavailable': False, 'install_base': '/home/ben/KV6022_limo_ros2/install/trajectory_referee', 'merge_install': False, 'path': '/home/ben/KV6022_limo_ros2/src/trajectory_referee', 'symlink_install': False, 'test_result_base': None}
[0.823s] Level 5:colcon.colcon_core.verb:set package 'trajectory_skeleton' build argument 'cmake_args' from command line to 'None'
[0.823s] Level 5:colcon.colcon_core.verb:set package 'trajectory_skeleton' build argument 'cmake_target' from command line to 'None'
[0.823s] Level 5:colcon.colcon_core.verb:set package 'trajectory_skeleton' build argument 'cmake_target_skip_unavailable' from command line to 'False'
[0.823s] Level 5:colcon.colcon_core.verb:set package 'trajectory_skeleton' build argument 'cmake_clean_cache' from command line to 'False'
[0.823s] Level 5:colcon.colcon_core.verb:set package 'trajectory_skeleton' build argument 'cmake_clean_first' from command line to 'False'
[0.823s] Level 5:colcon.colcon_core.verb:set package 'trajectory_skeleton' build argument 'cmake_force_configure' from command line to 'False'
[0.824s] Level 5:colcon.colcon_core.verb:set package 'trajectory_skeleton' build argument 'ament_cmake_args' from command line to 'None'
[0.824s] Level 5:colcon.colcon_core.verb:set package 'trajectory_skeleton' build argument 'catkin_cmake_args' from command line to 'None'
[0.824s] Level 5:colcon.colcon_core.verb:set package 'trajectory_skeleton' build argument 'catkin_skip_building_tests' from command line to 'False'
[0.824s] DEBUG:colcon.colcon_core.verb:Building package 'trajectory_skeleton' with the following arguments: {'ament_cmake_args': None, 'build_base': '/home/ben/KV6022_limo_ros2/build/trajectory_skeleton', 'catkin_cmake_args': None, 'catkin_skip_building_tests': False, 'cmake_args': None, 'cmake_clean_cache': False, 'cmake_clean_first': False, 'cmake_force_configure': False, 'cmake_target': None, 'cmake_target_skip_unavailable': False, 'install_base': '/home/ben/KV6022_limo_ros2/install/trajectory_skeleton', 'merge_install': False, 'path': '/home/ben/KV6022_limo_ros2/src/trajectory_skeleton', 'symlink_install': False, 'test_result_base': None}
[0.824s] Level 5:colcon.colcon_core.verb:set package 'limo_gazebosim' build argument 'cmake_args' from command line to 'None'
[0.824s] Level 5:colcon.colcon_core.verb:set package 'limo_gazebosim' build argument 'cmake_target' from command line to 'None'
[0.824s] Level 5:colcon.colcon_core.verb:set package 'limo_gazebosim' build argument 'cmake_target_skip_unavailable' from command line to 'False'
[0.824s] Level 5:colcon.colcon_core.verb:set package 'limo_gazebosim' build argument 'cmake_clean_cache' from command line to 'False'
[0.824s] Level 5:colcon.colcon_core.verb:set package 'limo_gazebosim' build argument 'cmake_clean_first' from command line to 'False'
[0.824s] Level 5:colcon.colcon_core.verb:set package 'limo_gazebosim' build argument 'cmake_force_configure' from command line to 'False'
[0.824s] Level 5:colcon.colcon_core.verb:set package 'limo_gazebosim' build argument 'ament_cmake_args' from command line to 'None'
[0.824s] Level 5:colcon.colcon_core.verb:set package 'limo_gazebosim' build argument 'catkin_cmake_args' from command line to 'None'
[0.824s] Level 5:colcon.colcon_core.verb:set package 'limo_gazebosim' build argument 'catkin_skip_building_tests' from command line to 'False'
[0.824s] DEBUG:colcon.colcon_core.verb:Building package 'limo_gazebosim' with the following arguments: {'ament_cmake_args': None, 'build_base': '/home/ben/KV6022_limo_ros2/build/limo_gazebosim', 'catkin_cmake_args': None, 'catkin_skip_building_tests': False, 'cmake_args': None, 'cmake_clean_cache': False, 'cmake_clean_first': False, 'cmake_force_configure': False, 'cmake_target': None, 'cmake_target_skip_unavailable': False, 'install_base': '/home/ben/KV6022_limo_ros2/install/limo_gazebosim', 'merge_install': False, 'path': '/home/ben/KV6022_limo_ros2/src/limo_gazebosim', 'symlink_install': False, 'test_result_base': None}
[0.825s] INFO:colcon.colcon_core.executor:Executing jobs using 'parallel' executor
[0.826s] DEBUG:colcon.colcon_parallel_executor.executor.parallel:run_until_complete
[0.828s] INFO:colcon.colcon_ros.task.ament_cmake.build:Building ROS package in '/home/ben/KV6022_limo_ros2/src/limo_description' with build type 'ament_cmake'
[0.828s] INFO:colcon.colcon_cmake.task.cmake.build:Building CMake package in '/home/ben/KV6022_limo_ros2/src/limo_description'
[0.835s] INFO:colcon.colcon_core.plugin_system:Skipping extension 'colcon_core.shell.bat': Not used on non-Windows systems
[0.836s] INFO:colcon.colcon_core.shell:Skip shell extension 'powershell' for command environment: Not usable outside of PowerShell
[0.836s] DEBUG:colcon.colcon_core.shell:Skip shell extension 'dsv' for command environment
[0.850s] INFO:colcon.colcon_ros.task.ament_cmake.build:Building ROS package in '/home/ben/KV6022_limo_ros2/src/limo_msgs' with build type 'ament_cmake'
[0.850s] INFO:colcon.colcon_cmake.task.cmake.build:Building CMake package in '/home/ben/KV6022_limo_ros2/src/limo_msgs'
[0.850s] INFO:colcon.colcon_core.shell:Skip shell extension 'powershell' for command environment: Not usable outside of PowerShell
[0.851s] DEBUG:colcon.colcon_core.shell:Skip shell extension 'dsv' for command environment
[0.865s] INFO:colcon.colcon_ros.task.ament_python.build:Building ROS package in '/home/ben/KV6022_limo_ros2/src/KV6022_assessment' with build type 'ament_python'
[0.865s] Level 1:colcon.colcon_core.shell:create_environment_hook('KV6022_assessment', 'ament_prefix_path')
[0.865s] INFO:colcon.colcon_core.shell:Creating environment hook '/home/ben/KV6022_limo_ros2/install/KV6022_assessment/share/KV6022_assessment/hook/ament_prefix_path.ps1'
[0.866s] INFO:colcon.colcon_core.shell:Creating environment descriptor '/home/ben/KV6022_limo_ros2/install/KV6022_assessment/share/KV6022_assessment/hook/ament_prefix_path.dsv'
[0.867s] INFO:colcon.colcon_core.shell:Creating environment hook '/home/ben/KV6022_limo_ros2/install/KV6022_assessment/share/KV6022_assessment/hook/ament_prefix_path.sh'
[0.868s] INFO:colcon.colcon_core.shell:Skip shell extension 'powershell' for command environment: Not usable outside of PowerShell
[0.868s] DEBUG:colcon.colcon_core.shell:Skip shell extension 'dsv' for command environment
[0.882s] INFO:colcon.colcon_ros.task.ament_python.build:Building ROS package in '/home/ben/KV6022_limo_ros2/src/Week2_lab' with build type 'ament_python'
[0.882s] Level 1:colcon.colcon_core.shell:create_environment_hook('Week2_lab', 'ament_prefix_path')
[0.883s] INFO:colcon.colcon_core.shell:Creating environment hook '/home/ben/KV6022_limo_ros2/install/Week2_lab/share/Week2_lab/hook/ament_prefix_path.ps1'
[0.884s] INFO:colcon.colcon_core.shell:Creating environment descriptor '/home/ben/KV6022_limo_ros2/install/Week2_lab/share/Week2_lab/hook/ament_prefix_path.dsv'
[0.885s] INFO:colcon.colcon_core.shell:Creating environment hook '/home/ben/KV6022_limo_ros2/install/Week2_lab/share/Week2_lab/hook/ament_prefix_path.sh'
[0.886s] INFO:colcon.colcon_core.shell:Skip shell extension 'powershell' for command environment: Not usable outside of PowerShell
[0.886s] DEBUG:colcon.colcon_core.shell:Skip shell extension 'dsv' for command environment
[0.901s] INFO:colcon.colcon_ros.task.ament_python.build:Building ROS package in '/home/ben/KV6022_limo_ros2/src/example_codes' with build type 'ament_python'
[0.901s] Level 1:colcon.colcon_core.shell:create_environment_hook('example_codes', 'ament_prefix_path')
[0.902s] INFO:colcon.colcon_core.shell:Creating environment hook '/home/ben/KV6022_limo_ros2/install/example_codes/share/example_codes/hook/ament_prefix_path.ps1'
[0.903s] INFO:colcon.colcon_core.shell:Creating environment descriptor '/home/ben/KV6022_limo_ros2/install/example_codes/share/example_codes/hook/ament_prefix_path.dsv'
[0.904s] INFO:colcon.colcon_core.shell:Creating environment hook '/home/ben/KV6022_limo_ros2/install/example_codes/share/example_codes/hook/ament_prefix_path.sh'
[0.905s] INFO:colcon.colcon_core.shell:Skip shell extension 'powershell' for command environment: Not usable outside of PowerShell
[0.905s] DEBUG:colcon.colcon_core.shell:Skip shell extension 'dsv' for command environment
[0.919s] INFO:colcon.colcon_ros.task.ament_python.build:Building ROS package in '/home/ben/KV6022_limo_ros2/src/trajectory_referee' with build type 'ament_python'
[0.919s] Level 1:colcon.colcon_core.shell:create_environment_hook('trajectory_referee', 'ament_prefix_path')
[0.919s] INFO:colcon.colcon_core.shell:Creating environment hook '/home/ben/KV6022_limo_ros2/install/trajectory_referee/share/trajectory_referee/hook/ament_prefix_path.ps1'
[0.920s] INFO:colcon.colcon_core.shell:Creating environment descriptor '/home/ben/KV6022_limo_ros2/install/trajectory_referee/share/trajectory_referee/hook/ament_prefix_path.dsv'
[0.921s] INFO:colcon.colcon_core.shell:Creating environment hook '/home/ben/KV6022_limo_ros2/install/trajectory_referee/share/trajectory_referee/hook/ament_prefix_path.sh'
[0.922s] INFO:colcon.colcon_core.shell:Skip shell extension 'powershell' for command environment: Not usable outside of PowerShell
[0.922s] DEBUG:colcon.colcon_core.shell:Skip shell extension 'dsv' for command environment
[0.936s] INFO:colcon.colcon_ros.task.ament_python.build:Building ROS package in '/home/ben/KV6022_limo_ros2/src/trajectory_skeleton' with build type 'ament_python'
[0.936s] Level 1:colcon.colcon_core.shell:create_environment_hook('trajectory_skeleton', 'ament_prefix_path')
[0.937s] INFO:colcon.colcon_core.shell:Creating environment hook '/home/ben/KV6022_limo_ros2/install/trajectory_skeleton/share/trajectory_skeleton/hook/ament_prefix_path.ps1'
[0.938s] INFO:colcon.colcon_core.shell:Creating environment descriptor '/home/ben/KV6022_limo_ros2/install/trajectory_skeleton/share/trajectory_skeleton/hook/ament_prefix_path.dsv'
[0.939s] INFO:colcon.colcon_core.shell:Creating environment hook '/home/ben/KV6022_limo_ros2/install/trajectory_skeleton/share/trajectory_skeleton/hook/ament_prefix_path.sh'
[0.940s] INFO:colcon.colcon_core.shell:Skip shell extension 'powershell' for command environment: Not usable outside of PowerShell
[0.940s] DEBUG:colcon.colcon_core.shell:Skip shell extension 'dsv' for command environment
[0.962s] DEBUG:colcon.colcon_core.event_handler.log_command:Invoking command in '/home/ben/KV6022_limo_ros2/build/limo_description': CMAKE_PREFIX_PATH=${CMAKE_PREFIX_PATH}:/home/ben/KV6022_limo_ros2/install/trajectory_skeleton:/home/ben/KV6022_limo_ros2/install/trajectory_referee:/home/ben/KV6022_limo_ros2/install/example_codes:/home/ben/KV6022_limo_ros2/install/Week2_lab:/home/ben/KV6022_limo_ros2/install/KV6022_assessment:/opt/ros/humble CONDA_PROMPT_MODIFIER=(ros2) /usr/bin/cmake --build /home/ben/KV6022_limo_ros2/build/limo_description -- -j8 -l8
[0.976s] DEBUG:colcon.colcon_core.event_handler.log_command:Invoking command in '/home/ben/KV6022_limo_ros2/build/limo_msgs': CMAKE_PREFIX_PATH=${CMAKE_PREFIX_PATH}:/home/ben/KV6022_limo_ros2/install/trajectory_skeleton:/home/ben/KV6022_limo_ros2/install/trajectory_referee:/home/ben/KV6022_limo_ros2/install/example_codes:/home/ben/KV6022_limo_ros2/install/Week2_lab:/home/ben/KV6022_limo_ros2/install/KV6022_assessment:/opt/ros/humble CONDA_PROMPT_MODIFIER=(ros2) /usr/bin/cmake --build /home/ben/KV6022_limo_ros2/build/limo_msgs -- -j8 -l8
[1.633s] INFO:colcon.colcon_core.task.python.build:Building Python package in '/home/ben/KV6022_limo_ros2/src/KV6022_assessment'
[1.634s] INFO:colcon.colcon_core.shell:Skip shell extension 'powershell' for command environment: Not usable outside of PowerShell
[1.634s] DEBUG:colcon.colcon_core.shell:Skip shell extension 'dsv' for command environment
[2.218s] INFO:colcon.colcon_core.task.python.build:Building Python package in '/home/ben/KV6022_limo_ros2/src/Week2_lab'
[2.218s] INFO:colcon.colcon_core.shell:Skip shell extension 'powershell' for command environment: Not usable outside of PowerShell
[2.218s] DEBUG:colcon.colcon_core.shell:Skip shell extension 'dsv' for command environment
[2.739s] INFO:colcon.colcon_core.task.python.build:Building Python package in '/home/ben/KV6022_limo_ros2/src/example_codes'
[2.740s] INFO:colcon.colcon_core.shell:Skip shell extension 'powershell' for command environment: Not usable outside of PowerShell
[2.740s] DEBUG:colcon.colcon_core.shell:Skip shell extension 'dsv' for command environment
[3.266s] INFO:colcon.colcon_core.task.python.build:Building Python package in '/home/ben/KV6022_limo_ros2/src/trajectory_referee'
[3.266s] INFO:colcon.colcon_core.shell:Skip shell extension 'powershell' for command environment: Not usable outside of PowerShell
[3.266s] DEBUG:colcon.colcon_core.shell:Skip shell extension 'dsv' for command environment
[3.303s] DEBUG:colcon.colcon_core.event_handler.log_command:Invoked command in '/home/ben/KV6022_limo_ros2/build/limo_description' returned '0': CMAKE_PREFIX_PATH=${CMAKE_PREFIX_PATH}:/home/ben/KV6022_limo_ros2/install/trajectory_skeleton:/home/ben/KV6022_limo_ros2/install/trajectory_referee:/home/ben/KV6022_limo_ros2/install/example_codes:/home/ben/KV6022_limo_ros2/install/Week2_lab:/home/ben/KV6022_limo_ros2/install/KV6022_assessment:/opt/ros/humble CONDA_PROMPT_MODIFIER=(ros2) /usr/bin/cmake --build /home/ben/KV6022_limo_ros2/build/limo_description -- -j8 -l8
[3.330s] DEBUG:colcon.colcon_core.event_handler.log_command:Invoking command in '/home/ben/KV6022_limo_ros2/build/limo_description': CMAKE_PREFIX_PATH=${CMAKE_PREFIX_PATH}:/home/ben/KV6022_limo_ros2/install/trajectory_skeleton:/home/ben/KV6022_limo_ros2/install/trajectory_referee:/home/ben/KV6022_limo_ros2/install/example_codes:/home/ben/KV6022_limo_ros2/install/Week2_lab:/home/ben/KV6022_limo_ros2/install/KV6022_assessment:/opt/ros/humble CONDA_PROMPT_MODIFIER=(ros2) /usr/bin/cmake --install /home/ben/KV6022_limo_ros2/build/limo_description
[3.340s] DEBUG:colcon.colcon_core.event_handler.log_command:Invoked command in '/home/ben/KV6022_limo_ros2/build/limo_msgs' returned '0': CMAKE_PREFIX_PATH=${CMAKE_PREFIX_PATH}:/home/ben/KV6022_limo_ros2/install/trajectory_skeleton:/home/ben/KV6022_limo_ros2/install/trajectory_referee:/home/ben/KV6022_limo_ros2/install/example_codes:/home/ben/KV6022_limo_ros2/install/Week2_lab:/home/ben/KV6022_limo_ros2/install/KV6022_assessment:/opt/ros/humble CONDA_PROMPT_MODIFIER=(ros2) /usr/bin/cmake --build /home/ben/KV6022_limo_ros2/build/limo_msgs -- -j8 -l8
[3.340s] DEBUG:colcon.colcon_core.event_handler.log_command:Invoking command in '/home/ben/KV6022_limo_ros2/build/limo_msgs': CMAKE_PREFIX_PATH=${CMAKE_PREFIX_PATH}:/home/ben/KV6022_limo_ros2/install/trajectory_skeleton:/home/ben/KV6022_limo_ros2/install/trajectory_referee:/home/ben/KV6022_limo_ros2/install/example_codes:/home/ben/KV6022_limo_ros2/install/Week2_lab:/home/ben/KV6022_limo_ros2/install/KV6022_assessment:/opt/ros/humble CONDA_PROMPT_MODIFIER=(ros2) /usr/bin/cmake --install /home/ben/KV6022_limo_ros2/build/limo_msgs
[3.871s] INFO:colcon.colcon_core.task.python.build:Building Python package in '/home/ben/KV6022_limo_ros2/src/trajectory_skeleton'
[3.871s] INFO:colcon.colcon_core.shell:Skip shell extension 'powershell' for command environment: Not usable outside of PowerShell
[3.872s] DEBUG:colcon.colcon_core.shell:Skip shell extension 'dsv' for command environment
[3.921s] Level 1:colcon.colcon_core.environment:create_environment_scripts_only(limo_msgs)
[3.937s] Level 1:colcon.colcon_core.environment:checking '/home/ben/KV6022_limo_ros2/install/limo_msgs' for CMake module files
[3.940s] Level 1:colcon.colcon_core.environment:checking '/home/ben/KV6022_limo_ros2/install/limo_msgs' for CMake config files
[3.944s] Level 1:colcon.colcon_core.shell:create_environment_hook('limo_msgs', 'cmake_prefix_path')
[3.944s] INFO:colcon.colcon_core.shell:Creating environment hook '/home/ben/KV6022_limo_ros2/install/limo_msgs/share/limo_msgs/hook/cmake_prefix_path.ps1'
[3.947s] INFO:colcon.colcon_core.shell:Creating environment descriptor '/home/ben/KV6022_limo_ros2/install/limo_msgs/share/limo_msgs/hook/cmake_prefix_path.dsv'
[3.948s] INFO:colcon.colcon_core.shell:Creating environment hook '/home/ben/KV6022_limo_ros2/install/limo_msgs/share/limo_msgs/hook/cmake_prefix_path.sh'
[3.952s] Level 1:colcon.colcon_core.environment:checking '/home/ben/KV6022_limo_ros2/install/limo_msgs/lib'
[3.952s] Level 1:colcon.colcon_core.shell:create_environment_hook('limo_msgs', 'ld_library_path_lib')
[3.953s] INFO:colcon.colcon_core.shell:Creating environment hook '/home/ben/KV6022_limo_ros2/install/limo_msgs/share/limo_msgs/hook/ld_library_path_lib.ps1'
[3.954s] INFO:colcon.colcon_core.shell:Creating environment descriptor '/home/ben/KV6022_limo_ros2/install/limo_msgs/share/limo_msgs/hook/ld_library_path_lib.dsv'
[3.959s] INFO:colcon.colcon_core.shell:Creating environment hook '/home/ben/KV6022_limo_ros2/install/limo_msgs/share/limo_msgs/hook/ld_library_path_lib.sh'
[3.959s] Level 1:colcon.colcon_core.environment:checking '/home/ben/KV6022_limo_ros2/install/limo_msgs/bin'
[3.959s] Level 1:colcon.colcon_core.environment:checking '/home/ben/KV6022_limo_ros2/install/limo_msgs/lib/pkgconfig/limo_msgs.pc'
[3.960s] Level 1:colcon.colcon_core.environment:checking '/home/ben/KV6022_limo_ros2/install/limo_msgs/lib/python3.10/site-packages'
[3.960s] Level 1:colcon.colcon_core.shell:create_environment_hook('limo_msgs', 'pythonpath')
[3.960s] INFO:colcon.colcon_core.shell:Creating environment hook '/home/ben/KV6022_limo_ros2/install/limo_msgs/share/limo_msgs/hook/pythonpath.ps1'
[3.961s] INFO:colcon.colcon_core.shell:Creating environment descriptor '/home/ben/KV6022_limo_ros2/install/limo_msgs/share/limo_msgs/hook/pythonpath.dsv'
[3.961s] INFO:colcon.colcon_core.shell:Creating environment hook '/home/ben/KV6022_limo_ros2/install/limo_msgs/share/limo_msgs/hook/pythonpath.sh'
[3.966s] Level 1:colcon.colcon_core.environment:checking '/home/ben/KV6022_limo_ros2/install/limo_msgs/bin'
[3.967s] INFO:colcon.colcon_core.shell:Creating package script '/home/ben/KV6022_limo_ros2/install/limo_msgs/share/limo_msgs/package.ps1'
[3.968s] INFO:colcon.colcon_core.shell:Creating package descriptor '/home/ben/KV6022_limo_ros2/install/limo_msgs/share/limo_msgs/package.dsv'
[3.969s] INFO:colcon.colcon_core.shell:Creating package script '/home/ben/KV6022_limo_ros2/install/limo_msgs/share/limo_msgs/package.sh'
[3.975s] INFO:colcon.colcon_core.shell:Creating package script '/home/ben/KV6022_limo_ros2/install/limo_msgs/share/limo_msgs/package.bash'
[3.976s] INFO:colcon.colcon_core.shell:Creating package script '/home/ben/KV6022_limo_ros2/install/limo_msgs/share/limo_msgs/package.zsh'
[3.978s] Level 1:colcon.colcon_core.environment:create_file_with_runtime_dependencies(/home/ben/KV6022_limo_ros2/install/limo_msgs/share/colcon-core/packages/limo_msgs)
[3.983s] DEBUG:colcon.colcon_core.event_handler.log_command:Invoked command in '/home/ben/KV6022_limo_ros2/build/limo_msgs' returned '0': CMAKE_PREFIX_PATH=${CMAKE_PREFIX_PATH}:/home/ben/KV6022_limo_ros2/install/trajectory_skeleton:/home/ben/KV6022_limo_ros2/install/trajectory_referee:/home/ben/KV6022_limo_ros2/install/example_codes:/home/ben/KV6022_limo_ros2/install/Week2_lab:/home/ben/KV6022_limo_ros2/install/KV6022_assessment:/opt/ros/humble CONDA_PROMPT_MODIFIER=(ros2) /usr/bin/cmake --install /home/ben/KV6022_limo_ros2/build/limo_msgs
[3.985s] Level 1:colcon.colcon_core.environment:create_environment_scripts_only(limo_msgs)
[3.985s] Level 1:colcon.colcon_core.environment:checking '/home/ben/KV6022_limo_ros2/install/limo_msgs' for CMake module files
[3.988s] Level 1:colcon.colcon_core.environment:checking '/home/ben/KV6022_limo_ros2/install/limo_msgs' for CMake config files
[3.990s] Level 1:colcon.colcon_core.shell:create_environment_hook('limo_msgs', 'cmake_prefix_path')
[3.990s] INFO:colcon.colcon_core.shell:Creating environment hook '/home/ben/KV6022_limo_ros2/install/limo_msgs/share/limo_msgs/hook/cmake_prefix_path.ps1'
[3.991s] INFO:colcon.colcon_core.shell:Creating environment descriptor '/home/ben/KV6022_limo_ros2/install/limo_msgs/share/limo_msgs/hook/cmake_prefix_path.dsv'
[3.991s] INFO:colcon.colcon_core.shell:Creating environment hook '/home/ben/KV6022_limo_ros2/install/limo_msgs/share/limo_msgs/hook/cmake_prefix_path.sh'
[3.993s] Level 1:colcon.colcon_core.environment:checking '/home/ben/KV6022_limo_ros2/install/limo_msgs/lib'
[3.993s] Level 1:colcon.colcon_core.shell:create_environment_hook('limo_msgs', 'ld_library_path_lib')
[3.994s] INFO:colcon.colcon_core.shell:Creating environment hook '/home/ben/KV6022_limo_ros2/install/limo_msgs/share/limo_msgs/hook/ld_library_path_lib.ps1'
[3.994s] INFO:colcon.colcon_core.shell:Creating environment descriptor '/home/ben/KV6022_limo_ros2/install/limo_msgs/share/limo_msgs/hook/ld_library_path_lib.dsv'
[3.996s] INFO:colcon.colcon_core.shell:Creating environment hook '/home/ben/KV6022_limo_ros2/install/limo_msgs/share/limo_msgs/hook/ld_library_path_lib.sh'
[3.997s] Level 1:colcon.colcon_core.environment:checking '/home/ben/KV6022_limo_ros2/install/limo_msgs/bin'
[3.997s] Level 1:colcon.colcon_core.environment:checking '/home/ben/KV6022_limo_ros2/install/limo_msgs/lib/pkgconfig/limo_msgs.pc'
[3.997s] Level 1:colcon.colcon_core.environment:checking '/home/ben/KV6022_limo_ros2/install/limo_msgs/lib/python3.10/site-packages'
[3.997s] Level 1:colcon.colcon_core.shell:create_environment_hook('limo_msgs', 'pythonpath')
[3.997s] INFO:colcon.colcon_core.shell:Creating environment hook '/home/ben/KV6022_limo_ros2/install/limo_msgs/share/limo_msgs/hook/pythonpath.ps1'
[3.998s] INFO:colcon.colcon_core.shell:Creating environment descriptor '/home/ben/KV6022_limo_ros2/install/limo_msgs/share/limo_msgs/hook/pythonpath.dsv'
[3.998s] INFO:colcon.colcon_core.shell:Creating environment hook '/home/ben/KV6022_limo_ros2/install/limo_msgs/share/limo_msgs/hook/pythonpath.sh'
[4.000s] Level 1:colcon.colcon_core.environment:checking '/home/ben/KV6022_limo_ros2/install/limo_msgs/bin'
[4.000s] INFO:colcon.colcon_core.shell:Creating package script '/home/ben/KV6022_limo_ros2/install/limo_msgs/share/limo_msgs/package.ps1'
[4.000s] INFO:colcon.colcon_core.shell:Creating package descriptor '/home/ben/KV6022_limo_ros2/install/limo_msgs/share/limo_msgs/package.dsv'
[4.002s] INFO:colcon.colcon_core.shell:Creating package script '/home/ben/KV6022_limo_ros2/install/limo_msgs/share/limo_msgs/package.sh'
[4.003s] INFO:colcon.colcon_core.shell:Creating package script '/home/ben/KV6022_limo_ros2/install/limo_msgs/share/limo_msgs/package.bash'
[4.004s] INFO:colcon.colcon_core.shell:Creating package script '/home/ben/KV6022_limo_ros2/install/limo_msgs/share/limo_msgs/package.zsh'
[4.005s] Level 1:colcon.colcon_core.environment:create_file_with_runtime_dependencies(/home/ben/KV6022_limo_ros2/install/limo_msgs/share/colcon-core/packages/limo_msgs)
[4.006s] Level 1:colcon.colcon_core.environment:create_environment_scripts_only(limo_description)
[4.006s] Level 1:colcon.colcon_core.environment:checking '/home/ben/KV6022_limo_ros2/install/limo_description' for CMake module files
[4.008s] DEBUG:colcon.colcon_core.event_handler.log_command:Invoked command in '/home/ben/KV6022_limo_ros2/build/limo_description' returned '0': CMAKE_PREFIX_PATH=${CMAKE_PREFIX_PATH}:/home/ben/KV6022_limo_ros2/install/trajectory_skeleton:/home/ben/KV6022_limo_ros2/install/trajectory_referee:/home/ben/KV6022_limo_ros2/install/example_codes:/home/ben/KV6022_limo_ros2/install/Week2_lab:/home/ben/KV6022_limo_ros2/install/KV6022_assessment:/opt/ros/humble CONDA_PROMPT_MODIFIER=(ros2) /usr/bin/cmake --install /home/ben/KV6022_limo_ros2/build/limo_description
[4.009s] Level 1:colcon.colcon_core.environment:checking '/home/ben/KV6022_limo_ros2/install/limo_description' for CMake config files
[4.011s] Level 1:colcon.colcon_core.shell:create_environment_hook('limo_description', 'cmake_prefix_path')
[4.011s] INFO:colcon.colcon_core.shell:Creating environment hook '/home/ben/KV6022_limo_ros2/install/limo_description/share/limo_description/hook/cmake_prefix_path.ps1'
[4.011s] INFO:colcon.colcon_core.shell:Creating environment descriptor '/home/ben/KV6022_limo_ros2/install/limo_description/share/limo_description/hook/cmake_prefix_path.dsv'
[4.013s] INFO:colcon.colcon_core.shell:Creating environment hook '/home/ben/KV6022_limo_ros2/install/limo_description/share/limo_description/hook/cmake_prefix_path.sh'
[4.014s] Level 1:colcon.colcon_core.environment:checking '/home/ben/KV6022_limo_ros2/install/limo_description/bin'
[4.014s] Level 1:colcon.colcon_core.environment:checking '/home/ben/KV6022_limo_ros2/install/limo_description/lib/pkgconfig/limo_description.pc'
[4.014s] Level 1:colcon.colcon_core.environment:checking '/home/ben/KV6022_limo_ros2/install/limo_description/lib/python3.10/site-packages'
[4.014s] Level 1:colcon.colcon_core.environment:checking '/home/ben/KV6022_limo_ros2/install/limo_description/bin'
[4.015s] INFO:colcon.colcon_core.shell:Creating package script '/home/ben/KV6022_limo_ros2/install/limo_description/share/limo_description/package.ps1'
[4.015s] INFO:colcon.colcon_core.shell:Creating package descriptor '/home/ben/KV6022_limo_ros2/install/limo_description/share/limo_description/package.dsv'
[4.016s] INFO:colcon.colcon_core.shell:Creating package script '/home/ben/KV6022_limo_ros2/install/limo_description/share/limo_description/package.sh'
[4.020s] INFO:colcon.colcon_core.shell:Creating package script '/home/ben/KV6022_limo_ros2/install/limo_description/share/limo_description/package.bash'
[4.021s] INFO:colcon.colcon_core.shell:Creating package script '/home/ben/KV6022_limo_ros2/install/limo_description/share/limo_description/package.zsh'
[4.021s] Level 1:colcon.colcon_core.environment:create_file_with_runtime_dependencies(/home/ben/KV6022_limo_ros2/install/limo_description/share/colcon-core/packages/limo_description)
[4.023s] Level 1:colcon.colcon_core.environment:create_environment_scripts_only(limo_description)
[4.023s] Level 1:colcon.colcon_core.environment:checking '/home/ben/KV6022_limo_ros2/install/limo_description' for CMake module files
[4.024s] Level 1:colcon.colcon_core.environment:checking '/home/ben/KV6022_limo_ros2/install/limo_description' for CMake config files
[4.025s] Level 1:colcon.colcon_core.shell:create_environment_hook('limo_description', 'cmake_prefix_path')
[4.026s] INFO:colcon.colcon_core.shell:Creating environment hook '/home/ben/KV6022_limo_ros2/install/limo_description/share/limo_description/hook/cmake_prefix_path.ps1'
[4.027s] INFO:colcon.colcon_core.shell:Creating environment descriptor '/home/ben/KV6022_limo_ros2/install/limo_description/share/limo_description/hook/cmake_prefix_path.dsv'
[4.029s] INFO:colcon.colcon_core.shell:Creating environment hook '/home/ben/KV6022_limo_ros2/install/limo_description/share/limo_description/hook/cmake_prefix_path.sh'
[4.031s] Level 1:colcon.colcon_core.environment:checking '/home/ben/KV6022_limo_ros2/install/limo_description/bin'
[4.031s] Level 1:colcon.colcon_core.environment:checking '/home/ben/KV6022_limo_ros2/install/limo_description/lib/pkgconfig/limo_description.pc'
[4.032s] Level 1:colcon.colcon_core.environment:checking '/home/ben/KV6022_limo_ros2/install/limo_description/lib/python3.10/site-packages'
[4.032s] Level 1:colcon.colcon_core.environment:checking '/home/ben/KV6022_limo_ros2/install/limo_description/bin'
[4.032s] INFO:colcon.colcon_core.shell:Creating package script '/home/ben/KV6022_limo_ros2/install/limo_description/share/limo_description/package.ps1'
[4.033s] INFO:colcon.colcon_core.shell:Creating package descriptor '/home/ben/KV6022_limo_ros2/install/limo_description/share/limo_description/package.dsv'
[4.035s] INFO:colcon.colcon_core.shell:Creating package script '/home/ben/KV6022_limo_ros2/install/limo_description/share/limo_description/package.sh'
[4.036s] INFO:colcon.colcon_core.shell:Creating package script '/home/ben/KV6022_limo_ros2/install/limo_description/share/limo_description/package.bash'
[4.037s] INFO:colcon.colcon_core.shell:Creating package script '/home/ben/KV6022_limo_ros2/install/limo_description/share/limo_description/package.zsh'
[4.037s] Level 1:colcon.colcon_core.environment:create_file_with_runtime_dependencies(/home/ben/KV6022_limo_ros2/install/limo_description/share/colcon-core/packages/limo_description)
[4.039s] INFO:colcon.colcon_ros.task.ament_cmake.build:Building ROS package in '/home/ben/KV6022_limo_ros2/src/limo_gazebosim' with build type 'ament_cmake'
[4.039s] INFO:colcon.colcon_cmake.task.cmake.build:Building CMake package in '/home/ben/KV6022_limo_ros2/src/limo_gazebosim'
[4.040s] INFO:colcon.colcon_core.shell:Skip shell extension 'powershell' for command environment: Not usable outside of PowerShell
[4.040s] DEBUG:colcon.colcon_core.shell:Skip shell extension 'dsv' for command environment
[4.116s] DEBUG:colcon.colcon_core.event_handler.log_command:Invoking command in '/home/ben/KV6022_limo_ros2/build/limo_gazebosim': CMAKE_PREFIX_PATH=/home/ben/KV6022_limo_ros2/install/limo_msgs:/home/ben/KV6022_limo_ros2/install/limo_description:/home/ben/KV6022_limo_ros2/install/limo_gazebosim:/home/ben/KV6022_limo_ros2/install/trajectory_skeleton:/home/ben/KV6022_limo_ros2/install/trajectory_referee:/home/ben/KV6022_limo_ros2/install/example_codes:/home/ben/KV6022_limo_ros2/install/Week2_lab:/home/ben/KV6022_limo_ros2/install/KV6022_assessment:/opt/ros/humble CONDA_PROMPT_MODIFIER=(ros2) PYTHONPATH=/home/ben/KV6022_limo_ros2/install/limo_msgs/lib/python3.10/site-packages:/home/ben/KV6022_limo_ros2/install/trajectory_skeleton/lib/python3.10/site-packages:/home/ben/KV6022_limo_ros2/install/trajectory_referee/lib/python3.10/site-packages:/home/ben/KV6022_limo_ros2/install/limo_gazebosim/lib/python3.10/site-packages:/home/ben/KV6022_limo_ros2/install/example_codes/lib/python3.10/site-packages:/home/ben/KV6022_limo_ros2/install/Week2_lab/lib/python3.10/site-packages:/home/ben/KV6022_limo_ros2/install/KV6022_assessment/lib/python3.10/site-packages:/opt/ros/humble/lib/python3.10/site-packages:/opt/ros/humble/local/lib/python3.10/dist-packages /usr/bin/cmake --build /home/ben/KV6022_limo_ros2/build/limo_gazebosim -- -j8 -l8
[4.803s] DEBUG:colcon.colcon_core.task.python.build:Available setuptools commands: bdist_dumb, symlink_data, update_catalog, bdist_egg, test, setopt, egg_info, saveopts, install_lib, install_headers, install_egg_info, rotate, install, sdist, build_clib, upload_docs, dist_info, check, init_catalog, compile_catalog, bdist_rpm, install_data, upload, clean, build_scripts, develop, alias, extract_messages, build_ext, install_scripts, build_py, build, register, bdist, easy_install
[4.817s] DEBUG:colcon.colcon_core.event_handler.log_command:Invoking command in '/home/ben/KV6022_limo_ros2/src/KV6022_assessment': CONDA_PROMPT_MODIFIER=(ros2) PYTHONPATH=/home/ben/KV6022_limo_ros2/build/KV6022_assessment/prefix_override:/usr/lib/python3/dist-packages/colcon_core/task/python/colcon_distutils_commands:/home/ben/KV6022_limo_ros2/install/KV6022_assessment/lib/python3.10/site-packages:${PYTHONPATH} /usr/bin/python3 -W ignore:setup.py install is deprecated -W ignore:easy_install command is deprecated setup.py egg_info --egg-base ../../build/KV6022_assessment build --build-base /home/ben/KV6022_limo_ros2/build/KV6022_assessment/build install --record /home/ben/KV6022_limo_ros2/build/KV6022_assessment/install.log --install-scripts $base/lib/KV6022_assessment --single-version-externally-managed install_data
[4.859s] DEBUG:colcon.colcon_core.task.python.build:Available setuptools commands: bdist_dumb, symlink_data, update_catalog, bdist_egg, test, setopt, egg_info, saveopts, install_lib, install_headers, install_egg_info, rotate, install, sdist, build_clib, upload_docs, dist_info, check, init_catalog, compile_catalog, bdist_rpm, install_data, upload, clean, build_scripts, develop, alias, extract_messages, build_ext, install_scripts, build_py, build, register, bdist, easy_install
[4.871s] DEBUG:colcon.colcon_core.event_handler.log_command:Invoking command in '/home/ben/KV6022_limo_ros2/src/trajectory_skeleton': CONDA_PROMPT_MODIFIER=(ros2) PYTHONPATH=/home/ben/KV6022_limo_ros2/build/trajectory_skeleton/prefix_override:/usr/lib/python3/dist-packages/colcon_core/task/python/colcon_distutils_commands:/home/ben/KV6022_limo_ros2/install/trajectory_skeleton/lib/python3.10/site-packages:${PYTHONPATH} /usr/bin/python3 -W ignore:setup.py install is deprecated -W ignore:easy_install command is deprecated setup.py egg_info --egg-base ../../build/trajectory_skeleton build --build-base /home/ben/KV6022_limo_ros2/build/trajectory_skeleton/build install --record /home/ben/KV6022_limo_ros2/build/trajectory_skeleton/install.log --install-scripts $base/lib/trajectory_skeleton --single-version-externally-managed install_data
[4.897s] DEBUG:colcon.colcon_core.task.python.build:Available setuptools commands: bdist_dumb, symlink_data, update_catalog, bdist_egg, test, setopt, egg_info, saveopts, install_lib, install_headers, install_egg_info, rotate, install, sdist, build_clib, upload_docs, dist_info, check, init_catalog, compile_catalog, bdist_rpm, install_data, upload, clean, build_scripts, develop, alias, extract_messages, build_ext, install_scripts, build_py, build, register, bdist, easy_install
[4.902s] DEBUG:colcon.colcon_core.event_handler.log_command:Invoking command in '/home/ben/KV6022_limo_ros2/src/trajectory_referee': CONDA_PROMPT_MODIFIER=(ros2) PYTHONPATH=/home/ben/KV6022_limo_ros2/build/trajectory_referee/prefix_override:/usr/lib/python3/dist-packages/colcon_core/task/python/colcon_distutils_commands:/home/ben/KV6022_limo_ros2/install/trajectory_referee/lib/python3.10/site-packages:${PYTHONPATH} /usr/bin/python3 -W ignore:setup.py install is deprecated -W ignore:easy_install command is deprecated setup.py egg_info --egg-base ../../build/trajectory_referee build --build-base /home/ben/KV6022_limo_ros2/build/trajectory_referee/build install --record /home/ben/KV6022_limo_ros2/build/trajectory_referee/install.log --install-scripts $base/lib/trajectory_referee --single-version-externally-managed install_data
[4.916s] DEBUG:colcon.colcon_core.task.python.build:Available setuptools commands: bdist_dumb, symlink_data, update_catalog, bdist_egg, test, setopt, egg_info, saveopts, install_lib, install_headers, install_egg_info, rotate, install, sdist, build_clib, upload_docs, dist_info, check, init_catalog, compile_catalog, bdist_rpm, install_data, upload, clean, build_scripts, develop, alias, extract_messages, build_ext, install_scripts, build_py, build, register, bdist, easy_install
[4.920s] DEBUG:colcon.colcon_core.event_handler.log_command:Invoking command in '/home/ben/KV6022_limo_ros2/src/example_codes': CONDA_PROMPT_MODIFIER=(ros2) PYTHONPATH=/home/ben/KV6022_limo_ros2/build/example_codes/prefix_override:/usr/lib/python3/dist-packages/colcon_core/task/python/colcon_distutils_commands:/home/ben/KV6022_limo_ros2/install/example_codes/lib/python3.10/site-packages:${PYTHONPATH} /usr/bin/python3 -W ignore:setup.py install is deprecated -W ignore:easy_install command is deprecated setup.py egg_info --egg-base ../../build/example_codes build --build-base /home/ben/KV6022_limo_ros2/build/example_codes/build install --record /home/ben/KV6022_limo_ros2/build/example_codes/install.log --install-scripts $base/lib/example_codes --single-version-externally-managed install_data
[4.956s] DEBUG:colcon.colcon_core.task.python.build:Available setuptools commands: bdist_dumb, symlink_data, update_catalog, bdist_egg, test, setopt, egg_info, saveopts, install_lib, install_headers, install_egg_info, rotate, install, sdist, build_clib, upload_docs, dist_info, check, init_catalog, compile_catalog, bdist_rpm, install_data, upload, clean, build_scripts, develop, alias, extract_messages, build_ext, install_scripts, build_py, build, register, bdist, easy_install
[4.959s] DEBUG:colcon.colcon_core.event_handler.log_command:Invoking command in '/home/ben/KV6022_limo_ros2/src/Week2_lab': CONDA_PROMPT_MODIFIER=(ros2) PYTHONPATH=/home/ben/KV6022_limo_ros2/build/Week2_lab/prefix_override:/usr/lib/python3/dist-packages/colcon_core/task/python/colcon_distutils_commands:/home/ben/KV6022_limo_ros2/install/Week2_lab/lib/python3.10/site-packages:${PYTHONPATH} /usr/bin/python3 -W ignore:setup.py install is deprecated -W ignore:easy_install command is deprecated setup.py egg_info --egg-base ../../build/Week2_lab build --build-base /home/ben/KV6022_limo_ros2/build/Week2_lab/build install --record /home/ben/KV6022_limo_ros2/build/Week2_lab/install.log --install-scripts $base/lib/Week2_lab --single-version-externally-managed install_data
[5.348s] DEBUG:colcon.colcon_core.event_handler.log_command:Invoked command in '/home/ben/KV6022_limo_ros2/build/limo_gazebosim' returned '0': CMAKE_PREFIX_PATH=/home/ben/KV6022_limo_ros2/install/limo_msgs:/home/ben/KV6022_limo_ros2/install/limo_description:/home/ben/KV6022_limo_ros2/install/limo_gazebosim:/home/ben/KV6022_limo_ros2/install/trajectory_skeleton:/home/ben/KV6022_limo_ros2/install/trajectory_referee:/home/ben/KV6022_limo_ros2/install/example_codes:/home/ben/KV6022_limo_ros2/install/Week2_lab:/home/ben/KV6022_limo_ros2/install/KV6022_assessment:/opt/ros/humble CONDA_PROMPT_MODIFIER=(ros2) PYTHONPATH=/home/ben/KV6022_limo_ros2/install/limo_msgs/lib/python3.10/site-packages:/home/ben/KV6022_limo_ros2/install/trajectory_skeleton/lib/python3.10/site-packages:/home/ben/KV6022_limo_ros2/install/trajectory_referee/lib/python3.10/site-packages:/home/ben/KV6022_limo_ros2/install/limo_gazebosim/lib/python3.10/site-packages:/home/ben/KV6022_limo_ros2/install/example_codes/lib/python3.10/site-packages:/home/ben/KV6022_limo_ros2/install/Week2_lab/lib/python3.10/site-packages:/home/ben/KV6022_limo_ros2/install/KV6022_assessment/lib/python3.10/site-packages:/opt/ros/humble/lib/python3.10/site-packages:/opt/ros/humble/local/lib/python3.10/dist-packages /usr/bin/cmake --build /home/ben/KV6022_limo_ros2/build/limo_gazebosim -- -j8 -l8
[5.355s] DEBUG:colcon.colcon_core.event_handler.log_command:Invoking command in '/home/ben/KV6022_limo_ros2/build/limo_gazebosim': CMAKE_PREFIX_PATH=/home/ben/KV6022_limo_ros2/install/limo_msgs:/home/ben/KV6022_limo_ros2/install/limo_description:/home/ben/KV6022_limo_ros2/install/limo_gazebosim:/home/ben/KV6022_limo_ros2/install/trajectory_skeleton:/home/ben/KV6022_limo_ros2/install/trajectory_referee:/home/ben/KV6022_limo_ros2/install/example_codes:/home/ben/KV6022_limo_ros2/install/Week2_lab:/home/ben/KV6022_limo_ros2/install/KV6022_assessment:/opt/ros/humble CONDA_PROMPT_MODIFIER=(ros2) PYTHONPATH=/home/ben/KV6022_limo_ros2/install/limo_msgs/lib/python3.10/site-packages:/home/ben/KV6022_limo_ros2/install/trajectory_skeleton/lib/python3.10/site-packages:/home/ben/KV6022_limo_ros2/install/trajectory_referee/lib/python3.10/site-packages:/home/ben/KV6022_limo_ros2/install/limo_gazebosim/lib/python3.10/site-packages:/home/ben/KV6022_limo_ros2/install/example_codes/lib/python3.10/site-packages:/home/ben/KV6022_limo_ros2/install/Week2_lab/lib/python3.10/site-packages:/home/ben/KV6022_limo_ros2/install/KV6022_assessment/lib/python3.10/site-packages:/opt/ros/humble/lib/python3.10/site-packages:/opt/ros/humble/local/lib/python3.10/dist-packages /usr/bin/cmake --install /home/ben/KV6022_limo_ros2/build/limo_gazebosim
[5.606s] Level 1:colcon.colcon_core.environment:create_environment_scripts_only(limo_gazebosim)
[5.607s] Level 1:colcon.colcon_core.environment:checking '/home/ben/KV6022_limo_ros2/install/limo_gazebosim' for CMake module files
[5.610s] DEBUG:colcon.colcon_core.event_handler.log_command:Invoked command in '/home/ben/KV6022_limo_ros2/build/limo_gazebosim' returned '0': CMAKE_PREFIX_PATH=/home/ben/KV6022_limo_ros2/install/limo_msgs:/home/ben/KV6022_limo_ros2/install/limo_description:/home/ben/KV6022_limo_ros2/install/limo_gazebosim:/home/ben/KV6022_limo_ros2/install/trajectory_skeleton:/home/ben/KV6022_limo_ros2/install/trajectory_referee:/home/ben/KV6022_limo_ros2/install/example_codes:/home/ben/KV6022_limo_ros2/install/Week2_lab:/home/ben/KV6022_limo_ros2/install/KV6022_assessment:/opt/ros/humble CONDA_PROMPT_MODIFIER=(ros2) PYTHONPATH=/home/ben/KV6022_limo_ros2/install/limo_msgs/lib/python3.10/site-packages:/home/ben/KV6022_limo_ros2/install/trajectory_skeleton/lib/python3.10/site-packages:/home/ben/KV6022_limo_ros2/install/trajectory_referee/lib/python3.10/site-packages:/home/ben/KV6022_limo_ros2/install/limo_gazebosim/lib/python3.10/site-packages:/home/ben/KV6022_limo_ros2/install/example_codes/lib/python3.10/site-packages:/home/ben/KV6022_limo_ros2/install/Week2_lab/lib/python3.10/site-packages:/home/ben/KV6022_limo_ros2/install/KV6022_assessment/lib/python3.10/site-packages:/opt/ros/humble/lib/python3.10/site-packages:/opt/ros/humble/local/lib/python3.10/dist-packages /usr/bin/cmake --install /home/ben/KV6022_limo_ros2/build/limo_gazebosim
[5.613s] Level 1:colcon.colcon_core.environment:checking '/home/ben/KV6022_limo_ros2/install/limo_gazebosim' for CMake config files
[5.639s] Level 1:colcon.colcon_core.shell:create_environment_hook('limo_gazebosim', 'cmake_prefix_path')
[5.639s] INFO:colcon.colcon_core.shell:Creating environment hook '/home/ben/KV6022_limo_ros2/install/limo_gazebosim/share/limo_gazebosim/hook/cmake_prefix_path.ps1'
[5.642s] INFO:colcon.colcon_core.shell:Creating environment descriptor '/home/ben/KV6022_limo_ros2/install/limo_gazebosim/share/limo_gazebosim/hook/cmake_prefix_path.dsv'
[5.643s] INFO:colcon.colcon_core.shell:Creating environment hook '/home/ben/KV6022_limo_ros2/install/limo_gazebosim/share/limo_gazebosim/hook/cmake_prefix_path.sh'
[5.644s] Level 1:colcon.colcon_core.environment:checking '/home/ben/KV6022_limo_ros2/install/limo_gazebosim/lib'
[5.645s] Level 1:colcon.colcon_core.environment:checking '/home/ben/KV6022_limo_ros2/install/limo_gazebosim/bin'
[5.645s] Level 1:colcon.colcon_core.environment:checking '/home/ben/KV6022_limo_ros2/install/limo_gazebosim/lib/pkgconfig/limo_gazebosim.pc'
[5.645s] Level 1:colcon.colcon_core.environment:checking '/home/ben/KV6022_limo_ros2/install/limo_gazebosim/lib/python3.10/site-packages'
[5.646s] Level 1:colcon.colcon_core.shell:create_environment_hook('limo_gazebosim', 'pythonpath')
[5.646s] INFO:colcon.colcon_core.shell:Creating environment hook '/home/ben/KV6022_limo_ros2/install/limo_gazebosim/share/limo_gazebosim/hook/pythonpath.ps1'
[5.648s] INFO:colcon.colcon_core.shell:Creating environment descriptor '/home/ben/KV6022_limo_ros2/install/limo_gazebosim/share/limo_gazebosim/hook/pythonpath.dsv'
[5.649s] INFO:colcon.colcon_core.shell:Creating environment hook '/home/ben/KV6022_limo_ros2/install/limo_gazebosim/share/limo_gazebosim/hook/pythonpath.sh'
[5.651s] Level 1:colcon.colcon_core.environment:checking '/home/ben/KV6022_limo_ros2/install/limo_gazebosim/bin'
[5.652s] INFO:colcon.colcon_core.shell:Creating package script '/home/ben/KV6022_limo_ros2/install/limo_gazebosim/share/limo_gazebosim/package.ps1'
[5.653s] INFO:colcon.colcon_core.shell:Creating package descriptor '/home/ben/KV6022_limo_ros2/install/limo_gazebosim/share/limo_gazebosim/package.dsv'
[5.654s] INFO:colcon.colcon_core.shell:Creating package script '/home/ben/KV6022_limo_ros2/install/limo_gazebosim/share/limo_gazebosim/package.sh'
[5.655s] INFO:colcon.colcon_core.shell:Creating package script '/home/ben/KV6022_limo_ros2/install/limo_gazebosim/share/limo_gazebosim/package.bash'
[5.656s] INFO:colcon.colcon_core.shell:Creating package script '/home/ben/KV6022_limo_ros2/install/limo_gazebosim/share/limo_gazebosim/package.zsh'
[5.657s] Level 1:colcon.colcon_core.environment:create_file_with_runtime_dependencies(/home/ben/KV6022_limo_ros2/install/limo_gazebosim/share/colcon-core/packages/limo_gazebosim)
[5.658s] Level 1:colcon.colcon_core.environment:create_environment_scripts_only(limo_gazebosim)
[5.658s] Level 1:colcon.colcon_core.environment:checking '/home/ben/KV6022_limo_ros2/install/limo_gazebosim' for CMake module files
[5.659s] Level 1:colcon.colcon_core.environment:checking '/home/ben/KV6022_limo_ros2/install/limo_gazebosim' for CMake config files
[5.677s] Level 1:colcon.colcon_core.shell:create_environment_hook('limo_gazebosim', 'cmake_prefix_path')
[5.678s] INFO:colcon.colcon_core.shell:Creating environment hook '/home/ben/KV6022_limo_ros2/install/limo_gazebosim/share/limo_gazebosim/hook/cmake_prefix_path.ps1'
[5.689s] INFO:colcon.colcon_core.shell:Creating environment descriptor '/home/ben/KV6022_limo_ros2/install/limo_gazebosim/share/limo_gazebosim/hook/cmake_prefix_path.dsv'
[5.692s] INFO:colcon.colcon_core.shell:Creating environment hook '/home/ben/KV6022_limo_ros2/install/limo_gazebosim/share/limo_gazebosim/hook/cmake_prefix_path.sh'
[5.693s] Level 1:colcon.colcon_core.environment:checking '/home/ben/KV6022_limo_ros2/install/limo_gazebosim/lib'
[5.694s] Level 1:colcon.colcon_core.environment:checking '/home/ben/KV6022_limo_ros2/install/limo_gazebosim/bin'
[5.694s] Level 1:colcon.colcon_core.environment:checking '/home/ben/KV6022_limo_ros2/install/limo_gazebosim/lib/pkgconfig/limo_gazebosim.pc'
[5.694s] Level 1:colcon.colcon_core.environment:checking '/home/ben/KV6022_limo_ros2/install/limo_gazebosim/lib/python3.10/site-packages'
[5.694s] Level 1:colcon.colcon_core.shell:create_environment_hook('limo_gazebosim', 'pythonpath')
[5.694s] INFO:colcon.colcon_core.shell:Creating environment hook '/home/ben/KV6022_limo_ros2/install/limo_gazebosim/share/limo_gazebosim/hook/pythonpath.ps1'
[5.695s] INFO:colcon.colcon_core.shell:Creating environment descriptor '/home/ben/KV6022_limo_ros2/install/limo_gazebosim/share/limo_gazebosim/hook/pythonpath.dsv'
[5.696s] INFO:colcon.colcon_core.shell:Creating environment hook '/home/ben/KV6022_limo_ros2/install/limo_gazebosim/share/limo_gazebosim/hook/pythonpath.sh'
[5.697s] Level 1:colcon.colcon_core.environment:checking '/home/ben/KV6022_limo_ros2/install/limo_gazebosim/bin'
[5.697s] INFO:colcon.colcon_core.shell:Creating package script '/home/ben/KV6022_limo_ros2/install/limo_gazebosim/share/limo_gazebosim/package.ps1'
[5.698s] INFO:colcon.colcon_core.shell:Creating package descriptor '/home/ben/KV6022_limo_ros2/install/limo_gazebosim/share/limo_gazebosim/package.dsv'
[5.700s] INFO:colcon.colcon_core.shell:Creating package script '/home/ben/KV6022_limo_ros2/install/limo_gazebosim/share/limo_gazebosim/package.sh'
[5.701s] INFO:colcon.colcon_core.shell:Creating package script '/home/ben/KV6022_limo_ros2/install/limo_gazebosim/share/limo_gazebosim/package.bash'
[5.702s] INFO:colcon.colcon_core.shell:Creating package script '/home/ben/KV6022_limo_ros2/install/limo_gazebosim/share/limo_gazebosim/package.zsh'
[5.703s] Level 1:colcon.colcon_core.environment:create_file_with_runtime_dependencies(/home/ben/KV6022_limo_ros2/install/limo_gazebosim/share/colcon-core/packages/limo_gazebosim)
[5.709s] Level 1:colcon.colcon_core.environment:checking '/home/ben/KV6022_limo_ros2/install/Week2_lab' for CMake module files
[5.713s] DEBUG:colcon.colcon_core.event_handler.log_command:Invoked command in '/home/ben/KV6022_limo_ros2/src/Week2_lab' returned '0': CONDA_PROMPT_MODIFIER=(ros2) PYTHONPATH=/home/ben/KV6022_limo_ros2/build/Week2_lab/prefix_override:/usr/lib/python3/dist-packages/colcon_core/task/python/colcon_distutils_commands:/home/ben/KV6022_limo_ros2/install/Week2_lab/lib/python3.10/site-packages:${PYTHONPATH} /usr/bin/python3 -W ignore:setup.py install is deprecated -W ignore:easy_install command is deprecated setup.py egg_info --egg-base ../../build/Week2_lab build --build-base /home/ben/KV6022_limo_ros2/build/Week2_lab/build install --record /home/ben/KV6022_limo_ros2/build/Week2_lab/install.log --install-scripts $base/lib/Week2_lab --single-version-externally-managed install_data
[5.714s] Level 1:colcon.colcon_core.environment:checking '/home/ben/KV6022_limo_ros2/install/Week2_lab' for CMake config files
[5.715s] Level 1:colcon.colcon_core.environment:checking '/home/ben/KV6022_limo_ros2/install/Week2_lab/lib'
[5.716s] Level 1:colcon.colcon_core.environment:checking '/home/ben/KV6022_limo_ros2/install/Week2_lab/bin'
[5.716s] Level 1:colcon.colcon_core.environment:checking '/home/ben/KV6022_limo_ros2/install/Week2_lab/lib/pkgconfig/Week2_lab.pc'
[5.716s] Level 1:colcon.colcon_core.environment:checking '/home/ben/KV6022_limo_ros2/install/Week2_lab/lib/python3.10/site-packages'
[5.716s] Level 1:colcon.colcon_core.shell:create_environment_hook('Week2_lab', 'pythonpath')
[5.716s] INFO:colcon.colcon_core.shell:Creating environment hook '/home/ben/KV6022_limo_ros2/install/Week2_lab/share/Week2_lab/hook/pythonpath.ps1'
[5.717s] INFO:colcon.colcon_core.shell:Creating environment descriptor '/home/ben/KV6022_limo_ros2/install/Week2_lab/share/Week2_lab/hook/pythonpath.dsv'
[5.718s] INFO:colcon.colcon_core.shell:Creating environment hook '/home/ben/KV6022_limo_ros2/install/Week2_lab/share/Week2_lab/hook/pythonpath.sh'
[5.719s] Level 1:colcon.colcon_core.environment:checking '/home/ben/KV6022_limo_ros2/install/Week2_lab/bin'
[5.719s] Level 1:colcon.colcon_core.environment:create_environment_scripts_only(Week2_lab)
[5.720s] INFO:colcon.colcon_core.shell:Creating package script '/home/ben/KV6022_limo_ros2/install/Week2_lab/share/Week2_lab/package.ps1'
[5.720s] INFO:colcon.colcon_core.shell:Creating package descriptor '/home/ben/KV6022_limo_ros2/install/Week2_lab/share/Week2_lab/package.dsv'
[5.721s] INFO:colcon.colcon_core.shell:Creating package script '/home/ben/KV6022_limo_ros2/install/Week2_lab/share/Week2_lab/package.sh'
[5.722s] INFO:colcon.colcon_core.shell:Creating package script '/home/ben/KV6022_limo_ros2/install/Week2_lab/share/Week2_lab/package.bash'
[5.723s] INFO:colcon.colcon_core.shell:Creating package script '/home/ben/KV6022_limo_ros2/install/Week2_lab/share/Week2_lab/package.zsh'
[5.724s] Level 1:colcon.colcon_core.environment:create_file_with_runtime_dependencies(/home/ben/KV6022_limo_ros2/install/Week2_lab/share/colcon-core/packages/Week2_lab)
[5.725s] Level 1:colcon.colcon_core.environment:checking '/home/ben/KV6022_limo_ros2/install/trajectory_skeleton' for CMake module files
[5.728s] Level 1:colcon.colcon_core.environment:checking '/home/ben/KV6022_limo_ros2/install/trajectory_skeleton' for CMake config files
[5.729s] DEBUG:colcon.colcon_core.event_handler.log_command:Invoked command in '/home/ben/KV6022_limo_ros2/src/trajectory_skeleton' returned '0': CONDA_PROMPT_MODIFIER=(ros2) PYTHONPATH=/home/ben/KV6022_limo_ros2/build/trajectory_skeleton/prefix_override:/usr/lib/python3/dist-packages/colcon_core/task/python/colcon_distutils_commands:/home/ben/KV6022_limo_ros2/install/trajectory_skeleton/lib/python3.10/site-packages:${PYTHONPATH} /usr/bin/python3 -W ignore:setup.py install is deprecated -W ignore:easy_install command is deprecated setup.py egg_info --egg-base ../../build/trajectory_skeleton build --build-base /home/ben/KV6022_limo_ros2/build/trajectory_skeleton/build install --record /home/ben/KV6022_limo_ros2/build/trajectory_skeleton/install.log --install-scripts $base/lib/trajectory_skeleton --single-version-externally-managed install_data
[5.731s] Level 1:colcon.colcon_core.environment:checking '/home/ben/KV6022_limo_ros2/install/trajectory_skeleton/lib'
[5.731s] Level 1:colcon.colcon_core.environment:checking '/home/ben/KV6022_limo_ros2/install/trajectory_skeleton/bin'
[5.731s] Level 1:colcon.colcon_core.environment:checking '/home/ben/KV6022_limo_ros2/install/trajectory_skeleton/lib/pkgconfig/trajectory_skeleton.pc'
[5.731s] Level 1:colcon.colcon_core.environment:checking '/home/ben/KV6022_limo_ros2/install/trajectory_skeleton/lib/python3.10/site-packages'
[5.731s] Level 1:colcon.colcon_core.shell:create_environment_hook('trajectory_skeleton', 'pythonpath')
[5.731s] INFO:colcon.colcon_core.shell:Creating environment hook '/home/ben/KV6022_limo_ros2/install/trajectory_skeleton/share/trajectory_skeleton/hook/pythonpath.ps1'
[5.732s] INFO:colcon.colcon_core.shell:Creating environment descriptor '/home/ben/KV6022_limo_ros2/install/trajectory_skeleton/share/trajectory_skeleton/hook/pythonpath.dsv'
[5.733s] INFO:colcon.colcon_core.shell:Creating environment hook '/home/ben/KV6022_limo_ros2/install/trajectory_skeleton/share/trajectory_skeleton/hook/pythonpath.sh'
[5.734s] Level 1:colcon.colcon_core.environment:checking '/home/ben/KV6022_limo_ros2/install/trajectory_skeleton/bin'
[5.735s] Level 1:colcon.colcon_core.environment:create_environment_scripts_only(trajectory_skeleton)
[5.735s] INFO:colcon.colcon_core.shell:Creating package script '/home/ben/KV6022_limo_ros2/install/trajectory_skeleton/share/trajectory_skeleton/package.ps1'
[5.736s] INFO:colcon.colcon_core.shell:Creating package descriptor '/home/ben/KV6022_limo_ros2/install/trajectory_skeleton/share/trajectory_skeleton/package.dsv'
[5.736s] INFO:colcon.colcon_core.shell:Creating package script '/home/ben/KV6022_limo_ros2/install/trajectory_skeleton/share/trajectory_skeleton/package.sh'
[5.737s] INFO:colcon.colcon_core.shell:Creating package script '/home/ben/KV6022_limo_ros2/install/trajectory_skeleton/share/trajectory_skeleton/package.bash'
[5.738s] INFO:colcon.colcon_core.shell:Creating package script '/home/ben/KV6022_limo_ros2/install/trajectory_skeleton/share/trajectory_skeleton/package.zsh'
[5.739s] Level 1:colcon.colcon_core.environment:create_file_with_runtime_dependencies(/home/ben/KV6022_limo_ros2/install/trajectory_skeleton/share/colcon-core/packages/trajectory_skeleton)
[5.739s] Level 1:colcon.colcon_core.environment:checking '/home/ben/KV6022_limo_ros2/install/KV6022_assessment' for CMake module files
[5.741s] DEBUG:colcon.colcon_core.event_handler.log_command:Invoked command in '/home/ben/KV6022_limo_ros2/src/KV6022_assessment' returned '0': CONDA_PROMPT_MODIFIER=(ros2) PYTHONPATH=/home/ben/KV6022_limo_ros2/build/KV6022_assessment/prefix_override:/usr/lib/python3/dist-packages/colcon_core/task/python/colcon_distutils_commands:/home/ben/KV6022_limo_ros2/install/KV6022_assessment/lib/python3.10/site-packages:${PYTHONPATH} /usr/bin/python3 -W ignore:setup.py install is deprecated -W ignore:easy_install command is deprecated setup.py egg_info --egg-base ../../build/KV6022_assessment build --build-base /home/ben/KV6022_limo_ros2/build/KV6022_assessment/build install --record /home/ben/KV6022_limo_ros2/build/KV6022_assessment/install.log --install-scripts $base/lib/KV6022_assessment --single-version-externally-managed install_data
[5.742s] Level 1:colcon.colcon_core.environment:checking '/home/ben/KV6022_limo_ros2/install/KV6022_assessment' for CMake config files
[5.745s] Level 1:colcon.colcon_core.environment:checking '/home/ben/KV6022_limo_ros2/install/KV6022_assessment/lib'
[5.745s] Level 1:colcon.colcon_core.environment:checking '/home/ben/KV6022_limo_ros2/install/KV6022_assessment/bin'
[5.745s] Level 1:colcon.colcon_core.environment:checking '/home/ben/KV6022_limo_ros2/install/KV6022_assessment/lib/pkgconfig/KV6022_assessment.pc'
[5.745s] Level 1:colcon.colcon_core.environment:checking '/home/ben/KV6022_limo_ros2/install/KV6022_assessment/lib/python3.10/site-packages'
[5.745s] Level 1:colcon.colcon_core.shell:create_environment_hook('KV6022_assessment', 'pythonpath')
[5.746s] INFO:colcon.colcon_core.shell:Creating environment hook '/home/ben/KV6022_limo_ros2/install/KV6022_assessment/share/KV6022_assessment/hook/pythonpath.ps1'
[5.746s] INFO:colcon.colcon_core.shell:Creating environment descriptor '/home/ben/KV6022_limo_ros2/install/KV6022_assessment/share/KV6022_assessment/hook/pythonpath.dsv'
[5.747s] INFO:colcon.colcon_core.shell:Creating environment hook '/home/ben/KV6022_limo_ros2/install/KV6022_assessment/share/KV6022_assessment/hook/pythonpath.sh'
[5.748s] Level 1:colcon.colcon_core.environment:checking '/home/ben/KV6022_limo_ros2/install/KV6022_assessment/bin'
[5.748s] Level 1:colcon.colcon_core.environment:create_environment_scripts_only(KV6022_assessment)
[5.749s] INFO:colcon.colcon_core.shell:Creating package script '/home/ben/KV6022_limo_ros2/install/KV6022_assessment/share/KV6022_assessment/package.ps1'
[5.750s] INFO:colcon.colcon_core.shell:Creating package descriptor '/home/ben/KV6022_limo_ros2/install/KV6022_assessment/share/KV6022_assessment/package.dsv'
[5.750s] INFO:colcon.colcon_core.shell:Creating package script '/home/ben/KV6022_limo_ros2/install/KV6022_assessment/share/KV6022_assessment/package.sh'
[5.751s] INFO:colcon.colcon_core.shell:Creating package script '/home/ben/KV6022_limo_ros2/install/KV6022_assessment/share/KV6022_assessment/package.bash'
[5.752s] INFO:colcon.colcon_core.shell:Creating package script '/home/ben/KV6022_limo_ros2/install/KV6022_assessment/share/KV6022_assessment/package.zsh'
[5.752s] Level 1:colcon.colcon_core.environment:create_file_with_runtime_dependencies(/home/ben/KV6022_limo_ros2/install/KV6022_assessment/share/colcon-core/packages/KV6022_assessment)
[5.757s] Level 1:colcon.colcon_core.environment:checking '/home/ben/KV6022_limo_ros2/install/trajectory_referee' for CMake module files
[5.758s] DEBUG:colcon.colcon_core.event_handler.log_command:Invoked command in '/home/ben/KV6022_limo_ros2/src/trajectory_referee' returned '0': CONDA_PROMPT_MODIFIER=(ros2) PYTHONPATH=/home/ben/KV6022_limo_ros2/build/trajectory_referee/prefix_override:/usr/lib/python3/dist-packages/colcon_core/task/python/colcon_distutils_commands:/home/ben/KV6022_limo_ros2/install/trajectory_referee/lib/python3.10/site-packages:${PYTHONPATH} /usr/bin/python3 -W ignore:setup.py install is deprecated -W ignore:easy_install command is deprecated setup.py egg_info --egg-base ../../build/trajectory_referee build --build-base /home/ben/KV6022_limo_ros2/build/trajectory_referee/build install --record /home/ben/KV6022_limo_ros2/build/trajectory_referee/install.log --install-scripts $base/lib/trajectory_referee --single-version-externally-managed install_data
[5.758s] Level 1:colcon.colcon_core.environment:checking '/home/ben/KV6022_limo_ros2/install/trajectory_referee' for CMake config files
[5.761s] Level 1:colcon.colcon_core.environment:checking '/home/ben/KV6022_limo_ros2/install/trajectory_referee/lib'
[5.761s] Level 1:colcon.colcon_core.environment:checking '/home/ben/KV6022_limo_ros2/install/trajectory_referee/bin'
[5.761s] Level 1:colcon.colcon_core.environment:checking '/home/ben/KV6022_limo_ros2/install/trajectory_referee/lib/pkgconfig/trajectory_referee.pc'
[5.761s] Level 1:colcon.colcon_core.environment:checking '/home/ben/KV6022_limo_ros2/install/trajectory_referee/lib/python3.10/site-packages'
[5.761s] Level 1:colcon.colcon_core.shell:create_environment_hook('trajectory_referee', 'pythonpath')
[5.762s] INFO:colcon.colcon_core.shell:Creating environment hook '/home/ben/KV6022_limo_ros2/install/trajectory_referee/share/trajectory_referee/hook/pythonpath.ps1'
[5.762s] INFO:colcon.colcon_core.shell:Creating environment descriptor '/home/ben/KV6022_limo_ros2/install/trajectory_referee/share/trajectory_referee/hook/pythonpath.dsv'
[5.763s] INFO:colcon.colcon_core.shell:Creating environment hook '/home/ben/KV6022_limo_ros2/install/trajectory_referee/share/trajectory_referee/hook/pythonpath.sh'
[5.765s] Level 1:colcon.colcon_core.environment:checking '/home/ben/KV6022_limo_ros2/install/trajectory_referee/bin'
[5.765s] Level 1:colcon.colcon_core.environment:create_environment_scripts_only(trajectory_referee)
[5.765s] INFO:colcon.colcon_core.shell:Creating package script '/home/ben/KV6022_limo_ros2/install/trajectory_referee/share/trajectory_referee/package.ps1'
[5.766s] INFO:colcon.colcon_core.shell:Creating package descriptor '/home/ben/KV6022_limo_ros2/install/trajectory_referee/share/trajectory_referee/package.dsv'
[5.766s] INFO:colcon.colcon_core.shell:Creating package script '/home/ben/KV6022_limo_ros2/install/trajectory_referee/share/trajectory_referee/package.sh'
[5.767s] INFO:colcon.colcon_core.shell:Creating package script '/home/ben/KV6022_limo_ros2/install/trajectory_referee/share/trajectory_referee/package.bash'
[5.768s] INFO:colcon.colcon_core.shell:Creating package script '/home/ben/KV6022_limo_ros2/install/trajectory_referee/share/trajectory_referee/package.zsh'
[5.769s] Level 1:colcon.colcon_core.environment:create_file_with_runtime_dependencies(/home/ben/KV6022_limo_ros2/install/trajectory_referee/share/colcon-core/packages/trajectory_referee)
[5.867s] Level 1:colcon.colcon_core.environment:checking '/home/ben/KV6022_limo_ros2/install/example_codes' for CMake module files
[5.868s] DEBUG:colcon.colcon_core.event_handler.log_command:Invoked command in '/home/ben/KV6022_limo_ros2/src/example_codes' returned '0': CONDA_PROMPT_MODIFIER=(ros2) PYTHONPATH=/home/ben/KV6022_limo_ros2/build/example_codes/prefix_override:/usr/lib/python3/dist-packages/colcon_core/task/python/colcon_distutils_commands:/home/ben/KV6022_limo_ros2/install/example_codes/lib/python3.10/site-packages:${PYTHONPATH} /usr/bin/python3 -W ignore:setup.py install is deprecated -W ignore:easy_install command is deprecated setup.py egg_info --egg-base ../../build/example_codes build --build-base /home/ben/KV6022_limo_ros2/build/example_codes/build install --record /home/ben/KV6022_limo_ros2/build/example_codes/install.log --install-scripts $base/lib/example_codes --single-version-externally-managed install_data
[5.869s] Level 1:colcon.colcon_core.environment:checking '/home/ben/KV6022_limo_ros2/install/example_codes' for CMake config files
[5.871s] Level 1:colcon.colcon_core.environment:checking '/home/ben/KV6022_limo_ros2/install/example_codes/lib'
[5.871s] Level 1:colcon.colcon_core.environment:checking '/home/ben/KV6022_limo_ros2/install/example_codes/bin'
[5.871s] Level 1:colcon.colcon_core.environment:checking '/home/ben/KV6022_limo_ros2/install/example_codes/lib/pkgconfig/example_codes.pc'
[5.871s] Level 1:colcon.colcon_core.environment:checking '/home/ben/KV6022_limo_ros2/install/example_codes/lib/python3.10/site-packages'
[5.871s] Level 1:colcon.colcon_core.shell:create_environment_hook('example_codes', 'pythonpath')
[5.871s] INFO:colcon.colcon_core.shell:Creating environment hook '/home/ben/KV6022_limo_ros2/install/example_codes/share/example_codes/hook/pythonpath.ps1'
[5.872s] INFO:colcon.colcon_core.shell:Creating environment descriptor '/home/ben/KV6022_limo_ros2/install/example_codes/share/example_codes/hook/pythonpath.dsv'
[5.873s] INFO:colcon.colcon_core.shell:Creating environment hook '/home/ben/KV6022_limo_ros2/install/example_codes/share/example_codes/hook/pythonpath.sh'
[5.874s] Level 1:colcon.colcon_core.environment:checking '/home/ben/KV6022_limo_ros2/install/example_codes/bin'
[5.874s] Level 1:colcon.colcon_core.environment:create_environment_scripts_only(example_codes)
[5.874s] INFO:colcon.colcon_core.shell:Creating package script '/home/ben/KV6022_limo_ros2/install/example_codes/share/example_codes/package.ps1'
[5.875s] INFO:colcon.colcon_core.shell:Creating package descriptor '/home/ben/KV6022_limo_ros2/install/example_codes/share/example_codes/package.dsv'
[5.876s] INFO:colcon.colcon_core.shell:Creating package script '/home/ben/KV6022_limo_ros2/install/example_codes/share/example_codes/package.sh'
[5.877s] INFO:colcon.colcon_core.shell:Creating package script '/home/ben/KV6022_limo_ros2/install/example_codes/share/example_codes/package.bash'
[5.878s] INFO:colcon.colcon_core.shell:Creating package script '/home/ben/KV6022_limo_ros2/install/example_codes/share/example_codes/package.zsh'
[5.878s] Level 1:colcon.colcon_core.environment:create_file_with_runtime_dependencies(/home/ben/KV6022_limo_ros2/install/example_codes/share/colcon-core/packages/example_codes)
[5.879s] DEBUG:colcon.colcon_parallel_executor.executor.parallel:closing loop
[5.880s] DEBUG:colcon.colcon_parallel_executor.executor.parallel:loop closed
[5.881s] DEBUG:colcon.colcon_parallel_executor.executor.parallel:run_until_complete finished with '0'
[5.882s] DEBUG:colcon.colcon_core.event_reactor:joining thread
[5.896s] INFO:colcon.colcon_core.plugin_system:Skipping extension 'colcon_notification.desktop_notification.terminal_notifier': Not used on non-Darwin systems
[5.896s] INFO:colcon.colcon_core.plugin_system:Skipping extension 'colcon_notification.desktop_notification.win32': Not used on non-Windows systems
[5.896s] INFO:colcon.colcon_notification.desktop_notification:Sending desktop notification using 'notify2'
[5.924s] DEBUG:colcon.colcon_core.event_reactor:joined thread
[5.925s] INFO:colcon.colcon_core.shell:Creating prefix script '/home/ben/KV6022_limo_ros2/install/local_setup.ps1'
[5.926s] INFO:colcon.colcon_core.shell:Creating prefix util module '/home/ben/KV6022_limo_ros2/install/_local_setup_util_ps1.py'
[5.927s] INFO:colcon.colcon_core.shell:Creating prefix chain script '/home/ben/KV6022_limo_ros2/install/setup.ps1'
[5.930s] INFO:colcon.colcon_core.shell:Creating prefix script '/home/ben/KV6022_limo_ros2/install/local_setup.sh'
[5.931s] INFO:colcon.colcon_core.shell:Creating prefix util module '/home/ben/KV6022_limo_ros2/install/_local_setup_util_sh.py'
[5.932s] INFO:colcon.colcon_core.shell:Creating prefix chain script '/home/ben/KV6022_limo_ros2/install/setup.sh'
[5.935s] INFO:colcon.colcon_core.shell:Creating prefix script '/home/ben/KV6022_limo_ros2/install/local_setup.bash'
[5.936s] INFO:colcon.colcon_core.shell:Creating prefix chain script '/home/ben/KV6022_limo_ros2/install/setup.bash'
[5.939s] INFO:colcon.colcon_core.shell:Creating prefix script '/home/ben/KV6022_limo_ros2/install/local_setup.zsh'
[5.940s] INFO:colcon.colcon_core.shell:Creating prefix chain script '/home/ben/KV6022_limo_ros2/install/setup.zsh'
