[0.152s] Invoking command in '/home/ben/KV6022_limo_ros2/build/limo_msgs': CMAKE_PREFIX_PATH=${CMAKE_PREFIX_PATH}:/home/ben/KV6022_limo_ros2/install/trajectory_skeleton:/home/ben/KV6022_limo_ros2/install/trajectory_referee:/home/ben/KV6022_limo_ros2/install/example_codes:/home/ben/KV6022_limo_ros2/install/Week2_lab:/home/ben/KV6022_limo_ros2/install/KV6022_assessment:/opt/ros/humble CONDA_PROMPT_MODIFIER=(ros2) /usr/bin/cmake --build /home/ben/KV6022_limo_ros2/build/limo_msgs -- -j8 -l8
[2.423s] [  3%] Built target limo_msgs__rs
[2.423s] [  3%] Built target ament_cmake_python_symlink_limo_msgs
[2.426s] [  6%] Built target limo_msgs__cpp
[2.428s] running egg_info
[2.431s] writing limo_msgs.egg-info/PKG-INFO
[2.431s] writing dependency_links to limo_msgs.egg-info/dependency_links.txt
[2.434s] writing top-level names to limo_msgs.egg-info/top_level.txt
[2.434s] reading manifest file 'limo_msgs.egg-info/SOURCES.txt'
[2.435s] writing manifest file 'limo_msgs.egg-info/SOURCES.txt'
[2.435s] [  6%] Built target ament_cmake_python_build_limo_msgs_egg
[2.435s] [ 15%] Built target limo_msgs__rosidl_typesupport_cpp
[2.435s] [ 25%] Built target limo_msgs__rosidl_typesupport_introspection_cpp
[2.435s] [ 34%] Built target limo_msgs__rosidl_typesupport_fastrtps_cpp
[2.436s] [ 43%] Built target limo_msgs__rosidl_generator_c
[2.436s] [ 53%] Built target limo_msgs__rosidl_typesupport_fastrtps_c
[2.436s] [ 62%] Built target limo_msgs__rosidl_typesupport_c
[2.436s] [ 71%] Built target limo_msgs__rosidl_typesupport_introspection_c
[2.436s] [ 71%] Built target limo_msgs
[2.436s] [ 75%] Built target limo_msgs__py
[2.517s] [ 81%] Built target limo_msgs__rosidl_generator_py
[2.639s] [ 87%] Built target limo_msgs__rosidl_typesupport_fastrtps_c__pyext
[2.744s] [ 93%] Built target limo_msgs__rosidl_typesupport_c__pyext
[2.851s] [100%] Built target limo_msgs__rosidl_typesupport_introspection_c__pyext
[3.109s] Invoked command in '/home/ben/KV6022_limo_ros2/build/limo_msgs' returned '0': CMAKE_PREFIX_PATH=${CMAKE_PREFIX_PATH}:/home/ben/KV6022_limo_ros2/install/trajectory_skeleton:/home/ben/KV6022_limo_ros2/install/trajectory_referee:/home/ben/KV6022_limo_ros2/install/example_codes:/home/ben/KV6022_limo_ros2/install/Week2_lab:/home/ben/KV6022_limo_ros2/install/KV6022_assessment:/opt/ros/humble CONDA_PROMPT_MODIFIER=(ros2) /usr/bin/cmake --build /home/ben/KV6022_limo_ros2/build/limo_msgs -- -j8 -l8
[3.131s] Invoking command in '/home/ben/KV6022_limo_ros2/build/limo_msgs': CMAKE_PREFIX_PATH=${CMAKE_PREFIX_PATH}:/home/ben/KV6022_limo_ros2/install/trajectory_skeleton:/home/ben/KV6022_limo_ros2/install/trajectory_referee:/home/ben/KV6022_limo_ros2/install/example_codes:/home/ben/KV6022_limo_ros2/install/Week2_lab:/home/ben/KV6022_limo_ros2/install/KV6022_assessment:/opt/ros/humble CONDA_PROMPT_MODIFIER=(ros2) /usr/bin/cmake --install /home/ben/KV6022_limo_ros2/build/limo_msgs
[3.193s] -- Install configuration: ""
[3.194s] -- Execute custom install script
[3.195s] -- Up-to-date symlink: /home/ben/KV6022_limo_ros2/install/limo_msgs/share/ament_index/resource_index/rosidl_interfaces/limo_msgs
[3.200s] -- Up-to-date symlink: /home/ben/KV6022_limo_ros2/install/limo_msgs/include/limo_msgs/limo_msgs/msg/detail/limo_status__functions.h
[3.200s] -- Up-to-date symlink: /home/ben/KV6022_limo_ros2/install/limo_msgs/include/limo_msgs/limo_msgs/msg/detail/limo_status__struct.h
[3.201s] -- Up-to-date symlink: /home/ben/KV6022_limo_ros2/install/limo_msgs/include/limo_msgs/limo_msgs/msg/detail/limo_status__type_support.h
[3.204s] -- Up-to-date symlink: /home/ben/KV6022_limo_ros2/install/limo_msgs/include/limo_msgs/limo_msgs/msg/limo_status.h
[3.206s] -- Up-to-date symlink: /home/ben/KV6022_limo_ros2/install/limo_msgs/include/limo_msgs/limo_msgs/msg/rosidl_generator_c__visibility_control.h
[3.207s] -- Up-to-date symlink: /home/ben/KV6022_limo_ros2/install/limo_msgs/share/limo_msgs/environment/library_path.sh
[3.208s] -- Up-to-date symlink: /home/ben/KV6022_limo_ros2/install/limo_msgs/share/limo_msgs/environment/library_path.dsv
[3.212s] -- Up-to-date symlink: /home/ben/KV6022_limo_ros2/install/limo_msgs/include/limo_msgs/limo_msgs/msg/detail/limo_status__rosidl_typesupport_fastrtps_c.h
[3.214s] -- Up-to-date symlink: /home/ben/KV6022_limo_ros2/install/limo_msgs/include/limo_msgs/limo_msgs/msg/rosidl_typesupport_fastrtps_c__visibility_control.h
[3.215s] -- Up-to-date symlink: /home/ben/KV6022_limo_ros2/install/limo_msgs/include/limo_msgs/limo_msgs/msg/detail/limo_status__builder.hpp
[3.218s] -- Up-to-date symlink: /home/ben/KV6022_limo_ros2/install/limo_msgs/include/limo_msgs/limo_msgs/msg/detail/limo_status__struct.hpp
[3.218s] -- Up-to-date symlink: /home/ben/KV6022_limo_ros2/install/limo_msgs/include/limo_msgs/limo_msgs/msg/detail/limo_status__traits.hpp
[3.219s] -- Up-to-date symlink: /home/ben/KV6022_limo_ros2/install/limo_msgs/include/limo_msgs/limo_msgs/msg/detail/limo_status__type_support.hpp
[3.227s] -- Up-to-date symlink: /home/ben/KV6022_limo_ros2/install/limo_msgs/include/limo_msgs/limo_msgs/msg/limo_status.hpp
[3.228s] -- Up-to-date symlink: /home/ben/KV6022_limo_ros2/install/limo_msgs/include/limo_msgs/limo_msgs/msg/rosidl_generator_cpp__visibility_control.hpp
[3.233s] -- Up-to-date symlink: /home/ben/KV6022_limo_ros2/install/limo_msgs/include/limo_msgs/limo_msgs/msg/detail/limo_status__rosidl_typesupport_fastrtps_cpp.hpp
[3.233s] -- Up-to-date symlink: /home/ben/KV6022_limo_ros2/install/limo_msgs/include/limo_msgs/limo_msgs/msg/rosidl_typesupport_fastrtps_cpp__visibility_control.h
[3.244s] -- Up-to-date symlink: /home/ben/KV6022_limo_ros2/install/limo_msgs/include/limo_msgs/limo_msgs/msg/detail/limo_status__rosidl_typesupport_introspection_c.h
[3.249s] -- Up-to-date symlink: /home/ben/KV6022_limo_ros2/install/limo_msgs/include/limo_msgs/limo_msgs/msg/rosidl_typesupport_introspection_c__visibility_control.h
[3.249s] -- Up-to-date symlink: /home/ben/KV6022_limo_ros2/install/limo_msgs/include/limo_msgs/limo_msgs/msg/detail/limo_status__rosidl_typesupport_introspection_cpp.hpp
[3.249s] -- Up-to-date symlink: /home/ben/KV6022_limo_ros2/install/limo_msgs/share/limo_msgs/environment/pythonpath.sh
[3.258s] -- Up-to-date symlink: /home/ben/KV6022_limo_ros2/install/limo_msgs/share/limo_msgs/environment/pythonpath.dsv
[3.258s] -- Up-to-date symlink: /home/ben/KV6022_limo_ros2/install/limo_msgs/lib/python3.10/site-packages/limo_msgs-0.0.0-py3.10.egg-info/PKG-INFO
[3.258s] -- Up-to-date symlink: /home/ben/KV6022_limo_ros2/install/limo_msgs/lib/python3.10/site-packages/limo_msgs-0.0.0-py3.10.egg-info/SOURCES.txt
[3.259s] -- Up-to-date symlink: /home/ben/KV6022_limo_ros2/install/limo_msgs/lib/python3.10/site-packages/limo_msgs-0.0.0-py3.10.egg-info/dependency_links.txt
[3.259s] -- Up-to-date symlink: /home/ben/KV6022_limo_ros2/install/limo_msgs/lib/python3.10/site-packages/limo_msgs-0.0.0-py3.10.egg-info/top_level.txt
[3.259s] -- Up-to-date symlink: /home/ben/KV6022_limo_ros2/install/limo_msgs/lib/python3.10/site-packages/limo_msgs/__init__.py
[3.259s] -- Up-to-date symlink: /home/ben/KV6022_limo_ros2/install/limo_msgs/lib/python3.10/site-packages/limo_msgs/_limo_msgs_s.ep.rosidl_typesupport_c.c
[3.259s] -- Up-to-date symlink: /home/ben/KV6022_limo_ros2/install/limo_msgs/lib/python3.10/site-packages/limo_msgs/_limo_msgs_s.ep.rosidl_typesupport_fastrtps_c.c
[3.260s] -- Up-to-date symlink: /home/ben/KV6022_limo_ros2/install/limo_msgs/lib/python3.10/site-packages/limo_msgs/_limo_msgs_s.ep.rosidl_typesupport_introspection_c.c
[3.263s] -- Up-to-date symlink: /home/ben/KV6022_limo_ros2/install/limo_msgs/lib/python3.10/site-packages/limo_msgs/liblimo_msgs__rosidl_generator_py.so
[3.263s] -- Up-to-date symlink: /home/ben/KV6022_limo_ros2/install/limo_msgs/lib/python3.10/site-packages/limo_msgs/limo_msgs_s__rosidl_typesupport_c.cpython-310-x86_64-linux-gnu.so
[3.265s] -- Up-to-date symlink: /home/ben/KV6022_limo_ros2/install/limo_msgs/lib/python3.10/site-packages/limo_msgs/limo_msgs_s__rosidl_typesupport_fastrtps_c.cpython-310-x86_64-linux-gnu.so
[3.269s] -- Up-to-date symlink: /home/ben/KV6022_limo_ros2/install/limo_msgs/lib/python3.10/site-packages/limo_msgs/limo_msgs_s__rosidl_typesupport_introspection_c.cpython-310-x86_64-linux-gnu.so
[3.269s] -- Up-to-date symlink: /home/ben/KV6022_limo_ros2/install/limo_msgs/lib/python3.10/site-packages/limo_msgs/msg/__init__.py
[3.270s] -- Up-to-date symlink: /home/ben/KV6022_limo_ros2/install/limo_msgs/lib/python3.10/site-packages/limo_msgs/msg/_limo_status.py
[3.274s] -- Up-to-date symlink: /home/ben/KV6022_limo_ros2/install/limo_msgs/lib/python3.10/site-packages/limo_msgs/msg/_limo_status_s.c
[3.274s] -- Up-to-date symlink: /home/ben/KV6022_limo_ros2/install/limo_msgs/lib/python3.10/site-packages/limo_msgs/limo_msgs_s__rosidl_typesupport_fastrtps_c.cpython-310-x86_64-linux-gnu.so
[3.274s] -- Up-to-date symlink: /home/ben/KV6022_limo_ros2/install/limo_msgs/lib/python3.10/site-packages/limo_msgs/limo_msgs_s__rosidl_typesupport_introspection_c.cpython-310-x86_64-linux-gnu.so
[3.282s] -- Up-to-date symlink: /home/ben/KV6022_limo_ros2/install/limo_msgs/lib/python3.10/site-packages/limo_msgs/limo_msgs_s__rosidl_typesupport_c.cpython-310-x86_64-linux-gnu.so
[3.282s] -- Up-to-date symlink: /home/ben/KV6022_limo_ros2/install/limo_msgs/share/limo_msgs/rust/Cargo.toml
[3.282s] -- Up-to-date symlink: /home/ben/KV6022_limo_ros2/install/limo_msgs/share/limo_msgs/rust/build.rs
[3.283s] -- Up-to-date symlink: /home/ben/KV6022_limo_ros2/install/limo_msgs/share/limo_msgs/rust/src/lib.rs
[3.283s] -- Up-to-date symlink: /home/ben/KV6022_limo_ros2/install/limo_msgs/share/limo_msgs/rust/src/msg.rs
[3.284s] -- Up-to-date symlink: /home/ben/KV6022_limo_ros2/install/limo_msgs/share/limo_msgs/rust/src/msg/rmw.rs
[3.287s] -- Up-to-date symlink: /home/ben/KV6022_limo_ros2/install/limo_msgs/share/limo_msgs/msg/LimoStatus.idl
[3.288s] -- Up-to-date symlink: /home/ben/KV6022_limo_ros2/install/limo_msgs/share/limo_msgs/msg/LimoStatus.msg
[3.288s] -- Up-to-date symlink: /home/ben/KV6022_limo_ros2/install/limo_msgs/share/ament_index/resource_index/package_run_dependencies/limo_msgs
[3.290s] -- Up-to-date symlink: /home/ben/KV6022_limo_ros2/install/limo_msgs/share/ament_index/resource_index/parent_prefix_path/limo_msgs
[3.291s] -- Up-to-date symlink: /home/ben/KV6022_limo_ros2/install/limo_msgs/share/limo_msgs/environment/ament_prefix_path.sh
[3.293s] -- Up-to-date symlink: /home/ben/KV6022_limo_ros2/install/limo_msgs/share/limo_msgs/environment/ament_prefix_path.dsv
[3.295s] -- Up-to-date symlink: /home/ben/KV6022_limo_ros2/install/limo_msgs/share/limo_msgs/environment/path.sh
[3.299s] -- Up-to-date symlink: /home/ben/KV6022_limo_ros2/install/limo_msgs/share/limo_msgs/environment/path.dsv
[3.299s] -- Up-to-date symlink: /home/ben/KV6022_limo_ros2/install/limo_msgs/share/limo_msgs/local_setup.bash
[3.299s] -- Up-to-date symlink: /home/ben/KV6022_limo_ros2/install/limo_msgs/share/limo_msgs/local_setup.sh
[3.299s] -- Up-to-date symlink: /home/ben/KV6022_limo_ros2/install/limo_msgs/share/limo_msgs/local_setup.zsh
[3.300s] -- Up-to-date symlink: /home/ben/KV6022_limo_ros2/install/limo_msgs/share/limo_msgs/local_setup.dsv
[3.301s] -- Symlinking: /home/ben/KV6022_limo_ros2/install/limo_msgs/share/limo_msgs/package.dsv
[3.352s] -- Up-to-date symlink: /home/ben/KV6022_limo_ros2/install/limo_msgs/share/ament_index/resource_index/packages/limo_msgs
[3.352s] -- Up-to-date symlink: /home/ben/KV6022_limo_ros2/install/limo_msgs/share/limo_msgs/cmake/rosidl_cmake-extras.cmake
[3.353s] -- Up-to-date symlink: /home/ben/KV6022_limo_ros2/install/limo_msgs/share/limo_msgs/cmake/ament_cmake_export_dependencies-extras.cmake
[3.353s] -- Up-to-date symlink: /home/ben/KV6022_limo_ros2/install/limo_msgs/share/limo_msgs/cmake/ament_cmake_export_include_directories-extras.cmake
[3.353s] -- Up-to-date symlink: /home/ben/KV6022_limo_ros2/install/limo_msgs/share/limo_msgs/cmake/ament_cmake_export_libraries-extras.cmake
[3.358s] -- Up-to-date symlink: /home/ben/KV6022_limo_ros2/install/limo_msgs/share/limo_msgs/cmake/ament_cmake_export_targets-extras.cmake
[3.358s] -- Up-to-date symlink: /home/ben/KV6022_limo_ros2/install/limo_msgs/share/limo_msgs/cmake/rosidl_cmake_export_typesupport_targets-extras.cmake
[3.358s] -- Up-to-date symlink: /home/ben/KV6022_limo_ros2/install/limo_msgs/share/limo_msgs/cmake/rosidl_cmake_export_typesupport_libraries-extras.cmake
[3.361s] -- Up-to-date symlink: /home/ben/KV6022_limo_ros2/install/limo_msgs/share/limo_msgs/cmake/rosidl_cmake_aggregate_target-extras.cmake
[3.362s] -- Up-to-date symlink: /home/ben/KV6022_limo_ros2/install/limo_msgs/share/limo_msgs/cmake/limo_msgsConfig.cmake
[3.363s] -- Up-to-date symlink: /home/ben/KV6022_limo_ros2/install/limo_msgs/share/limo_msgs/cmake/limo_msgsConfig-version.cmake
[3.363s] -- Up-to-date symlink: /home/ben/KV6022_limo_ros2/install/limo_msgs/share/limo_msgs/package.xml
[3.374s] -- Up-to-date: /home/ben/KV6022_limo_ros2/install/limo_msgs/lib/liblimo_msgs__rosidl_generator_c.so
[3.381s] -- Up-to-date: /home/ben/KV6022_limo_ros2/install/limo_msgs/lib/liblimo_msgs__rosidl_typesupport_fastrtps_c.so
[3.386s] -- Up-to-date: /home/ben/KV6022_limo_ros2/install/limo_msgs/lib/liblimo_msgs__rosidl_typesupport_fastrtps_cpp.so
[3.391s] -- Up-to-date: /home/ben/KV6022_limo_ros2/install/limo_msgs/lib/liblimo_msgs__rosidl_typesupport_introspection_c.so
[3.397s] -- Up-to-date: /home/ben/KV6022_limo_ros2/install/limo_msgs/lib/liblimo_msgs__rosidl_typesupport_c.so
[3.401s] -- Up-to-date: /home/ben/KV6022_limo_ros2/install/limo_msgs/lib/liblimo_msgs__rosidl_typesupport_introspection_cpp.so
[3.410s] -- Up-to-date: /home/ben/KV6022_limo_ros2/install/limo_msgs/lib/liblimo_msgs__rosidl_typesupport_cpp.so
[3.544s] Listing '/home/ben/KV6022_limo_ros2/install/limo_msgs/lib/python3.10/site-packages/limo_msgs'...
[3.552s] Listing '/home/ben/KV6022_limo_ros2/install/limo_msgs/lib/python3.10/site-packages/limo_msgs/msg'...
[3.553s] -- Up-to-date: /home/ben/KV6022_limo_ros2/install/limo_msgs/lib/liblimo_msgs__rosidl_generator_py.so
[3.558s] -- Up-to-date: /home/ben/KV6022_limo_ros2/install/limo_msgs/share/limo_msgs/cmake/export_limo_msgs__rosidl_generator_cExport.cmake
[3.558s] -- Up-to-date: /home/ben/KV6022_limo_ros2/install/limo_msgs/share/limo_msgs/cmake/export_limo_msgs__rosidl_generator_cExport-noconfig.cmake
[3.565s] -- Up-to-date: /home/ben/KV6022_limo_ros2/install/limo_msgs/share/limo_msgs/cmake/export_limo_msgs__rosidl_typesupport_fastrtps_cExport.cmake
[3.565s] -- Up-to-date: /home/ben/KV6022_limo_ros2/install/limo_msgs/share/limo_msgs/cmake/export_limo_msgs__rosidl_typesupport_fastrtps_cExport-noconfig.cmake
[3.566s] -- Up-to-date: /home/ben/KV6022_limo_ros2/install/limo_msgs/share/limo_msgs/cmake/export_limo_msgs__rosidl_generator_cppExport.cmake
[3.572s] -- Up-to-date: /home/ben/KV6022_limo_ros2/install/limo_msgs/share/limo_msgs/cmake/export_limo_msgs__rosidl_typesupport_fastrtps_cppExport.cmake
[3.574s] -- Up-to-date: /home/ben/KV6022_limo_ros2/install/limo_msgs/share/limo_msgs/cmake/export_limo_msgs__rosidl_typesupport_fastrtps_cppExport-noconfig.cmake
[3.574s] -- Up-to-date: /home/ben/KV6022_limo_ros2/install/limo_msgs/share/limo_msgs/cmake/limo_msgs__rosidl_typesupport_introspection_cExport.cmake
[3.574s] -- Up-to-date: /home/ben/KV6022_limo_ros2/install/limo_msgs/share/limo_msgs/cmake/limo_msgs__rosidl_typesupport_introspection_cExport-noconfig.cmake
[3.577s] -- Up-to-date: /home/ben/KV6022_limo_ros2/install/limo_msgs/share/limo_msgs/cmake/limo_msgs__rosidl_typesupport_cExport.cmake
[3.577s] -- Up-to-date: /home/ben/KV6022_limo_ros2/install/limo_msgs/share/limo_msgs/cmake/limo_msgs__rosidl_typesupport_cExport-noconfig.cmake
[3.578s] -- Up-to-date: /home/ben/KV6022_limo_ros2/install/limo_msgs/share/limo_msgs/cmake/limo_msgs__rosidl_typesupport_introspection_cppExport.cmake
[3.580s] -- Up-to-date: /home/ben/KV6022_limo_ros2/install/limo_msgs/share/limo_msgs/cmake/limo_msgs__rosidl_typesupport_introspection_cppExport-noconfig.cmake
[3.580s] -- Up-to-date: /home/ben/KV6022_limo_ros2/install/limo_msgs/share/limo_msgs/cmake/limo_msgs__rosidl_typesupport_cppExport.cmake
[3.580s] -- Up-to-date: /home/ben/KV6022_limo_ros2/install/limo_msgs/share/limo_msgs/cmake/limo_msgs__rosidl_typesupport_cppExport-noconfig.cmake
[3.582s] -- Up-to-date: /home/ben/KV6022_limo_ros2/install/limo_msgs/share/limo_msgs/cmake/export_limo_msgs__rosidl_generator_pyExport.cmake
[3.582s] -- Up-to-date: /home/ben/KV6022_limo_ros2/install/limo_msgs/share/limo_msgs/cmake/export_limo_msgs__rosidl_generator_pyExport-noconfig.cmake
[3.602s] Invoked command in '/home/ben/KV6022_limo_ros2/build/limo_msgs' returned '0': CMAKE_PREFIX_PATH=${CMAKE_PREFIX_PATH}:/home/ben/KV6022_limo_ros2/install/trajectory_skeleton:/home/ben/KV6022_limo_ros2/install/trajectory_referee:/home/ben/KV6022_limo_ros2/install/example_codes:/home/ben/KV6022_limo_ros2/install/Week2_lab:/home/ben/KV6022_limo_ros2/install/KV6022_assessment:/opt/ros/humble CONDA_PROMPT_MODIFIER=(ros2) /usr/bin/cmake --install /home/ben/KV6022_limo_ros2/build/limo_msgs
