running develop
Removing /home/ben/KV6022_limo_ros2/install/KV6022_assessment/lib/python3.10/site-packages/KV6022-assessment.egg-link (link to .)
running egg_info
writing ../../build/KV6022_assessment/KV6022_assessment.egg-info/PKG-INFO
writing dependency_links to ../../build/KV6022_assessment/KV6022_assessment.egg-info/dependency_links.txt
writing entry points to ../../build/KV6022_assessment/KV6022_assessment.egg-info/entry_points.txt
writing requirements to ../../build/KV6022_assessment/KV6022_assessment.egg-info/requires.txt
writing top-level names to ../../build/KV6022_assessment/KV6022_assessment.egg-info/top_level.txt
reading manifest file '../../build/KV6022_assessment/KV6022_assessment.egg-info/SOURCES.txt'
writing manifest file '../../build/KV6022_assessment/KV6022_assessment.egg-info/SOURCES.txt'
running build
running build_py
creating /home/ben/KV6022_limo_ros2/build/KV6022_assessment/build
creating /home/ben/KV6022_limo_ros2/build/KV6022_assessment/build/lib
creating /home/ben/KV6022_limo_ros2/build/KV6022_assessment/build/lib/KV6022_assessment
copying KV6022_assessment/__init__.py -> /home/ben/KV6022_limo_ros2/build/KV6022_assessment/build/lib/KV6022_assessment
copying KV6022_assessment/example_waypoint_follower.py -> /home/ben/KV6022_limo_ros2/build/KV6022_assessment/build/lib/KV6022_assessment
copying KV6022_assessment/example_opencv_detector.py -> /home/ben/KV6022_limo_ros2/build/KV6022_assessment/build/lib/KV6022_assessment
copying KV6022_assessment/example_nav_to_pose.py -> /home/ben/KV6022_limo_ros2/build/KV6022_assessment/build/lib/KV6022_assessment
copying KV6022_assessment/example_nav_through_poses.py -> /home/ben/KV6022_limo_ros2/build/KV6022_assessment/build/lib/KV6022_assessment
running install
running install_lib
creating /home/ben/KV6022_limo_ros2/install/KV6022_assessment/lib/python3.10/site-packages/KV6022_assessment
copying /home/ben/KV6022_limo_ros2/build/KV6022_assessment/build/lib/KV6022_assessment/__init__.py -> /home/ben/KV6022_limo_ros2/install/KV6022_assessment/lib/python3.10/site-packages/KV6022_assessment
copying /home/ben/KV6022_limo_ros2/build/KV6022_assessment/build/lib/KV6022_assessment/example_waypoint_follower.py -> /home/ben/KV6022_limo_ros2/install/KV6022_assessment/lib/python3.10/site-packages/KV6022_assessment
copying /home/ben/KV6022_limo_ros2/build/KV6022_assessment/build/lib/KV6022_assessment/example_opencv_detector.py -> /home/ben/KV6022_limo_ros2/install/KV6022_assessment/lib/python3.10/site-packages/KV6022_assessment
copying /home/ben/KV6022_limo_ros2/build/KV6022_assessment/build/lib/KV6022_assessment/example_nav_to_pose.py -> /home/ben/KV6022_limo_ros2/install/KV6022_assessment/lib/python3.10/site-packages/KV6022_assessment
copying /home/ben/KV6022_limo_ros2/build/KV6022_assessment/build/lib/KV6022_assessment/example_nav_through_poses.py -> /home/ben/KV6022_limo_ros2/install/KV6022_assessment/lib/python3.10/site-packages/KV6022_assessment
byte-compiling /home/ben/KV6022_limo_ros2/install/KV6022_assessment/lib/python3.10/site-packages/KV6022_assessment/__init__.py to __init__.cpython-310.pyc
byte-compiling /home/ben/KV6022_limo_ros2/install/KV6022_assessment/lib/python3.10/site-packages/KV6022_assessment/example_waypoint_follower.py to example_waypoint_follower.cpython-310.pyc
byte-compiling /home/ben/KV6022_limo_ros2/install/KV6022_assessment/lib/python3.10/site-packages/KV6022_assessment/example_opencv_detector.py to example_opencv_detector.cpython-310.pyc
byte-compiling /home/ben/KV6022_limo_ros2/install/KV6022_assessment/lib/python3.10/site-packages/KV6022_assessment/example_nav_to_pose.py to example_nav_to_pose.cpython-310.pyc
byte-compiling /home/ben/KV6022_limo_ros2/install/KV6022_assessment/lib/python3.10/site-packages/KV6022_assessment/example_nav_through_poses.py to example_nav_through_poses.cpython-310.pyc
running install_data
copying resource/KV6022_assessment -> /home/ben/KV6022_limo_ros2/install/KV6022_assessment/share/ament_index/resource_index/packages
copying package.xml -> /home/ben/KV6022_limo_ros2/install/KV6022_assessment/share/KV6022_assessment
copying launch/limo_navigation.launch.py -> /home/ben/KV6022_limo_ros2/install/KV6022_assessment/share/KV6022_assessment/launch
copying params/nav2_params.yaml -> /home/ben/KV6022_limo_ros2/install/KV6022_assessment/share/KV6022_assessment/params
copying maps/potholes_20mm.yaml -> /home/ben/KV6022_limo_ros2/install/KV6022_assessment/share/KV6022_assessment/maps
copying maps/potholes_20mm.pgm -> /home/ben/KV6022_limo_ros2/install/KV6022_assessment/share/KV6022_assessment/maps
copying rviz/limo_navigation.rviz -> /home/ben/KV6022_limo_ros2/install/KV6022_assessment/share/KV6022_assessment/rviz
copying rviz/slam_toolbox_default.rviz -> /home/ben/KV6022_limo_ros2/install/KV6022_assessment/share/KV6022_assessment/rviz
running install_egg_info
Copying ../../build/KV6022_assessment/KV6022_assessment.egg-info to /home/ben/KV6022_limo_ros2/install/KV6022_assessment/lib/python3.10/site-packages/KV6022_assessment-0.0.0-py3.10.egg-info
running install_scripts
Installing example_nav_through_poses script to /home/ben/KV6022_limo_ros2/install/KV6022_assessment/lib/KV6022_assessment
Installing example_nav_to_pose script to /home/ben/KV6022_limo_ros2/install/KV6022_assessment/lib/KV6022_assessment
Installing example_opencv_detector script to /home/ben/KV6022_limo_ros2/install/KV6022_assessment/lib/KV6022_assessment
Installing example_waypoint_follower script to /home/ben/KV6022_limo_ros2/install/KV6022_assessment/lib/KV6022_assessment
writing list of installed files to '/home/ben/KV6022_limo_ros2/build/KV6022_assessment/install.log'
