[4.238s] Invoking command in '/home/ben/KV6022_limo_ros2/build/KV6022_assessment': CONDA_PROMPT_MODIFIER=(ros2) PYTHONPATH=/home/ben/KV6022_limo_ros2/build/KV6022_assessment/prefix_override:/usr/lib/python3/dist-packages/colcon_core/task/python/colcon_distutils_commands:/home/ben/KV6022_limo_ros2/install/KV6022_assessment/lib/python3.10/site-packages:${PYTHONPATH} /usr/bin/python3 -W ignore:setup.py install is deprecated -W ignore:easy_install command is deprecated setup.py develop --uninstall --editable --build-directory /home/ben/KV6022_limo_ros2/build/KV6022_assessment/build
[4.949s] running develop
[5.623s] Removing /home/ben/KV6022_limo_ros2/install/KV6022_assessment/lib/python3.10/site-packages/KV6022-assessment.egg-link (link to .)
[5.709s] Invoked command in '/home/ben/KV6022_limo_ros2/build/KV6022_assessment' returned '0': CONDA_PROMPT_MODIFIER=(ros2) PYTHONPATH=/home/ben/KV6022_limo_ros2/build/KV6022_assessment/prefix_override:/usr/lib/python3/dist-packages/colcon_core/task/python/colcon_distutils_commands:/home/ben/KV6022_limo_ros2/install/KV6022_assessment/lib/python3.10/site-packages:${PYTHONPATH} /usr/bin/python3 -W ignore:setup.py install is deprecated -W ignore:easy_install command is deprecated setup.py develop --uninstall --editable --build-directory /home/ben/KV6022_limo_ros2/build/KV6022_assessment/build
[5.710s] Invoking command in '/home/ben/KV6022_limo_ros2/src/KV6022_assessment': CONDA_PROMPT_MODIFIER=(ros2) PYTHONPATH=/home/ben/KV6022_limo_ros2/build/KV6022_assessment/prefix_override:/usr/lib/python3/dist-packages/colcon_core/task/python/colcon_distutils_commands:/home/ben/KV6022_limo_ros2/install/KV6022_assessment/lib/python3.10/site-packages:${PYTHONPATH} /usr/bin/python3 -W ignore:setup.py install is deprecated -W ignore:easy_install command is deprecated setup.py egg_info --egg-base ../../build/KV6022_assessment build --build-base /home/ben/KV6022_limo_ros2/build/KV6022_assessment/build install --record /home/ben/KV6022_limo_ros2/build/KV6022_assessment/install.log --install-scripts $base/lib/KV6022_assessment --single-version-externally-managed install_data --force
[6.311s] running egg_info
[6.314s] writing ../../build/KV6022_assessment/KV6022_assessment.egg-info/PKG-INFO
[6.317s] writing dependency_links to ../../build/KV6022_assessment/KV6022_assessment.egg-info/dependency_links.txt
[6.322s] writing entry points to ../../build/KV6022_assessment/KV6022_assessment.egg-info/entry_points.txt
[6.322s] writing requirements to ../../build/KV6022_assessment/KV6022_assessment.egg-info/requires.txt
[6.323s] writing top-level names to ../../build/KV6022_assessment/KV6022_assessment.egg-info/top_level.txt
[6.323s] reading manifest file '../../build/KV6022_assessment/KV6022_assessment.egg-info/SOURCES.txt'
[6.338s] writing manifest file '../../build/KV6022_assessment/KV6022_assessment.egg-info/SOURCES.txt'
[6.338s] running build
[6.338s] running build_py
[6.338s] creating /home/ben/KV6022_limo_ros2/build/KV6022_assessment/build
[6.339s] creating /home/ben/KV6022_limo_ros2/build/KV6022_assessment/build/lib
[6.340s] creating /home/ben/KV6022_limo_ros2/build/KV6022_assessment/build/lib/KV6022_assessment
[6.343s] copying KV6022_assessment/__init__.py -> /home/ben/KV6022_limo_ros2/build/KV6022_assessment/build/lib/KV6022_assessment
[6.343s] copying KV6022_assessment/example_waypoint_follower.py -> /home/ben/KV6022_limo_ros2/build/KV6022_assessment/build/lib/KV6022_assessment
[6.343s] copying KV6022_assessment/example_opencv_detector.py -> /home/ben/KV6022_limo_ros2/build/KV6022_assessment/build/lib/KV6022_assessment
[6.343s] copying KV6022_assessment/example_nav_to_pose.py -> /home/ben/KV6022_limo_ros2/build/KV6022_assessment/build/lib/KV6022_assessment
[6.344s] copying KV6022_assessment/example_nav_through_poses.py -> /home/ben/KV6022_limo_ros2/build/KV6022_assessment/build/lib/KV6022_assessment
[6.347s] running install
[6.349s] running install_lib
[6.350s] creating /home/ben/KV6022_limo_ros2/install/KV6022_assessment/lib/python3.10/site-packages/KV6022_assessment
[6.351s] copying /home/ben/KV6022_limo_ros2/build/KV6022_assessment/build/lib/KV6022_assessment/__init__.py -> /home/ben/KV6022_limo_ros2/install/KV6022_assessment/lib/python3.10/site-packages/KV6022_assessment
[6.351s] copying /home/ben/KV6022_limo_ros2/build/KV6022_assessment/build/lib/KV6022_assessment/example_waypoint_follower.py -> /home/ben/KV6022_limo_ros2/install/KV6022_assessment/lib/python3.10/site-packages/KV6022_assessment
[6.352s] copying /home/ben/KV6022_limo_ros2/build/KV6022_assessment/build/lib/KV6022_assessment/example_opencv_detector.py -> /home/ben/KV6022_limo_ros2/install/KV6022_assessment/lib/python3.10/site-packages/KV6022_assessment
[6.353s] copying /home/ben/KV6022_limo_ros2/build/KV6022_assessment/build/lib/KV6022_assessment/example_nav_to_pose.py -> /home/ben/KV6022_limo_ros2/install/KV6022_assessment/lib/python3.10/site-packages/KV6022_assessment
[6.354s] copying /home/ben/KV6022_limo_ros2/build/KV6022_assessment/build/lib/KV6022_assessment/example_nav_through_poses.py -> /home/ben/KV6022_limo_ros2/install/KV6022_assessment/lib/python3.10/site-packages/KV6022_assessment
[6.364s] byte-compiling /home/ben/KV6022_limo_ros2/install/KV6022_assessment/lib/python3.10/site-packages/KV6022_assessment/__init__.py to __init__.cpython-310.pyc
[6.364s] byte-compiling /home/ben/KV6022_limo_ros2/install/KV6022_assessment/lib/python3.10/site-packages/KV6022_assessment/example_waypoint_follower.py to example_waypoint_follower.cpython-310.pyc
[6.365s] byte-compiling /home/ben/KV6022_limo_ros2/install/KV6022_assessment/lib/python3.10/site-packages/KV6022_assessment/example_opencv_detector.py to example_opencv_detector.cpython-310.pyc
[6.365s] byte-compiling /home/ben/KV6022_limo_ros2/install/KV6022_assessment/lib/python3.10/site-packages/KV6022_assessment/example_nav_to_pose.py to example_nav_to_pose.cpython-310.pyc
[6.368s] byte-compiling /home/ben/KV6022_limo_ros2/install/KV6022_assessment/lib/python3.10/site-packages/KV6022_assessment/example_nav_through_poses.py to example_nav_through_poses.cpython-310.pyc
[6.370s] running install_data
[6.370s] copying resource/KV6022_assessment -> /home/ben/KV6022_limo_ros2/install/KV6022_assessment/share/ament_index/resource_index/packages
[6.370s] copying package.xml -> /home/ben/KV6022_limo_ros2/install/KV6022_assessment/share/KV6022_assessment
[6.370s] copying launch/limo_navigation.launch.py -> /home/ben/KV6022_limo_ros2/install/KV6022_assessment/share/KV6022_assessment/launch
[6.374s] copying params/nav2_params.yaml -> /home/ben/KV6022_limo_ros2/install/KV6022_assessment/share/KV6022_assessment/params
[6.375s] copying maps/potholes_20mm.yaml -> /home/ben/KV6022_limo_ros2/install/KV6022_assessment/share/KV6022_assessment/maps
[6.375s] copying maps/potholes_20mm.pgm -> /home/ben/KV6022_limo_ros2/install/KV6022_assessment/share/KV6022_assessment/maps
[6.376s] copying rviz/limo_navigation.rviz -> /home/ben/KV6022_limo_ros2/install/KV6022_assessment/share/KV6022_assessment/rviz
[6.377s] copying rviz/slam_toolbox_default.rviz -> /home/ben/KV6022_limo_ros2/install/KV6022_assessment/share/KV6022_assessment/rviz
[6.383s] running install_egg_info
[6.383s] Copying ../../build/KV6022_assessment/KV6022_assessment.egg-info to /home/ben/KV6022_limo_ros2/install/KV6022_assessment/lib/python3.10/site-packages/KV6022_assessment-0.0.0-py3.10.egg-info
[6.383s] running install_scripts
[6.408s] Installing example_nav_through_poses script to /home/ben/KV6022_limo_ros2/install/KV6022_assessment/lib/KV6022_assessment
[6.409s] Installing example_nav_to_pose script to /home/ben/KV6022_limo_ros2/install/KV6022_assessment/lib/KV6022_assessment
[6.409s] Installing example_opencv_detector script to /home/ben/KV6022_limo_ros2/install/KV6022_assessment/lib/KV6022_assessment
[6.409s] Installing example_waypoint_follower script to /home/ben/KV6022_limo_ros2/install/KV6022_assessment/lib/KV6022_assessment
[6.411s] writing list of installed files to '/home/ben/KV6022_limo_ros2/build/KV6022_assessment/install.log'
[6.471s] Invoked command in '/home/ben/KV6022_limo_ros2/src/KV6022_assessment' returned '0': CONDA_PROMPT_MODIFIER=(ros2) PYTHONPATH=/home/ben/KV6022_limo_ros2/build/KV6022_assessment/prefix_override:/usr/lib/python3/dist-packages/colcon_core/task/python/colcon_distutils_commands:/home/ben/KV6022_limo_ros2/install/KV6022_assessment/lib/python3.10/site-packages:${PYTHONPATH} /usr/bin/python3 -W ignore:setup.py install is deprecated -W ignore:easy_install command is deprecated setup.py egg_info --egg-base ../../build/KV6022_assessment build --build-base /home/ben/KV6022_limo_ros2/build/KV6022_assessment/build install --record /home/ben/KV6022_limo_ros2/build/KV6022_assessment/install.log --install-scripts $base/lib/KV6022_assessment --single-version-externally-managed install_data --force
